Java HotSpot(TM) 64-Bit Server VM (25.121-b13) for linux-amd64 JRE (1.8.0_121-b13), built on Dec 12 2016 16:36:53 by "java_re" with gcc 4.3.0 20080428 (Red Hat 4.3.0-8)
Memory: 4k page, physical 8035332k(1033256k free), swap 3999740k(3959096k free)
CommandLine flags: -XX:+HeapDumpOnOutOfMemoryError -XX:HeapDumpPath=../../../instances/tomcat8/logs/tomcat8_java_pid_20170809110742.hprof -XX:InitialHeapSize=1073741824 -XX:+ManagementServer -XX:MaxHeapSize=1073741824 -XX:MaxMetaspaceSize=134217728 -XX:MetaspaceSize=134217728 -XX:+PrintGC -XX:+PrintGCDetails -XX:+PrintGCTimeStamps -XX:+PrintHeapAtGC -XX:+UseCompressedClassPointers -XX:+UseCompressedOops -XX:+UseParallelGC -XX:+UseParallelOldGC 
{Heap before GC invocations=1 (full 0):
 PSYoungGen      total 305664K, used 262144K [0x00000000eab00000, 0x0000000100000000, 0x0000000100000000)
  eden space 262144K, 100% used [0x00000000eab00000,0x00000000fab00000,0x00000000fab00000)
  from space 43520K, 0% used [0x00000000fd580000,0x00000000fd580000,0x0000000100000000)
  to   space 43520K, 0% used [0x00000000fab00000,0x00000000fab00000,0x00000000fd580000)
 ParOldGen       total 699392K, used 0K [0x00000000c0000000, 0x00000000eab00000, 0x00000000eab00000)
  object space 699392K, 0% used [0x00000000c0000000,0x00000000c0000000,0x00000000eab00000)
 Metaspace       used 16696K, capacity 17016K, committed 17152K, reserved 1064960K
  class space    used 1892K, capacity 2030K, committed 2048K, reserved 1048576K
1.716: [GC (Allocation Failure) [PSYoungGen: 262144K->37844K(305664K)] 262144K->37924K(1005056K), 0.0365439 secs] [Times: user=0.10 sys=0.02, real=0.03 secs] 
Heap after GC invocations=1 (full 0):
 PSYoungGen      total 305664K, used 37844K [0x00000000eab00000, 0x0000000100000000, 0x0000000100000000)
  eden space 262144K, 0% used [0x00000000eab00000,0x00000000eab00000,0x00000000fab00000)
  from space 43520K, 86% used [0x00000000fab00000,0x00000000fcff5230,0x00000000fd580000)
  to   space 43520K, 0% used [0x00000000fd580000,0x00000000fd580000,0x0000000100000000)
 ParOldGen       total 699392K, used 80K [0x00000000c0000000, 0x00000000eab00000, 0x00000000eab00000)
  object space 699392K, 0% used [0x00000000c0000000,0x00000000c0014010,0x00000000eab00000)
 Metaspace       used 16696K, capacity 17016K, committed 17152K, reserved 1064960K
  class space    used 1892K, capacity 2030K, committed 2048K, reserved 1048576K
}
{Heap before GC invocations=2 (full 0):
 PSYoungGen      total 305664K, used 299988K [0x00000000eab00000, 0x0000000100000000, 0x0000000100000000)
  eden space 262144K, 100% used [0x00000000eab00000,0x00000000fab00000,0x00000000fab00000)
  from space 43520K, 86% used [0x00000000fab00000,0x00000000fcff5230,0x00000000fd580000)
  to   space 43520K, 0% used [0x00000000fd580000,0x00000000fd580000,0x0000000100000000)
 ParOldGen       total 699392K, used 80K [0x00000000c0000000, 0x00000000eab00000, 0x00000000eab00000)
  object space 699392K, 0% used [0x00000000c0000000,0x00000000c0014010,0x00000000eab00000)
 Metaspace       used 30666K, capacity 31128K, committed 31232K, reserved 1077248K
  class space    used 3687K, capacity 3832K, committed 3840K, reserved 1048576K
4.405: [GC (Allocation Failure) [PSYoungGen: 299988K->30469K(305664K)] 300068K->30573K(1005056K), 0.0551152 secs] [Times: user=0.14 sys=0.02, real=0.05 secs] 
Heap after GC invocations=2 (full 0):
 PSYoungGen      total 305664K, used 30469K [0x00000000eab00000, 0x0000000100000000, 0x0000000100000000)
  eden space 262144K, 0% used [0x00000000eab00000,0x00000000eab00000,0x00000000fab00000)
  from space 43520K, 70% used [0x00000000fd580000,0x00000000ff3416d8,0x0000000100000000)
  to   space 43520K, 0% used [0x00000000fab00000,0x00000000fab00000,0x00000000fd580000)
 ParOldGen       total 699392K, used 104K [0x00000000c0000000, 0x00000000eab00000, 0x00000000eab00000)
  object space 699392K, 0% used [0x00000000c0000000,0x00000000c001a010,0x00000000eab00000)
 Metaspace       used 30666K, capacity 31128K, committed 31232K, reserved 1077248K
  class space    used 3687K, capacity 3832K, committed 3840K, reserved 1048576K
}
{Heap before GC invocations=3 (full 0):
 PSYoungGen      total 305664K, used 292613K [0x00000000eab00000, 0x0000000100000000, 0x0000000100000000)
  eden space 262144K, 100% used [0x00000000eab00000,0x00000000fab00000,0x00000000fab00000)
  from space 43520K, 70% used [0x00000000fd580000,0x00000000ff3416d8,0x0000000100000000)
  to   space 43520K, 0% used [0x00000000fab00000,0x00000000fab00000,0x00000000fd580000)
 ParOldGen       total 699392K, used 104K [0x00000000c0000000, 0x00000000eab00000, 0x00000000eab00000)
  object space 699392K, 0% used [0x00000000c0000000,0x00000000c001a010,0x00000000eab00000)
 Metaspace       used 35345K, capacity 35788K, committed 36224K, reserved 1081344K
  class space    used 4196K, capacity 4354K, committed 4480K, reserved 1048576K
199.865: [GC (Allocation Failure) [PSYoungGen: 292613K->38880K(305664K)] 292717K->38992K(1005056K), 0.0841204 secs] [Times: user=0.23 sys=0.01, real=0.08 secs] 
Heap after GC invocations=3 (full 0):
 PSYoungGen      total 305664K, used 38880K [0x00000000eab00000, 0x0000000100000000, 0x0000000100000000)
  eden space 262144K, 0% used [0x00000000eab00000,0x00000000eab00000,0x00000000fab00000)
  from space 43520K, 89% used [0x00000000fab00000,0x00000000fd0f81a8,0x00000000fd580000)
  to   space 43520K, 0% used [0x00000000fd580000,0x00000000fd580000,0x0000000100000000)
 ParOldGen       total 699392K, used 112K [0x00000000c0000000, 0x00000000eab00000, 0x00000000eab00000)
  object space 699392K, 0% used [0x00000000c0000000,0x00000000c001c010,0x00000000eab00000)
 Metaspace       used 35345K, capacity 35788K, committed 36224K, reserved 1081344K
  class space    used 4196K, capacity 4354K, committed 4480K, reserved 1048576K
}
{Heap before GC invocations=4 (full 0):
 PSYoungGen      total 305664K, used 301024K [0x00000000eab00000, 0x0000000100000000, 0x0000000100000000)
  eden space 262144K, 100% used [0x00000000eab00000,0x00000000fab00000,0x00000000fab00000)
  from space 43520K, 89% used [0x00000000fab00000,0x00000000fd0f81a8,0x00000000fd580000)
  to   space 43520K, 0% used [0x00000000fd580000,0x00000000fd580000,0x0000000100000000)
 ParOldGen       total 699392K, used 112K [0x00000000c0000000, 0x00000000eab00000, 0x00000000eab00000)
  object space 699392K, 0% used [0x00000000c0000000,0x00000000c001c010,0x00000000eab00000)
 Metaspace       used 43389K, capacity 43946K, committed 44416K, reserved 1087488K
  class space    used 5296K, capacity 5461K, committed 5504K, reserved 1048576K
203.135: [GC (Allocation Failure) [PSYoungGen: 301024K->40155K(305664K)] 301136K->40275K(1005056K), 0.0881350 secs] [Times: user=0.17 sys=0.00, real=0.09 secs] 
Heap after GC invocations=4 (full 0):
 PSYoungGen      total 305664K, used 40155K [0x00000000eab00000, 0x0000000100000000, 0x0000000100000000)
  eden space 262144K, 0% used [0x00000000eab00000,0x00000000eab00000,0x00000000fab00000)
  from space 43520K, 92% used [0x00000000fd580000,0x00000000ffcb6d70,0x0000000100000000)
  to   space 43520K, 0% used [0x00000000fab00000,0x00000000fab00000,0x00000000fd580000)
 ParOldGen       total 699392K, used 120K [0x00000000c0000000, 0x00000000eab00000, 0x00000000eab00000)
  object space 699392K, 0% used [0x00000000c0000000,0x00000000c001e010,0x00000000eab00000)
 Metaspace       used 43389K, capacity 43946K, committed 44416K, reserved 1087488K
  class space    used 5296K, capacity 5461K, committed 5504K, reserved 1048576K
}
{Heap before GC invocations=5 (full 0):
 PSYoungGen      total 305664K, used 302299K [0x00000000eab00000, 0x0000000100000000, 0x0000000100000000)
  eden space 262144K, 100% used [0x00000000eab00000,0x00000000fab00000,0x00000000fab00000)
  from space 43520K, 92% used [0x00000000fd580000,0x00000000ffcb6d70,0x0000000100000000)
  to   space 43520K, 0% used [0x00000000fab00000,0x00000000fab00000,0x00000000fd580000)
 ParOldGen       total 699392K, used 120K [0x00000000c0000000, 0x00000000eab00000, 0x00000000eab00000)
  object space 699392K, 0% used [0x00000000c0000000,0x00000000c001e010,0x00000000eab00000)
 Metaspace       used 54952K, capacity 55734K, committed 56192K, reserved 1099776K
  class space    used 6327K, capacity 6515K, committed 6528K, reserved 1048576K
379.572: [GC (Allocation Failure) [PSYoungGen: 302299K->35390K(305664K)] 302419K->35526K(1005056K), 0.0690924 secs] [Times: user=0.14 sys=0.00, real=0.08 secs] 
Heap after GC invocations=5 (full 0):
 PSYoungGen      total 305664K, used 35390K [0x00000000eab00000, 0x0000000100000000, 0x0000000100000000)
  eden space 262144K, 0% used [0x00000000eab00000,0x00000000eab00000,0x00000000fab00000)
  from space 43520K, 81% used [0x00000000fab00000,0x00000000fcd8f8d8,0x00000000fd580000)
  to   space 43520K, 0% used [0x00000000fd580000,0x00000000fd580000,0x0000000100000000)
 ParOldGen       total 699392K, used 136K [0x00000000c0000000, 0x00000000eab00000, 0x00000000eab00000)
  object space 699392K, 0% used [0x00000000c0000000,0x00000000c0022010,0x00000000eab00000)
 Metaspace       used 54952K, capacity 55734K, committed 56192K, reserved 1099776K
  class space    used 6327K, capacity 6515K, committed 6528K, reserved 1048576K
}
{Heap before GC invocations=6 (full 0):
 PSYoungGen      total 305664K, used 297534K [0x00000000eab00000, 0x0000000100000000, 0x0000000100000000)
  eden space 262144K, 100% used [0x00000000eab00000,0x00000000fab00000,0x00000000fab00000)
  from space 43520K, 81% used [0x00000000fab00000,0x00000000fcd8f8d8,0x00000000fd580000)
  to   space 43520K, 0% used [0x00000000fd580000,0x00000000fd580000,0x0000000100000000)
 ParOldGen       total 699392K, used 136K [0x00000000c0000000, 0x00000000eab00000, 0x00000000eab00000)
  object space 699392K, 0% used [0x00000000c0000000,0x00000000c0022010,0x00000000eab00000)
 Metaspace       used 58610K, capacity 59450K, committed 59776K, reserved 1101824K
  class space    used 6809K, capacity 7004K, committed 7040K, reserved 1048576K
381.033: [GC (Allocation Failure) [PSYoungGen: 297534K->43516K(288256K)] 297670K->53756K(987648K), 0.1485260 secs] [Times: user=0.34 sys=0.07, real=0.15 secs] 
Heap after GC invocations=6 (full 0):
 PSYoungGen      total 288256K, used 43516K [0x00000000eab00000, 0x0000000100000000, 0x0000000100000000)
  eden space 244736K, 0% used [0x00000000eab00000,0x00000000eab00000,0x00000000f9a00000)
  from space 43520K, 99% used [0x00000000fd580000,0x00000000fffff330,0x0000000100000000)
  to   space 52224K, 0% used [0x00000000f9a00000,0x00000000f9a00000,0x00000000fcd00000)
 ParOldGen       total 699392K, used 10239K [0x00000000c0000000, 0x00000000eab00000, 0x00000000eab00000)
  object space 699392K, 1% used [0x00000000c0000000,0x00000000c09ffef8,0x00000000eab00000)
 Metaspace       used 58610K, capacity 59450K, committed 59776K, reserved 1101824K
  class space    used 6809K, capacity 7004K, committed 7040K, reserved 1048576K
}
{Heap before GC invocations=7 (full 0):
 PSYoungGen      total 288256K, used 288252K [0x00000000eab00000, 0x0000000100000000, 0x0000000100000000)
  eden space 244736K, 100% used [0x00000000eab00000,0x00000000f9a00000,0x00000000f9a00000)
  from space 43520K, 99% used [0x00000000fd580000,0x00000000fffff330,0x0000000100000000)
  to   space 52224K, 0% used [0x00000000f9a00000,0x00000000f9a00000,0x00000000fcd00000)
 ParOldGen       total 699392K, used 10239K [0x00000000c0000000, 0x00000000eab00000, 0x00000000eab00000)
  object space 699392K, 1% used [0x00000000c0000000,0x00000000c09ffef8,0x00000000eab00000)
 Metaspace       used 66195K, capacity 67152K, committed 67712K, reserved 1110016K
  class space    used 7759K, capacity 7981K, committed 8064K, reserved 1048576K
389.067: [GC (Allocation Failure) [PSYoungGen: 288252K->22402K(267264K)] 298492K->46336K(966656K), 0.0759044 secs] [Times: user=0.25 sys=0.02, real=0.08 secs] 
Heap after GC invocations=7 (full 0):
 PSYoungGen      total 267264K, used 22402K [0x00000000eab00000, 0x0000000100000000, 0x0000000100000000)
  eden space 244736K, 0% used [0x00000000eab00000,0x00000000eab00000,0x00000000f9a00000)
  from space 22528K, 99% used [0x00000000f9a00000,0x00000000fafe0978,0x00000000fb000000)
  to   space 54272K, 0% used [0x00000000fcb00000,0x00000000fcb00000,0x0000000100000000)
 ParOldGen       total 699392K, used 23934K [0x00000000c0000000, 0x00000000eab00000, 0x00000000eab00000)
  object space 699392K, 3% used [0x00000000c0000000,0x00000000c175f9a0,0x00000000eab00000)
 Metaspace       used 66195K, capacity 67152K, committed 67712K, reserved 1110016K
  class space    used 7759K, capacity 7981K, committed 8064K, reserved 1048576K
}
{Heap before GC invocations=8 (full 0):
 PSYoungGen      total 267264K, used 267138K [0x00000000eab00000, 0x0000000100000000, 0x0000000100000000)
  eden space 244736K, 100% used [0x00000000eab00000,0x00000000f9a00000,0x00000000f9a00000)
  from space 22528K, 99% used [0x00000000f9a00000,0x00000000fafe0978,0x00000000fb000000)
  to   space 54272K, 0% used [0x00000000fcb00000,0x00000000fcb00000,0x0000000100000000)
 ParOldGen       total 699392K, used 23934K [0x00000000c0000000, 0x00000000eab00000, 0x00000000eab00000)
  object space 699392K, 3% used [0x00000000c0000000,0x00000000c175f9a0,0x00000000eab00000)
 Metaspace       used 66599K, capacity 67616K, committed 67968K, reserved 1110016K
  class space    used 7804K, capacity 8025K, committed 8064K, reserved 1048576K
738.535: [GC (Allocation Failure) [PSYoungGen: 267138K->36406K(296960K)] 291072K->65023K(996352K), 0.0595604 secs] [Times: user=0.09 sys=0.04, real=0.06 secs] 
Heap after GC invocations=8 (full 0):
 PSYoungGen      total 296960K, used 36406K [0x00000000eab00000, 0x0000000100000000, 0x0000000100000000)
  eden space 242688K, 0% used [0x00000000eab00000,0x00000000eab00000,0x00000000f9800000)
  from space 54272K, 67% used [0x00000000fcb00000,0x00000000fee8da98,0x0000000100000000)
  to   space 52224K, 0% used [0x00000000f9800000,0x00000000f9800000,0x00000000fcb00000)
 ParOldGen       total 699392K, used 28616K [0x00000000c0000000, 0x00000000eab00000, 0x00000000eab00000)
  object space 699392K, 4% used [0x00000000c0000000,0x00000000c1bf2240,0x00000000eab00000)
 Metaspace       used 66599K, capacity 67616K, committed 67968K, reserved 1110016K
  class space    used 7804K, capacity 8025K, committed 8064K, reserved 1048576K
}
{Heap before GC invocations=9 (full 0):
 PSYoungGen      total 296960K, used 279094K [0x00000000eab00000, 0x0000000100000000, 0x0000000100000000)
  eden space 242688K, 100% used [0x00000000eab00000,0x00000000f9800000,0x00000000f9800000)
  from space 54272K, 67% used [0x00000000fcb00000,0x00000000fee8da98,0x0000000100000000)
  to   space 52224K, 0% used [0x00000000f9800000,0x00000000f9800000,0x00000000fcb00000)
 ParOldGen       total 699392K, used 28616K [0x00000000c0000000, 0x00000000eab00000, 0x00000000eab00000)
  object space 699392K, 4% used [0x00000000c0000000,0x00000000c1bf2240,0x00000000eab00000)
 Metaspace       used 75829K, capacity 76848K, committed 77440K, reserved 1118208K
  class space    used 9057K, capacity 9282K, committed 9344K, reserved 1048576K
743.755: [GC (Allocation Failure) [PSYoungGen: 279094K->19002K(294912K)] 307711K->51000K(994304K), 0.0505605 secs] [Times: user=0.11 sys=0.02, real=0.05 secs] 
Heap after GC invocations=9 (full 0):
 PSYoungGen      total 294912K, used 19002K [0x00000000eab00000, 0x0000000100000000, 0x0000000100000000)
  eden space 242688K, 0% used [0x00000000eab00000,0x00000000eab00000,0x00000000f9800000)
  from space 52224K, 36% used [0x00000000f9800000,0x00000000faa8eb78,0x00000000fcb00000)
  to   space 53760K, 0% used [0x00000000fcb80000,0x00000000fcb80000,0x0000000100000000)
 ParOldGen       total 699392K, used 31997K [0x00000000c0000000, 0x00000000eab00000, 0x00000000eab00000)
  object space 699392K, 4% used [0x00000000c0000000,0x00000000c1f3f6d8,0x00000000eab00000)
 Metaspace       used 75829K, capacity 76848K, committed 77440K, reserved 1118208K
  class space    used 9057K, capacity 9282K, committed 9344K, reserved 1048576K
}
{Heap before GC invocations=10 (full 0):
 PSYoungGen      total 294912K, used 261690K [0x00000000eab00000, 0x0000000100000000, 0x0000000100000000)
  eden space 242688K, 100% used [0x00000000eab00000,0x00000000f9800000,0x00000000f9800000)
  from space 52224K, 36% used [0x00000000f9800000,0x00000000faa8eb78,0x00000000fcb00000)
  to   space 53760K, 0% used [0x00000000fcb80000,0x00000000fcb80000,0x0000000100000000)
 ParOldGen       total 699392K, used 31997K [0x00000000c0000000, 0x00000000eab00000, 0x00000000eab00000)
  object space 699392K, 4% used [0x00000000c0000000,0x00000000c1f3f6d8,0x00000000eab00000)
 Metaspace       used 78209K, capacity 79406K, committed 80000K, reserved 1120256K
  class space    used 9270K, capacity 9524K, committed 9600K, reserved 1048576K
7484.757: [GC (Allocation Failure) [PSYoungGen: 261690K->26176K(295936K)] 293688K->61170K(995328K), 0.0201427 secs] [Times: user=0.04 sys=0.02, real=0.02 secs] 
Heap after GC invocations=10 (full 0):
 PSYoungGen      total 295936K, used 26176K [0x00000000eab00000, 0x0000000100000000, 0x0000000100000000)
  eden space 242176K, 0% used [0x00000000eab00000,0x00000000eab00000,0x00000000f9780000)
  from space 53760K, 48% used [0x00000000fcb80000,0x00000000fe510390,0x0000000100000000)
  to   space 53248K, 0% used [0x00000000f9780000,0x00000000f9780000,0x00000000fcb80000)
 ParOldGen       total 699392K, used 34993K [0x00000000c0000000, 0x00000000eab00000, 0x00000000eab00000)
  object space 699392K, 5% used [0x00000000c0000000,0x00000000c222c7d0,0x00000000eab00000)
 Metaspace       used 78209K, capacity 79406K, committed 80000K, reserved 1120256K
  class space    used 9270K, capacity 9524K, committed 9600K, reserved 1048576K
}
{Heap before GC invocations=11 (full 0):
 PSYoungGen      total 295936K, used 268352K [0x00000000eab00000, 0x0000000100000000, 0x0000000100000000)
  eden space 242176K, 100% used [0x00000000eab00000,0x00000000f9780000,0x00000000f9780000)
  from space 53760K, 48% used [0x00000000fcb80000,0x00000000fe510390,0x0000000100000000)
  to   space 53248K, 0% used [0x00000000f9780000,0x00000000f9780000,0x00000000fcb80000)
 ParOldGen       total 699392K, used 34993K [0x00000000c0000000, 0x00000000eab00000, 0x00000000eab00000)
  object space 699392K, 5% used [0x00000000c0000000,0x00000000c222c7d0,0x00000000eab00000)
 Metaspace       used 86010K, capacity 87236K, committed 87680K, reserved 1126400K
  class space    used 10362K, capacity 10619K, committed 10624K, reserved 1048576K
7486.689: [GC (Allocation Failure) [PSYoungGen: 268352K->23588K(295424K)] 303346K->62786K(994816K), 0.0190014 secs] [Times: user=0.05 sys=0.00, real=0.02 secs] 
Heap after GC invocations=11 (full 0):
 PSYoungGen      total 295424K, used 23588K [0x00000000eab00000, 0x0000000100000000, 0x0000000100000000)
  eden space 242176K, 0% used [0x00000000eab00000,0x00000000eab00000,0x00000000f9780000)
  from space 53248K, 44% used [0x00000000f9780000,0x00000000fae89298,0x00000000fcb80000)
  to   space 53248K, 0% used [0x00000000fcc00000,0x00000000fcc00000,0x0000000100000000)
 ParOldGen       total 699392K, used 39197K [0x00000000c0000000, 0x00000000eab00000, 0x00000000eab00000)
  object space 699392K, 5% used [0x00000000c0000000,0x00000000c26477a0,0x00000000eab00000)
 Metaspace       used 86010K, capacity 87236K, committed 87680K, reserved 1126400K
  class space    used 10362K, capacity 10619K, committed 10624K, reserved 1048576K
}
{Heap before GC invocations=12 (full 0):
 PSYoungGen      total 295424K, used 265764K [0x00000000eab00000, 0x0000000100000000, 0x0000000100000000)
  eden space 242176K, 100% used [0x00000000eab00000,0x00000000f9780000,0x00000000f9780000)
  from space 53248K, 44% used [0x00000000f9780000,0x00000000fae89298,0x00000000fcb80000)
  to   space 53248K, 0% used [0x00000000fcc00000,0x00000000fcc00000,0x0000000100000000)
 ParOldGen       total 699392K, used 39197K [0x00000000c0000000, 0x00000000eab00000, 0x00000000eab00000)
  object space 699392K, 5% used [0x00000000c0000000,0x00000000c26477a0,0x00000000eab00000)
 Metaspace       used 89750K, capacity 91240K, committed 91776K, reserved 1130496K
  class space    used 10775K, capacity 11086K, committed 11136K, reserved 1048576K
7675.334: [GC (Allocation Failure) [PSYoungGen: 265764K->19340K(294912K)] 304962K->60881K(994304K), 0.0223869 secs] [Times: user=0.04 sys=0.01, real=0.02 secs] 
Heap after GC invocations=12 (full 0):
 PSYoungGen      total 294912K, used 19340K [0x00000000eab00000, 0x0000000100000000, 0x0000000100000000)
  eden space 241664K, 0% used [0x00000000eab00000,0x00000000eab00000,0x00000000f9700000)
  from space 53248K, 36% used [0x00000000fcc00000,0x00000000fdee3368,0x0000000100000000)
  to   space 53760K, 0% used [0x00000000f9700000,0x00000000f9700000,0x00000000fcb80000)
 ParOldGen       total 699392K, used 41540K [0x00000000c0000000, 0x00000000eab00000, 0x00000000eab00000)
  object space 699392K, 5% used [0x00000000c0000000,0x00000000c28910f8,0x00000000eab00000)
 Metaspace       used 89750K, capacity 91240K, committed 91776K, reserved 1130496K
  class space    used 10775K, capacity 11086K, committed 11136K, reserved 1048576K
}
{Heap before GC invocations=13 (full 0):
 PSYoungGen      total 294912K, used 261004K [0x00000000eab00000, 0x0000000100000000, 0x0000000100000000)
  eden space 241664K, 100% used [0x00000000eab00000,0x00000000f9700000,0x00000000f9700000)
  from space 53248K, 36% used [0x00000000fcc00000,0x00000000fdee3368,0x0000000100000000)
  to   space 53760K, 0% used [0x00000000f9700000,0x00000000f9700000,0x00000000fcb80000)
 ParOldGen       total 699392K, used 41540K [0x00000000c0000000, 0x00000000eab00000, 0x00000000eab00000)
  object space 699392K, 5% used [0x00000000c0000000,0x00000000c28910f8,0x00000000eab00000)
 Metaspace       used 95855K, capacity 97412K, committed 98048K, reserved 1134592K
  class space    used 11614K, capacity 11926K, committed 12032K, reserved 1048576K
7676.244: [GC (Allocation Failure) [PSYoungGen: 261004K->26396K(295424K)] 302545K->69884K(994816K), 0.0223841 secs] [Times: user=0.05 sys=0.01, real=0.02 secs] 
Heap after GC invocations=13 (full 0):
 PSYoungGen      total 295424K, used 26396K [0x00000000eab00000, 0x0000000100000000, 0x0000000100000000)
  eden space 241664K, 0% used [0x00000000eab00000,0x00000000eab00000,0x00000000f9700000)
  from space 53760K, 49% used [0x00000000f9700000,0x00000000fb0c7380,0x00000000fcb80000)
  to   space 52224K, 0% used [0x00000000fcd00000,0x00000000fcd00000,0x0000000100000000)
 ParOldGen       total 699392K, used 43487K [0x00000000c0000000, 0x00000000eab00000, 0x00000000eab00000)
  object space 699392K, 6% used [0x00000000c0000000,0x00000000c2a77dd8,0x00000000eab00000)
 Metaspace       used 95855K, capacity 97412K, committed 98048K, reserved 1134592K
  class space    used 11614K, capacity 11926K, committed 12032K, reserved 1048576K
}
{Heap before GC invocations=14 (full 0):
 PSYoungGen      total 295424K, used 268060K [0x00000000eab00000, 0x0000000100000000, 0x0000000100000000)
  eden space 241664K, 100% used [0x00000000eab00000,0x00000000f9700000,0x00000000f9700000)
  from space 53760K, 49% used [0x00000000f9700000,0x00000000fb0c7380,0x00000000fcb80000)
  to   space 52224K, 0% used [0x00000000fcd00000,0x00000000fcd00000,0x0000000100000000)
 ParOldGen       total 699392K, used 43487K [0x00000000c0000000, 0x00000000eab00000, 0x00000000eab00000)
  object space 699392K, 6% used [0x00000000c0000000,0x00000000c2a77dd8,0x00000000eab00000)
 Metaspace       used 101386K, capacity 103066K, committed 103552K, reserved 1140736K
  class space    used 12277K, capacity 12621K, committed 12672K, reserved 1048576K
7776.717: [GC (Allocation Failure) [PSYoungGen: 268060K->14846K(295936K)] 311548K->59988K(995328K), 0.0256308 secs] [Times: user=0.04 sys=0.02, real=0.03 secs] 
Heap after GC invocations=14 (full 0):
 PSYoungGen      total 295936K, used 14846K [0x00000000eab00000, 0x0000000100000000, 0x0000000100000000)
  eden space 243712K, 0% used [0x00000000eab00000,0x00000000eab00000,0x00000000f9900000)
  from space 52224K, 28% used [0x00000000fcd00000,0x00000000fdb7f820,0x0000000100000000)
  to   space 52736K, 0% used [0x00000000f9900000,0x00000000f9900000,0x00000000fcc80000)
 ParOldGen       total 699392K, used 45142K [0x00000000c0000000, 0x00000000eab00000, 0x00000000eab00000)
  object space 699392K, 6% used [0x00000000c0000000,0x00000000c2c15a88,0x00000000eab00000)
 Metaspace       used 101386K, capacity 103066K, committed 103552K, reserved 1140736K
  class space    used 12277K, capacity 12621K, committed 12672K, reserved 1048576K
}
{Heap before GC invocations=15 (full 0):
 PSYoungGen      total 295936K, used 258558K [0x00000000eab00000, 0x0000000100000000, 0x0000000100000000)
  eden space 243712K, 100% used [0x00000000eab00000,0x00000000f9900000,0x00000000f9900000)
  from space 52224K, 28% used [0x00000000fcd00000,0x00000000fdb7f820,0x0000000100000000)
  to   space 52736K, 0% used [0x00000000f9900000,0x00000000f9900000,0x00000000fcc80000)
 ParOldGen       total 699392K, used 45142K [0x00000000c0000000, 0x00000000eab00000, 0x00000000eab00000)
  object space 699392K, 6% used [0x00000000c0000000,0x00000000c2c15a88,0x00000000eab00000)
 Metaspace       used 105761K, capacity 107460K, committed 108032K, reserved 1144832K
  class space    used 12871K, capacity 13234K, committed 13312K, reserved 1048576K
7777.664: [GC (Allocation Failure) [PSYoungGen: 258558K->30328K(296448K)] 303700K->78156K(995840K), 0.0230714 secs] [Times: user=0.06 sys=0.00, real=0.02 secs] 
Heap after GC invocations=15 (full 0):
 PSYoungGen      total 296448K, used 30328K [0x00000000eab00000, 0x0000000100000000, 0x0000000100000000)
  eden space 243712K, 0% used [0x00000000eab00000,0x00000000eab00000,0x00000000f9900000)
  from space 52736K, 57% used [0x00000000f9900000,0x00000000fb69e188,0x00000000fcc80000)
  to   space 51200K, 0% used [0x00000000fce00000,0x00000000fce00000,0x0000000100000000)
 ParOldGen       total 699392K, used 47827K [0x00000000c0000000, 0x00000000eab00000, 0x00000000eab00000)
  object space 699392K, 6% used [0x00000000c0000000,0x00000000c2eb4fc0,0x00000000eab00000)
 Metaspace       used 105761K, capacity 107460K, committed 108032K, reserved 1144832K
  class space    used 12871K, capacity 13234K, committed 13312K, reserved 1048576K
}
{Heap before GC invocations=16 (full 0):
 PSYoungGen      total 296448K, used 274040K [0x00000000eab00000, 0x0000000100000000, 0x0000000100000000)
  eden space 243712K, 100% used [0x00000000eab00000,0x00000000f9900000,0x00000000f9900000)
  from space 52736K, 57% used [0x00000000f9900000,0x00000000fb69e188,0x00000000fcc80000)
  to   space 51200K, 0% used [0x00000000fce00000,0x00000000fce00000,0x0000000100000000)
 ParOldGen       total 699392K, used 47827K [0x00000000c0000000, 0x00000000eab00000, 0x00000000eab00000)
  object space 699392K, 6% used [0x00000000c0000000,0x00000000c2eb4fc0,0x00000000eab00000)
 Metaspace       used 112837K, capacity 114644K, committed 115072K, reserved 1150976K
  class space    used 13776K, capacity 14145K, committed 14208K, reserved 1048576K
7984.427: [GC (Allocation Failure) [PSYoungGen: 274040K->11660K(296960K)] 321868K->60352K(996352K), 0.0351211 secs] [Times: user=0.05 sys=0.00, real=0.04 secs] 
Heap after GC invocations=16 (full 0):
 PSYoungGen      total 296960K, used 11660K [0x00000000eab00000, 0x0000000100000000, 0x0000000100000000)
  eden space 245760K, 0% used [0x00000000eab00000,0x00000000eab00000,0x00000000f9b00000)
  from space 51200K, 22% used [0x00000000fce00000,0x00000000fd9632f8,0x0000000100000000)
  to   space 51712K, 0% used [0x00000000f9b00000,0x00000000f9b00000,0x00000000fcd80000)
 ParOldGen       total 699392K, used 48691K [0x00000000c0000000, 0x00000000eab00000, 0x00000000eab00000)
  object space 699392K, 6% used [0x00000000c0000000,0x00000000c2f8cff0,0x00000000eab00000)
 Metaspace       used 112837K, capacity 114644K, committed 115072K, reserved 1150976K
  class space    used 13776K, capacity 14145K, committed 14208K, reserved 1048576K
}
{Heap before GC invocations=17 (full 0):
 PSYoungGen      total 296960K, used 257420K [0x00000000eab00000, 0x0000000100000000, 0x0000000100000000)
  eden space 245760K, 100% used [0x00000000eab00000,0x00000000f9b00000,0x00000000f9b00000)
  from space 51200K, 22% used [0x00000000fce00000,0x00000000fd9632f8,0x0000000100000000)
  to   space 51712K, 0% used [0x00000000f9b00000,0x00000000f9b00000,0x00000000fcd80000)
 ParOldGen       total 699392K, used 48691K [0x00000000c0000000, 0x00000000eab00000, 0x00000000eab00000)
  object space 699392K, 6% used [0x00000000c0000000,0x00000000c2f8cff0,0x00000000eab00000)
 Metaspace       used 115279K, capacity 117150K, committed 117760K, reserved 1153024K
  class space    used 14117K, capacity 14508K, committed 14592K, reserved 1048576K
7985.241: [GC (Allocation Failure) [PSYoungGen: 257420K->32109K(297472K)] 306112K->83788K(996864K), 0.0559388 secs] [Times: user=0.15 sys=0.02, real=0.05 secs] 
Heap after GC invocations=17 (full 0):
 PSYoungGen      total 297472K, used 32109K [0x00000000eab00000, 0x0000000100000000, 0x0000000100000000)
  eden space 245760K, 0% used [0x00000000eab00000,0x00000000eab00000,0x00000000f9b00000)
  from space 51712K, 62% used [0x00000000f9b00000,0x00000000fba5b7f0,0x00000000fcd80000)
  to   space 51200K, 0% used [0x00000000fce00000,0x00000000fce00000,0x0000000100000000)
 ParOldGen       total 699392K, used 51678K [0x00000000c0000000, 0x00000000eab00000, 0x00000000eab00000)
  object space 699392K, 7% used [0x00000000c0000000,0x00000000c3277900,0x00000000eab00000)
 Metaspace       used 115279K, capacity 117150K, committed 117760K, reserved 1153024K
  class space    used 14117K, capacity 14508K, committed 14592K, reserved 1048576K
}
{Heap before GC invocations=18 (full 0):
 PSYoungGen      total 297472K, used 277869K [0x00000000eab00000, 0x0000000100000000, 0x0000000100000000)
  eden space 245760K, 100% used [0x00000000eab00000,0x00000000f9b00000,0x00000000f9b00000)
  from space 51712K, 62% used [0x00000000f9b00000,0x00000000fba5b7f0,0x00000000fcd80000)
  to   space 51200K, 0% used [0x00000000fce00000,0x00000000fce00000,0x0000000100000000)
 ParOldGen       total 699392K, used 51678K [0x00000000c0000000, 0x00000000eab00000, 0x00000000eab00000)
  object space 699392K, 7% used [0x00000000c0000000,0x00000000c3277900,0x00000000eab00000)
 Metaspace       used 124214K, capacity 126196K, committed 126848K, reserved 1161216K
  class space    used 15279K, capacity 15676K, committed 15744K, reserved 1048576K
8040.324: [GC (Allocation Failure) [PSYoungGen: 277869K->14443K(297984K)] 329548K->67875K(997376K), 0.0301549 secs] [Times: user=0.06 sys=0.00, real=0.03 secs] 
Heap after GC invocations=18 (full 0):
 PSYoungGen      total 297984K, used 14443K [0x00000000eab00000, 0x0000000100000000, 0x0000000100000000)
  eden space 246784K, 0% used [0x00000000eab00000,0x00000000eab00000,0x00000000f9c00000)
  from space 51200K, 28% used [0x00000000fce00000,0x00000000fdc1afa0,0x0000000100000000)
  to   space 51200K, 0% used [0x00000000f9c00000,0x00000000f9c00000,0x00000000fce00000)
 ParOldGen       total 699392K, used 53431K [0x00000000c0000000, 0x00000000eab00000, 0x00000000eab00000)
  object space 699392K, 7% used [0x00000000c0000000,0x00000000c342df68,0x00000000eab00000)
 Metaspace       used 124214K, capacity 126196K, committed 126848K, reserved 1161216K
  class space    used 15279K, capacity 15676K, committed 15744K, reserved 1048576K
}
{Heap before GC invocations=19 (full 0):
 PSYoungGen      total 297984K, used 261219K [0x00000000eab00000, 0x0000000100000000, 0x0000000100000000)
  eden space 246784K, 99% used [0x00000000eab00000,0x00000000f9bfdcc8,0x00000000f9c00000)
  from space 51200K, 28% used [0x00000000fce00000,0x00000000fdc1afa0,0x0000000100000000)
  to   space 51200K, 0% used [0x00000000f9c00000,0x00000000f9c00000,0x00000000fce00000)
 ParOldGen       total 699392K, used 53431K [0x00000000c0000000, 0x00000000eab00000, 0x00000000eab00000)
  object space 699392K, 7% used [0x00000000c0000000,0x00000000c342df68,0x00000000eab00000)
 Metaspace       used 124665K, capacity 126810K, committed 127488K, reserved 1161216K
  class space    used 15329K, capacity 15762K, committed 15872K, reserved 1048576K
8194.862: [GC (Allocation Failure) [PSYoungGen: 261219K->30532K(297984K)] 314650K->87339K(997376K), 0.0196218 secs] [Times: user=0.03 sys=0.02, real=0.02 secs] 
Heap after GC invocations=19 (full 0):
 PSYoungGen      total 297984K, used 30532K [0x00000000eab00000, 0x0000000100000000, 0x0000000100000000)
  eden space 246784K, 0% used [0x00000000eab00000,0x00000000eab00000,0x00000000f9c00000)
  from space 51200K, 59% used [0x00000000f9c00000,0x00000000fb9d13f0,0x00000000fce00000)
  to   space 50176K, 0% used [0x00000000fcf00000,0x00000000fcf00000,0x0000000100000000)
 ParOldGen       total 699392K, used 56806K [0x00000000c0000000, 0x00000000eab00000, 0x00000000eab00000)
  object space 699392K, 8% used [0x00000000c0000000,0x00000000c3779818,0x00000000eab00000)
 Metaspace       used 124665K, capacity 126810K, committed 127488K, reserved 1161216K
  class space    used 15329K, capacity 15762K, committed 15872K, reserved 1048576K
}
{Heap before GC invocations=20 (full 0):
 PSYoungGen      total 297984K, used 96566K [0x00000000eab00000, 0x0000000100000000, 0x0000000100000000)
  eden space 246784K, 26% used [0x00000000eab00000,0x00000000eeb7c4c0,0x00000000f9c00000)
  from space 51200K, 59% used [0x00000000f9c00000,0x00000000fb9d13f0,0x00000000fce00000)
  to   space 50176K, 0% used [0x00000000fcf00000,0x00000000fcf00000,0x0000000100000000)
 ParOldGen       total 699392K, used 56806K [0x00000000c0000000, 0x00000000eab00000, 0x00000000eab00000)
  object space 699392K, 8% used [0x00000000c0000000,0x00000000c3779818,0x00000000eab00000)
 Metaspace       used 128439K, capacity 130560K, committed 131072K, reserved 1165312K
  class space    used 15826K, capacity 16243K, committed 16256K, reserved 1048576K
8195.242: [GC (Metadata GC Threshold) [PSYoungGen: 96566K->6220K(296960K)] 153372K->63954K(996352K), 0.0064708 secs] [Times: user=0.02 sys=0.00, real=0.00 secs] 
Heap after GC invocations=20 (full 0):
 PSYoungGen      total 296960K, used 6220K [0x00000000eab00000, 0x0000000100000000, 0x0000000100000000)
  eden space 246784K, 0% used [0x00000000eab00000,0x00000000eab00000,0x00000000f9c00000)
  from space 50176K, 12% used [0x00000000fcf00000,0x00000000fd513370,0x0000000100000000)
  to   space 51200K, 0% used [0x00000000f9c00000,0x00000000f9c00000,0x00000000fce00000)
 ParOldGen       total 699392K, used 57733K [0x00000000c0000000, 0x00000000eab00000, 0x00000000eab00000)
  object space 699392K, 8% used [0x00000000c0000000,0x00000000c3861778,0x00000000eab00000)
 Metaspace       used 128439K, capacity 130560K, committed 131072K, reserved 1165312K
  class space    used 15826K, capacity 16243K, committed 16256K, reserved 1048576K
}
{Heap before GC invocations=21 (full 1):
 PSYoungGen      total 296960K, used 6220K [0x00000000eab00000, 0x0000000100000000, 0x0000000100000000)
  eden space 246784K, 0% used [0x00000000eab00000,0x00000000eab00000,0x00000000f9c00000)
  from space 50176K, 12% used [0x00000000fcf00000,0x00000000fd513370,0x0000000100000000)
  to   space 51200K, 0% used [0x00000000f9c00000,0x00000000f9c00000,0x00000000fce00000)
 ParOldGen       total 699392K, used 57733K [0x00000000c0000000, 0x00000000eab00000, 0x00000000eab00000)
  object space 699392K, 8% used [0x00000000c0000000,0x00000000c3861778,0x00000000eab00000)
 Metaspace       used 128439K, capacity 130560K, committed 131072K, reserved 1165312K
  class space    used 15826K, capacity 16243K, committed 16256K, reserved 1048576K
8195.249: [Full GC (Metadata GC Threshold) [PSYoungGen: 6220K->0K(296960K)] [ParOldGen: 57733K->48509K(699392K)] 63954K->48509K(996352K), [Metaspace: 128439K->127756K(1165312K)], 0.2773711 secs] [Times: user=0.61 sys=0.01, real=0.28 secs] 
Heap after GC invocations=21 (full 1):
 PSYoungGen      total 296960K, used 0K [0x00000000eab00000, 0x0000000100000000, 0x0000000100000000)
  eden space 246784K, 0% used [0x00000000eab00000,0x00000000eab00000,0x00000000f9c00000)
  from space 50176K, 0% used [0x00000000fcf00000,0x00000000fcf00000,0x0000000100000000)
  to   space 51200K, 0% used [0x00000000f9c00000,0x00000000f9c00000,0x00000000fce00000)
 ParOldGen       total 699392K, used 48509K [0x00000000c0000000, 0x00000000eab00000, 0x00000000eab00000)
  object space 699392K, 6% used [0x00000000c0000000,0x00000000c2f5f400,0x00000000eab00000)
 Metaspace       used 127756K, capacity 128740K, committed 131072K, reserved 1165312K
  class space    used 15770K, capacity 16130K, committed 16256K, reserved 1048576K
}
{Heap before GC invocations=22 (full 1):
 PSYoungGen      total 296960K, used 0K [0x00000000eab00000, 0x0000000100000000, 0x0000000100000000)
  eden space 246784K, 0% used [0x00000000eab00000,0x00000000eab00000,0x00000000f9c00000)
  from space 50176K, 0% used [0x00000000fcf00000,0x00000000fcf00000,0x0000000100000000)
  to   space 51200K, 0% used [0x00000000f9c00000,0x00000000f9c00000,0x00000000fce00000)
 ParOldGen       total 699392K, used 48509K [0x00000000c0000000, 0x00000000eab00000, 0x00000000eab00000)
  object space 699392K, 6% used [0x00000000c0000000,0x00000000c2f5f400,0x00000000eab00000)
 Metaspace       used 127756K, capacity 128740K, committed 131072K, reserved 1165312K
  class space    used 15770K, capacity 16130K, committed 16256K, reserved 1048576K
8195.526: [GC (Last ditch collection) [PSYoungGen: 0K->0K(247296K)] 48509K->48509K(946688K), 0.0040659 secs] [Times: user=0.01 sys=0.00, real=0.00 secs] 
Heap after GC invocations=22 (full 1):
 PSYoungGen      total 247296K, used 0K [0x00000000eab00000, 0x0000000100000000, 0x0000000100000000)
  eden space 246784K, 0% used [0x00000000eab00000,0x00000000eab00000,0x00000000f9c00000)
  from space 512K, 0% used [0x00000000f9c00000,0x00000000f9c00000,0x00000000f9c80000)
  to   space 53248K, 0% used [0x00000000fcc00000,0x00000000fcc00000,0x0000000100000000)
 ParOldGen       total 699392K, used 48509K [0x00000000c0000000, 0x00000000eab00000, 0x00000000eab00000)
  object space 699392K, 6% used [0x00000000c0000000,0x00000000c2f5f400,0x00000000eab00000)
 Metaspace       used 127756K, capacity 128740K, committed 131072K, reserved 1165312K
  class space    used 15770K, capacity 16130K, committed 16256K, reserved 1048576K
}
{Heap before GC invocations=23 (full 2):
 PSYoungGen      total 247296K, used 0K [0x00000000eab00000, 0x0000000100000000, 0x0000000100000000)
  eden space 246784K, 0% used [0x00000000eab00000,0x00000000eab00000,0x00000000f9c00000)
  from space 512K, 0% used [0x00000000f9c00000,0x00000000f9c00000,0x00000000f9c80000)
  to   space 53248K, 0% used [0x00000000fcc00000,0x00000000fcc00000,0x0000000100000000)
 ParOldGen       total 699392K, used 48509K [0x00000000c0000000, 0x00000000eab00000, 0x00000000eab00000)
  object space 699392K, 6% used [0x00000000c0000000,0x00000000c2f5f400,0x00000000eab00000)
 Metaspace       used 127756K, capacity 128740K, committed 131072K, reserved 1165312K
  class space    used 15770K, capacity 16130K, committed 16256K, reserved 1048576K
8195.530: [Full GC (Last ditch collection) [PSYoungGen: 0K->0K(247296K)] [ParOldGen: 48509K->44159K(699392K)] 48509K->44159K(946688K), [Metaspace: 127756K->127590K(1165312K)], 0.2544762 secs] [Times: user=0.71 sys=0.00, real=0.26 secs] 
Heap after GC invocations=23 (full 2):
 PSYoungGen      total 247296K, used 0K [0x00000000eab00000, 0x0000000100000000, 0x0000000100000000)
  eden space 246784K, 0% used [0x00000000eab00000,0x00000000eab00000,0x00000000f9c00000)
  from space 512K, 0% used [0x00000000f9c00000,0x00000000f9c00000,0x00000000f9c80000)
  to   space 53248K, 0% used [0x00000000fcc00000,0x00000000fcc00000,0x0000000100000000)
 ParOldGen       total 699392K, used 44159K [0x00000000c0000000, 0x00000000eab00000, 0x00000000eab00000)
  object space 699392K, 6% used [0x00000000c0000000,0x00000000c2b1feb0,0x00000000eab00000)
 Metaspace       used 127590K, capacity 128464K, committed 131072K, reserved 1165312K
  class space    used 15745K, capacity 16084K, committed 16256K, reserved 1048576K
}
{Heap before GC invocations=24 (full 2):
 PSYoungGen      total 247296K, used 1557K [0x00000000eab00000, 0x0000000100000000, 0x0000000100000000)
  eden space 246784K, 0% used [0x00000000eab00000,0x00000000eac85588,0x00000000f9c00000)
  from space 512K, 0% used [0x00000000f9c00000,0x00000000f9c00000,0x00000000f9c80000)
  to   space 53248K, 0% used [0x00000000fcc00000,0x00000000fcc00000,0x0000000100000000)
 ParOldGen       total 699392K, used 44159K [0x00000000c0000000, 0x00000000eab00000, 0x00000000eab00000)
  object space 699392K, 6% used [0x00000000c0000000,0x00000000c2b1feb0,0x00000000eab00000)
 Metaspace       used 127590K, capacity 128464K, committed 131072K, reserved 1165312K
  class space    used 15745K, capacity 16084K, committed 16256K, reserved 1048576K
8196.163: [GC (Metadata GC Threshold) [PSYoungGen: 1557K->128K(294912K)] 45717K->44287K(994304K), 0.0044413 secs] [Times: user=0.02 sys=0.00, real=0.00 secs] 
Heap after GC invocations=24 (full 2):
 PSYoungGen      total 294912K, used 128K [0x00000000eab00000, 0x0000000100000000, 0x0000000100000000)
  eden space 241664K, 0% used [0x00000000eab00000,0x00000000eab00000,0x00000000f9700000)
  from space 53248K, 0% used [0x00000000fcc00000,0x00000000fcc20000,0x0000000100000000)
  to   space 53760K, 0% used [0x00000000f9700000,0x00000000f9700000,0x00000000fcb80000)
 ParOldGen       total 699392K, used 44159K [0x00000000c0000000, 0x00000000eab00000, 0x00000000eab00000)
  object space 699392K, 6% used [0x00000000c0000000,0x00000000c2b1feb0,0x00000000eab00000)
 Metaspace       used 127590K, capacity 128464K, committed 131072K, reserved 1165312K
  class space    used 15745K, capacity 16084K, committed 16256K, reserved 1048576K
}
{Heap before GC invocations=25 (full 3):
 PSYoungGen      total 294912K, used 128K [0x00000000eab00000, 0x0000000100000000, 0x0000000100000000)
  eden space 241664K, 0% used [0x00000000eab00000,0x00000000eab00000,0x00000000f9700000)
  from space 53248K, 0% used [0x00000000fcc00000,0x00000000fcc20000,0x0000000100000000)
  to   space 53760K, 0% used [0x00000000f9700000,0x00000000f9700000,0x00000000fcb80000)
 ParOldGen       total 699392K, used 44159K [0x00000000c0000000, 0x00000000eab00000, 0x00000000eab00000)
  object space 699392K, 6% used [0x00000000c0000000,0x00000000c2b1feb0,0x00000000eab00000)
 Metaspace       used 127590K, capacity 128464K, committed 131072K, reserved 1165312K
  class space    used 15745K, capacity 16084K, committed 16256K, reserved 1048576K
8196.168: [Full GC (Metadata GC Threshold) [PSYoungGen: 128K->0K(294912K)] [ParOldGen: 44159K->44158K(699392K)] 44287K->44158K(994304K), [Metaspace: 127590K->127590K(1165312K)], 0.1582937 secs] [Times: user=0.44 sys=0.00, real=0.16 secs] 
Heap after GC invocations=25 (full 3):
 PSYoungGen      total 294912K, used 0K [0x00000000eab00000, 0x0000000100000000, 0x0000000100000000)
  eden space 241664K, 0% used [0x00000000eab00000,0x00000000eab00000,0x00000000f9700000)
  from space 53248K, 0% used [0x00000000fcc00000,0x00000000fcc00000,0x0000000100000000)
  to   space 53760K, 0% used [0x00000000f9700000,0x00000000f9700000,0x00000000fcb80000)
 ParOldGen       total 699392K, used 44158K [0x00000000c0000000, 0x00000000eab00000, 0x00000000eab00000)
  object space 699392K, 6% used [0x00000000c0000000,0x00000000c2b1fb98,0x00000000eab00000)
 Metaspace       used 127590K, capacity 128464K, committed 131072K, reserved 1165312K
  class space    used 15745K, capacity 16084K, committed 16256K, reserved 1048576K
}
{Heap before GC invocations=26 (full 3):
 PSYoungGen      total 294912K, used 0K [0x00000000eab00000, 0x0000000100000000, 0x0000000100000000)
  eden space 241664K, 0% used [0x00000000eab00000,0x00000000eab00000,0x00000000f9700000)
  from space 53248K, 0% used [0x00000000fcc00000,0x00000000fcc00000,0x0000000100000000)
  to   space 53760K, 0% used [0x00000000f9700000,0x00000000f9700000,0x00000000fcb80000)
 ParOldGen       total 699392K, used 44158K [0x00000000c0000000, 0x00000000eab00000, 0x00000000eab00000)
  object space 699392K, 6% used [0x00000000c0000000,0x00000000c2b1fb98,0x00000000eab00000)
 Metaspace       used 127590K, capacity 128464K, committed 131072K, reserved 1165312K
  class space    used 15745K, capacity 16084K, committed 16256K, reserved 1048576K
8196.326: [GC (Last ditch collection) [PSYoungGen: 0K->0K(295424K)] 44158K->44158K(994816K), 0.0031638 secs] [Times: user=0.01 sys=0.00, real=0.00 secs] 
Heap after GC invocations=26 (full 3):
 PSYoungGen      total 295424K, used 0K [0x00000000eab00000, 0x0000000100000000, 0x0000000100000000)
  eden space 241664K, 0% used [0x00000000eab00000,0x00000000eab00000,0x00000000f9700000)
  from space 53760K, 0% used [0x00000000f9700000,0x00000000f9700000,0x00000000fcb80000)
  to   space 53760K, 0% used [0x00000000fcb80000,0x00000000fcb80000,0x0000000100000000)
 ParOldGen       total 699392K, used 44158K [0x00000000c0000000, 0x00000000eab00000, 0x00000000eab00000)
  object space 699392K, 6% used [0x00000000c0000000,0x00000000c2b1fb98,0x00000000eab00000)
 Metaspace       used 127590K, capacity 128464K, committed 131072K, reserved 1165312K
  class space    used 15745K, capacity 16084K, committed 16256K, reserved 1048576K
}
{Heap before GC invocations=27 (full 4):
 PSYoungGen      total 295424K, used 0K [0x00000000eab00000, 0x0000000100000000, 0x0000000100000000)
  eden space 241664K, 0% used [0x00000000eab00000,0x00000000eab00000,0x00000000f9700000)
  from space 53760K, 0% used [0x00000000f9700000,0x00000000f9700000,0x00000000fcb80000)
  to   space 53760K, 0% used [0x00000000fcb80000,0x00000000fcb80000,0x0000000100000000)
 ParOldGen       total 699392K, used 44158K [0x00000000c0000000, 0x00000000eab00000, 0x00000000eab00000)
  object space 699392K, 6% used [0x00000000c0000000,0x00000000c2b1fb98,0x00000000eab00000)
 Metaspace       used 127590K, capacity 128464K, committed 131072K, reserved 1165312K
  class space    used 15745K, capacity 16084K, committed 16256K, reserved 1048576K
8196.329: [Full GC (Last ditch collection) [PSYoungGen: 0K->0K(295424K)] [ParOldGen: 44158K->44158K(699392K)] 44158K->44158K(994816K), [Metaspace: 127590K->127590K(1165312K)], 0.0863852 secs] [Times: user=0.20 sys=0.00, real=0.09 secs] 
Heap after GC invocations=27 (full 4):
 PSYoungGen      total 295424K, used 0K [0x00000000eab00000, 0x0000000100000000, 0x0000000100000000)
  eden space 241664K, 0% used [0x00000000eab00000,0x00000000eab00000,0x00000000f9700000)
  from space 53760K, 0% used [0x00000000f9700000,0x00000000f9700000,0x00000000fcb80000)
  to   space 53760K, 0% used [0x00000000fcb80000,0x00000000fcb80000,0x0000000100000000)
 ParOldGen       total 699392K, used 44158K [0x00000000c0000000, 0x00000000eab00000, 0x00000000eab00000)
  object space 699392K, 6% used [0x00000000c0000000,0x00000000c2b1f9f0,0x00000000eab00000)
 Metaspace       used 127590K, capacity 128464K, committed 131072K, reserved 1165312K
  class space    used 15745K, capacity 16084K, committed 16256K, reserved 1048576K
}
{Heap before GC invocations=28 (full 4):
 PSYoungGen      total 295424K, used 1472K [0x00000000eab00000, 0x0000000100000000, 0x0000000100000000)
  eden space 241664K, 0% used [0x00000000eab00000,0x00000000eac70278,0x00000000f9700000)
  from space 53760K, 0% used [0x00000000f9700000,0x00000000f9700000,0x00000000fcb80000)
  to   space 53760K, 0% used [0x00000000fcb80000,0x00000000fcb80000,0x0000000100000000)
 ParOldGen       total 699392K, used 44158K [0x00000000c0000000, 0x00000000eab00000, 0x00000000eab00000)
  object space 699392K, 6% used [0x00000000c0000000,0x00000000c2b1f9f0,0x00000000eab00000)
 Metaspace       used 127620K, capacity 128464K, committed 131072K, reserved 1165312K
  class space    used 15745K, capacity 16084K, committed 16256K, reserved 1048576K
8196.429: [GC (Metadata GC Threshold) [PSYoungGen: 1472K->160K(295424K)] 45631K->44319K(994816K), 0.0045261 secs] [Times: user=0.00 sys=0.01, real=0.01 secs] 
Heap after GC invocations=28 (full 4):
 PSYoungGen      total 295424K, used 160K [0x00000000eab00000, 0x0000000100000000, 0x0000000100000000)
  eden space 241664K, 0% used [0x00000000eab00000,0x00000000eab00000,0x00000000f9700000)
  from space 53760K, 0% used [0x00000000fcb80000,0x00000000fcba8398,0x0000000100000000)
  to   space 53760K, 0% used [0x00000000f9700000,0x00000000f9700000,0x00000000fcb80000)
 ParOldGen       total 699392K, used 44158K [0x00000000c0000000, 0x00000000eab00000, 0x00000000eab00000)
  object space 699392K, 6% used [0x00000000c0000000,0x00000000c2b1f9f0,0x00000000eab00000)
 Metaspace       used 127620K, capacity 128464K, committed 131072K, reserved 1165312K
  class space    used 15745K, capacity 16084K, committed 16256K, reserved 1048576K
}
{Heap before GC invocations=29 (full 5):
 PSYoungGen      total 295424K, used 160K [0x00000000eab00000, 0x0000000100000000, 0x0000000100000000)
  eden space 241664K, 0% used [0x00000000eab00000,0x00000000eab00000,0x00000000f9700000)
  from space 53760K, 0% used [0x00000000fcb80000,0x00000000fcba8398,0x0000000100000000)
  to   space 53760K, 0% used [0x00000000f9700000,0x00000000f9700000,0x00000000fcb80000)
 ParOldGen       total 699392K, used 44158K [0x00000000c0000000, 0x00000000eab00000, 0x00000000eab00000)
  object space 699392K, 6% used [0x00000000c0000000,0x00000000c2b1f9f0,0x00000000eab00000)
 Metaspace       used 127620K, capacity 128464K, committed 131072K, reserved 1165312K
  class space    used 15745K, capacity 16084K, committed 16256K, reserved 1048576K
8196.433: [Full GC (Metadata GC Threshold) [PSYoungGen: 160K->0K(295424K)] [ParOldGen: 44158K->21681K(699392K)] 44319K->21681K(994816K), [Metaspace: 127620K->61300K(1155072K)], 0.1351505 secs] [Times: user=0.24 sys=0.00, real=0.13 secs] 
Heap after GC invocations=29 (full 5):
 PSYoungGen      total 295424K, used 0K [0x00000000eab00000, 0x0000000100000000, 0x0000000100000000)
  eden space 241664K, 0% used [0x00000000eab00000,0x00000000eab00000,0x00000000f9700000)
  from space 53760K, 0% used [0x00000000fcb80000,0x00000000fcb80000,0x0000000100000000)
  to   space 53760K, 0% used [0x00000000f9700000,0x00000000f9700000,0x00000000fcb80000)
 ParOldGen       total 699392K, used 21681K [0x00000000c0000000, 0x00000000eab00000, 0x00000000eab00000)
  object space 699392K, 3% used [0x00000000c0000000,0x00000000c152c650,0x00000000eab00000)
 Metaspace       used 61300K, capacity 61850K, committed 120832K, reserved 1155072K
  class space    used 6915K, capacity 7123K, committed 16256K, reserved 1048576K
}
{Heap before GC invocations=30 (full 5):
 PSYoungGen      total 295424K, used 241664K [0x00000000eab00000, 0x0000000100000000, 0x0000000100000000)
  eden space 241664K, 100% used [0x00000000eab00000,0x00000000f9700000,0x00000000f9700000)
  from space 53760K, 0% used [0x00000000fcb80000,0x00000000fcb80000,0x0000000100000000)
  to   space 53760K, 0% used [0x00000000f9700000,0x00000000f9700000,0x00000000fcb80000)
 ParOldGen       total 699392K, used 21681K [0x00000000c0000000, 0x00000000eab00000, 0x00000000eab00000)
  object space 699392K, 3% used [0x00000000c0000000,0x00000000c152c650,0x00000000eab00000)
 Metaspace       used 66001K, capacity 66590K, committed 120832K, reserved 1155072K
  class space    used 7589K, capacity 7802K, committed 16256K, reserved 1048576K
8222.085: [GC (Allocation Failure) [PSYoungGen: 241664K->22040K(295424K)] 263345K->43729K(994816K), 0.0137668 secs] [Times: user=0.02 sys=0.00, real=0.01 secs] 
Heap after GC invocations=30 (full 5):
 PSYoungGen      total 295424K, used 22040K [0x00000000eab00000, 0x0000000100000000, 0x0000000100000000)
  eden space 241664K, 0% used [0x00000000eab00000,0x00000000eab00000,0x00000000f9700000)
  from space 53760K, 40% used [0x00000000f9700000,0x00000000fac86088,0x00000000fcb80000)
  to   space 51712K, 0% used [0x00000000fcd80000,0x00000000fcd80000,0x0000000100000000)
 ParOldGen       total 699392K, used 21689K [0x00000000c0000000, 0x00000000eab00000, 0x00000000eab00000)
  object space 699392K, 3% used [0x00000000c0000000,0x00000000c152e650,0x00000000eab00000)
 Metaspace       used 66001K, capacity 66590K, committed 120832K, reserved 1155072K
  class space    used 7589K, capacity 7802K, committed 16256K, reserved 1048576K
}
{Heap before GC invocations=31 (full 5):
 PSYoungGen      total 295424K, used 263704K [0x00000000eab00000, 0x0000000100000000, 0x0000000100000000)
  eden space 241664K, 100% used [0x00000000eab00000,0x00000000f9700000,0x00000000f9700000)
  from space 53760K, 40% used [0x00000000f9700000,0x00000000fac86088,0x00000000fcb80000)
  to   space 51712K, 0% used [0x00000000fcd80000,0x00000000fcd80000,0x0000000100000000)
 ParOldGen       total 699392K, used 21689K [0x00000000c0000000, 0x00000000eab00000, 0x00000000eab00000)
  object space 699392K, 3% used [0x00000000c0000000,0x00000000c152e650,0x00000000eab00000)
 Metaspace       used 72647K, capacity 73378K, committed 120832K, reserved 1155072K
  class space    used 8496K, capacity 8723K, committed 16256K, reserved 1048576K
8223.036: [GC (Allocation Failure) [PSYoungGen: 263704K->30078K(294400K)] 285393K->51775K(993792K), 0.0209620 secs] [Times: user=0.06 sys=0.00, real=0.02 secs] 
Heap after GC invocations=31 (full 5):
 PSYoungGen      total 294400K, used 30078K [0x00000000eab00000, 0x0000000100000000, 0x0000000100000000)
  eden space 242688K, 0% used [0x00000000eab00000,0x00000000eab00000,0x00000000f9800000)
  from space 51712K, 58% used [0x00000000fcd80000,0x00000000feadf958,0x0000000100000000)
  to   space 53248K, 0% used [0x00000000f9800000,0x00000000f9800000,0x00000000fcc00000)
 ParOldGen       total 699392K, used 21697K [0x00000000c0000000, 0x00000000eab00000, 0x00000000eab00000)
  object space 699392K, 3% used [0x00000000c0000000,0x00000000c1530650,0x00000000eab00000)
 Metaspace       used 72647K, capacity 73378K, committed 120832K, reserved 1155072K
  class space    used 8496K, capacity 8723K, committed 16256K, reserved 1048576K
}
{Heap before GC invocations=32 (full 5):
 PSYoungGen      total 294400K, used 272766K [0x00000000eab00000, 0x0000000100000000, 0x0000000100000000)
  eden space 242688K, 100% used [0x00000000eab00000,0x00000000f9800000,0x00000000f9800000)
  from space 51712K, 58% used [0x00000000fcd80000,0x00000000feadf958,0x0000000100000000)
  to   space 53248K, 0% used [0x00000000f9800000,0x00000000f9800000,0x00000000fcc00000)
 ParOldGen       total 699392K, used 21697K [0x00000000c0000000, 0x00000000eab00000, 0x00000000eab00000)
  object space 699392K, 3% used [0x00000000c0000000,0x00000000c1530650,0x00000000eab00000)
 Metaspace       used 77700K, capacity 78638K, committed 120832K, reserved 1155072K
  class space    used 9106K, capacity 9363K, committed 16256K, reserved 1048576K
8434.234: [GC (Allocation Failure) [PSYoungGen: 272766K->20629K(295936K)] 294463K->42335K(995328K), 0.0139307 secs] [Times: user=0.04 sys=0.00, real=0.01 secs] 
Heap after GC invocations=32 (full 5):
 PSYoungGen      total 295936K, used 20629K [0x00000000eab00000, 0x0000000100000000, 0x0000000100000000)
  eden space 242688K, 0% used [0x00000000eab00000,0x00000000eab00000,0x00000000f9800000)
  from space 53248K, 38% used [0x00000000f9800000,0x00000000fac25688,0x00000000fcc00000)
  to   space 50688K, 0% used [0x00000000fce80000,0x00000000fce80000,0x0000000100000000)
 ParOldGen       total 699392K, used 21705K [0x00000000c0000000, 0x00000000eab00000, 0x00000000eab00000)
  object space 699392K, 3% used [0x00000000c0000000,0x00000000c1532650,0x00000000eab00000)
 Metaspace       used 77700K, capacity 78638K, committed 120832K, reserved 1155072K
  class space    used 9106K, capacity 9363K, committed 16256K, reserved 1048576K
}
{Heap before GC invocations=33 (full 5):
 PSYoungGen      total 295936K, used 263317K [0x00000000eab00000, 0x0000000100000000, 0x0000000100000000)
  eden space 242688K, 100% used [0x00000000eab00000,0x00000000f9800000,0x00000000f9800000)
  from space 53248K, 38% used [0x00000000f9800000,0x00000000fac25688,0x00000000fcc00000)
  to   space 50688K, 0% used [0x00000000fce80000,0x00000000fce80000,0x0000000100000000)
 ParOldGen       total 699392K, used 21705K [0x00000000c0000000, 0x00000000eab00000, 0x00000000eab00000)
  object space 699392K, 3% used [0x00000000c0000000,0x00000000c1532650,0x00000000eab00000)
 Metaspace       used 82289K, capacity 83272K, committed 120832K, reserved 1155072K
  class space    used 9722K, capacity 9984K, committed 16256K, reserved 1048576K
8435.032: [GC (Allocation Failure) [PSYoungGen: 263317K->37468K(291328K)] 285023K->59182K(990720K), 0.0717577 secs] [Times: user=0.10 sys=0.00, real=0.08 secs] 
Heap after GC invocations=33 (full 5):
 PSYoungGen      total 291328K, used 37468K [0x00000000eab00000, 0x0000000100000000, 0x0000000100000000)
  eden space 240640K, 0% used [0x00000000eab00000,0x00000000eab00000,0x00000000f9600000)
  from space 50688K, 73% used [0x00000000fce80000,0x00000000ff3173e8,0x0000000100000000)
  to   space 54272K, 0% used [0x00000000f9600000,0x00000000f9600000,0x00000000fcb00000)
 ParOldGen       total 699392K, used 21713K [0x00000000c0000000, 0x00000000eab00000, 0x00000000eab00000)
  object space 699392K, 3% used [0x00000000c0000000,0x00000000c1534650,0x00000000eab00000)
 Metaspace       used 82289K, capacity 83272K, committed 120832K, reserved 1155072K
  class space    used 9722K, capacity 9984K, committed 16256K, reserved 1048576K
}
{Heap before GC invocations=34 (full 5):
 PSYoungGen      total 291328K, used 278108K [0x00000000eab00000, 0x0000000100000000, 0x0000000100000000)
  eden space 240640K, 100% used [0x00000000eab00000,0x00000000f9600000,0x00000000f9600000)
  from space 50688K, 73% used [0x00000000fce80000,0x00000000ff3173e8,0x0000000100000000)
  to   space 54272K, 0% used [0x00000000f9600000,0x00000000f9600000,0x00000000fcb00000)
 ParOldGen       total 699392K, used 21713K [0x00000000c0000000, 0x00000000eab00000, 0x00000000eab00000)
  object space 699392K, 3% used [0x00000000c0000000,0x00000000c1534650,0x00000000eab00000)
 Metaspace       used 89276K, capacity 90480K, committed 120832K, reserved 1155072K
  class space    used 10606K, capacity 10900K, committed 16256K, reserved 1048576K
8496.227: [GC (Allocation Failure) [PSYoungGen: 278108K->21852K(294912K)] 299822K->43574K(994304K), 0.0445873 secs] [Times: user=0.16 sys=0.00, real=0.04 secs] 
Heap after GC invocations=34 (full 5):
 PSYoungGen      total 294912K, used 21852K [0x00000000eab00000, 0x0000000100000000, 0x0000000100000000)
  eden space 240640K, 0% used [0x00000000eab00000,0x00000000eab00000,0x00000000f9600000)
  from space 54272K, 40% used [0x00000000f9600000,0x00000000fab573b8,0x00000000fcb00000)
  to   space 51712K, 0% used [0x00000000fcd80000,0x00000000fcd80000,0x0000000100000000)
 ParOldGen       total 699392K, used 21721K [0x00000000c0000000, 0x00000000eab00000, 0x00000000eab00000)
  object space 699392K, 3% used [0x00000000c0000000,0x00000000c1536650,0x00000000eab00000)
 Metaspace       used 89276K, capacity 90480K, committed 120832K, reserved 1155072K
  class space    used 10606K, capacity 10900K, committed 16256K, reserved 1048576K
}
{Heap before GC invocations=35 (full 5):
 PSYoungGen      total 294912K, used 262492K [0x00000000eab00000, 0x0000000100000000, 0x0000000100000000)
  eden space 240640K, 100% used [0x00000000eab00000,0x00000000f9600000,0x00000000f9600000)
  from space 54272K, 40% used [0x00000000f9600000,0x00000000fab573b8,0x00000000fcb00000)
  to   space 51712K, 0% used [0x00000000fcd80000,0x00000000fcd80000,0x0000000100000000)
 ParOldGen       total 699392K, used 21721K [0x00000000c0000000, 0x00000000eab00000, 0x00000000eab00000)
  object space 699392K, 3% used [0x00000000c0000000,0x00000000c1536650,0x00000000eab00000)
 Metaspace       used 89524K, capacity 90728K, committed 120832K, reserved 1155072K
  class space    used 10646K, capacity 10940K, committed 16256K, reserved 1048576K
14659.325: [GC (Allocation Failure) [PSYoungGen: 262492K->40957K(289280K)] 284214K->62686K(988672K), 0.0297309 secs] [Times: user=0.08 sys=0.00, real=0.03 secs] 
Heap after GC invocations=35 (full 5):
 PSYoungGen      total 289280K, used 40957K [0x00000000eab00000, 0x0000000100000000, 0x0000000100000000)
  eden space 237568K, 0% used [0x00000000eab00000,0x00000000eab00000,0x00000000f9300000)
  from space 51712K, 79% used [0x00000000fcd80000,0x00000000ff57f528,0x0000000100000000)
  to   space 55808K, 0% used [0x00000000f9300000,0x00000000f9300000,0x00000000fc980000)
 ParOldGen       total 699392K, used 21729K [0x00000000c0000000, 0x00000000eab00000, 0x00000000eab00000)
  object space 699392K, 3% used [0x00000000c0000000,0x00000000c1538650,0x00000000eab00000)
 Metaspace       used 89524K, capacity 90728K, committed 120832K, reserved 1155072K
  class space    used 10646K, capacity 10940K, committed 16256K, reserved 1048576K
}
{Heap before GC invocations=36 (full 5):
 PSYoungGen      total 289280K, used 278525K [0x00000000eab00000, 0x0000000100000000, 0x0000000100000000)
  eden space 237568K, 100% used [0x00000000eab00000,0x00000000f9300000,0x00000000f9300000)
  from space 51712K, 79% used [0x00000000fcd80000,0x00000000ff57f528,0x0000000100000000)
  to   space 55808K, 0% used [0x00000000f9300000,0x00000000f9300000,0x00000000fc980000)
 ParOldGen       total 699392K, used 21729K [0x00000000c0000000, 0x00000000eab00000, 0x00000000eab00000)
  object space 699392K, 3% used [0x00000000c0000000,0x00000000c1538650,0x00000000eab00000)
 Metaspace       used 98629K, capacity 99806K, committed 120832K, reserved 1155072K
  class space    used 11904K, capacity 12229K, committed 16256K, reserved 1048576K
14696.175: [GC (Allocation Failure) [PSYoungGen: 278525K->25591K(293376K)] 300254K->47329K(992768K), 0.0385183 secs] [Times: user=0.09 sys=0.00, real=0.04 secs] 
Heap after GC invocations=36 (full 5):
 PSYoungGen      total 293376K, used 25591K [0x00000000eab00000, 0x0000000100000000, 0x0000000100000000)
  eden space 237568K, 0% used [0x00000000eab00000,0x00000000eab00000,0x00000000f9300000)
  from space 55808K, 45% used [0x00000000f9300000,0x00000000fabfde28,0x00000000fc980000)
  to   space 53760K, 0% used [0x00000000fcb80000,0x00000000fcb80000,0x0000000100000000)
 ParOldGen       total 699392K, used 21737K [0x00000000c0000000, 0x00000000eab00000, 0x00000000eab00000)
  object space 699392K, 3% used [0x00000000c0000000,0x00000000c153a650,0x00000000eab00000)
 Metaspace       used 98629K, capacity 99806K, committed 120832K, reserved 1155072K
  class space    used 11904K, capacity 12229K, committed 16256K, reserved 1048576K
}
{Heap before GC invocations=37 (full 5):
 PSYoungGen      total 293376K, used 263159K [0x00000000eab00000, 0x0000000100000000, 0x0000000100000000)
  eden space 237568K, 100% used [0x00000000eab00000,0x00000000f9300000,0x00000000f9300000)
  from space 55808K, 45% used [0x00000000f9300000,0x00000000fabfde28,0x00000000fc980000)
  to   space 53760K, 0% used [0x00000000fcb80000,0x00000000fcb80000,0x0000000100000000)
 ParOldGen       total 699392K, used 21737K [0x00000000c0000000, 0x00000000eab00000, 0x00000000eab00000)
  object space 699392K, 3% used [0x00000000c0000000,0x00000000c153a650,0x00000000eab00000)
 Metaspace       used 98923K, capacity 100286K, committed 120832K, reserved 1155072K
  class space    used 11931K, capacity 12247K, committed 16256K, reserved 1048576K
15488.586: [GC (Allocation Failure) [PSYoungGen: 263159K->40997K(288256K)] 284897K->62743K(987648K), 0.0257770 secs] [Times: user=0.06 sys=0.00, real=0.02 secs] 
Heap after GC invocations=37 (full 5):
 PSYoungGen      total 288256K, used 40997K [0x00000000eab00000, 0x0000000100000000, 0x0000000100000000)
  eden space 234496K, 0% used [0x00000000eab00000,0x00000000eab00000,0x00000000f9000000)
  from space 53760K, 76% used [0x00000000fcb80000,0x00000000ff389708,0x0000000100000000)
  to   space 57344K, 0% used [0x00000000f9000000,0x00000000f9000000,0x00000000fc800000)
 ParOldGen       total 699392K, used 21745K [0x00000000c0000000, 0x00000000eab00000, 0x00000000eab00000)
  object space 699392K, 3% used [0x00000000c0000000,0x00000000c153c650,0x00000000eab00000)
 Metaspace       used 98923K, capacity 100286K, committed 120832K, reserved 1155072K
  class space    used 11931K, capacity 12247K, committed 16256K, reserved 1048576K
}
{Heap before GC invocations=38 (full 5):
 PSYoungGen      total 288256K, used 275493K [0x00000000eab00000, 0x0000000100000000, 0x0000000100000000)
  eden space 234496K, 100% used [0x00000000eab00000,0x00000000f9000000,0x00000000f9000000)
  from space 53760K, 76% used [0x00000000fcb80000,0x00000000ff389708,0x0000000100000000)
  to   space 57344K, 0% used [0x00000000f9000000,0x00000000f9000000,0x00000000fc800000)
 ParOldGen       total 699392K, used 21745K [0x00000000c0000000, 0x00000000eab00000, 0x00000000eab00000)
  object space 699392K, 3% used [0x00000000c0000000,0x00000000c153c650,0x00000000eab00000)
 Metaspace       used 107115K, capacity 108478K, committed 120832K, reserved 1155072K
  class space    used 13073K, capacity 13413K, committed 16256K, reserved 1048576K
15489.990: [GC (Allocation Failure) [PSYoungGen: 275493K->31822K(291840K)] 297239K->53576K(991232K), 0.0308072 secs] [Times: user=0.09 sys=0.00, real=0.03 secs] 
Heap after GC invocations=38 (full 5):
 PSYoungGen      total 291840K, used 31822K [0x00000000eab00000, 0x0000000100000000, 0x0000000100000000)
  eden space 234496K, 0% used [0x00000000eab00000,0x00000000eab00000,0x00000000f9000000)
  from space 57344K, 55% used [0x00000000f9000000,0x00000000faf13b48,0x00000000fc800000)
  to   space 56832K, 0% used [0x00000000fc880000,0x00000000fc880000,0x0000000100000000)
 ParOldGen       total 699392K, used 21753K [0x00000000c0000000, 0x00000000eab00000, 0x00000000eab00000)
  object space 699392K, 3% used [0x00000000c0000000,0x00000000c153e650,0x00000000eab00000)
 Metaspace       used 107115K, capacity 108478K, committed 120832K, reserved 1155072K
  class space    used 13073K, capacity 13413K, committed 16256K, reserved 1048576K
}
{Heap before GC invocations=39 (full 5):
 PSYoungGen      total 291840K, used 266318K [0x00000000eab00000, 0x0000000100000000, 0x0000000100000000)
  eden space 234496K, 100% used [0x00000000eab00000,0x00000000f9000000,0x00000000f9000000)
  from space 57344K, 55% used [0x00000000f9000000,0x00000000faf13b48,0x00000000fc800000)
  to   space 56832K, 0% used [0x00000000fc880000,0x00000000fc880000,0x0000000100000000)
 ParOldGen       total 699392K, used 21753K [0x00000000c0000000, 0x00000000eab00000, 0x00000000eab00000)
  object space 699392K, 3% used [0x00000000c0000000,0x00000000c153e650,0x00000000eab00000)
 Metaspace       used 109466K, capacity 111080K, committed 120832K, reserved 1155072K
  class space    used 13374K, capacity 13753K, committed 16256K, reserved 1048576K
15622.960: [GC (Allocation Failure) [PSYoungGen: 266318K->37079K(290304K)] 288072K->58841K(989696K), 0.0247916 secs] [Times: user=0.06 sys=0.00, real=0.03 secs] 
Heap after GC invocations=39 (full 5):
 PSYoungGen      total 290304K, used 37079K [0x00000000eab00000, 0x0000000100000000, 0x0000000100000000)
  eden space 233472K, 0% used [0x00000000eab00000,0x00000000eab00000,0x00000000f8f00000)
  from space 56832K, 65% used [0x00000000fc880000,0x00000000fecb5f28,0x0000000100000000)
  to   space 57856K, 0% used [0x00000000f8f00000,0x00000000f8f00000,0x00000000fc780000)
 ParOldGen       total 699392K, used 21761K [0x00000000c0000000, 0x00000000eab00000, 0x00000000eab00000)
  object space 699392K, 3% used [0x00000000c0000000,0x00000000c1540650,0x00000000eab00000)
 Metaspace       used 109466K, capacity 111080K, committed 120832K, reserved 1155072K
  class space    used 13374K, capacity 13753K, committed 16256K, reserved 1048576K
}
{Heap before GC invocations=40 (full 5):
 PSYoungGen      total 290304K, used 270551K [0x00000000eab00000, 0x0000000100000000, 0x0000000100000000)
  eden space 233472K, 100% used [0x00000000eab00000,0x00000000f8f00000,0x00000000f8f00000)
  from space 56832K, 65% used [0x00000000fc880000,0x00000000fecb5f28,0x0000000100000000)
  to   space 57856K, 0% used [0x00000000f8f00000,0x00000000f8f00000,0x00000000fc780000)
 ParOldGen       total 699392K, used 21761K [0x00000000c0000000, 0x00000000eab00000, 0x00000000eab00000)
  object space 699392K, 3% used [0x00000000c0000000,0x00000000c1540650,0x00000000eab00000)
 Metaspace       used 115641K, capacity 117284K, committed 120832K, reserved 1155072K
  class space    used 14227K, capacity 14625K, committed 16256K, reserved 1048576K
15624.026: [GC (Allocation Failure) [PSYoungGen: 270551K->40724K(274432K)] 292313K->62494K(973824K), 0.0352323 secs] [Times: user=0.09 sys=0.00, real=0.03 secs] 
Heap after GC invocations=40 (full 5):
 PSYoungGen      total 274432K, used 40724K [0x00000000eab00000, 0x0000000100000000, 0x0000000100000000)
  eden space 233472K, 0% used [0x00000000eab00000,0x00000000eab00000,0x00000000f8f00000)
  from space 40960K, 99% used [0x00000000f8f00000,0x00000000fb6c53a0,0x00000000fb700000)
  to   space 59904K, 0% used [0x00000000fc580000,0x00000000fc580000,0x0000000100000000)
 ParOldGen       total 699392K, used 21769K [0x00000000c0000000, 0x00000000eab00000, 0x00000000eab00000)
  object space 699392K, 3% used [0x00000000c0000000,0x00000000c1542650,0x00000000eab00000)
 Metaspace       used 115641K, capacity 117284K, committed 120832K, reserved 1155072K
  class space    used 14227K, capacity 14625K, committed 16256K, reserved 1048576K
}
{Heap before GC invocations=41 (full 5):
 PSYoungGen      total 274432K, used 274196K [0x00000000eab00000, 0x0000000100000000, 0x0000000100000000)
  eden space 233472K, 100% used [0x00000000eab00000,0x00000000f8f00000,0x00000000f8f00000)
  from space 40960K, 99% used [0x00000000f8f00000,0x00000000fb6c53a0,0x00000000fb700000)
  to   space 59904K, 0% used [0x00000000fc580000,0x00000000fc580000,0x0000000100000000)
 ParOldGen       total 699392K, used 21769K [0x00000000c0000000, 0x00000000eab00000, 0x00000000eab00000)
  object space 699392K, 3% used [0x00000000c0000000,0x00000000c1542650,0x00000000eab00000)
 Metaspace       used 119903K, capacity 121756K, committed 123520K, reserved 1157120K
  class space    used 14806K, capacity 15213K, committed 16256K, reserved 1048576K
15927.309: [GC (Allocation Failure) [PSYoungGen: 274196K->32447K(290816K)] 295966K->54225K(990208K), 0.0245398 secs] [Times: user=0.08 sys=0.00, real=0.03 secs] 
Heap after GC invocations=41 (full 5):
 PSYoungGen      total 290816K, used 32447K [0x00000000eab00000, 0x0000000100000000, 0x0000000100000000)
  eden space 230912K, 0% used [0x00000000eab00000,0x00000000eab00000,0x00000000f8c80000)
  from space 59904K, 54% used [0x00000000fc580000,0x00000000fe52ffe0,0x0000000100000000)
  to   space 58368K, 0% used [0x00000000f8c80000,0x00000000f8c80000,0x00000000fc580000)
 ParOldGen       total 699392K, used 21777K [0x00000000c0000000, 0x00000000eab00000, 0x00000000eab00000)
  object space 699392K, 3% used [0x00000000c0000000,0x00000000c1544650,0x00000000eab00000)
 Metaspace       used 119903K, capacity 121756K, committed 123520K, reserved 1157120K
  class space    used 14806K, capacity 15213K, committed 16256K, reserved 1048576K
}
{Heap before GC invocations=42 (full 5):
 PSYoungGen      total 290816K, used 263359K [0x00000000eab00000, 0x0000000100000000, 0x0000000100000000)
  eden space 230912K, 100% used [0x00000000eab00000,0x00000000f8c80000,0x00000000f8c80000)
  from space 59904K, 54% used [0x00000000fc580000,0x00000000fe52ffe0,0x0000000100000000)
  to   space 58368K, 0% used [0x00000000f8c80000,0x00000000f8c80000,0x00000000fc580000)
 ParOldGen       total 699392K, used 21777K [0x00000000c0000000, 0x00000000eab00000, 0x00000000eab00000)
  object space 699392K, 3% used [0x00000000c0000000,0x00000000c1544650,0x00000000eab00000)
 Metaspace       used 123314K, capacity 125222K, committed 126592K, reserved 1159168K
  class space    used 15276K, capacity 15703K, committed 16256K, reserved 1048576K
15928.082: [GC (Allocation Failure) [PSYoungGen: 263359K->48815K(280064K)] 285137K->70601K(979456K), 0.0442809 secs] [Times: user=0.09 sys=0.00, real=0.04 secs] 
Heap after GC invocations=42 (full 5):
 PSYoungGen      total 280064K, used 48815K [0x00000000eab00000, 0x0000000100000000, 0x0000000100000000)
  eden space 230912K, 0% used [0x00000000eab00000,0x00000000eab00000,0x00000000f8c80000)
  from space 49152K, 99% used [0x00000000f8c80000,0x00000000fbc2be58,0x00000000fbc80000)
  to   space 62976K, 0% used [0x00000000fc280000,0x00000000fc280000,0x0000000100000000)
 ParOldGen       total 699392K, used 21785K [0x00000000c0000000, 0x00000000eab00000, 0x00000000eab00000)
  object space 699392K, 3% used [0x00000000c0000000,0x00000000c1546650,0x00000000eab00000)
 Metaspace       used 123314K, capacity 125222K, committed 126592K, reserved 1159168K
  class space    used 15276K, capacity 15703K, committed 16256K, reserved 1048576K
}
{Heap before GC invocations=43 (full 5):
 PSYoungGen      total 280064K, used 180780K [0x00000000eab00000, 0x0000000100000000, 0x0000000100000000)
  eden space 230912K, 57% used [0x00000000eab00000,0x00000000f2bdf2a0,0x00000000f8c80000)
  from space 49152K, 99% used [0x00000000f8c80000,0x00000000fbc2be58,0x00000000fbc80000)
  to   space 62976K, 0% used [0x00000000fc280000,0x00000000fc280000,0x0000000100000000)
 ParOldGen       total 699392K, used 21785K [0x00000000c0000000, 0x00000000eab00000, 0x00000000eab00000)
  object space 699392K, 3% used [0x00000000c0000000,0x00000000c1546650,0x00000000eab00000)
 Metaspace       used 128434K, capacity 130290K, committed 131072K, reserved 1163264K
  class space    used 15979K, capacity 16409K, committed 16512K, reserved 1048576K
15928.988: [GC (Metadata GC Threshold) [PSYoungGen: 180780K->29648K(289280K)] 202565K->51434K(988672K), 0.0299587 secs] [Times: user=0.09 sys=0.00, real=0.03 secs] 
Heap after GC invocations=43 (full 5):
 PSYoungGen      total 289280K, used 29648K [0x00000000eab00000, 0x0000000100000000, 0x0000000100000000)
  eden space 226304K, 0% used [0x00000000eab00000,0x00000000eab00000,0x00000000f8800000)
  from space 62976K, 47% used [0x00000000fc280000,0x00000000fdf74218,0x0000000100000000)
  to   space 59904K, 0% used [0x00000000f8800000,0x00000000f8800000,0x00000000fc280000)
 ParOldGen       total 699392K, used 21785K [0x00000000c0000000, 0x00000000eab00000, 0x00000000eab00000)
  object space 699392K, 3% used [0x00000000c0000000,0x00000000c1546650,0x00000000eab00000)
 Metaspace       used 128434K, capacity 130290K, committed 131072K, reserved 1163264K
  class space    used 15979K, capacity 16409K, committed 16512K, reserved 1048576K
}
{Heap before GC invocations=44 (full 6):
 PSYoungGen      total 289280K, used 29648K [0x00000000eab00000, 0x0000000100000000, 0x0000000100000000)
  eden space 226304K, 0% used [0x00000000eab00000,0x00000000eab00000,0x00000000f8800000)
  from space 62976K, 47% used [0x00000000fc280000,0x00000000fdf74218,0x0000000100000000)
  to   space 59904K, 0% used [0x00000000f8800000,0x00000000f8800000,0x00000000fc280000)
 ParOldGen       total 699392K, used 21785K [0x00000000c0000000, 0x00000000eab00000, 0x00000000eab00000)
  object space 699392K, 3% used [0x00000000c0000000,0x00000000c1546650,0x00000000eab00000)
 Metaspace       used 128434K, capacity 130290K, committed 131072K, reserved 1163264K
  class space    used 15979K, capacity 16409K, committed 16512K, reserved 1048576K
15929.018: [Full GC (Metadata GC Threshold) [PSYoungGen: 29648K->0K(289280K)] [ParOldGen: 21785K->32555K(699392K)] 51434K->32555K(988672K), [Metaspace: 128434K->75215K(1155072K)], 0.1493938 secs] [Times: user=0.28 sys=0.00, real=0.15 secs] 
Heap after GC invocations=44 (full 6):
 PSYoungGen      total 289280K, used 0K [0x00000000eab00000, 0x0000000100000000, 0x0000000100000000)
  eden space 226304K, 0% used [0x00000000eab00000,0x00000000eab00000,0x00000000f8800000)
  from space 62976K, 0% used [0x00000000fc280000,0x00000000fc280000,0x0000000100000000)
  to   space 59904K, 0% used [0x00000000f8800000,0x00000000f8800000,0x00000000fc280000)
 ParOldGen       total 699392K, used 32555K [0x00000000c0000000, 0x00000000eab00000, 0x00000000eab00000)
  object space 699392K, 4% used [0x00000000c0000000,0x00000000c1fcae68,0x00000000eab00000)
 Metaspace       used 75215K, capacity 75900K, committed 122880K, reserved 1155072K
  class space    used 8749K, capacity 9010K, committed 16512K, reserved 1048576K
}
{Heap before GC invocations=45 (full 6):
 PSYoungGen      total 289280K, used 226304K [0x00000000eab00000, 0x0000000100000000, 0x0000000100000000)
  eden space 226304K, 100% used [0x00000000eab00000,0x00000000f8800000,0x00000000f8800000)
  from space 62976K, 0% used [0x00000000fc280000,0x00000000fc280000,0x0000000100000000)
  to   space 59904K, 0% used [0x00000000f8800000,0x00000000f8800000,0x00000000fc280000)
 ParOldGen       total 699392K, used 32555K [0x00000000c0000000, 0x00000000eab00000, 0x00000000eab00000)
  object space 699392K, 4% used [0x00000000c0000000,0x00000000c1fcae68,0x00000000eab00000)
 Metaspace       used 77194K, capacity 78032K, committed 122880K, reserved 1155072K
  class space    used 9009K, capacity 9282K, committed 16512K, reserved 1048576K
16014.912: [GC (Allocation Failure) [PSYoungGen: 226304K->17882K(286208K)] 258859K->50446K(985600K), 0.0106266 secs] [Times: user=0.02 sys=0.00, real=0.02 secs] 
Heap after GC invocations=45 (full 6):
 PSYoungGen      total 286208K, used 17882K [0x00000000eab00000, 0x0000000100000000, 0x0000000100000000)
  eden space 226304K, 0% used [0x00000000eab00000,0x00000000eab00000,0x00000000f8800000)
  from space 59904K, 29% used [0x00000000f8800000,0x00000000f9976ab0,0x00000000fc280000)
  to   space 59392K, 0% used [0x00000000fc600000,0x00000000fc600000,0x0000000100000000)
 ParOldGen       total 699392K, used 32563K [0x00000000c0000000, 0x00000000eab00000, 0x00000000eab00000)
  object space 699392K, 4% used [0x00000000c0000000,0x00000000c1fcce68,0x00000000eab00000)
 Metaspace       used 77194K, capacity 78032K, committed 122880K, reserved 1155072K
  class space    used 9009K, capacity 9282K, committed 16512K, reserved 1048576K
}
{Heap before GC invocations=46 (full 6):
 PSYoungGen      total 286208K, used 244186K [0x00000000eab00000, 0x0000000100000000, 0x0000000100000000)
  eden space 226304K, 100% used [0x00000000eab00000,0x00000000f8800000,0x00000000f8800000)
  from space 59904K, 29% used [0x00000000f8800000,0x00000000f9976ab0,0x00000000fc280000)
  to   space 59392K, 0% used [0x00000000fc600000,0x00000000fc600000,0x0000000100000000)
 ParOldGen       total 699392K, used 32563K [0x00000000c0000000, 0x00000000eab00000, 0x00000000eab00000)
  object space 699392K, 4% used [0x00000000c0000000,0x00000000c1fcce68,0x00000000eab00000)
 Metaspace       used 81926K, capacity 82820K, committed 122880K, reserved 1155072K
  class space    used 9657K, capacity 9961K, committed 16512K, reserved 1048576K
16015.815: [GC (Allocation Failure) [PSYoungGen: 244186K->27181K(292352K)] 276750K->59753K(991744K), 0.0209906 secs] [Times: user=0.04 sys=0.00, real=0.02 secs] 
Heap after GC invocations=46 (full 6):
 PSYoungGen      total 292352K, used 27181K [0x00000000eab00000, 0x0000000100000000, 0x0000000100000000)
  eden space 232960K, 0% used [0x00000000eab00000,0x00000000eab00000,0x00000000f8e80000)
  from space 59392K, 45% used [0x00000000fc600000,0x00000000fe08b7d8,0x0000000100000000)
  to   space 56832K, 0% used [0x00000000f8e80000,0x00000000f8e80000,0x00000000fc600000)
 ParOldGen       total 699392K, used 32571K [0x00000000c0000000, 0x00000000eab00000, 0x00000000eab00000)
  object space 699392K, 4% used [0x00000000c0000000,0x00000000c1fcee68,0x00000000eab00000)
 Metaspace       used 81926K, capacity 82820K, committed 122880K, reserved 1155072K
  class space    used 9657K, capacity 9961K, committed 16512K, reserved 1048576K
}
{Heap before GC invocations=47 (full 6):
 PSYoungGen      total 292352K, used 260141K [0x00000000eab00000, 0x0000000100000000, 0x0000000100000000)
  eden space 232960K, 100% used [0x00000000eab00000,0x00000000f8e80000,0x00000000f8e80000)
  from space 59392K, 45% used [0x00000000fc600000,0x00000000fe08b7d8,0x0000000100000000)
  to   space 56832K, 0% used [0x00000000f8e80000,0x00000000f8e80000,0x00000000fc600000)
 ParOldGen       total 699392K, used 32571K [0x00000000c0000000, 0x00000000eab00000, 0x00000000eab00000)
  object space 699392K, 4% used [0x00000000c0000000,0x00000000c1fcee68,0x00000000eab00000)
 Metaspace       used 87751K, capacity 88760K, committed 122880K, reserved 1155072K
  class space    used 10454K, capacity 10750K, committed 16512K, reserved 1048576K
16091.692: [GC (Allocation Failure) [PSYoungGen: 260141K->12366K(289792K)] 292713K->44946K(989184K), 0.0182061 secs] [Times: user=0.05 sys=0.00, real=0.02 secs] 
Heap after GC invocations=47 (full 6):
 PSYoungGen      total 289792K, used 12366K [0x00000000eab00000, 0x0000000100000000, 0x0000000100000000)
  eden space 232960K, 0% used [0x00000000eab00000,0x00000000eab00000,0x00000000f8e80000)
  from space 56832K, 21% used [0x00000000f8e80000,0x00000000f9a939d8,0x00000000fc600000)
  to   space 56832K, 0% used [0x00000000fc880000,0x00000000fc880000,0x0000000100000000)
 ParOldGen       total 699392K, used 32579K [0x00000000c0000000, 0x00000000eab00000, 0x00000000eab00000)
  object space 699392K, 4% used [0x00000000c0000000,0x00000000c1fd0e68,0x00000000eab00000)
 Metaspace       used 87751K, capacity 88760K, committed 122880K, reserved 1155072K
  class space    used 10454K, capacity 10750K, committed 16512K, reserved 1048576K
}
{Heap before GC invocations=48 (full 6):
 PSYoungGen      total 289792K, used 245326K [0x00000000eab00000, 0x0000000100000000, 0x0000000100000000)
  eden space 232960K, 100% used [0x00000000eab00000,0x00000000f8e80000,0x00000000f8e80000)
  from space 56832K, 21% used [0x00000000f8e80000,0x00000000f9a939d8,0x00000000fc600000)
  to   space 56832K, 0% used [0x00000000fc880000,0x00000000fc880000,0x0000000100000000)
 ParOldGen       total 699392K, used 32579K [0x00000000c0000000, 0x00000000eab00000, 0x00000000eab00000)
  object space 699392K, 4% used [0x00000000c0000000,0x00000000c1fd0e68,0x00000000eab00000)
 Metaspace       used 88612K, capacity 89680K, committed 122880K, reserved 1155072K
  class space    used 10573K, capacity 10886K, committed 16512K, reserved 1048576K
16092.403: [GC (Allocation Failure) [PSYoungGen: 245326K->36651K(291328K)] 277906K->69239K(990720K), 0.0547994 secs] [Times: user=0.10 sys=0.00, real=0.05 secs] 
Heap after GC invocations=48 (full 6):
 PSYoungGen      total 291328K, used 36651K [0x00000000eab00000, 0x0000000100000000, 0x0000000100000000)
  eden space 234496K, 0% used [0x00000000eab00000,0x00000000eab00000,0x00000000f9000000)
  from space 56832K, 64% used [0x00000000fc880000,0x00000000fec4ae88,0x0000000100000000)
  to   space 57344K, 0% used [0x00000000f9000000,0x00000000f9000000,0x00000000fc800000)
 ParOldGen       total 699392K, used 32587K [0x00000000c0000000, 0x00000000eab00000, 0x00000000eab00000)
  object space 699392K, 4% used [0x00000000c0000000,0x00000000c1fd2e68,0x00000000eab00000)
 Metaspace       used 88612K, capacity 89680K, committed 122880K, reserved 1155072K
  class space    used 10573K, capacity 10886K, committed 16512K, reserved 1048576K
}
{Heap before GC invocations=49 (full 6):
 PSYoungGen      total 291328K, used 271147K [0x00000000eab00000, 0x0000000100000000, 0x0000000100000000)
  eden space 234496K, 100% used [0x00000000eab00000,0x00000000f9000000,0x00000000f9000000)
  from space 56832K, 64% used [0x00000000fc880000,0x00000000fec4ae88,0x0000000100000000)
  to   space 57344K, 0% used [0x00000000f9000000,0x00000000f9000000,0x00000000fc800000)
 ParOldGen       total 699392K, used 32587K [0x00000000c0000000, 0x00000000eab00000, 0x00000000eab00000)
  object space 699392K, 4% used [0x00000000c0000000,0x00000000c1fd2e68,0x00000000eab00000)
 Metaspace       used 97946K, capacity 99008K, committed 122880K, reserved 1155072K
  class space    used 11861K, capacity 12174K, committed 16512K, reserved 1048576K
16098.833: [GC (Allocation Failure) [PSYoungGen: 271147K->20855K(291840K)] 303735K->53451K(991232K), 0.0362625 secs] [Times: user=0.09 sys=0.00, real=0.03 secs] 
Heap after GC invocations=49 (full 6):
 PSYoungGen      total 291840K, used 20855K [0x00000000eab00000, 0x0000000100000000, 0x0000000100000000)
  eden space 234496K, 0% used [0x00000000eab00000,0x00000000eab00000,0x00000000f9000000)
  from space 57344K, 36% used [0x00000000f9000000,0x00000000fa45ddd0,0x00000000fc800000)
  to   space 55808K, 0% used [0x00000000fc980000,0x00000000fc980000,0x0000000100000000)
 ParOldGen       total 699392K, used 32595K [0x00000000c0000000, 0x00000000eab00000, 0x00000000eab00000)
  object space 699392K, 4% used [0x00000000c0000000,0x00000000c1fd4e68,0x00000000eab00000)
 Metaspace       used 97946K, capacity 99008K, committed 122880K, reserved 1155072K
  class space    used 11861K, capacity 12174K, committed 16512K, reserved 1048576K
}
{Heap before GC invocations=50 (full 6):
 PSYoungGen      total 291840K, used 255351K [0x00000000eab00000, 0x0000000100000000, 0x0000000100000000)
  eden space 234496K, 100% used [0x00000000eab00000,0x00000000f9000000,0x00000000f9000000)
  from space 57344K, 36% used [0x00000000f9000000,0x00000000fa45ddd0,0x00000000fc800000)
  to   space 55808K, 0% used [0x00000000fc980000,0x00000000fc980000,0x0000000100000000)
 ParOldGen       total 699392K, used 32595K [0x00000000c0000000, 0x00000000eab00000, 0x00000000eab00000)
  object space 699392K, 4% used [0x00000000c0000000,0x00000000c1fd4e68,0x00000000eab00000)
 Metaspace       used 99054K, capacity 100248K, committed 122880K, reserved 1155072K
  class space    used 12014K, capacity 12346K, committed 16512K, reserved 1048576K
16481.235: [GC (Allocation Failure) [PSYoungGen: 255351K->32865K(294400K)] 287947K->65468K(993792K), 0.0245224 secs] [Times: user=0.05 sys=0.00, real=0.02 secs] 
Heap after GC invocations=50 (full 6):
 PSYoungGen      total 294400K, used 32865K [0x00000000eab00000, 0x0000000100000000, 0x0000000100000000)
  eden space 238592K, 0% used [0x00000000eab00000,0x00000000eab00000,0x00000000f9400000)
  from space 55808K, 58% used [0x00000000fc980000,0x00000000fe998488,0x0000000100000000)
  to   space 54784K, 0% used [0x00000000f9400000,0x00000000f9400000,0x00000000fc980000)
 ParOldGen       total 699392K, used 32603K [0x00000000c0000000, 0x00000000eab00000, 0x00000000eab00000)
  object space 699392K, 4% used [0x00000000c0000000,0x00000000c1fd6e68,0x00000000eab00000)
 Metaspace       used 99054K, capacity 100248K, committed 122880K, reserved 1155072K
  class space    used 12014K, capacity 12346K, committed 16512K, reserved 1048576K
}
{Heap before GC invocations=51 (full 6):
 PSYoungGen      total 294400K, used 271457K [0x00000000eab00000, 0x0000000100000000, 0x0000000100000000)
  eden space 238592K, 100% used [0x00000000eab00000,0x00000000f9400000,0x00000000f9400000)
  from space 55808K, 58% used [0x00000000fc980000,0x00000000fe998488,0x0000000100000000)
  to   space 54784K, 0% used [0x00000000f9400000,0x00000000f9400000,0x00000000fc980000)
 ParOldGen       total 699392K, used 32603K [0x00000000c0000000, 0x00000000eab00000, 0x00000000eab00000)
  object space 699392K, 4% used [0x00000000c0000000,0x00000000c1fd6e68,0x00000000eab00000)
 Metaspace       used 106570K, capacity 107868K, committed 122880K, reserved 1155072K
  class space    used 13053K, capacity 13411K, committed 16512K, reserved 1048576K
16482.441: [GC (Allocation Failure) [PSYoungGen: 271457K->31623K(293376K)] 304060K->64235K(992768K), 0.0260144 secs] [Times: user=0.06 sys=0.00, real=0.03 secs] 
Heap after GC invocations=51 (full 6):
 PSYoungGen      total 293376K, used 31623K [0x00000000eab00000, 0x0000000100000000, 0x0000000100000000)
  eden space 238592K, 0% used [0x00000000eab00000,0x00000000eab00000,0x00000000f9400000)
  from space 54784K, 57% used [0x00000000f9400000,0x00000000fb2e1f48,0x00000000fc980000)
  to   space 53248K, 0% used [0x00000000fcc00000,0x00000000fcc00000,0x0000000100000000)
 ParOldGen       total 699392K, used 32611K [0x00000000c0000000, 0x00000000eab00000, 0x00000000eab00000)
  object space 699392K, 4% used [0x00000000c0000000,0x00000000c1fd8e68,0x00000000eab00000)
 Metaspace       used 106570K, capacity 107868K, committed 122880K, reserved 1155072K
  class space    used 13053K, capacity 13411K, committed 16512K, reserved 1048576K
}
{Heap before GC invocations=52 (full 6):
 PSYoungGen      total 293376K, used 270215K [0x00000000eab00000, 0x0000000100000000, 0x0000000100000000)
  eden space 238592K, 100% used [0x00000000eab00000,0x00000000f9400000,0x00000000f9400000)
  from space 54784K, 57% used [0x00000000f9400000,0x00000000fb2e1f48,0x00000000fc980000)
  to   space 53248K, 0% used [0x00000000fcc00000,0x00000000fcc00000,0x0000000100000000)
 ParOldGen       total 699392K, used 32611K [0x00000000c0000000, 0x00000000eab00000, 0x00000000eab00000)
  object space 699392K, 4% used [0x00000000c0000000,0x00000000c1fd8e68,0x00000000eab00000)
 Metaspace       used 110403K, capacity 111858K, committed 122880K, reserved 1155072K
  class space    used 13576K, capacity 13940K, committed 16512K, reserved 1048576K
16761.721: [GC (Allocation Failure) [PSYoungGen: 270215K->25671K(297472K)] 302827K->58290K(996864K), 0.0467670 secs] [Times: user=0.09 sys=0.00, real=0.04 secs] 
Heap after GC invocations=52 (full 6):
 PSYoungGen      total 297472K, used 25671K [0x00000000eab00000, 0x0000000100000000, 0x0000000100000000)
  eden space 244224K, 0% used [0x00000000eab00000,0x00000000eab00000,0x00000000f9980000)
  from space 53248K, 48% used [0x00000000fcc00000,0x00000000fe511ce0,0x0000000100000000)
  to   space 51712K, 0% used [0x00000000f9980000,0x00000000f9980000,0x00000000fcc00000)
 ParOldGen       total 699392K, used 32619K [0x00000000c0000000, 0x00000000eab00000, 0x00000000eab00000)
  object space 699392K, 4% used [0x00000000c0000000,0x00000000c1fdae68,0x00000000eab00000)
 Metaspace       used 110403K, capacity 111858K, committed 122880K, reserved 1155072K
  class space    used 13576K, capacity 13940K, committed 16512K, reserved 1048576K
}
{Heap before GC invocations=53 (full 6):
 PSYoungGen      total 297472K, used 269895K [0x00000000eab00000, 0x0000000100000000, 0x0000000100000000)
  eden space 244224K, 100% used [0x00000000eab00000,0x00000000f9980000,0x00000000f9980000)
  from space 53248K, 48% used [0x00000000fcc00000,0x00000000fe511ce0,0x0000000100000000)
  to   space 51712K, 0% used [0x00000000f9980000,0x00000000f9980000,0x00000000fcc00000)
 ParOldGen       total 699392K, used 32619K [0x00000000c0000000, 0x00000000eab00000, 0x00000000eab00000)
  object space 699392K, 4% used [0x00000000c0000000,0x00000000c1fdae68,0x00000000eab00000)
 Metaspace       used 114827K, capacity 116330K, committed 122880K, reserved 1155072K
  class space    used 14182K, capacity 14555K, committed 16512K, reserved 1048576K
16763.439: [GC (Allocation Failure) [PSYoungGen: 269895K->43421K(287744K)] 302514K->76049K(987136K), 0.0882696 secs] [Times: user=0.13 sys=0.00, real=0.09 secs] 
Heap after GC invocations=53 (full 6):
 PSYoungGen      total 287744K, used 43421K [0x00000000eab00000, 0x0000000100000000, 0x0000000100000000)
  eden space 244224K, 0% used [0x00000000eab00000,0x00000000eab00000,0x00000000f9980000)
  from space 43520K, 99% used [0x00000000f9980000,0x00000000fc3e7670,0x00000000fc400000)
  to   space 54784K, 0% used [0x00000000fca80000,0x00000000fca80000,0x0000000100000000)
 ParOldGen       total 699392K, used 32627K [0x00000000c0000000, 0x00000000eab00000, 0x00000000eab00000)
  object space 699392K, 4% used [0x00000000c0000000,0x00000000c1fdce68,0x00000000eab00000)
 Metaspace       used 114827K, capacity 116330K, committed 122880K, reserved 1155072K
  class space    used 14182K, capacity 14555K, committed 16512K, reserved 1048576K
}
{Heap before GC invocations=54 (full 6):
 PSYoungGen      total 287744K, used 287645K [0x00000000eab00000, 0x0000000100000000, 0x0000000100000000)
  eden space 244224K, 100% used [0x00000000eab00000,0x00000000f9980000,0x00000000f9980000)
  from space 43520K, 99% used [0x00000000f9980000,0x00000000fc3e7670,0x00000000fc400000)
  to   space 54784K, 0% used [0x00000000fca80000,0x00000000fca80000,0x0000000100000000)
 ParOldGen       total 699392K, used 32627K [0x00000000c0000000, 0x00000000eab00000, 0x00000000eab00000)
  object space 699392K, 4% used [0x00000000c0000000,0x00000000c1fdce68,0x00000000eab00000)
 Metaspace       used 121614K, capacity 123164K, committed 125056K, reserved 1157120K
  class space    used 15131K, capacity 15524K, committed 16512K, reserved 1048576K
16770.051: [GC (Allocation Failure) [PSYoungGen: 287645K->27456K(296448K)] 320273K->60091K(995840K), 0.0445821 secs] [Times: user=0.13 sys=0.00, real=0.05 secs] 
Heap after GC invocations=54 (full 6):
 PSYoungGen      total 296448K, used 27456K [0x00000000eab00000, 0x0000000100000000, 0x0000000100000000)
  eden space 241664K, 0% used [0x00000000eab00000,0x00000000eab00000,0x00000000f9700000)
  from space 54784K, 50% used [0x00000000fca80000,0x00000000fe550018,0x0000000100000000)
  to   space 52736K, 0% used [0x00000000f9700000,0x00000000f9700000,0x00000000fca80000)
 ParOldGen       total 699392K, used 32635K [0x00000000c0000000, 0x00000000eab00000, 0x00000000eab00000)
  object space 699392K, 4% used [0x00000000c0000000,0x00000000c1fdee68,0x00000000eab00000)
 Metaspace       used 121614K, capacity 123164K, committed 125056K, reserved 1157120K
  class space    used 15131K, capacity 15524K, committed 16512K, reserved 1048576K
}
{Heap before GC invocations=55 (full 6):
 PSYoungGen      total 296448K, used 269120K [0x00000000eab00000, 0x0000000100000000, 0x0000000100000000)
  eden space 241664K, 100% used [0x00000000eab00000,0x00000000f9700000,0x00000000f9700000)
  from space 54784K, 50% used [0x00000000fca80000,0x00000000fe550018,0x0000000100000000)
  to   space 52736K, 0% used [0x00000000f9700000,0x00000000f9700000,0x00000000fca80000)
 ParOldGen       total 699392K, used 32635K [0x00000000c0000000, 0x00000000eab00000, 0x00000000eab00000)
  object space 699392K, 4% used [0x00000000c0000000,0x00000000c1fdee68,0x00000000eab00000)
 Metaspace       used 121742K, capacity 123378K, committed 125312K, reserved 1159168K
  class space    used 15142K, capacity 15540K, committed 16512K, reserved 1048576K
17254.336: [GC (Allocation Failure) [PSYoungGen: 269120K->49026K(290816K)] 301755K->81670K(990208K), 0.0294596 secs] [Times: user=0.07 sys=0.00, real=0.03 secs] 
Heap after GC invocations=55 (full 6):
 PSYoungGen      total 290816K, used 49026K [0x00000000eab00000, 0x0000000100000000, 0x0000000100000000)
  eden space 241664K, 0% used [0x00000000eab00000,0x00000000eab00000,0x00000000f9700000)
  from space 49152K, 99% used [0x00000000f9700000,0x00000000fc6e0a48,0x00000000fc700000)
  to   space 57856K, 0% used [0x00000000fc780000,0x00000000fc780000,0x0000000100000000)
 ParOldGen       total 699392K, used 32643K [0x00000000c0000000, 0x00000000eab00000, 0x00000000eab00000)
  object space 699392K, 4% used [0x00000000c0000000,0x00000000c1fe0e68,0x00000000eab00000)
 Metaspace       used 121742K, capacity 123378K, committed 125312K, reserved 1159168K
  class space    used 15142K, capacity 15540K, committed 16512K, reserved 1048576K
}
{Heap before GC invocations=56 (full 6):
 PSYoungGen      total 290816K, used 205085K [0x00000000eab00000, 0x0000000100000000, 0x0000000100000000)
  eden space 241664K, 64% used [0x00000000eab00000,0x00000000f4366c80,0x00000000f9700000)
  from space 49152K, 99% used [0x00000000f9700000,0x00000000fc6e0a48,0x00000000fc700000)
  to   space 57856K, 0% used [0x00000000fc780000,0x00000000fc780000,0x0000000100000000)
 ParOldGen       total 699392K, used 32643K [0x00000000c0000000, 0x00000000eab00000, 0x00000000eab00000)
  object space 699392K, 4% used [0x00000000c0000000,0x00000000c1fe0e68,0x00000000eab00000)
 Metaspace       used 128446K, capacity 130082K, committed 131072K, reserved 1163264K
  class space    used 16068K, capacity 16474K, committed 16640K, reserved 1048576K
17255.341: [GC (Metadata GC Threshold) [PSYoungGen: 205085K->27939K(293376K)] 237729K->60590K(992768K), 0.0253268 secs] [Times: user=0.07 sys=0.00, real=0.02 secs] 
Heap after GC invocations=56 (full 6):
 PSYoungGen      total 293376K, used 27939K [0x00000000eab00000, 0x0000000100000000, 0x0000000100000000)
  eden space 235520K, 0% used [0x00000000eab00000,0x00000000eab00000,0x00000000f9100000)
  from space 57856K, 48% used [0x00000000fc780000,0x00000000fe2c8c40,0x0000000100000000)
  to   space 55808K, 0% used [0x00000000f9100000,0x00000000f9100000,0x00000000fc780000)
 ParOldGen       total 699392K, used 32651K [0x00000000c0000000, 0x00000000eab00000, 0x00000000eab00000)
  object space 699392K, 4% used [0x00000000c0000000,0x00000000c1fe2e68,0x00000000eab00000)
 Metaspace       used 128446K, capacity 130082K, committed 131072K, reserved 1163264K
  class space    used 16068K, capacity 16474K, committed 16640K, reserved 1048576K
}
{Heap before GC invocations=57 (full 7):
 PSYoungGen      total 293376K, used 27939K [0x00000000eab00000, 0x0000000100000000, 0x0000000100000000)
  eden space 235520K, 0% used [0x00000000eab00000,0x00000000eab00000,0x00000000f9100000)
  from space 57856K, 48% used [0x00000000fc780000,0x00000000fe2c8c40,0x0000000100000000)
  to   space 55808K, 0% used [0x00000000f9100000,0x00000000f9100000,0x00000000fc780000)
 ParOldGen       total 699392K, used 32651K [0x00000000c0000000, 0x00000000eab00000, 0x00000000eab00000)
  object space 699392K, 4% used [0x00000000c0000000,0x00000000c1fe2e68,0x00000000eab00000)
 Metaspace       used 128446K, capacity 130082K, committed 131072K, reserved 1163264K
  class space    used 16068K, capacity 16474K, committed 16640K, reserved 1048576K
17255.367: [Full GC (Metadata GC Threshold) [PSYoungGen: 27939K->0K(293376K)] [ParOldGen: 32651K->35389K(699392K)] 60590K->35389K(992768K), [Metaspace: 128446K->74698K(1161216K)], 0.1689428 secs] [Times: user=0.31 sys=0.00, real=0.17 secs] 
Heap after GC invocations=57 (full 7):
 PSYoungGen      total 293376K, used 0K [0x00000000eab00000, 0x0000000100000000, 0x0000000100000000)
  eden space 235520K, 0% used [0x00000000eab00000,0x00000000eab00000,0x00000000f9100000)
  from space 57856K, 0% used [0x00000000fc780000,0x00000000fc780000,0x0000000100000000)
  to   space 55808K, 0% used [0x00000000f9100000,0x00000000f9100000,0x00000000fc780000)
 ParOldGen       total 699392K, used 35389K [0x00000000c0000000, 0x00000000eab00000, 0x00000000eab00000)
  object space 699392K, 5% used [0x00000000c0000000,0x00000000c228f530,0x00000000eab00000)
 Metaspace       used 74698K, capacity 75396K, committed 129024K, reserved 1161216K
  class space    used 8752K, capacity 9022K, committed 16640K, reserved 1048576K
}
{Heap before GC invocations=58 (full 7):
 PSYoungGen      total 293376K, used 235520K [0x00000000eab00000, 0x0000000100000000, 0x0000000100000000)
  eden space 235520K, 100% used [0x00000000eab00000,0x00000000f9100000,0x00000000f9100000)
  from space 57856K, 0% used [0x00000000fc780000,0x00000000fc780000,0x0000000100000000)
  to   space 55808K, 0% used [0x00000000f9100000,0x00000000f9100000,0x00000000fc780000)
 ParOldGen       total 699392K, used 35389K [0x00000000c0000000, 0x00000000eab00000, 0x00000000eab00000)
  object space 699392K, 5% used [0x00000000c0000000,0x00000000c228f530,0x00000000eab00000)
 Metaspace       used 79213K, capacity 80084K, committed 129024K, reserved 1161216K
  class space    used 9384K, capacity 9678K, committed 16640K, reserved 1048576K
17536.929: [GC (Allocation Failure) [PSYoungGen: 235520K->13433K(291328K)] 270909K->48830K(990720K), 0.0143369 secs] [Times: user=0.02 sys=0.00, real=0.02 secs] 
Heap after GC invocations=58 (full 7):
 PSYoungGen      total 291328K, used 13433K [0x00000000eab00000, 0x0000000100000000, 0x0000000100000000)
  eden space 235520K, 0% used [0x00000000eab00000,0x00000000eab00000,0x00000000f9100000)
  from space 55808K, 24% used [0x00000000f9100000,0x00000000f9e1e670,0x00000000fc780000)
  to   space 56320K, 0% used [0x00000000fc900000,0x00000000fc900000,0x0000000100000000)
 ParOldGen       total 699392K, used 35397K [0x00000000c0000000, 0x00000000eab00000, 0x00000000eab00000)
  object space 699392K, 5% used [0x00000000c0000000,0x00000000c2291530,0x00000000eab00000)
 Metaspace       used 79213K, capacity 80084K, committed 129024K, reserved 1161216K
  class space    used 9384K, capacity 9678K, committed 16640K, reserved 1048576K
}
{Heap before GC invocations=59 (full 7):
 PSYoungGen      total 291328K, used 248953K [0x00000000eab00000, 0x0000000100000000, 0x0000000100000000)
  eden space 235520K, 100% used [0x00000000eab00000,0x00000000f9100000,0x00000000f9100000)
  from space 55808K, 24% used [0x00000000f9100000,0x00000000f9e1e670,0x00000000fc780000)
  to   space 56320K, 0% used [0x00000000fc900000,0x00000000fc900000,0x0000000100000000)
 ParOldGen       total 699392K, used 35397K [0x00000000c0000000, 0x00000000eab00000, 0x00000000eab00000)
  object space 699392K, 5% used [0x00000000c0000000,0x00000000c2291530,0x00000000eab00000)
 Metaspace       used 81616K, capacity 82514K, committed 129024K, reserved 1161216K
  class space    used 9726K, capacity 10038K, committed 16640K, reserved 1048576K
17537.594: [GC (Allocation Failure) [PSYoungGen: 248953K->32580K(294400K)] 284350K->67986K(993792K), 0.0392052 secs] [Times: user=0.05 sys=0.01, real=0.04 secs] 
Heap after GC invocations=59 (full 7):
 PSYoungGen      total 294400K, used 32580K [0x00000000eab00000, 0x0000000100000000, 0x0000000100000000)
  eden space 238080K, 0% used [0x00000000eab00000,0x00000000eab00000,0x00000000f9380000)
  from space 56320K, 57% used [0x00000000fc900000,0x00000000fe8d1380,0x0000000100000000)
  to   space 54784K, 0% used [0x00000000f9380000,0x00000000f9380000,0x00000000fc900000)
 ParOldGen       total 699392K, used 35405K [0x00000000c0000000, 0x00000000eab00000, 0x00000000eab00000)
  object space 699392K, 5% used [0x00000000c0000000,0x00000000c2293530,0x00000000eab00000)
 Metaspace       used 81616K, capacity 82514K, committed 129024K, reserved 1161216K
  class space    used 9726K, capacity 10038K, committed 16640K, reserved 1048576K
}
{Heap before GC invocations=60 (full 7):
 PSYoungGen      total 294400K, used 270660K [0x00000000eab00000, 0x0000000100000000, 0x0000000100000000)
  eden space 238080K, 100% used [0x00000000eab00000,0x00000000f9380000,0x00000000f9380000)
  from space 56320K, 57% used [0x00000000fc900000,0x00000000fe8d1380,0x0000000100000000)
  to   space 54784K, 0% used [0x00000000f9380000,0x00000000f9380000,0x00000000fc900000)
 ParOldGen       total 699392K, used 35405K [0x00000000c0000000, 0x00000000eab00000, 0x00000000eab00000)
  object space 699392K, 5% used [0x00000000c0000000,0x00000000c2293530,0x00000000eab00000)
 Metaspace       used 90253K, capacity 91158K, committed 129024K, reserved 1161216K
  class space    used 10924K, capacity 11228K, committed 16640K, reserved 1048576K
17542.293: [GC (Allocation Failure) [PSYoungGen: 270660K->18378K(292864K)] 306066K->53791K(992256K), 0.0415805 secs] [Times: user=0.08 sys=0.00, real=0.04 secs] 
Heap after GC invocations=60 (full 7):
 PSYoungGen      total 292864K, used 18378K [0x00000000eab00000, 0x0000000100000000, 0x0000000100000000)
  eden space 238080K, 0% used [0x00000000eab00000,0x00000000eab00000,0x00000000f9380000)
  from space 54784K, 33% used [0x00000000f9380000,0x00000000fa572ac0,0x00000000fc900000)
  to   space 54272K, 0% used [0x00000000fcb00000,0x00000000fcb00000,0x0000000100000000)
 ParOldGen       total 699392K, used 35413K [0x00000000c0000000, 0x00000000eab00000, 0x00000000eab00000)
  object space 699392K, 5% used [0x00000000c0000000,0x00000000c2295530,0x00000000eab00000)
 Metaspace       used 90253K, capacity 91158K, committed 129024K, reserved 1161216K
  class space    used 10924K, capacity 11228K, committed 16640K, reserved 1048576K
}
{Heap before GC invocations=61 (full 7):
 PSYoungGen      total 292864K, used 256455K [0x00000000eab00000, 0x0000000100000000, 0x0000000100000000)
  eden space 238080K, 99% used [0x00000000eab00000,0x00000000f937f4b0,0x00000000f9380000)
  from space 54784K, 33% used [0x00000000f9380000,0x00000000fa572ac0,0x00000000fc900000)
  to   space 54272K, 0% used [0x00000000fcb00000,0x00000000fcb00000,0x0000000100000000)
 ParOldGen       total 699392K, used 35413K [0x00000000c0000000, 0x00000000eab00000, 0x00000000eab00000)
  object space 699392K, 5% used [0x00000000c0000000,0x00000000c2295530,0x00000000eab00000)
 Metaspace       used 90477K, capacity 91516K, committed 129024K, reserved 1161216K
  class space    used 10948K, capacity 11274K, committed 16640K, reserved 1048576K
17609.883: [GC (Allocation Failure) [PSYoungGen: 256455K->34752K(295424K)] 291869K->70174K(994816K), 0.0305720 secs] [Times: user=0.03 sys=0.01, real=0.03 secs] 
Heap after GC invocations=61 (full 7):
 PSYoungGen      total 295424K, used 34752K [0x00000000eab00000, 0x0000000100000000, 0x0000000100000000)
  eden space 241152K, 0% used [0x00000000eab00000,0x00000000eab00000,0x00000000f9680000)
  from space 54272K, 64% used [0x00000000fcb00000,0x00000000fecf02f8,0x0000000100000000)
  to   space 53760K, 0% used [0x00000000f9680000,0x00000000f9680000,0x00000000fcb00000)
 ParOldGen       total 699392K, used 35421K [0x00000000c0000000, 0x00000000eab00000, 0x00000000eab00000)
  object space 699392K, 5% used [0x00000000c0000000,0x00000000c2297530,0x00000000eab00000)
 Metaspace       used 90477K, capacity 91516K, committed 129024K, reserved 1161216K
  class space    used 10948K, capacity 11274K, committed 16640K, reserved 1048576K
}
{Heap before GC invocations=62 (full 7):
 PSYoungGen      total 295424K, used 275904K [0x00000000eab00000, 0x0000000100000000, 0x0000000100000000)
  eden space 241152K, 100% used [0x00000000eab00000,0x00000000f9680000,0x00000000f9680000)
  from space 54272K, 64% used [0x00000000fcb00000,0x00000000fecf02f8,0x0000000100000000)
  to   space 53760K, 0% used [0x00000000f9680000,0x00000000f9680000,0x00000000fcb00000)
 ParOldGen       total 699392K, used 35421K [0x00000000c0000000, 0x00000000eab00000, 0x00000000eab00000)
  object space 699392K, 5% used [0x00000000c0000000,0x00000000c2297530,0x00000000eab00000)
 Metaspace       used 99156K, capacity 100306K, committed 129024K, reserved 1161216K
  class space    used 12145K, capacity 12497K, committed 16640K, reserved 1048576K
17611.198: [GC (Allocation Failure) [PSYoungGen: 275904K->25436K(294912K)] 311326K->60865K(994304K), 0.0233494 secs] [Times: user=0.06 sys=0.00, real=0.03 secs] 
Heap after GC invocations=62 (full 7):
 PSYoungGen      total 294912K, used 25436K [0x00000000eab00000, 0x0000000100000000, 0x0000000100000000)
  eden space 241152K, 0% used [0x00000000eab00000,0x00000000eab00000,0x00000000f9680000)
  from space 53760K, 47% used [0x00000000f9680000,0x00000000faf57190,0x00000000fcb00000)
  to   space 52224K, 0% used [0x00000000fcd00000,0x00000000fcd00000,0x0000000100000000)
 ParOldGen       total 699392K, used 35429K [0x00000000c0000000, 0x00000000eab00000, 0x00000000eab00000)
  object space 699392K, 5% used [0x00000000c0000000,0x00000000c2299530,0x00000000eab00000)
 Metaspace       used 99156K, capacity 100306K, committed 129024K, reserved 1161216K
  class space    used 12145K, capacity 12497K, committed 16640K, reserved 1048576K
}
{Heap before GC invocations=63 (full 7):
 PSYoungGen      total 294912K, used 266588K [0x00000000eab00000, 0x0000000100000000, 0x0000000100000000)
  eden space 241152K, 100% used [0x00000000eab00000,0x00000000f9680000,0x00000000f9680000)
  from space 53760K, 47% used [0x00000000f9680000,0x00000000faf57190,0x00000000fcb00000)
  to   space 52224K, 0% used [0x00000000fcd00000,0x00000000fcd00000,0x0000000100000000)
 ParOldGen       total 699392K, used 35429K [0x00000000c0000000, 0x00000000eab00000, 0x00000000eab00000)
  object space 699392K, 5% used [0x00000000c0000000,0x00000000c2299530,0x00000000eab00000)
 Metaspace       used 101729K, capacity 102972K, committed 129024K, reserved 1161216K
  class space    used 12507K, capacity 12864K, committed 16640K, reserved 1048576K
17652.491: [GC (Allocation Failure) [PSYoungGen: 266588K->28801K(299520K)] 302017K->64239K(998912K), 0.0365716 secs] [Times: user=0.08 sys=0.00, real=0.04 secs] 
Heap after GC invocations=63 (full 7):
 PSYoungGen      total 299520K, used 28801K [0x00000000eab00000, 0x0000000100000000, 0x0000000100000000)
  eden space 247296K, 0% used [0x00000000eab00000,0x00000000eab00000,0x00000000f9c80000)
  from space 52224K, 55% used [0x00000000fcd00000,0x00000000fe9206d0,0x0000000100000000)
  to   space 49664K, 0% used [0x00000000f9c80000,0x00000000f9c80000,0x00000000fcd00000)
 ParOldGen       total 699392K, used 35437K [0x00000000c0000000, 0x00000000eab00000, 0x00000000eab00000)
  object space 699392K, 5% used [0x00000000c0000000,0x00000000c229b530,0x00000000eab00000)
 Metaspace       used 101729K, capacity 102972K, committed 129024K, reserved 1161216K
  class space    used 12507K, capacity 12864K, committed 16640K, reserved 1048576K
}
{Heap before GC invocations=64 (full 7):
 PSYoungGen      total 299520K, used 276097K [0x00000000eab00000, 0x0000000100000000, 0x0000000100000000)
  eden space 247296K, 100% used [0x00000000eab00000,0x00000000f9c80000,0x00000000f9c80000)
  from space 52224K, 55% used [0x00000000fcd00000,0x00000000fe9206d0,0x0000000100000000)
  to   space 49664K, 0% used [0x00000000f9c80000,0x00000000f9c80000,0x00000000fcd00000)
 ParOldGen       total 699392K, used 35437K [0x00000000c0000000, 0x00000000eab00000, 0x00000000eab00000)
  object space 699392K, 5% used [0x00000000c0000000,0x00000000c229b530,0x00000000eab00000)
 Metaspace       used 107715K, capacity 109018K, committed 129024K, reserved 1161216K
  class space    used 13341K, capacity 13704K, committed 16640K, reserved 1048576K
17654.141: [GC (Allocation Failure) [PSYoungGen: 276097K->36179K(296960K)] 311535K->71625K(996352K), 0.0319405 secs] [Times: user=0.07 sys=0.00, real=0.03 secs] 
Heap after GC invocations=64 (full 7):
 PSYoungGen      total 296960K, used 36179K [0x00000000eab00000, 0x0000000100000000, 0x0000000100000000)
  eden space 247296K, 0% used [0x00000000eab00000,0x00000000eab00000,0x00000000f9c80000)
  from space 49664K, 72% used [0x00000000f9c80000,0x00000000fbfd4fa8,0x00000000fcd00000)
  to   space 50688K, 0% used [0x00000000fce80000,0x00000000fce80000,0x0000000100000000)
 ParOldGen       total 699392K, used 35445K [0x00000000c0000000, 0x00000000eab00000, 0x00000000eab00000)
  object space 699392K, 5% used [0x00000000c0000000,0x00000000c229d530,0x00000000eab00000)
 Metaspace       used 107715K, capacity 109018K, committed 129024K, reserved 1161216K
  class space    used 13341K, capacity 13704K, committed 16640K, reserved 1048576K
}
{Heap before GC invocations=65 (full 7):
 PSYoungGen      total 296960K, used 283475K [0x00000000eab00000, 0x0000000100000000, 0x0000000100000000)
  eden space 247296K, 100% used [0x00000000eab00000,0x00000000f9c80000,0x00000000f9c80000)
  from space 49664K, 72% used [0x00000000f9c80000,0x00000000fbfd4fa8,0x00000000fcd00000)
  to   space 50688K, 0% used [0x00000000fce80000,0x00000000fce80000,0x0000000100000000)
 ParOldGen       total 699392K, used 35445K [0x00000000c0000000, 0x00000000eab00000, 0x00000000eab00000)
  object space 699392K, 5% used [0x00000000c0000000,0x00000000c229d530,0x00000000eab00000)
 Metaspace       used 112983K, capacity 114442K, committed 129024K, reserved 1161216K
  class space    used 14067K, capacity 14456K, committed 16640K, reserved 1048576K
17765.794: [GC (Allocation Failure) [PSYoungGen: 283475K->24820K(300032K)] 318921K->60273K(999424K), 0.0452223 secs] [Times: user=0.07 sys=0.00, real=0.04 secs] 
Heap after GC invocations=65 (full 7):
 PSYoungGen      total 300032K, used 24820K [0x00000000eab00000, 0x0000000100000000, 0x0000000100000000)
  eden space 249344K, 0% used [0x00000000eab00000,0x00000000eab00000,0x00000000f9e80000)
  from space 50688K, 48% used [0x00000000fce80000,0x00000000fe6bd0c8,0x0000000100000000)
  to   space 49152K, 0% used [0x00000000f9e80000,0x00000000f9e80000,0x00000000fce80000)
 ParOldGen       total 699392K, used 35453K [0x00000000c0000000, 0x00000000eab00000, 0x00000000eab00000)
  object space 699392K, 5% used [0x00000000c0000000,0x00000000c229f530,0x00000000eab00000)
 Metaspace       used 112983K, capacity 114442K, committed 129024K, reserved 1161216K
  class space    used 14067K, capacity 14456K, committed 16640K, reserved 1048576K
}
{Heap before GC invocations=66 (full 7):
 PSYoungGen      total 300032K, used 274164K [0x00000000eab00000, 0x0000000100000000, 0x0000000100000000)
  eden space 249344K, 100% used [0x00000000eab00000,0x00000000f9e80000,0x00000000f9e80000)
  from space 50688K, 48% used [0x00000000fce80000,0x00000000fe6bd0c8,0x0000000100000000)
  to   space 49152K, 0% used [0x00000000f9e80000,0x00000000f9e80000,0x00000000fce80000)
 ParOldGen       total 699392K, used 35453K [0x00000000c0000000, 0x00000000eab00000, 0x00000000eab00000)
  object space 699392K, 5% used [0x00000000c0000000,0x00000000c229f530,0x00000000eab00000)
 Metaspace       used 116235K, capacity 117730K, committed 129024K, reserved 1161216K
  class space    used 14520K, capacity 14911K, committed 16640K, reserved 1048576K
17766.897: [GC (Allocation Failure) [PSYoungGen: 274164K->45606K(295424K)] 309617K->81067K(994816K), 0.0792314 secs] [Times: user=0.11 sys=0.01, real=0.08 secs] 
Heap after GC invocations=66 (full 7):
 PSYoungGen      total 295424K, used 45606K [0x00000000eab00000, 0x0000000100000000, 0x0000000100000000)
  eden space 249344K, 0% used [0x00000000eab00000,0x00000000eab00000,0x00000000f9e80000)
  from space 46080K, 98% used [0x00000000f9e80000,0x00000000fcb09850,0x00000000fcb80000)
  to   space 53248K, 0% used [0x00000000fcc00000,0x00000000fcc00000,0x0000000100000000)
 ParOldGen       total 699392K, used 35461K [0x00000000c0000000, 0x00000000eab00000, 0x00000000eab00000)
  object space 699392K, 5% used [0x00000000c0000000,0x00000000c22a1530,0x00000000eab00000)
 Metaspace       used 116235K, capacity 117730K, committed 129024K, reserved 1161216K
  class space    used 14520K, capacity 14911K, committed 16640K, reserved 1048576K
}
{Heap before GC invocations=67 (full 7):
 PSYoungGen      total 295424K, used 294950K [0x00000000eab00000, 0x0000000100000000, 0x0000000100000000)
  eden space 249344K, 100% used [0x00000000eab00000,0x00000000f9e80000,0x00000000f9e80000)
  from space 46080K, 98% used [0x00000000f9e80000,0x00000000fcb09850,0x00000000fcb80000)
  to   space 53248K, 0% used [0x00000000fcc00000,0x00000000fcc00000,0x0000000100000000)
 ParOldGen       total 699392K, used 35461K [0x00000000c0000000, 0x00000000eab00000, 0x00000000eab00000)
  object space 699392K, 5% used [0x00000000c0000000,0x00000000c22a1530,0x00000000eab00000)
 Metaspace       used 124179K, capacity 125744K, committed 129024K, reserved 1161216K
  class space    used 15628K, capacity 16050K, committed 16640K, reserved 1048576K
17770.640: [GC (Allocation Failure) [PSYoungGen: 294950K->29171K(297984K)] 330411K->64640K(997376K), 0.0697882 secs] [Times: user=0.22 sys=0.00, real=0.07 secs] 
Heap after GC invocations=67 (full 7):
 PSYoungGen      total 297984K, used 29171K [0x00000000eab00000, 0x0000000100000000, 0x0000000100000000)
  eden space 244736K, 0% used [0x00000000eab00000,0x00000000eab00000,0x00000000f9a00000)
  from space 53248K, 54% used [0x00000000fcc00000,0x00000000fe87cd28,0x0000000100000000)
  to   space 51200K, 0% used [0x00000000f9a00000,0x00000000f9a00000,0x00000000fcc00000)
 ParOldGen       total 699392K, used 35469K [0x00000000c0000000, 0x00000000eab00000, 0x00000000eab00000)
  object space 699392K, 5% used [0x00000000c0000000,0x00000000c22a3530,0x00000000eab00000)
 Metaspace       used 124179K, capacity 125744K, committed 129024K, reserved 1161216K
  class space    used 15628K, capacity 16050K, committed 16640K, reserved 1048576K
}
{Heap before GC invocations=68 (full 7):
 PSYoungGen      total 297984K, used 273907K [0x00000000eab00000, 0x0000000100000000, 0x0000000100000000)
  eden space 244736K, 100% used [0x00000000eab00000,0x00000000f9a00000,0x00000000f9a00000)
  from space 53248K, 54% used [0x00000000fcc00000,0x00000000fe87cd28,0x0000000100000000)
  to   space 51200K, 0% used [0x00000000f9a00000,0x00000000f9a00000,0x00000000fcc00000)
 ParOldGen       total 699392K, used 35469K [0x00000000c0000000, 0x00000000eab00000, 0x00000000eab00000)
  object space 699392K, 5% used [0x00000000c0000000,0x00000000c22a3530,0x00000000eab00000)
 Metaspace       used 124286K, capacity 126062K, committed 129024K, reserved 1161216K
  class space    used 15636K, capacity 16062K, committed 16640K, reserved 1048576K
18252.060: [GC (Allocation Failure) [PSYoungGen: 273907K->49229K(294400K)] 309376K->84706K(993792K), 0.0790932 secs] [Times: user=0.12 sys=0.00, real=0.08 secs] 
Heap after GC invocations=68 (full 7):
 PSYoungGen      total 294400K, used 49229K [0x00000000eab00000, 0x0000000100000000, 0x0000000100000000)
  eden space 244736K, 0% used [0x00000000eab00000,0x00000000eab00000,0x00000000f9a00000)
  from space 49664K, 99% used [0x00000000f9a00000,0x00000000fca13580,0x00000000fca80000)
  to   space 54784K, 0% used [0x00000000fca80000,0x00000000fca80000,0x0000000100000000)
 ParOldGen       total 699392K, used 35477K [0x00000000c0000000, 0x00000000eab00000, 0x00000000eab00000)
  object space 699392K, 5% used [0x00000000c0000000,0x00000000c22a5530,0x00000000eab00000)
 Metaspace       used 124286K, capacity 126062K, committed 129024K, reserved 1161216K
  class space    used 15636K, capacity 16062K, committed 16640K, reserved 1048576K
}
{Heap before GC invocations=69 (full 7):
 PSYoungGen      total 294400K, used 136930K [0x00000000eab00000, 0x0000000100000000, 0x0000000100000000)
  eden space 244736K, 35% used [0x00000000eab00000,0x00000000f00a54b8,0x00000000f9a00000)
  from space 49664K, 99% used [0x00000000f9a00000,0x00000000fca13580,0x00000000fca80000)
  to   space 54784K, 0% used [0x00000000fca80000,0x00000000fca80000,0x0000000100000000)
 ParOldGen       total 699392K, used 35477K [0x00000000c0000000, 0x00000000eab00000, 0x00000000eab00000)
  object space 699392K, 5% used [0x00000000c0000000,0x00000000c22a5530,0x00000000eab00000)
 Metaspace       used 128384K, capacity 130180K, committed 131072K, reserved 1163264K
  class space    used 16199K, capacity 16645K, committed 16768K, reserved 1048576K
18253.189: [GC (Metadata GC Threshold) [PSYoungGen: 136930K->26510K(294400K)] 172407K->61987K(993792K), 0.0743833 secs] [Times: user=0.19 sys=0.00, real=0.08 secs] 
Heap after GC invocations=69 (full 7):
 PSYoungGen      total 294400K, used 26510K [0x00000000eab00000, 0x0000000100000000, 0x0000000100000000)
  eden space 239616K, 0% used [0x00000000eab00000,0x00000000eab00000,0x00000000f9500000)
  from space 54784K, 48% used [0x00000000fca80000,0x00000000fe463a80,0x0000000100000000)
  to   space 54784K, 0% used [0x00000000f9500000,0x00000000f9500000,0x00000000fca80000)
 ParOldGen       total 699392K, used 35477K [0x00000000c0000000, 0x00000000eab00000, 0x00000000eab00000)
  object space 699392K, 5% used [0x00000000c0000000,0x00000000c22a5530,0x00000000eab00000)
 Metaspace       used 128384K, capacity 130180K, committed 131072K, reserved 1163264K
  class space    used 16199K, capacity 16645K, committed 16768K, reserved 1048576K
}
{Heap before GC invocations=70 (full 8):
 PSYoungGen      total 294400K, used 26510K [0x00000000eab00000, 0x0000000100000000, 0x0000000100000000)
  eden space 239616K, 0% used [0x00000000eab00000,0x00000000eab00000,0x00000000f9500000)
  from space 54784K, 48% used [0x00000000fca80000,0x00000000fe463a80,0x0000000100000000)
  to   space 54784K, 0% used [0x00000000f9500000,0x00000000f9500000,0x00000000fca80000)
 ParOldGen       total 699392K, used 35477K [0x00000000c0000000, 0x00000000eab00000, 0x00000000eab00000)
  object space 699392K, 5% used [0x00000000c0000000,0x00000000c22a5530,0x00000000eab00000)
 Metaspace       used 128384K, capacity 130180K, committed 131072K, reserved 1163264K
  class space    used 16199K, capacity 16645K, committed 16768K, reserved 1048576K
18253.264: [Full GC (Metadata GC Threshold) [PSYoungGen: 26510K->0K(294400K)] [ParOldGen: 35477K->26340K(699392K)] 61987K->26340K(993792K), [Metaspace: 128384K->51809K(1159168K)], 0.4239650 secs] [Times: user=0.59 sys=0.03, real=0.42 secs] 
Heap after GC invocations=70 (full 8):
 PSYoungGen      total 294400K, used 0K [0x00000000eab00000, 0x0000000100000000, 0x0000000100000000)
  eden space 239616K, 0% used [0x00000000eab00000,0x00000000eab00000,0x00000000f9500000)
  from space 54784K, 0% used [0x00000000fca80000,0x00000000fca80000,0x0000000100000000)
  to   space 54784K, 0% used [0x00000000f9500000,0x00000000f9500000,0x00000000fca80000)
 ParOldGen       total 699392K, used 26340K [0x00000000c0000000, 0x00000000eab00000, 0x00000000eab00000)
  object space 699392K, 3% used [0x00000000c0000000,0x00000000c19b90e8,0x00000000eab00000)
 Metaspace       used 51809K, capacity 52470K, committed 126976K, reserved 1159168K
  class space    used 5545K, capacity 5785K, committed 16768K, reserved 1048576K
}
{Heap before GC invocations=71 (full 8):
 PSYoungGen      total 294400K, used 239616K [0x00000000eab00000, 0x0000000100000000, 0x0000000100000000)
  eden space 239616K, 100% used [0x00000000eab00000,0x00000000f9500000,0x00000000f9500000)
  from space 54784K, 0% used [0x00000000fca80000,0x00000000fca80000,0x0000000100000000)
  to   space 54784K, 0% used [0x00000000f9500000,0x00000000f9500000,0x00000000fca80000)
 ParOldGen       total 699392K, used 26340K [0x00000000c0000000, 0x00000000eab00000, 0x00000000eab00000)
  object space 699392K, 3% used [0x00000000c0000000,0x00000000c19b90e8,0x00000000eab00000)
 Metaspace       used 58856K, capacity 59592K, committed 126976K, reserved 1159168K
  class space    used 6536K, capacity 6786K, committed 16768K, reserved 1048576K
18262.228: [GC (Allocation Failure) [PSYoungGen: 239616K->12489K(252416K)] 265956K->38829K(951808K), 0.0300088 secs] [Times: user=0.06 sys=0.00, real=0.03 secs] 
Heap after GC invocations=71 (full 8):
 PSYoungGen      total 252416K, used 12489K [0x00000000eab00000, 0x0000000100000000, 0x0000000100000000)
  eden space 239616K, 0% used [0x00000000eab00000,0x00000000eab00000,0x00000000f9500000)
  from space 12800K, 97% used [0x00000000f9500000,0x00000000fa1324b8,0x00000000fa180000)
  to   space 55808K, 0% used [0x00000000fc980000,0x00000000fc980000,0x0000000100000000)
 ParOldGen       total 699392K, used 26340K [0x00000000c0000000, 0x00000000eab00000, 0x00000000eab00000)
  object space 699392K, 3% used [0x00000000c0000000,0x00000000c19b90e8,0x00000000eab00000)
 Metaspace       used 58856K, capacity 59592K, committed 126976K, reserved 1159168K
  class space    used 6536K, capacity 6786K, committed 16768K, reserved 1048576K
}
{Heap before GC invocations=72 (full 8):
 PSYoungGen      total 252416K, used 252105K [0x00000000eab00000, 0x0000000100000000, 0x0000000100000000)
  eden space 239616K, 100% used [0x00000000eab00000,0x00000000f9500000,0x00000000f9500000)
  from space 12800K, 97% used [0x00000000f9500000,0x00000000fa1324b8,0x00000000fa180000)
  to   space 55808K, 0% used [0x00000000fc980000,0x00000000fc980000,0x0000000100000000)
 ParOldGen       total 699392K, used 26340K [0x00000000c0000000, 0x00000000eab00000, 0x00000000eab00000)
  object space 699392K, 3% used [0x00000000c0000000,0x00000000c19b90e8,0x00000000eab00000)
 Metaspace       used 58978K, capacity 59706K, committed 126976K, reserved 1159168K
  class space    used 6545K, capacity 6796K, committed 16768K, reserved 1048576K
18524.849: [GC (Allocation Failure) [PSYoungGen: 252105K->34780K(293888K)] 278445K->61120K(993280K), 0.0270205 secs] [Times: user=0.05 sys=0.00, real=0.03 secs] 
Heap after GC invocations=72 (full 8):
 PSYoungGen      total 293888K, used 34780K [0x00000000eab00000, 0x0000000100000000, 0x0000000100000000)
  eden space 238080K, 0% used [0x00000000eab00000,0x00000000eab00000,0x00000000f9380000)
  from space 55808K, 62% used [0x00000000fc980000,0x00000000feb772a8,0x0000000100000000)
  to   space 55296K, 0% used [0x00000000f9380000,0x00000000f9380000,0x00000000fc980000)
 ParOldGen       total 699392K, used 26340K [0x00000000c0000000, 0x00000000eab00000, 0x00000000eab00000)
  object space 699392K, 3% used [0x00000000c0000000,0x00000000c19b90e8,0x00000000eab00000)
 Metaspace       used 58978K, capacity 59706K, committed 126976K, reserved 1159168K
  class space    used 6545K, capacity 6796K, committed 16768K, reserved 1048576K
}
{Heap before GC invocations=73 (full 8):
 PSYoungGen      total 293888K, used 272860K [0x00000000eab00000, 0x0000000100000000, 0x0000000100000000)
  eden space 238080K, 100% used [0x00000000eab00000,0x00000000f9380000,0x00000000f9380000)
  from space 55808K, 62% used [0x00000000fc980000,0x00000000feb772a8,0x0000000100000000)
  to   space 55296K, 0% used [0x00000000f9380000,0x00000000f9380000,0x00000000fc980000)
 ParOldGen       total 699392K, used 26340K [0x00000000c0000000, 0x00000000eab00000, 0x00000000eab00000)
  object space 699392K, 3% used [0x00000000c0000000,0x00000000c19b90e8,0x00000000eab00000)
 Metaspace       used 68197K, capacity 68950K, committed 126976K, reserved 1159168K
  class space    used 7830K, capacity 8084K, committed 16768K, reserved 1048576K
18526.262: [GC (Allocation Failure) [PSYoungGen: 272860K->20951K(293376K)] 299200K->47291K(992768K), 0.0234650 secs] [Times: user=0.05 sys=0.00, real=0.02 secs] 
Heap after GC invocations=73 (full 8):
 PSYoungGen      total 293376K, used 20951K [0x00000000eab00000, 0x0000000100000000, 0x0000000100000000)
  eden space 238080K, 0% used [0x00000000eab00000,0x00000000eab00000,0x00000000f9380000)
  from space 55296K, 37% used [0x00000000f9380000,0x00000000fa7f5ec0,0x00000000fc980000)
  to   space 54272K, 0% used [0x00000000fcb00000,0x00000000fcb00000,0x0000000100000000)
 ParOldGen       total 699392K, used 26340K [0x00000000c0000000, 0x00000000eab00000, 0x00000000eab00000)
  object space 699392K, 3% used [0x00000000c0000000,0x00000000c19b90e8,0x00000000eab00000)
 Metaspace       used 68197K, capacity 68950K, committed 126976K, reserved 1159168K
  class space    used 7830K, capacity 8084K, committed 16768K, reserved 1048576K
}
{Heap before GC invocations=74 (full 8):
 PSYoungGen      total 293376K, used 259031K [0x00000000eab00000, 0x0000000100000000, 0x0000000100000000)
  eden space 238080K, 100% used [0x00000000eab00000,0x00000000f9380000,0x00000000f9380000)
  from space 55296K, 37% used [0x00000000f9380000,0x00000000fa7f5ec0,0x00000000fc980000)
  to   space 54272K, 0% used [0x00000000fcb00000,0x00000000fcb00000,0x0000000100000000)
 ParOldGen       total 699392K, used 26340K [0x00000000c0000000, 0x00000000eab00000, 0x00000000eab00000)
  object space 699392K, 3% used [0x00000000c0000000,0x00000000c19b90e8,0x00000000eab00000)
 Metaspace       used 70212K, capacity 71112K, committed 126976K, reserved 1159168K
  class space    used 8105K, capacity 8388K, committed 16768K, reserved 1048576K
19065.736: [GC (Allocation Failure) [PSYoungGen: 259031K->26623K(296960K)] 285371K->52972K(996352K), 0.0159521 secs] [Times: user=0.04 sys=0.00, real=0.01 secs] 
Heap after GC invocations=74 (full 8):
 PSYoungGen      total 296960K, used 26623K [0x00000000eab00000, 0x0000000100000000, 0x0000000100000000)
  eden space 242688K, 0% used [0x00000000eab00000,0x00000000eab00000,0x00000000f9800000)
  from space 54272K, 49% used [0x00000000fcb00000,0x00000000fe4fffd0,0x0000000100000000)
  to   space 52224K, 0% used [0x00000000f9800000,0x00000000f9800000,0x00000000fcb00000)
 ParOldGen       total 699392K, used 26348K [0x00000000c0000000, 0x00000000eab00000, 0x00000000eab00000)
  object space 699392K, 3% used [0x00000000c0000000,0x00000000c19bb0e8,0x00000000eab00000)
 Metaspace       used 70212K, capacity 71112K, committed 126976K, reserved 1159168K
  class space    used 8105K, capacity 8388K, committed 16768K, reserved 1048576K
}
{Heap before GC invocations=75 (full 8):
 PSYoungGen      total 296960K, used 269311K [0x00000000eab00000, 0x0000000100000000, 0x0000000100000000)
  eden space 242688K, 100% used [0x00000000eab00000,0x00000000f9800000,0x00000000f9800000)
  from space 54272K, 49% used [0x00000000fcb00000,0x00000000fe4fffd0,0x0000000100000000)
  to   space 52224K, 0% used [0x00000000f9800000,0x00000000f9800000,0x00000000fcb00000)
 ParOldGen       total 699392K, used 26348K [0x00000000c0000000, 0x00000000eab00000, 0x00000000eab00000)
  object space 699392K, 3% used [0x00000000c0000000,0x00000000c19bb0e8,0x00000000eab00000)
 Metaspace       used 76264K, capacity 77240K, committed 126976K, reserved 1159168K
  class space    used 8944K, capacity 9258K, committed 16768K, reserved 1048576K
19067.124: [GC (Allocation Failure) [PSYoungGen: 269311K->33279K(294912K)] 295660K->59635K(994304K), 0.0328995 secs] [Times: user=0.06 sys=0.00, real=0.03 secs] 
Heap after GC invocations=75 (full 8):
 PSYoungGen      total 294912K, used 33279K [0x00000000eab00000, 0x0000000100000000, 0x0000000100000000)
  eden space 242688K, 0% used [0x00000000eab00000,0x00000000eab00000,0x00000000f9800000)
  from space 52224K, 63% used [0x00000000f9800000,0x00000000fb87fd78,0x00000000fcb00000)
  to   space 51712K, 0% used [0x00000000fcd80000,0x00000000fcd80000,0x0000000100000000)
 ParOldGen       total 699392K, used 26356K [0x00000000c0000000, 0x00000000eab00000, 0x00000000eab00000)
  object space 699392K, 3% used [0x00000000c0000000,0x00000000c19bd0e8,0x00000000eab00000)
 Metaspace       used 76264K, capacity 77240K, committed 126976K, reserved 1159168K
  class space    used 8944K, capacity 9258K, committed 16768K, reserved 1048576K
}
{Heap before GC invocations=76 (full 8):
 PSYoungGen      total 294912K, used 275967K [0x00000000eab00000, 0x0000000100000000, 0x0000000100000000)
  eden space 242688K, 100% used [0x00000000eab00000,0x00000000f9800000,0x00000000f9800000)
  from space 52224K, 63% used [0x00000000f9800000,0x00000000fb87fd78,0x00000000fcb00000)
  to   space 51712K, 0% used [0x00000000fcd80000,0x00000000fcd80000,0x0000000100000000)
 ParOldGen       total 699392K, used 26356K [0x00000000c0000000, 0x00000000eab00000, 0x00000000eab00000)
  object space 699392K, 3% used [0x00000000c0000000,0x00000000c19bd0e8,0x00000000eab00000)
 Metaspace       used 81567K, capacity 82802K, committed 126976K, reserved 1159168K
  class space    used 9680K, capacity 10006K, committed 16768K, reserved 1048576K
19677.241: [GC (Allocation Failure) [PSYoungGen: 275967K->21529K(298496K)] 302323K->47893K(997888K), 0.0177569 secs] [Times: user=0.04 sys=0.00, real=0.01 secs] 
Heap after GC invocations=76 (full 8):
 PSYoungGen      total 298496K, used 21529K [0x00000000eab00000, 0x0000000100000000, 0x0000000100000000)
  eden space 246784K, 0% used [0x00000000eab00000,0x00000000eab00000,0x00000000f9c00000)
  from space 51712K, 41% used [0x00000000fcd80000,0x00000000fe2865d8,0x0000000100000000)
  to   space 50688K, 0% used [0x00000000f9c00000,0x00000000f9c00000,0x00000000fcd80000)
 ParOldGen       total 699392K, used 26364K [0x00000000c0000000, 0x00000000eab00000, 0x00000000eab00000)
  object space 699392K, 3% used [0x00000000c0000000,0x00000000c19bf0e8,0x00000000eab00000)
 Metaspace       used 81567K, capacity 82802K, committed 126976K, reserved 1159168K
  class space    used 9680K, capacity 10006K, committed 16768K, reserved 1048576K
}
{Heap before GC invocations=77 (full 8):
 PSYoungGen      total 298496K, used 268313K [0x00000000eab00000, 0x0000000100000000, 0x0000000100000000)
  eden space 246784K, 100% used [0x00000000eab00000,0x00000000f9c00000,0x00000000f9c00000)
  from space 51712K, 41% used [0x00000000fcd80000,0x00000000fe2865d8,0x0000000100000000)
  to   space 50688K, 0% used [0x00000000f9c00000,0x00000000f9c00000,0x00000000fcd80000)
 ParOldGen       total 699392K, used 26364K [0x00000000c0000000, 0x00000000eab00000, 0x00000000eab00000)
  object space 699392K, 3% used [0x00000000c0000000,0x00000000c19bf0e8,0x00000000eab00000)
 Metaspace       used 84017K, capacity 85276K, committed 126976K, reserved 1159168K
  class space    used 10026K, capacity 10363K, committed 16768K, reserved 1048576K
19677.940: [GC (Allocation Failure) [PSYoungGen: 268313K->41941K(288768K)] 294677K->68313K(988160K), 0.0502353 secs] [Times: user=0.12 sys=0.00, real=0.05 secs] 
Heap after GC invocations=77 (full 8):
 PSYoungGen      total 288768K, used 41941K [0x00000000eab00000, 0x0000000100000000, 0x0000000100000000)
  eden space 246784K, 0% used [0x00000000eab00000,0x00000000eab00000,0x00000000f9c00000)
  from space 41984K, 99% used [0x00000000f9c00000,0x00000000fc4f55b8,0x00000000fc500000)
  to   space 53248K, 0% used [0x00000000fcc00000,0x00000000fcc00000,0x0000000100000000)
 ParOldGen       total 699392K, used 26372K [0x00000000c0000000, 0x00000000eab00000, 0x00000000eab00000)
  object space 699392K, 3% used [0x00000000c0000000,0x00000000c19c10e8,0x00000000eab00000)
 Metaspace       used 84017K, capacity 85276K, committed 126976K, reserved 1159168K
  class space    used 10026K, capacity 10363K, committed 16768K, reserved 1048576K
}
{Heap before GC invocations=78 (full 8):
 PSYoungGen      total 288768K, used 288725K [0x00000000eab00000, 0x0000000100000000, 0x0000000100000000)
  eden space 246784K, 100% used [0x00000000eab00000,0x00000000f9c00000,0x00000000f9c00000)
  from space 41984K, 99% used [0x00000000f9c00000,0x00000000fc4f55b8,0x00000000fc500000)
  to   space 53248K, 0% used [0x00000000fcc00000,0x00000000fcc00000,0x0000000100000000)
 ParOldGen       total 699392K, used 26372K [0x00000000c0000000, 0x00000000eab00000, 0x00000000eab00000)
  object space 699392K, 3% used [0x00000000c0000000,0x00000000c19c10e8,0x00000000eab00000)
 Metaspace       used 91856K, capacity 93198K, committed 126976K, reserved 1159168K
  class space    used 11099K, capacity 11460K, committed 16768K, reserved 1048576K
19686.504: [GC (Allocation Failure) [PSYoungGen: 288725K->25472K(297472K)] 315097K->51844K(996864K), 0.0346551 secs] [Times: user=0.10 sys=0.01, real=0.03 secs] 
Heap after GC invocations=78 (full 8):
 PSYoungGen      total 297472K, used 25472K [0x00000000eab00000, 0x0000000100000000, 0x0000000100000000)
  eden space 244224K, 0% used [0x00000000eab00000,0x00000000eab00000,0x00000000f9980000)
  from space 53248K, 47% used [0x00000000fcc00000,0x00000000fe4e0078,0x0000000100000000)
  to   space 51712K, 0% used [0x00000000f9980000,0x00000000f9980000,0x00000000fcc00000)
 ParOldGen       total 699392K, used 26372K [0x00000000c0000000, 0x00000000eab00000, 0x00000000eab00000)
  object space 699392K, 3% used [0x00000000c0000000,0x00000000c19c10e8,0x00000000eab00000)
 Metaspace       used 91856K, capacity 93198K, committed 126976K, reserved 1159168K
  class space    used 11099K, capacity 11460K, committed 16768K, reserved 1048576K
}
{Heap before GC invocations=79 (full 8):
 PSYoungGen      total 297472K, used 269696K [0x00000000eab00000, 0x0000000100000000, 0x0000000100000000)
  eden space 244224K, 100% used [0x00000000eab00000,0x00000000f9980000,0x00000000f9980000)
  from space 53248K, 47% used [0x00000000fcc00000,0x00000000fe4e0078,0x0000000100000000)
  to   space 51712K, 0% used [0x00000000f9980000,0x00000000f9980000,0x00000000fcc00000)
 ParOldGen       total 699392K, used 26372K [0x00000000c0000000, 0x00000000eab00000, 0x00000000eab00000)
  object space 699392K, 3% used [0x00000000c0000000,0x00000000c19c10e8,0x00000000eab00000)
 Metaspace       used 92841K, capacity 94198K, committed 126976K, reserved 1159168K
  class space    used 11236K, capacity 11596K, committed 16768K, reserved 1048576K
20334.703: [GC (Allocation Failure) [PSYoungGen: 269696K->43993K(288256K)] 296068K->70373K(987648K), 0.0264864 secs] [Times: user=0.06 sys=0.00, real=0.02 secs] 
Heap after GC invocations=79 (full 8):
 PSYoungGen      total 288256K, used 43993K [0x00000000eab00000, 0x0000000100000000, 0x0000000100000000)
  eden space 244224K, 0% used [0x00000000eab00000,0x00000000eab00000,0x00000000f9980000)
  from space 44032K, 99% used [0x00000000f9980000,0x00000000fc476460,0x00000000fc480000)
  to   space 54784K, 0% used [0x00000000fca80000,0x00000000fca80000,0x0000000100000000)
 ParOldGen       total 699392K, used 26380K [0x00000000c0000000, 0x00000000eab00000, 0x00000000eab00000)
  object space 699392K, 3% used [0x00000000c0000000,0x00000000c19c30e8,0x00000000eab00000)
 Metaspace       used 92841K, capacity 94198K, committed 126976K, reserved 1159168K
  class space    used 11236K, capacity 11596K, committed 16768K, reserved 1048576K
}
{Heap before GC invocations=80 (full 8):
 PSYoungGen      total 288256K, used 288217K [0x00000000eab00000, 0x0000000100000000, 0x0000000100000000)
  eden space 244224K, 100% used [0x00000000eab00000,0x00000000f9980000,0x00000000f9980000)
  from space 44032K, 99% used [0x00000000f9980000,0x00000000fc476460,0x00000000fc480000)
  to   space 54784K, 0% used [0x00000000fca80000,0x00000000fca80000,0x0000000100000000)
 ParOldGen       total 699392K, used 26380K [0x00000000c0000000, 0x00000000eab00000, 0x00000000eab00000)
  object space 699392K, 3% used [0x00000000c0000000,0x00000000c19c30e8,0x00000000eab00000)
 Metaspace       used 101907K, capacity 103356K, committed 126976K, reserved 1159168K
  class space    used 12489K, capacity 12854K, committed 16768K, reserved 1048576K
20336.305: [GC (Allocation Failure) [PSYoungGen: 288217K->32596K(295936K)] 314597K->58984K(995328K), 0.0241581 secs] [Times: user=0.06 sys=0.00, real=0.02 secs] 
Heap after GC invocations=80 (full 8):
 PSYoungGen      total 295936K, used 32596K [0x00000000eab00000, 0x0000000100000000, 0x0000000100000000)
  eden space 241152K, 0% used [0x00000000eab00000,0x00000000eab00000,0x00000000f9680000)
  from space 54784K, 59% used [0x00000000fca80000,0x00000000fea55258,0x0000000100000000)
  to   space 53248K, 0% used [0x00000000f9680000,0x00000000f9680000,0x00000000fca80000)
 ParOldGen       total 699392K, used 26388K [0x00000000c0000000, 0x00000000eab00000, 0x00000000eab00000)
  object space 699392K, 3% used [0x00000000c0000000,0x00000000c19c50e8,0x00000000eab00000)
 Metaspace       used 101907K, capacity 103356K, committed 126976K, reserved 1159168K
  class space    used 12489K, capacity 12854K, committed 16768K, reserved 1048576K
}
{Heap before GC invocations=81 (full 8):
 PSYoungGen      total 295936K, used 273748K [0x00000000eab00000, 0x0000000100000000, 0x0000000100000000)
  eden space 241152K, 100% used [0x00000000eab00000,0x00000000f9680000,0x00000000f9680000)
  from space 54784K, 59% used [0x00000000fca80000,0x00000000fea55258,0x0000000100000000)
  to   space 53248K, 0% used [0x00000000f9680000,0x00000000f9680000,0x00000000fca80000)
 ParOldGen       total 699392K, used 26388K [0x00000000c0000000, 0x00000000eab00000, 0x00000000eab00000)
  object space 699392K, 3% used [0x00000000c0000000,0x00000000c19c50e8,0x00000000eab00000)
 Metaspace       used 104129K, capacity 105742K, committed 126976K, reserved 1159168K
  class space    used 12793K, capacity 13190K, committed 16768K, reserved 1048576K
21035.548: [GC (Allocation Failure) [PSYoungGen: 273748K->33848K(294400K)] 300136K->60245K(993792K), 0.0347780 secs] [Times: user=0.08 sys=0.00, real=0.04 secs] 
Heap after GC invocations=81 (full 8):
 PSYoungGen      total 294400K, used 33848K [0x00000000eab00000, 0x0000000100000000, 0x0000000100000000)
  eden space 241152K, 0% used [0x00000000eab00000,0x00000000eab00000,0x00000000f9680000)
  from space 53248K, 63% used [0x00000000f9680000,0x00000000fb78e3e8,0x00000000fca80000)
  to   space 52224K, 0% used [0x00000000fcd00000,0x00000000fcd00000,0x0000000100000000)
 ParOldGen       total 699392K, used 26396K [0x00000000c0000000, 0x00000000eab00000, 0x00000000eab00000)
  object space 699392K, 3% used [0x00000000c0000000,0x00000000c19c70e8,0x00000000eab00000)
 Metaspace       used 104129K, capacity 105742K, committed 126976K, reserved 1159168K
  class space    used 12793K, capacity 13190K, committed 16768K, reserved 1048576K
}
{Heap before GC invocations=82 (full 8):
 PSYoungGen      total 294400K, used 275000K [0x00000000eab00000, 0x0000000100000000, 0x0000000100000000)
  eden space 241152K, 100% used [0x00000000eab00000,0x00000000f9680000,0x00000000f9680000)
  from space 53248K, 63% used [0x00000000f9680000,0x00000000fb78e3e8,0x00000000fca80000)
  to   space 52224K, 0% used [0x00000000fcd00000,0x00000000fcd00000,0x0000000100000000)
 ParOldGen       total 699392K, used 26396K [0x00000000c0000000, 0x00000000eab00000, 0x00000000eab00000)
  object space 699392K, 3% used [0x00000000c0000000,0x00000000c19c70e8,0x00000000eab00000)
 Metaspace       used 109370K, capacity 111032K, committed 126976K, reserved 1159168K
  class space    used 13519K, capacity 13931K, committed 16768K, reserved 1048576K
21037.014: [GC (Allocation Failure) [PSYoungGen: 275000K->44119K(291840K)] 301397K->70515K(991232K), 0.1485184 secs] [Times: user=0.13 sys=0.02, real=0.15 secs] 
Heap after GC invocations=82 (full 8):
 PSYoungGen      total 291840K, used 44119K [0x00000000eab00000, 0x0000000100000000, 0x0000000100000000)
  eden space 239616K, 0% used [0x00000000eab00000,0x00000000eab00000,0x00000000f9500000)
  from space 52224K, 84% used [0x00000000fcd00000,0x00000000ff815e50,0x0000000100000000)
  to   space 54784K, 0% used [0x00000000f9500000,0x00000000f9500000,0x00000000fca80000)
 ParOldGen       total 699392K, used 26396K [0x00000000c0000000, 0x00000000eab00000, 0x00000000eab00000)
  object space 699392K, 3% used [0x00000000c0000000,0x00000000c19c70e8,0x00000000eab00000)
 Metaspace       used 109370K, capacity 111032K, committed 126976K, reserved 1159168K
  class space    used 13519K, capacity 13931K, committed 16768K, reserved 1048576K
}
{Heap before GC invocations=83 (full 8):
 PSYoungGen      total 291840K, used 283735K [0x00000000eab00000, 0x0000000100000000, 0x0000000100000000)
  eden space 239616K, 100% used [0x00000000eab00000,0x00000000f9500000,0x00000000f9500000)
  from space 52224K, 84% used [0x00000000fcd00000,0x00000000ff815e50,0x0000000100000000)
  to   space 54784K, 0% used [0x00000000f9500000,0x00000000f9500000,0x00000000fca80000)
 ParOldGen       total 699392K, used 26396K [0x00000000c0000000, 0x00000000eab00000, 0x00000000eab00000)
  object space 699392K, 3% used [0x00000000c0000000,0x00000000c19c70e8,0x00000000eab00000)
 Metaspace       used 115355K, capacity 117128K, committed 126976K, reserved 1159168K
  class space    used 14343K, capacity 14778K, committed 16768K, reserved 1048576K
21093.299: [GC (Allocation Failure) [PSYoungGen: 283735K->31074K(294400K)] 310131K->57470K(993792K), 0.0525533 secs] [Times: user=0.11 sys=0.00, real=0.05 secs] 
Heap after GC invocations=83 (full 8):
 PSYoungGen      total 294400K, used 31074K [0x00000000eab00000, 0x0000000100000000, 0x0000000100000000)
  eden space 239616K, 0% used [0x00000000eab00000,0x00000000eab00000,0x00000000f9500000)
  from space 54784K, 56% used [0x00000000f9500000,0x00000000fb3588f8,0x00000000fca80000)
  to   space 52736K, 0% used [0x00000000fcc80000,0x00000000fcc80000,0x0000000100000000)
 ParOldGen       total 699392K, used 26396K [0x00000000c0000000, 0x00000000eab00000, 0x00000000eab00000)
  object space 699392K, 3% used [0x00000000c0000000,0x00000000c19c70e8,0x00000000eab00000)
 Metaspace       used 115355K, capacity 117128K, committed 126976K, reserved 1159168K
  class space    used 14343K, capacity 14778K, committed 16768K, reserved 1048576K
}
{Heap before GC invocations=84 (full 8):
 PSYoungGen      total 294400K, used 270690K [0x00000000eab00000, 0x0000000100000000, 0x0000000100000000)
  eden space 239616K, 100% used [0x00000000eab00000,0x00000000f9500000,0x00000000f9500000)
  from space 54784K, 56% used [0x00000000f9500000,0x00000000fb3588f8,0x00000000fca80000)
  to   space 52736K, 0% used [0x00000000fcc80000,0x00000000fcc80000,0x0000000100000000)
 ParOldGen       total 699392K, used 26396K [0x00000000c0000000, 0x00000000eab00000, 0x00000000eab00000)
  object space 699392K, 3% used [0x00000000c0000000,0x00000000c19c70e8,0x00000000eab00000)
 Metaspace       used 116086K, capacity 117888K, committed 126976K, reserved 1159168K
  class space    used 14440K, capacity 14882K, committed 16768K, reserved 1048576K
21292.738: [GC (Allocation Failure) [PSYoungGen: 270690K->52673K(285184K)] 297086K->79077K(984576K), 0.0844097 secs] [Times: user=0.12 sys=0.02, real=0.09 secs] 
Heap after GC invocations=84 (full 8):
 PSYoungGen      total 285184K, used 52673K [0x00000000eab00000, 0x0000000100000000, 0x0000000100000000)
  eden space 232448K, 0% used [0x00000000eab00000,0x00000000eab00000,0x00000000f8e00000)
  from space 52736K, 99% used [0x00000000fcc80000,0x00000000ffff0418,0x0000000100000000)
  to   space 58368K, 0% used [0x00000000f8e00000,0x00000000f8e00000,0x00000000fc700000)
 ParOldGen       total 699392K, used 26404K [0x00000000c0000000, 0x00000000eab00000, 0x00000000eab00000)
  object space 699392K, 3% used [0x00000000c0000000,0x00000000c19c90e8,0x00000000eab00000)
 Metaspace       used 116086K, capacity 117888K, committed 126976K, reserved 1159168K
  class space    used 14440K, capacity 14882K, committed 16768K, reserved 1048576K
}
{Heap before GC invocations=85 (full 8):
 PSYoungGen      total 285184K, used 285121K [0x00000000eab00000, 0x0000000100000000, 0x0000000100000000)
  eden space 232448K, 100% used [0x00000000eab00000,0x00000000f8e00000,0x00000000f8e00000)
  from space 52736K, 99% used [0x00000000fcc80000,0x00000000ffff0418,0x0000000100000000)
  to   space 58368K, 0% used [0x00000000f8e00000,0x00000000f8e00000,0x00000000fc700000)
 ParOldGen       total 699392K, used 26404K [0x00000000c0000000, 0x00000000eab00000, 0x00000000eab00000)
  object space 699392K, 3% used [0x00000000c0000000,0x00000000c19c90e8,0x00000000eab00000)
 Metaspace       used 125284K, capacity 127064K, committed 128384K, reserved 1161216K
  class space    used 15725K, capacity 16166K, committed 16768K, reserved 1048576K
21295.908: [GC (Allocation Failure) [PSYoungGen: 285121K->36059K(290816K)] 311525K->62463K(990208K), 0.0470592 secs] [Times: user=0.12 sys=0.00, real=0.05 secs] 
Heap after GC invocations=85 (full 8):
 PSYoungGen      total 290816K, used 36059K [0x00000000eab00000, 0x0000000100000000, 0x0000000100000000)
  eden space 232448K, 0% used [0x00000000eab00000,0x00000000eab00000,0x00000000f8e00000)
  from space 58368K, 61% used [0x00000000f8e00000,0x00000000fb136de0,0x00000000fc700000)
  to   space 56320K, 0% used [0x00000000fc900000,0x00000000fc900000,0x0000000100000000)
 ParOldGen       total 699392K, used 26404K [0x00000000c0000000, 0x00000000eab00000, 0x00000000eab00000)
  object space 699392K, 3% used [0x00000000c0000000,0x00000000c19c90e8,0x00000000eab00000)
 Metaspace       used 125284K, capacity 127064K, committed 128384K, reserved 1161216K
  class space    used 15725K, capacity 16166K, committed 16768K, reserved 1048576K
}
{Heap before GC invocations=86 (full 8):
 PSYoungGen      total 290816K, used 268506K [0x00000000eab00000, 0x0000000100000000, 0x0000000100000000)
  eden space 232448K, 99% used [0x00000000eab00000,0x00000000f8dffae8,0x00000000f8e00000)
  from space 58368K, 61% used [0x00000000f8e00000,0x00000000fb136de0,0x00000000fc700000)
  to   space 56320K, 0% used [0x00000000fc900000,0x00000000fc900000,0x0000000100000000)
 ParOldGen       total 699392K, used 26404K [0x00000000c0000000, 0x00000000eab00000, 0x00000000eab00000)
  object space 699392K, 3% used [0x00000000c0000000,0x00000000c19c90e8,0x00000000eab00000)
 Metaspace       used 126650K, capacity 128624K, committed 129664K, reserved 1163264K
  class space    used 15905K, capacity 16375K, committed 16768K, reserved 1048576K
21706.362: [GC (Allocation Failure) [PSYoungGen: 268506K->44047K(289792K)] 294910K->73389K(989184K), 0.0686479 secs] [Times: user=0.12 sys=0.00, real=0.06 secs] 
Heap after GC invocations=86 (full 8):
 PSYoungGen      total 289792K, used 44047K [0x00000000eab00000, 0x0000000100000000, 0x0000000100000000)
  eden space 233472K, 0% used [0x00000000eab00000,0x00000000eab00000,0x00000000f8f00000)
  from space 56320K, 78% used [0x00000000fc900000,0x00000000ff403c68,0x0000000100000000)
  to   space 57856K, 0% used [0x00000000f8f00000,0x00000000f8f00000,0x00000000fc780000)
 ParOldGen       total 699392K, used 29342K [0x00000000c0000000, 0x00000000eab00000, 0x00000000eab00000)
  object space 699392K, 4% used [0x00000000c0000000,0x00000000c1ca78a0,0x00000000eab00000)
 Metaspace       used 126650K, capacity 128624K, committed 129664K, reserved 1163264K
  class space    used 15905K, capacity 16375K, committed 16768K, reserved 1048576K
}
{Heap before GC invocations=87 (full 8):
 PSYoungGen      total 289792K, used 161505K [0x00000000eab00000, 0x0000000100000000, 0x0000000100000000)
  eden space 233472K, 50% used [0x00000000eab00000,0x00000000f1db4a48,0x00000000f8f00000)
  from space 56320K, 78% used [0x00000000fc900000,0x00000000ff403c68,0x0000000100000000)
  to   space 57856K, 0% used [0x00000000f8f00000,0x00000000f8f00000,0x00000000fc780000)
 ParOldGen       total 699392K, used 29342K [0x00000000c0000000, 0x00000000eab00000, 0x00000000eab00000)
  object space 699392K, 4% used [0x00000000c0000000,0x00000000c1ca78a0,0x00000000eab00000)
 Metaspace       used 128299K, capacity 130266K, committed 131072K, reserved 1163264K
  class space    used 16134K, capacity 16604K, committed 16768K, reserved 1048576K
21706.983: [GC (Metadata GC Threshold) [PSYoungGen: 161505K->36718K(291328K)] 190847K->66196K(990720K), 0.0340593 secs] [Times: user=0.08 sys=0.00, real=0.03 secs] 
Heap after GC invocations=87 (full 8):
 PSYoungGen      total 291328K, used 36718K [0x00000000eab00000, 0x0000000100000000, 0x0000000100000000)
  eden space 233472K, 0% used [0x00000000eab00000,0x00000000eab00000,0x00000000f8f00000)
  from space 57856K, 63% used [0x00000000f8f00000,0x00000000fb2dbb28,0x00000000fc780000)
  to   space 55808K, 0% used [0x00000000fc980000,0x00000000fc980000,0x0000000100000000)
 ParOldGen       total 699392K, used 29478K [0x00000000c0000000, 0x00000000eab00000, 0x00000000eab00000)
  object space 699392K, 4% used [0x00000000c0000000,0x00000000c1cc98a0,0x00000000eab00000)
 Metaspace       used 128299K, capacity 130266K, committed 131072K, reserved 1163264K
  class space    used 16134K, capacity 16604K, committed 16768K, reserved 1048576K
}
{Heap before GC invocations=88 (full 9):
 PSYoungGen      total 291328K, used 36718K [0x00000000eab00000, 0x0000000100000000, 0x0000000100000000)
  eden space 233472K, 0% used [0x00000000eab00000,0x00000000eab00000,0x00000000f8f00000)
  from space 57856K, 63% used [0x00000000f8f00000,0x00000000fb2dbb28,0x00000000fc780000)
  to   space 55808K, 0% used [0x00000000fc980000,0x00000000fc980000,0x0000000100000000)
 ParOldGen       total 699392K, used 29478K [0x00000000c0000000, 0x00000000eab00000, 0x00000000eab00000)
  object space 699392K, 4% used [0x00000000c0000000,0x00000000c1cc98a0,0x00000000eab00000)
 Metaspace       used 128299K, capacity 130266K, committed 131072K, reserved 1163264K
  class space    used 16134K, capacity 16604K, committed 16768K, reserved 1048576K
21707.018: [Full GC (Metadata GC Threshold) [PSYoungGen: 36718K->0K(291328K)] [ParOldGen: 29478K->36026K(699392K)] 66196K->36026K(990720K), [Metaspace: 128299K->60981K(1157120K)], 0.1514596 secs] [Times: user=0.26 sys=0.00, real=0.15 secs] 
Heap after GC invocations=88 (full 9):
 PSYoungGen      total 291328K, used 0K [0x00000000eab00000, 0x0000000100000000, 0x0000000100000000)
  eden space 233472K, 0% used [0x00000000eab00000,0x00000000eab00000,0x00000000f8f00000)
  from space 57856K, 0% used [0x00000000f8f00000,0x00000000f8f00000,0x00000000fc780000)
  to   space 55808K, 0% used [0x00000000fc980000,0x00000000fc980000,0x0000000100000000)
 ParOldGen       total 699392K, used 36026K [0x00000000c0000000, 0x00000000eab00000, 0x00000000eab00000)
  object space 699392K, 5% used [0x00000000c0000000,0x00000000c232ead8,0x00000000eab00000)
 Metaspace       used 60981K, capacity 61692K, committed 124928K, reserved 1157120K
  class space    used 6781K, capacity 7038K, committed 16768K, reserved 1048576K
}
{Heap before GC invocations=89 (full 9):
 PSYoungGen      total 291328K, used 233472K [0x00000000eab00000, 0x0000000100000000, 0x0000000100000000)
  eden space 233472K, 100% used [0x00000000eab00000,0x00000000f8f00000,0x00000000f8f00000)
  from space 57856K, 0% used [0x00000000f8f00000,0x00000000f8f00000,0x00000000fc780000)
  to   space 55808K, 0% used [0x00000000fc980000,0x00000000fc980000,0x0000000100000000)
 ParOldGen       total 699392K, used 36026K [0x00000000c0000000, 0x00000000eab00000, 0x00000000eab00000)
  object space 699392K, 5% used [0x00000000c0000000,0x00000000c232ead8,0x00000000eab00000)
 Metaspace       used 69817K, capacity 70644K, committed 124928K, reserved 1157120K
  class space    used 8011K, capacity 8290K, committed 16768K, reserved 1048576K
21724.677: [GC (Allocation Failure) [PSYoungGen: 233472K->13852K(289280K)] 269498K->49886K(988672K), 0.0134094 secs] [Times: user=0.03 sys=0.00, real=0.01 secs] 
Heap after GC invocations=89 (full 9):
 PSYoungGen      total 289280K, used 13852K [0x00000000eab00000, 0x0000000100000000, 0x0000000100000000)
  eden space 233472K, 0% used [0x00000000eab00000,0x00000000eab00000,0x00000000f8f00000)
  from space 55808K, 24% used [0x00000000fc980000,0x00000000fd707030,0x0000000100000000)
  to   space 57856K, 0% used [0x00000000f8f00000,0x00000000f8f00000,0x00000000fc780000)
 ParOldGen       total 699392K, used 36034K [0x00000000c0000000, 0x00000000eab00000, 0x00000000eab00000)
  object space 699392K, 5% used [0x00000000c0000000,0x00000000c2330ad8,0x00000000eab00000)
 Metaspace       used 69817K, capacity 70644K, committed 124928K, reserved 1157120K
  class space    used 8011K, capacity 8290K, committed 16768K, reserved 1048576K
}
{Heap before GC invocations=90 (full 9):
 PSYoungGen      total 289280K, used 247324K [0x00000000eab00000, 0x0000000100000000, 0x0000000100000000)
  eden space 233472K, 100% used [0x00000000eab00000,0x00000000f8f00000,0x00000000f8f00000)
  from space 55808K, 24% used [0x00000000fc980000,0x00000000fd707030,0x0000000100000000)
  to   space 57856K, 0% used [0x00000000f8f00000,0x00000000f8f00000,0x00000000fc780000)
 ParOldGen       total 699392K, used 36034K [0x00000000c0000000, 0x00000000eab00000, 0x00000000eab00000)
  object space 699392K, 5% used [0x00000000c0000000,0x00000000c2330ad8,0x00000000eab00000)
 Metaspace       used 70631K, capacity 71526K, committed 124928K, reserved 1157120K
  class space    used 8109K, capacity 8402K, committed 16768K, reserved 1048576K
21854.043: [GC (Allocation Failure) [PSYoungGen: 247324K->27511K(291328K)] 283358K->63554K(990720K), 0.0553309 secs] [Times: user=0.07 sys=0.00, real=0.05 secs] 
Heap after GC invocations=90 (full 9):
 PSYoungGen      total 291328K, used 27511K [0x00000000eab00000, 0x0000000100000000, 0x0000000100000000)
  eden space 233472K, 0% used [0x00000000eab00000,0x00000000eab00000,0x00000000f8f00000)
  from space 57856K, 47% used [0x00000000f8f00000,0x00000000fa9ddec8,0x00000000fc780000)
  to   space 56320K, 0% used [0x00000000fc900000,0x00000000fc900000,0x0000000100000000)
 ParOldGen       total 699392K, used 36042K [0x00000000c0000000, 0x00000000eab00000, 0x00000000eab00000)
  object space 699392K, 5% used [0x00000000c0000000,0x00000000c2332ad8,0x00000000eab00000)
 Metaspace       used 70631K, capacity 71526K, committed 124928K, reserved 1157120K
  class space    used 8109K, capacity 8402K, committed 16768K, reserved 1048576K
}
{Heap before GC invocations=91 (full 9):
 PSYoungGen      total 291328K, used 260983K [0x00000000eab00000, 0x0000000100000000, 0x0000000100000000)
  eden space 233472K, 100% used [0x00000000eab00000,0x00000000f8f00000,0x00000000f8f00000)
  from space 57856K, 47% used [0x00000000f8f00000,0x00000000fa9ddec8,0x00000000fc780000)
  to   space 56320K, 0% used [0x00000000fc900000,0x00000000fc900000,0x0000000100000000)
 ParOldGen       total 699392K, used 36042K [0x00000000c0000000, 0x00000000eab00000, 0x00000000eab00000)
  object space 699392K, 5% used [0x00000000c0000000,0x00000000c2332ad8,0x00000000eab00000)
 Metaspace       used 78091K, capacity 79068K, committed 124928K, reserved 1157120K
  class space    used 9146K, capacity 9465K, committed 16768K, reserved 1048576K
21855.521: [GC (Allocation Failure) [PSYoungGen: 260983K->26925K(293888K)] 297026K->62975K(993280K), 0.0225846 secs] [Times: user=0.04 sys=0.00, real=0.02 secs] 
Heap after GC invocations=91 (full 9):
 PSYoungGen      total 293888K, used 26925K [0x00000000eab00000, 0x0000000100000000, 0x0000000100000000)
  eden space 237568K, 0% used [0x00000000eab00000,0x00000000eab00000,0x00000000f9300000)
  from space 56320K, 47% used [0x00000000fc900000,0x00000000fe34b448,0x0000000100000000)
  to   space 55296K, 0% used [0x00000000f9300000,0x00000000f9300000,0x00000000fc900000)
 ParOldGen       total 699392K, used 36050K [0x00000000c0000000, 0x00000000eab00000, 0x00000000eab00000)
  object space 699392K, 5% used [0x00000000c0000000,0x00000000c2334ad8,0x00000000eab00000)
 Metaspace       used 78091K, capacity 79068K, committed 124928K, reserved 1157120K
  class space    used 9146K, capacity 9465K, committed 16768K, reserved 1048576K
}
{Heap before GC invocations=92 (full 9):
 PSYoungGen      total 293888K, used 264493K [0x00000000eab00000, 0x0000000100000000, 0x0000000100000000)
  eden space 237568K, 100% used [0x00000000eab00000,0x00000000f9300000,0x00000000f9300000)
  from space 56320K, 47% used [0x00000000fc900000,0x00000000fe34b448,0x0000000100000000)
  to   space 55296K, 0% used [0x00000000f9300000,0x00000000f9300000,0x00000000fc900000)
 ParOldGen       total 699392K, used 36050K [0x00000000c0000000, 0x00000000eab00000, 0x00000000eab00000)
  object space 699392K, 5% used [0x00000000c0000000,0x00000000c2334ad8,0x00000000eab00000)
 Metaspace       used 81869K, capacity 82974K, committed 124928K, reserved 1157120K
  class space    used 9660K, capacity 9992K, committed 16768K, reserved 1048576K
21960.507: [GC (Allocation Failure) [PSYoungGen: 264493K->20744K(292864K)] 300543K->56802K(992256K), 0.0204599 secs] [Times: user=0.05 sys=0.00, real=0.02 secs] 
Heap after GC invocations=92 (full 9):
 PSYoungGen      total 292864K, used 20744K [0x00000000eab00000, 0x0000000100000000, 0x0000000100000000)
  eden space 237568K, 0% used [0x00000000eab00000,0x00000000eab00000,0x00000000f9300000)
  from space 55296K, 37% used [0x00000000f9300000,0x00000000fa742040,0x00000000fc900000)
  to   space 54784K, 0% used [0x00000000fca80000,0x00000000fca80000,0x0000000100000000)
 ParOldGen       total 699392K, used 36058K [0x00000000c0000000, 0x00000000eab00000, 0x00000000eab00000)
  object space 699392K, 5% used [0x00000000c0000000,0x00000000c2336ad8,0x00000000eab00000)
 Metaspace       used 81869K, capacity 82974K, committed 124928K, reserved 1157120K
  class space    used 9660K, capacity 9992K, committed 16768K, reserved 1048576K
}
{Heap before GC invocations=93 (full 9):
 PSYoungGen      total 292864K, used 258312K [0x00000000eab00000, 0x0000000100000000, 0x0000000100000000)
  eden space 237568K, 100% used [0x00000000eab00000,0x00000000f9300000,0x00000000f9300000)
  from space 55296K, 37% used [0x00000000f9300000,0x00000000fa742040,0x00000000fc900000)
  to   space 54784K, 0% used [0x00000000fca80000,0x00000000fca80000,0x0000000100000000)
 ParOldGen       total 699392K, used 36058K [0x00000000c0000000, 0x00000000eab00000, 0x00000000eab00000)
  object space 699392K, 5% used [0x00000000c0000000,0x00000000c2336ad8,0x00000000eab00000)
 Metaspace       used 85399K, capacity 86582K, committed 124928K, reserved 1157120K
  class space    used 10149K, capacity 10511K, committed 16768K, reserved 1048576K
21961.307: [GC (Allocation Failure) [PSYoungGen: 258312K->37735K(294400K)] 294370K->73801K(993792K), 0.0422312 secs] [Times: user=0.10 sys=0.00, real=0.04 secs] 
Heap after GC invocations=93 (full 9):
 PSYoungGen      total 294400K, used 37735K [0x00000000eab00000, 0x0000000100000000, 0x0000000100000000)
  eden space 239616K, 0% used [0x00000000eab00000,0x00000000eab00000,0x00000000f9500000)
  from space 54784K, 68% used [0x00000000fca80000,0x00000000fef59c60,0x0000000100000000)
  to   space 54784K, 0% used [0x00000000f9500000,0x00000000f9500000,0x00000000fca80000)
 ParOldGen       total 699392K, used 36066K [0x00000000c0000000, 0x00000000eab00000, 0x00000000eab00000)
  object space 699392K, 5% used [0x00000000c0000000,0x00000000c2338ad8,0x00000000eab00000)
 Metaspace       used 85399K, capacity 86582K, committed 124928K, reserved 1157120K
  class space    used 10149K, capacity 10511K, committed 16768K, reserved 1048576K
}
{Heap before GC invocations=94 (full 9):
 PSYoungGen      total 294400K, used 277351K [0x00000000eab00000, 0x0000000100000000, 0x0000000100000000)
  eden space 239616K, 100% used [0x00000000eab00000,0x00000000f9500000,0x00000000f9500000)
  from space 54784K, 68% used [0x00000000fca80000,0x00000000fef59c60,0x0000000100000000)
  to   space 54784K, 0% used [0x00000000f9500000,0x00000000f9500000,0x00000000fca80000)
 ParOldGen       total 699392K, used 36066K [0x00000000c0000000, 0x00000000eab00000, 0x00000000eab00000)
  object space 699392K, 5% used [0x00000000c0000000,0x00000000c2338ad8,0x00000000eab00000)
 Metaspace       used 93053K, capacity 94330K, committed 124928K, reserved 1157120K
  class space    used 11208K, capacity 11574K, committed 16768K, reserved 1048576K
21980.865: [GC (Allocation Failure) [PSYoungGen: 277351K->22970K(294400K)] 313417K->59045K(993792K), 0.0349239 secs] [Times: user=0.10 sys=0.00, real=0.03 secs] 
Heap after GC invocations=94 (full 9):
 PSYoungGen      total 294400K, used 22970K [0x00000000eab00000, 0x0000000100000000, 0x0000000100000000)
  eden space 239616K, 0% used [0x00000000eab00000,0x00000000eab00000,0x00000000f9500000)
  from space 54784K, 41% used [0x00000000f9500000,0x00000000fab6e948,0x00000000fca80000)
  to   space 54272K, 0% used [0x00000000fcb00000,0x00000000fcb00000,0x0000000100000000)
 ParOldGen       total 699392K, used 36074K [0x00000000c0000000, 0x00000000eab00000, 0x00000000eab00000)
  object space 699392K, 5% used [0x00000000c0000000,0x00000000c233aad8,0x00000000eab00000)
 Metaspace       used 93053K, capacity 94330K, committed 124928K, reserved 1157120K
  class space    used 11208K, capacity 11574K, committed 16768K, reserved 1048576K
}
{Heap before GC invocations=95 (full 9):
 PSYoungGen      total 294400K, used 262586K [0x00000000eab00000, 0x0000000100000000, 0x0000000100000000)
  eden space 239616K, 100% used [0x00000000eab00000,0x00000000f9500000,0x00000000f9500000)
  from space 54784K, 41% used [0x00000000f9500000,0x00000000fab6e948,0x00000000fca80000)
  to   space 54272K, 0% used [0x00000000fcb00000,0x00000000fcb00000,0x0000000100000000)
 ParOldGen       total 699392K, used 36074K [0x00000000c0000000, 0x00000000eab00000, 0x00000000eab00000)
  object space 699392K, 5% used [0x00000000c0000000,0x00000000c233aad8,0x00000000eab00000)
 Metaspace       used 93166K, capacity 94514K, committed 124928K, reserved 1157120K
  class space    used 11217K, capacity 11586K, committed 16768K, reserved 1048576K
22128.426: [GC (Allocation Failure) [PSYoungGen: 262586K->41380K(291840K)] 298661K->77463K(991232K), 0.0255220 secs] [Times: user=0.05 sys=0.00, real=0.02 secs] 
Heap after GC invocations=95 (full 9):
 PSYoungGen      total 291840K, used 41380K [0x00000000eab00000, 0x0000000100000000, 0x0000000100000000)
  eden space 237568K, 0% used [0x00000000eab00000,0x00000000eab00000,0x00000000f9300000)
  from space 54272K, 76% used [0x00000000fcb00000,0x00000000ff369288,0x0000000100000000)
  to   space 55808K, 0% used [0x00000000f9300000,0x00000000f9300000,0x00000000fc980000)
 ParOldGen       total 699392K, used 36082K [0x00000000c0000000, 0x00000000eab00000, 0x00000000eab00000)
  object space 699392K, 5% used [0x00000000c0000000,0x00000000c233cad8,0x00000000eab00000)
 Metaspace       used 93166K, capacity 94514K, committed 124928K, reserved 1157120K
  class space    used 11217K, capacity 11586K, committed 16768K, reserved 1048576K
}
{Heap before GC invocations=96 (full 9):
 PSYoungGen      total 291840K, used 278948K [0x00000000eab00000, 0x0000000100000000, 0x0000000100000000)
  eden space 237568K, 100% used [0x00000000eab00000,0x00000000f9300000,0x00000000f9300000)
  from space 54272K, 76% used [0x00000000fcb00000,0x00000000ff369288,0x0000000100000000)
  to   space 55808K, 0% used [0x00000000f9300000,0x00000000f9300000,0x00000000fc980000)
 ParOldGen       total 699392K, used 36082K [0x00000000c0000000, 0x00000000eab00000, 0x00000000eab00000)
  object space 699392K, 5% used [0x00000000c0000000,0x00000000c233cad8,0x00000000eab00000)
 Metaspace       used 102205K, capacity 103598K, committed 124928K, reserved 1157120K
  class space    used 12472K, capacity 12842K, committed 16768K, reserved 1048576K
22130.240: [GC (Allocation Failure) [PSYoungGen: 278948K->30645K(293376K)] 315031K->66735K(992768K), 0.0423403 secs] [Times: user=0.08 sys=0.00, real=0.05 secs] 
Heap after GC invocations=96 (full 9):
 PSYoungGen      total 293376K, used 30645K [0x00000000eab00000, 0x0000000100000000, 0x0000000100000000)
  eden space 237568K, 0% used [0x00000000eab00000,0x00000000eab00000,0x00000000f9300000)
  from space 55808K, 54% used [0x00000000f9300000,0x00000000fb0ed4c8,0x00000000fc980000)
  to   space 53760K, 0% used [0x00000000fcb80000,0x00000000fcb80000,0x0000000100000000)
 ParOldGen       total 699392K, used 36090K [0x00000000c0000000, 0x00000000eab00000, 0x00000000eab00000)
  object space 699392K, 5% used [0x00000000c0000000,0x00000000c233ead8,0x00000000eab00000)
 Metaspace       used 102205K, capacity 103598K, committed 124928K, reserved 1157120K
  class space    used 12472K, capacity 12842K, committed 16768K, reserved 1048576K
}
{Heap before GC invocations=97 (full 9):
 PSYoungGen      total 293376K, used 268213K [0x00000000eab00000, 0x0000000100000000, 0x0000000100000000)
  eden space 237568K, 100% used [0x00000000eab00000,0x00000000f9300000,0x00000000f9300000)
  from space 55808K, 54% used [0x00000000f9300000,0x00000000fb0ed4c8,0x00000000fc980000)
  to   space 53760K, 0% used [0x00000000fcb80000,0x00000000fcb80000,0x0000000100000000)
 ParOldGen       total 699392K, used 36090K [0x00000000c0000000, 0x00000000eab00000, 0x00000000eab00000)
  object space 699392K, 5% used [0x00000000c0000000,0x00000000c233ead8,0x00000000eab00000)
 Metaspace       used 104407K, capacity 105976K, committed 124928K, reserved 1157120K
  class space    used 12772K, capacity 13178K, committed 16768K, reserved 1048576K
22468.532: [GC (Allocation Failure) [PSYoungGen: 268213K->32656K(297472K)] 304303K->68755K(996864K), 0.0221989 secs] [Times: user=0.06 sys=0.00, real=0.03 secs] 
Heap after GC invocations=97 (full 9):
 PSYoungGen      total 297472K, used 32656K [0x00000000eab00000, 0x0000000100000000, 0x0000000100000000)
  eden space 243712K, 0% used [0x00000000eab00000,0x00000000eab00000,0x00000000f9900000)
  from space 53760K, 60% used [0x00000000fcb80000,0x00000000feb64358,0x0000000100000000)
  to   space 51712K, 0% used [0x00000000f9900000,0x00000000f9900000,0x00000000fcb80000)
 ParOldGen       total 699392K, used 36098K [0x00000000c0000000, 0x00000000eab00000, 0x00000000eab00000)
  object space 699392K, 5% used [0x00000000c0000000,0x00000000c2340ad8,0x00000000eab00000)
 Metaspace       used 104407K, capacity 105976K, committed 124928K, reserved 1157120K
  class space    used 12772K, capacity 13178K, committed 16768K, reserved 1048576K
}
{Heap before GC invocations=98 (full 9):
 PSYoungGen      total 297472K, used 276368K [0x00000000eab00000, 0x0000000100000000, 0x0000000100000000)
  eden space 243712K, 100% used [0x00000000eab00000,0x00000000f9900000,0x00000000f9900000)
  from space 53760K, 60% used [0x00000000fcb80000,0x00000000feb64358,0x0000000100000000)
  to   space 51712K, 0% used [0x00000000f9900000,0x00000000f9900000,0x00000000fcb80000)
 ParOldGen       total 699392K, used 36098K [0x00000000c0000000, 0x00000000eab00000, 0x00000000eab00000)
  object space 699392K, 5% used [0x00000000c0000000,0x00000000c2340ad8,0x00000000eab00000)
 Metaspace       used 109818K, capacity 111426K, committed 124928K, reserved 1157120K
  class space    used 13517K, capacity 13951K, committed 16768K, reserved 1048576K
22469.617: [GC (Allocation Failure) [PSYoungGen: 276368K->42664K(295424K)] 312467K->78770K(994816K), 0.0384374 secs] [Times: user=0.09 sys=0.00, real=0.04 secs] 
Heap after GC invocations=98 (full 9):
 PSYoungGen      total 295424K, used 42664K [0x00000000eab00000, 0x0000000100000000, 0x0000000100000000)
  eden space 243712K, 0% used [0x00000000eab00000,0x00000000eab00000,0x00000000f9900000)
  from space 51712K, 82% used [0x00000000f9900000,0x00000000fc2aa120,0x00000000fcb80000)
  to   space 53760K, 0% used [0x00000000fcb80000,0x00000000fcb80000,0x0000000100000000)
 ParOldGen       total 699392K, used 36106K [0x00000000c0000000, 0x00000000eab00000, 0x00000000eab00000)
  object space 699392K, 5% used [0x00000000c0000000,0x00000000c2342ad8,0x00000000eab00000)
 Metaspace       used 109818K, capacity 111426K, committed 124928K, reserved 1157120K
  class space    used 13517K, capacity 13951K, committed 16768K, reserved 1048576K
}
{Heap before GC invocations=99 (full 9):
 PSYoungGen      total 295424K, used 286376K [0x00000000eab00000, 0x0000000100000000, 0x0000000100000000)
  eden space 243712K, 100% used [0x00000000eab00000,0x00000000f9900000,0x00000000f9900000)
  from space 51712K, 82% used [0x00000000f9900000,0x00000000fc2aa120,0x00000000fcb80000)
  to   space 53760K, 0% used [0x00000000fcb80000,0x00000000fcb80000,0x0000000100000000)
 ParOldGen       total 699392K, used 36106K [0x00000000c0000000, 0x00000000eab00000, 0x00000000eab00000)
  object space 699392K, 5% used [0x00000000c0000000,0x00000000c2342ad8,0x00000000eab00000)
 Metaspace       used 115643K, capacity 117482K, committed 124928K, reserved 1157120K
  class space    used 14323K, capacity 14766K, committed 16768K, reserved 1048576K
22737.423: [GC (Allocation Failure) [PSYoungGen: 286376K->27535K(296448K)] 322482K->63650K(995840K), 0.0346288 secs] [Times: user=0.08 sys=0.00, real=0.03 secs] 
Heap after GC invocations=99 (full 9):
 PSYoungGen      total 296448K, used 27535K [0x00000000eab00000, 0x0000000100000000, 0x0000000100000000)
  eden space 242688K, 0% used [0x00000000eab00000,0x00000000eab00000,0x00000000f9800000)
  from space 53760K, 51% used [0x00000000fcb80000,0x00000000fe663f60,0x0000000100000000)
  to   space 52736K, 0% used [0x00000000f9800000,0x00000000f9800000,0x00000000fcb80000)
 ParOldGen       total 699392K, used 36114K [0x00000000c0000000, 0x00000000eab00000, 0x00000000eab00000)
  object space 699392K, 5% used [0x00000000c0000000,0x00000000c2344ad8,0x00000000eab00000)
 Metaspace       used 115643K, capacity 117482K, committed 124928K, reserved 1157120K
  class space    used 14323K, capacity 14766K, committed 16768K, reserved 1048576K
}
{Heap before GC invocations=100 (full 9):
 PSYoungGen      total 296448K, used 270223K [0x00000000eab00000, 0x0000000100000000, 0x0000000100000000)
  eden space 242688K, 100% used [0x00000000eab00000,0x00000000f9800000,0x00000000f9800000)
  from space 53760K, 51% used [0x00000000fcb80000,0x00000000fe663f60,0x0000000100000000)
  to   space 52736K, 0% used [0x00000000f9800000,0x00000000f9800000,0x00000000fcb80000)
 ParOldGen       total 699392K, used 36114K [0x00000000c0000000, 0x00000000eab00000, 0x00000000eab00000)
  object space 699392K, 5% used [0x00000000c0000000,0x00000000c2344ad8,0x00000000eab00000)
 Metaspace       used 117604K, capacity 119464K, committed 124928K, reserved 1157120K
  class space    used 14603K, capacity 15063K, committed 16768K, reserved 1048576K
22738.187: [GC (Allocation Failure) [PSYoungGen: 270223K->50776K(293888K)] 306338K->86898K(993280K), 0.0673739 secs] [Times: user=0.16 sys=0.00, real=0.07 secs] 
Heap after GC invocations=100 (full 9):
 PSYoungGen      total 293888K, used 50776K [0x00000000eab00000, 0x0000000100000000, 0x0000000100000000)
  eden space 242688K, 0% used [0x00000000eab00000,0x00000000eab00000,0x00000000f9800000)
  from space 51200K, 99% used [0x00000000f9800000,0x00000000fc996000,0x00000000fca00000)
  to   space 55296K, 0% used [0x00000000fca00000,0x00000000fca00000,0x0000000100000000)
 ParOldGen       total 699392K, used 36122K [0x00000000c0000000, 0x00000000eab00000, 0x00000000eab00000)
  object space 699392K, 5% used [0x00000000c0000000,0x00000000c2346ad8,0x00000000eab00000)
 Metaspace       used 117604K, capacity 119464K, committed 124928K, reserved 1157120K
  class space    used 14603K, capacity 15063K, committed 16768K, reserved 1048576K
}
{Heap before GC invocations=101 (full 9):
 PSYoungGen      total 293888K, used 293464K [0x00000000eab00000, 0x0000000100000000, 0x0000000100000000)
  eden space 242688K, 100% used [0x00000000eab00000,0x00000000f9800000,0x00000000f9800000)
  from space 51200K, 99% used [0x00000000f9800000,0x00000000fc996000,0x00000000fca00000)
  to   space 55296K, 0% used [0x00000000fca00000,0x00000000fca00000,0x0000000100000000)
 ParOldGen       total 699392K, used 36122K [0x00000000c0000000, 0x00000000eab00000, 0x00000000eab00000)
  object space 699392K, 5% used [0x00000000c0000000,0x00000000c2346ad8,0x00000000eab00000)
 Metaspace       used 126695K, capacity 128550K, committed 129920K, reserved 1163264K
  class space    used 15855K, capacity 16316K, committed 16768K, reserved 1048576K
22751.899: [GC (Allocation Failure) [PSYoungGen: 293464K->34750K(293888K)] 329586K->70881K(993280K), 0.0636132 secs] [Times: user=0.16 sys=0.00, real=0.07 secs] 
Heap after GC invocations=101 (full 9):
 PSYoungGen      total 293888K, used 34750K [0x00000000eab00000, 0x0000000100000000, 0x0000000100000000)
  eden space 238592K, 0% used [0x00000000eab00000,0x00000000eab00000,0x00000000f9400000)
  from space 55296K, 62% used [0x00000000fca00000,0x00000000febefb18,0x0000000100000000)
  to   space 55296K, 0% used [0x00000000f9400000,0x00000000f9400000,0x00000000fca00000)
 ParOldGen       total 699392K, used 36130K [0x00000000c0000000, 0x00000000eab00000, 0x00000000eab00000)
  object space 699392K, 5% used [0x00000000c0000000,0x00000000c2348ad8,0x00000000eab00000)
 Metaspace       used 126695K, capacity 128550K, committed 129920K, reserved 1163264K
  class space    used 15855K, capacity 16316K, committed 16768K, reserved 1048576K
}
{Heap before GC invocations=102 (full 9):
 PSYoungGen      total 293888K, used 273342K [0x00000000eab00000, 0x0000000100000000, 0x0000000100000000)
  eden space 238592K, 100% used [0x00000000eab00000,0x00000000f9400000,0x00000000f9400000)
  from space 55296K, 62% used [0x00000000fca00000,0x00000000febefb18,0x0000000100000000)
  to   space 55296K, 0% used [0x00000000f9400000,0x00000000f9400000,0x00000000fca00000)
 ParOldGen       total 699392K, used 36130K [0x00000000c0000000, 0x00000000eab00000, 0x00000000eab00000)
  object space 699392K, 5% used [0x00000000c0000000,0x00000000c2348ad8,0x00000000eab00000)
 Metaspace       used 126921K, capacity 128964K, committed 130176K, reserved 1163264K
  class space    used 15882K, capacity 16362K, committed 16768K, reserved 1048576K
22877.358: [GC (Allocation Failure) [PSYoungGen: 273342K->48949K(287744K)] 309473K->85087K(987136K), 0.0594167 secs] [Times: user=0.13 sys=0.00, real=0.06 secs] 
Heap after GC invocations=102 (full 9):
 PSYoungGen      total 287744K, used 48949K [0x00000000eab00000, 0x0000000100000000, 0x0000000100000000)
  eden space 238592K, 0% used [0x00000000eab00000,0x00000000eab00000,0x00000000f9400000)
  from space 49152K, 99% used [0x00000000f9400000,0x00000000fc3cd4f8,0x00000000fc400000)
  to   space 58368K, 0% used [0x00000000fc700000,0x00000000fc700000,0x0000000100000000)
 ParOldGen       total 699392K, used 36138K [0x00000000c0000000, 0x00000000eab00000, 0x00000000eab00000)
  object space 699392K, 5% used [0x00000000c0000000,0x00000000c234aad8,0x00000000eab00000)
 Metaspace       used 126921K, capacity 128964K, committed 130176K, reserved 1163264K
  class space    used 15882K, capacity 16362K, committed 16768K, reserved 1048576K
}
{Heap before GC invocations=103 (full 9):
 PSYoungGen      total 287744K, used 127560K [0x00000000eab00000, 0x0000000100000000, 0x0000000100000000)
  eden space 238592K, 32% used [0x00000000eab00000,0x00000000ef7c4db0,0x00000000f9400000)
  from space 49152K, 99% used [0x00000000f9400000,0x00000000fc3cd4f8,0x00000000fc400000)
  to   space 58368K, 0% used [0x00000000fc700000,0x00000000fc700000,0x0000000100000000)
 ParOldGen       total 699392K, used 36138K [0x00000000c0000000, 0x00000000eab00000, 0x00000000eab00000)
  object space 699392K, 5% used [0x00000000c0000000,0x00000000c234aad8,0x00000000eab00000)
 Metaspace       used 128049K, capacity 130094K, committed 131072K, reserved 1163264K
  class space    used 16044K, capacity 16527K, committed 16768K, reserved 1048576K
22877.764: [GC (Metadata GC Threshold) [PSYoungGen: 127560K->32587K(292352K)] 163699K->68726K(991744K), 0.0569257 secs] [Times: user=0.11 sys=0.00, real=0.06 secs] 
Heap after GC invocations=103 (full 9):
 PSYoungGen      total 292352K, used 32587K [0x00000000eab00000, 0x0000000100000000, 0x0000000100000000)
  eden space 233984K, 0% used [0x00000000eab00000,0x00000000eab00000,0x00000000f8f80000)
  from space 58368K, 55% used [0x00000000fc700000,0x00000000fe6d2eb0,0x0000000100000000)
  to   space 56832K, 0% used [0x00000000f8f80000,0x00000000f8f80000,0x00000000fc700000)
 ParOldGen       total 699392K, used 36138K [0x00000000c0000000, 0x00000000eab00000, 0x00000000eab00000)
  object space 699392K, 5% used [0x00000000c0000000,0x00000000c234aad8,0x00000000eab00000)
 Metaspace       used 128049K, capacity 130094K, committed 131072K, reserved 1163264K
  class space    used 16044K, capacity 16527K, committed 16768K, reserved 1048576K
}
{Heap before GC invocations=104 (full 10):
 PSYoungGen      total 292352K, used 32587K [0x00000000eab00000, 0x0000000100000000, 0x0000000100000000)
  eden space 233984K, 0% used [0x00000000eab00000,0x00000000eab00000,0x00000000f8f80000)
  from space 58368K, 55% used [0x00000000fc700000,0x00000000fe6d2eb0,0x0000000100000000)
  to   space 56832K, 0% used [0x00000000f8f80000,0x00000000f8f80000,0x00000000fc700000)
 ParOldGen       total 699392K, used 36138K [0x00000000c0000000, 0x00000000eab00000, 0x00000000eab00000)
  object space 699392K, 5% used [0x00000000c0000000,0x00000000c234aad8,0x00000000eab00000)
 Metaspace       used 128049K, capacity 130094K, committed 131072K, reserved 1163264K
  class space    used 16044K, capacity 16527K, committed 16768K, reserved 1048576K
22877.822: [Full GC (Metadata GC Threshold) [PSYoungGen: 32587K->0K(292352K)] [ParOldGen: 36138K->30791K(699392K)] 68726K->30791K(991744K), [Metaspace: 128049K->60725K(1157120K)], 0.2695234 secs] [Times: user=0.37 sys=0.01, real=0.26 secs] 
Heap after GC invocations=104 (full 10):
 PSYoungGen      total 292352K, used 0K [0x00000000eab00000, 0x0000000100000000, 0x0000000100000000)
  eden space 233984K, 0% used [0x00000000eab00000,0x00000000eab00000,0x00000000f8f80000)
  from space 58368K, 0% used [0x00000000fc700000,0x00000000fc700000,0x0000000100000000)
  to   space 56832K, 0% used [0x00000000f8f80000,0x00000000f8f80000,0x00000000fc700000)
 ParOldGen       total 699392K, used 30791K [0x00000000c0000000, 0x00000000eab00000, 0x00000000eab00000)
  object space 699392K, 4% used [0x00000000c0000000,0x00000000c1e11cc8,0x00000000eab00000)
 Metaspace       used 60725K, capacity 61436K, committed 124928K, reserved 1157120K
  class space    used 6708K, capacity 6974K, committed 16768K, reserved 1048576K
}
{Heap before GC invocations=105 (full 10):
 PSYoungGen      total 292352K, used 233984K [0x00000000eab00000, 0x0000000100000000, 0x0000000100000000)
  eden space 233984K, 100% used [0x00000000eab00000,0x00000000f8f80000,0x00000000f8f80000)
  from space 58368K, 0% used [0x00000000fc700000,0x00000000fc700000,0x0000000100000000)
  to   space 56832K, 0% used [0x00000000f8f80000,0x00000000f8f80000,0x00000000fc700000)
 ParOldGen       total 699392K, used 30791K [0x00000000c0000000, 0x00000000eab00000, 0x00000000eab00000)
  object space 699392K, 4% used [0x00000000c0000000,0x00000000c1e11cc8,0x00000000eab00000)
 Metaspace       used 69904K, capacity 70670K, committed 124928K, reserved 1157120K
  class space    used 7987K, capacity 8257K, committed 16768K, reserved 1048576K
22886.389: [GC (Allocation Failure) [PSYoungGen: 233984K->14373K(290816K)] 264775K->45172K(990208K), 0.0261855 secs] [Times: user=0.05 sys=0.00, real=0.03 secs] 
Heap after GC invocations=105 (full 10):
 PSYoungGen      total 290816K, used 14373K [0x00000000eab00000, 0x0000000100000000, 0x0000000100000000)
  eden space 233984K, 0% used [0x00000000eab00000,0x00000000eab00000,0x00000000f8f80000)
  from space 56832K, 25% used [0x00000000f8f80000,0x00000000f9d89488,0x00000000fc700000)
  to   space 58368K, 0% used [0x00000000fc700000,0x00000000fc700000,0x0000000100000000)
 ParOldGen       total 699392K, used 30799K [0x00000000c0000000, 0x00000000eab00000, 0x00000000eab00000)
  object space 699392K, 4% used [0x00000000c0000000,0x00000000c1e13cc8,0x00000000eab00000)
 Metaspace       used 69904K, capacity 70670K, committed 124928K, reserved 1157120K
  class space    used 7987K, capacity 8257K, committed 16768K, reserved 1048576K
}
{Heap before GC invocations=106 (full 10):
 PSYoungGen      total 290816K, used 248357K [0x00000000eab00000, 0x0000000100000000, 0x0000000100000000)
  eden space 233984K, 100% used [0x00000000eab00000,0x00000000f8f80000,0x00000000f8f80000)
  from space 56832K, 25% used [0x00000000f8f80000,0x00000000f9d89488,0x00000000fc700000)
  to   space 58368K, 0% used [0x00000000fc700000,0x00000000fc700000,0x0000000100000000)
 ParOldGen       total 699392K, used 30799K [0x00000000c0000000, 0x00000000eab00000, 0x00000000eab00000)
  object space 699392K, 4% used [0x00000000c0000000,0x00000000c1e13cc8,0x00000000eab00000)
 Metaspace       used 70846K, capacity 71776K, committed 124928K, reserved 1157120K
  class space    used 8102K, capacity 8401K, committed 16768K, reserved 1048576K
23071.705: [GC (Allocation Failure) [PSYoungGen: 248357K->28004K(292352K)] 279156K->58811K(991744K), 0.0157164 secs] [Times: user=0.03 sys=0.00, real=0.01 secs] 
Heap after GC invocations=106 (full 10):
 PSYoungGen      total 292352K, used 28004K [0x00000000eab00000, 0x0000000100000000, 0x0000000100000000)
  eden space 233984K, 0% used [0x00000000eab00000,0x00000000eab00000,0x00000000f8f80000)
  from space 58368K, 47% used [0x00000000fc700000,0x00000000fe259320,0x0000000100000000)
  to   space 56832K, 0% used [0x00000000f8f80000,0x00000000f8f80000,0x00000000fc700000)
 ParOldGen       total 699392K, used 30807K [0x00000000c0000000, 0x00000000eab00000, 0x00000000eab00000)
  object space 699392K, 4% used [0x00000000c0000000,0x00000000c1e15cc8,0x00000000eab00000)
 Metaspace       used 70846K, capacity 71776K, committed 124928K, reserved 1157120K
  class space    used 8102K, capacity 8401K, committed 16768K, reserved 1048576K
}
{Heap before GC invocations=107 (full 10):
 PSYoungGen      total 292352K, used 261988K [0x00000000eab00000, 0x0000000100000000, 0x0000000100000000)
  eden space 233984K, 100% used [0x00000000eab00000,0x00000000f8f80000,0x00000000f8f80000)
  from space 58368K, 47% used [0x00000000fc700000,0x00000000fe259320,0x0000000100000000)
  to   space 56832K, 0% used [0x00000000f8f80000,0x00000000f8f80000,0x00000000fc700000)
 ParOldGen       total 699392K, used 30807K [0x00000000c0000000, 0x00000000eab00000, 0x00000000eab00000)
  object space 699392K, 4% used [0x00000000c0000000,0x00000000c1e15cc8,0x00000000eab00000)
 Metaspace       used 78169K, capacity 79152K, committed 124928K, reserved 1157120K
  class space    used 9118K, capacity 9431K, committed 16768K, reserved 1048576K
23073.374: [GC (Allocation Failure) [PSYoungGen: 261988K->26211K(290816K)] 292795K->57026K(990208K), 0.0478173 secs] [Times: user=0.11 sys=0.01, real=0.05 secs] 
Heap after GC invocations=107 (full 10):
 PSYoungGen      total 290816K, used 26211K [0x00000000eab00000, 0x0000000100000000, 0x0000000100000000)
  eden space 233984K, 0% used [0x00000000eab00000,0x00000000eab00000,0x00000000f8f80000)
  from space 56832K, 46% used [0x00000000f8f80000,0x00000000fa918cc0,0x00000000fc700000)
  to   space 55808K, 0% used [0x00000000fc980000,0x00000000fc980000,0x0000000100000000)
 ParOldGen       total 699392K, used 30815K [0x00000000c0000000, 0x00000000eab00000, 0x00000000eab00000)
  object space 699392K, 4% used [0x00000000c0000000,0x00000000c1e17cc8,0x00000000eab00000)
 Metaspace       used 78169K, capacity 79152K, committed 124928K, reserved 1157120K
  class space    used 9118K, capacity 9431K, committed 16768K, reserved 1048576K
}
{Heap before GC invocations=108 (full 10):
 PSYoungGen      total 290816K, used 260195K [0x00000000eab00000, 0x0000000100000000, 0x0000000100000000)
  eden space 233984K, 100% used [0x00000000eab00000,0x00000000f8f80000,0x00000000f8f80000)
  from space 56832K, 46% used [0x00000000f8f80000,0x00000000fa918cc0,0x00000000fc700000)
  to   space 55808K, 0% used [0x00000000fc980000,0x00000000fc980000,0x0000000100000000)
 ParOldGen       total 699392K, used 30815K [0x00000000c0000000, 0x00000000eab00000, 0x00000000eab00000)
  object space 699392K, 4% used [0x00000000c0000000,0x00000000c1e17cc8,0x00000000eab00000)
 Metaspace       used 82085K, capacity 83218K, committed 124928K, reserved 1157120K
  class space    used 9656K, capacity 9989K, committed 16768K, reserved 1048576K
23116.710: [GC (Allocation Failure) [PSYoungGen: 260195K->20610K(293888K)] 291010K->51433K(993280K), 0.0149610 secs] [Times: user=0.03 sys=0.00, real=0.02 secs] 
Heap after GC invocations=108 (full 10):
 PSYoungGen      total 293888K, used 20610K [0x00000000eab00000, 0x0000000100000000, 0x0000000100000000)
  eden space 238080K, 0% used [0x00000000eab00000,0x00000000eab00000,0x00000000f9380000)
  from space 55808K, 36% used [0x00000000fc980000,0x00000000fdda0af0,0x0000000100000000)
  to   space 55296K, 0% used [0x00000000f9380000,0x00000000f9380000,0x00000000fc980000)
 ParOldGen       total 699392K, used 30823K [0x00000000c0000000, 0x00000000eab00000, 0x00000000eab00000)
  object space 699392K, 4% used [0x00000000c0000000,0x00000000c1e19cc8,0x00000000eab00000)
 Metaspace       used 82085K, capacity 83218K, committed 124928K, reserved 1157120K
  class space    used 9656K, capacity 9989K, committed 16768K, reserved 1048576K
}
{Heap before GC invocations=109 (full 10):
 PSYoungGen      total 293888K, used 258690K [0x00000000eab00000, 0x0000000100000000, 0x0000000100000000)
  eden space 238080K, 100% used [0x00000000eab00000,0x00000000f9380000,0x00000000f9380000)
  from space 55808K, 36% used [0x00000000fc980000,0x00000000fdda0af0,0x0000000100000000)
  to   space 55296K, 0% used [0x00000000f9380000,0x00000000f9380000,0x00000000fc980000)
 ParOldGen       total 699392K, used 30823K [0x00000000c0000000, 0x00000000eab00000, 0x00000000eab00000)
  object space 699392K, 4% used [0x00000000c0000000,0x00000000c1e19cc8,0x00000000eab00000)
 Metaspace       used 85580K, capacity 86726K, committed 124928K, reserved 1157120K
  class space    used 10141K, capacity 10476K, committed 16768K, reserved 1048576K
23117.416: [GC (Allocation Failure) [PSYoungGen: 258690K->37587K(293376K)] 289513K->68410K(992768K), 0.0318743 secs] [Times: user=0.06 sys=0.00, real=0.03 secs] 
Heap after GC invocations=109 (full 10):
 PSYoungGen      total 293376K, used 37587K [0x00000000eab00000, 0x0000000100000000, 0x0000000100000000)
  eden space 238080K, 0% used [0x00000000eab00000,0x00000000eab00000,0x00000000f9380000)
  from space 55296K, 67% used [0x00000000f9380000,0x00000000fb834ef8,0x00000000fc980000)
  to   space 55296K, 0% used [0x00000000fca00000,0x00000000fca00000,0x0000000100000000)
 ParOldGen       total 699392K, used 30823K [0x00000000c0000000, 0x00000000eab00000, 0x00000000eab00000)
  object space 699392K, 4% used [0x00000000c0000000,0x00000000c1e19cc8,0x00000000eab00000)
 Metaspace       used 85580K, capacity 86726K, committed 124928K, reserved 1157120K
  class space    used 10141K, capacity 10476K, committed 16768K, reserved 1048576K
}
{Heap before GC invocations=110 (full 10):
 PSYoungGen      total 293376K, used 275667K [0x00000000eab00000, 0x0000000100000000, 0x0000000100000000)
  eden space 238080K, 100% used [0x00000000eab00000,0x00000000f9380000,0x00000000f9380000)
  from space 55296K, 67% used [0x00000000f9380000,0x00000000fb834ef8,0x00000000fc980000)
  to   space 55296K, 0% used [0x00000000fca00000,0x00000000fca00000,0x0000000100000000)
 ParOldGen       total 699392K, used 30823K [0x00000000c0000000, 0x00000000eab00000, 0x00000000eab00000)
  object space 699392K, 4% used [0x00000000c0000000,0x00000000c1e19cc8,0x00000000eab00000)
 Metaspace       used 92384K, capacity 93688K, committed 124928K, reserved 1157120K
  class space    used 11076K, capacity 11445K, committed 16768K, reserved 1048576K
23126.430: [GC (Allocation Failure) [PSYoungGen: 275667K->22760K(294912K)] 306490K->53583K(994304K), 0.0376687 secs] [Times: user=0.09 sys=0.00, real=0.04 secs] 
Heap after GC invocations=110 (full 10):
 PSYoungGen      total 294912K, used 22760K [0x00000000eab00000, 0x0000000100000000, 0x0000000100000000)
  eden space 239616K, 0% used [0x00000000eab00000,0x00000000eab00000,0x00000000f9500000)
  from space 55296K, 41% used [0x00000000fca00000,0x00000000fe03a220,0x0000000100000000)
  to   space 54272K, 0% used [0x00000000f9500000,0x00000000f9500000,0x00000000fca00000)
 ParOldGen       total 699392K, used 30823K [0x00000000c0000000, 0x00000000eab00000, 0x00000000eab00000)
  object space 699392K, 4% used [0x00000000c0000000,0x00000000c1e19cc8,0x00000000eab00000)
 Metaspace       used 92384K, capacity 93688K, committed 124928K, reserved 1157120K
  class space    used 11076K, capacity 11445K, committed 16768K, reserved 1048576K
}
{Heap before GC invocations=111 (full 10):
 PSYoungGen      total 294912K, used 262376K [0x00000000eab00000, 0x0000000100000000, 0x0000000100000000)
  eden space 239616K, 100% used [0x00000000eab00000,0x00000000f9500000,0x00000000f9500000)
  from space 55296K, 41% used [0x00000000fca00000,0x00000000fe03a220,0x0000000100000000)
  to   space 54272K, 0% used [0x00000000f9500000,0x00000000f9500000,0x00000000fca00000)
 ParOldGen       total 699392K, used 30823K [0x00000000c0000000, 0x00000000eab00000, 0x00000000eab00000)
  object space 699392K, 4% used [0x00000000c0000000,0x00000000c1e19cc8,0x00000000eab00000)
 Metaspace       used 93375K, capacity 94754K, committed 124928K, reserved 1157120K
  class space    used 11214K, capacity 11583K, committed 16768K, reserved 1048576K
23301.528: [GC (Allocation Failure) [PSYoungGen: 262376K->40362K(280064K)] 293199K->71193K(979456K), 0.0232864 secs] [Times: user=0.06 sys=0.00, real=0.02 secs] 
Heap after GC invocations=111 (full 10):
 PSYoungGen      total 280064K, used 40362K [0x00000000eab00000, 0x0000000100000000, 0x0000000100000000)
  eden space 239616K, 0% used [0x00000000eab00000,0x00000000eab00000,0x00000000f9500000)
  from space 40448K, 99% used [0x00000000f9500000,0x00000000fbc6a9f0,0x00000000fbc80000)
  to   space 55808K, 0% used [0x00000000fc980000,0x00000000fc980000,0x0000000100000000)
 ParOldGen       total 699392K, used 30831K [0x00000000c0000000, 0x00000000eab00000, 0x00000000eab00000)
  object space 699392K, 4% used [0x00000000c0000000,0x00000000c1e1bcc8,0x00000000eab00000)
 Metaspace       used 93375K, capacity 94754K, committed 124928K, reserved 1157120K
  class space    used 11214K, capacity 11583K, committed 16768K, reserved 1048576K
}
{Heap before GC invocations=112 (full 10):
 PSYoungGen      total 280064K, used 279978K [0x00000000eab00000, 0x0000000100000000, 0x0000000100000000)
  eden space 239616K, 100% used [0x00000000eab00000,0x00000000f9500000,0x00000000f9500000)
  from space 40448K, 99% used [0x00000000f9500000,0x00000000fbc6a9f0,0x00000000fbc80000)
  to   space 55808K, 0% used [0x00000000fc980000,0x00000000fc980000,0x0000000100000000)
 ParOldGen       total 699392K, used 30831K [0x00000000c0000000, 0x00000000eab00000, 0x00000000eab00000)
  object space 699392K, 4% used [0x00000000c0000000,0x00000000c1e1bcc8,0x00000000eab00000)
 Metaspace       used 101934K, capacity 103384K, committed 124928K, reserved 1157120K
  class space    used 12393K, capacity 12774K, committed 16768K, reserved 1048576K
23302.830: [GC (Allocation Failure) [PSYoungGen: 279978K->31950K(295936K)] 310809K->62782K(995328K), 0.0322001 secs] [Times: user=0.09 sys=0.00, real=0.04 secs] 
Heap after GC invocations=112 (full 10):
 PSYoungGen      total 295936K, used 31950K [0x00000000eab00000, 0x0000000100000000, 0x0000000100000000)
  eden space 240128K, 0% used [0x00000000eab00000,0x00000000eab00000,0x00000000f9580000)
  from space 55808K, 57% used [0x00000000fc980000,0x00000000fe8b3bc8,0x0000000100000000)
  to   space 53248K, 0% used [0x00000000f9580000,0x00000000f9580000,0x00000000fc980000)
 ParOldGen       total 699392K, used 30831K [0x00000000c0000000, 0x00000000eab00000, 0x00000000eab00000)
  object space 699392K, 4% used [0x00000000c0000000,0x00000000c1e1bcc8,0x00000000eab00000)
 Metaspace       used 101934K, capacity 103384K, committed 124928K, reserved 1157120K
  class space    used 12393K, capacity 12774K, committed 16768K, reserved 1048576K
}
{Heap before GC invocations=113 (full 10):
 PSYoungGen      total 295936K, used 272078K [0x00000000eab00000, 0x0000000100000000, 0x0000000100000000)
  eden space 240128K, 100% used [0x00000000eab00000,0x00000000f9580000,0x00000000f9580000)
  from space 55808K, 57% used [0x00000000fc980000,0x00000000fe8b3bc8,0x0000000100000000)
  to   space 53248K, 0% used [0x00000000f9580000,0x00000000f9580000,0x00000000fc980000)
 ParOldGen       total 699392K, used 30831K [0x00000000c0000000, 0x00000000eab00000, 0x00000000eab00000)
  object space 699392K, 4% used [0x00000000c0000000,0x00000000c1e1bcc8,0x00000000eab00000)
 Metaspace       used 104611K, capacity 106206K, committed 124928K, reserved 1157120K
  class space    used 12767K, capacity 13173K, committed 16768K, reserved 1048576K
23577.642: [GC (Allocation Failure) [PSYoungGen: 272078K->32355K(293376K)] 302910K->63194K(992768K), 0.0229533 secs] [Times: user=0.06 sys=0.00, real=0.02 secs] 
Heap after GC invocations=113 (full 10):
 PSYoungGen      total 293376K, used 32355K [0x00000000eab00000, 0x0000000100000000, 0x0000000100000000)
  eden space 240128K, 0% used [0x00000000eab00000,0x00000000eab00000,0x00000000f9580000)
  from space 53248K, 60% used [0x00000000f9580000,0x00000000fb518e88,0x00000000fc980000)
  to   space 51200K, 0% used [0x00000000fce00000,0x00000000fce00000,0x0000000100000000)
 ParOldGen       total 699392K, used 30839K [0x00000000c0000000, 0x00000000eab00000, 0x00000000eab00000)
  object space 699392K, 4% used [0x00000000c0000000,0x00000000c1e1dcc8,0x00000000eab00000)
 Metaspace       used 104611K, capacity 106206K, committed 124928K, reserved 1157120K
  class space    used 12767K, capacity 13173K, committed 16768K, reserved 1048576K
}
{Heap before GC invocations=114 (full 10):
 PSYoungGen      total 293376K, used 272483K [0x00000000eab00000, 0x0000000100000000, 0x0000000100000000)
  eden space 240128K, 100% used [0x00000000eab00000,0x00000000f9580000,0x00000000f9580000)
  from space 53248K, 60% used [0x00000000f9580000,0x00000000fb518e88,0x00000000fc980000)
  to   space 51200K, 0% used [0x00000000fce00000,0x00000000fce00000,0x0000000100000000)
 ParOldGen       total 699392K, used 30839K [0x00000000c0000000, 0x00000000eab00000, 0x00000000eab00000)
  object space 699392K, 4% used [0x00000000c0000000,0x00000000c1e1dcc8,0x00000000eab00000)
 Metaspace       used 109421K, capacity 111122K, committed 124928K, reserved 1157120K
  class space    used 13428K, capacity 13852K, committed 16768K, reserved 1048576K
23578.569: [GC (Allocation Failure) [PSYoungGen: 272483K->42784K(292864K)] 303322K->73623K(992256K), 0.0452172 secs] [Times: user=0.09 sys=0.01, real=0.05 secs] 
Heap after GC invocations=114 (full 10):
 PSYoungGen      total 292864K, used 42784K [0x00000000eab00000, 0x0000000100000000, 0x0000000100000000)
  eden space 241664K, 0% used [0x00000000eab00000,0x00000000eab00000,0x00000000f9700000)
  from space 51200K, 83% used [0x00000000fce00000,0x00000000ff7c82a8,0x0000000100000000)
  to   space 53760K, 0% used [0x00000000f9700000,0x00000000f9700000,0x00000000fcb80000)
 ParOldGen       total 699392K, used 30839K [0x00000000c0000000, 0x00000000eab00000, 0x00000000eab00000)
  object space 699392K, 4% used [0x00000000c0000000,0x00000000c1e1dcc8,0x00000000eab00000)
 Metaspace       used 109421K, capacity 111122K, committed 124928K, reserved 1157120K
  class space    used 13428K, capacity 13852K, committed 16768K, reserved 1048576K
}
{Heap before GC invocations=115 (full 10):
 PSYoungGen      total 292864K, used 284448K [0x00000000eab00000, 0x0000000100000000, 0x0000000100000000)
  eden space 241664K, 100% used [0x00000000eab00000,0x00000000f9700000,0x00000000f9700000)
  from space 51200K, 83% used [0x00000000fce00000,0x00000000ff7c82a8,0x0000000100000000)
  to   space 53760K, 0% used [0x00000000f9700000,0x00000000f9700000,0x00000000fcb80000)
 ParOldGen       total 699392K, used 30839K [0x00000000c0000000, 0x00000000eab00000, 0x00000000eab00000)
  object space 699392K, 4% used [0x00000000c0000000,0x00000000c1e1dcc8,0x00000000eab00000)
 Metaspace       used 115828K, capacity 117712K, committed 124928K, reserved 1157120K
  class space    used 14317K, capacity 14761K, committed 16768K, reserved 1048576K
23592.322: [GC (Allocation Failure) [PSYoungGen: 284448K->30279K(295424K)] 315287K->61118K(994816K), 0.0585012 secs] [Times: user=0.12 sys=0.00, real=0.05 secs] 
