Java HotSpot(TM) 64-Bit Server VM (25.121-b13) for linux-amd64 JRE (1.8.0_121-b13), built on Dec 12 2016 16:36:53 by "java_re" with gcc 4.3.0 20080428 (Red Hat 4.3.0-8)
Memory: 4k page, physical 8035332k(5762704k free), swap 3999740k(3999740k free)
CommandLine flags: -XX:+HeapDumpOnOutOfMemoryError -XX:HeapDumpPath=../../../instances/tomcat8/logs/tomcat8_java_pid_20170816100331.hprof -XX:InitialHeapSize=1073741824 -XX:+ManagementServer -XX:MaxHeapSize=1073741824 -XX:MaxMetaspaceSize=268435456 -XX:MetaspaceSize=268435456 -XX:+PrintGC -XX:+PrintGCDetails -XX:+PrintGCTimeStamps -XX:+PrintHeapAtGC -XX:+UseCompressedClassPointers -XX:+UseCompressedOops -XX:+UseParallelGC -XX:+UseParallelOldGC 
{Heap before GC invocations=1 (full 0):
 PSYoungGen      total 305664K, used 262144K [0x00000000eab00000, 0x0000000100000000, 0x0000000100000000)
  eden space 262144K, 100% used [0x00000000eab00000,0x00000000fab00000,0x00000000fab00000)
  from space 43520K, 0% used [0x00000000fd580000,0x00000000fd580000,0x0000000100000000)
  to   space 43520K, 0% used [0x00000000fab00000,0x00000000fab00000,0x00000000fd580000)
 ParOldGen       total 699392K, used 0K [0x00000000c0000000, 0x00000000eab00000, 0x00000000eab00000)
  object space 699392K, 0% used [0x00000000c0000000,0x00000000c0000000,0x00000000eab00000)
 Metaspace       used 16699K, capacity 17016K, committed 17152K, reserved 1064960K
  class space    used 1892K, capacity 2030K, committed 2048K, reserved 1048576K
1.698: [GC (Allocation Failure) [PSYoungGen: 262144K->38765K(305664K)] 262144K->38845K(1005056K), 0.0259464 secs] [Times: user=0.05 sys=0.03, real=0.03 secs] 
Heap after GC invocations=1 (full 0):
 PSYoungGen      total 305664K, used 38765K [0x00000000eab00000, 0x0000000100000000, 0x0000000100000000)
  eden space 262144K, 0% used [0x00000000eab00000,0x00000000eab00000,0x00000000fab00000)
  from space 43520K, 89% used [0x00000000fab00000,0x00000000fd0db578,0x00000000fd580000)
  to   space 43520K, 0% used [0x00000000fd580000,0x00000000fd580000,0x0000000100000000)
 ParOldGen       total 699392K, used 80K [0x00000000c0000000, 0x00000000eab00000, 0x00000000eab00000)
  object space 699392K, 0% used [0x00000000c0000000,0x00000000c0014010,0x00000000eab00000)
 Metaspace       used 16699K, capacity 17016K, committed 17152K, reserved 1064960K
  class space    used 1892K, capacity 2030K, committed 2048K, reserved 1048576K
}
{Heap before GC invocations=2 (full 0):
 PSYoungGen      total 305664K, used 300909K [0x00000000eab00000, 0x0000000100000000, 0x0000000100000000)
  eden space 262144K, 100% used [0x00000000eab00000,0x00000000fab00000,0x00000000fab00000)
  from space 43520K, 89% used [0x00000000fab00000,0x00000000fd0db578,0x00000000fd580000)
  to   space 43520K, 0% used [0x00000000fd580000,0x00000000fd580000,0x0000000100000000)
 ParOldGen       total 699392K, used 80K [0x00000000c0000000, 0x00000000eab00000, 0x00000000eab00000)
  object space 699392K, 0% used [0x00000000c0000000,0x00000000c0014010,0x00000000eab00000)
 Metaspace       used 28501K, capacity 28952K, committed 29184K, reserved 1075200K
  class space    used 3388K, capacity 3534K, committed 3584K, reserved 1048576K
3.433: [GC (Allocation Failure) [PSYoungGen: 300909K->32759K(305664K)] 300989K->32863K(1005056K), 0.0378234 secs] [Times: user=0.12 sys=0.02, real=0.04 secs] 
