Java HotSpot(TM) 64-Bit Server VM (24.80-b11) for linux-amd64 JRE (1.7.0_80-b15), built on Apr 10 2015 19:53:14 by "java_re" with gcc 4.3.0 20080428 (Red Hat 4.3.0-8)
Memory: 4k page, physical 8035296k(1378124k free), swap 3999740k(3992756k free)
CommandLine flags: -XX:+HeapDumpOnOutOfMemoryError -XX:HeapDumpPath=../../../instances/tomcat8/logs/tomcat8_java_pid_20170912111210.hprof -XX:InitialHeapSize=1073741824 -XX:+ManagementServer -XX:MaxHeapSize=1073741824 -XX:MaxPermSize=268435456 -XX:PermSize=268435456 -XX:+PrintGC -XX:+PrintGCDetails -XX:+PrintGCTimeStamps -XX:+PrintHeapAtGC -XX:+UseCompressedOops -XX:+UseParallelGC -XX:+UseParallelOldGC 
{Heap before GC invocations=1 (full 0):
 PSYoungGen      total 306176K, used 262656K [0x00000000eaa80000, 0x0000000100000000, 0x0000000100000000)
  eden space 262656K, 100% used [0x00000000eaa80000,0x00000000fab00000,0x00000000fab00000)
  from space 43520K, 0% used [0x00000000fd580000,0x00000000fd580000,0x0000000100000000)
  to   space 43520K, 0% used [0x00000000fab00000,0x00000000fab00000,0x00000000fd580000)
 ParOldGen       total 699392K, used 0K [0x00000000bff80000, 0x00000000eaa80000, 0x00000000eaa80000)
  object space 699392K, 0% used [0x00000000bff80000,0x00000000bff80000,0x00000000eaa80000)
 PSPermGen       total 262144K, used 15559K [0x00000000aff80000, 0x00000000bff80000, 0x00000000bff80000)
  object space 262144K, 5% used [0x00000000aff80000,0x00000000b0eb1ca0,0x00000000bff80000)
3.110: [GC [PSYoungGen: 262656K->39109K(306176K)] 262656K->39181K(1005568K), 0.0293530 secs] [Times: user=0.05 sys=0.01, real=0.04 secs] 
Heap after GC invocations=1 (full 0):
 PSYoungGen      total 306176K, used 39109K [0x00000000eaa80000, 0x0000000100000000, 0x0000000100000000)
  eden space 262656K, 0% used [0x00000000eaa80000,0x00000000eaa80000,0x00000000fab00000)
  from space 43520K, 89% used [0x00000000fab00000,0x00000000fd131690,0x00000000fd580000)
  to   space 43520K, 0% used [0x00000000fd580000,0x00000000fd580000,0x0000000100000000)
 ParOldGen       total 699392K, used 72K [0x00000000bff80000, 0x00000000eaa80000, 0x00000000eaa80000)
  object space 699392K, 0% used [0x00000000bff80000,0x00000000bff92010,0x00000000eaa80000)
 PSPermGen       total 262144K, used 15559K [0x00000000aff80000, 0x00000000bff80000, 0x00000000bff80000)
  object space 262144K, 5% used [0x00000000aff80000,0x00000000b0eb1ca0,0x00000000bff80000)
}
{Heap before GC invocations=2 (full 0):
 PSYoungGen      total 306176K, used 301765K [0x00000000eaa80000, 0x0000000100000000, 0x0000000100000000)
  eden space 262656K, 100% used [0x00000000eaa80000,0x00000000fab00000,0x00000000fab00000)
  from space 43520K, 89% used [0x00000000fab00000,0x00000000fd131690,0x00000000fd580000)
  to   space 43520K, 0% used [0x00000000fd580000,0x00000000fd580000,0x0000000100000000)
 ParOldGen       total 699392K, used 72K [0x00000000bff80000, 0x00000000eaa80000, 0x00000000eaa80000)
  object space 699392K, 0% used [0x00000000bff80000,0x00000000bff92010,0x00000000eaa80000)
 PSPermGen       total 262144K, used 21850K [0x00000000aff80000, 0x00000000bff80000, 0x00000000bff80000)
  object space 262144K, 8% used [0x00000000aff80000,0x00000000b14d6a48,0x00000000bff80000)
5.540: [GC [PSYoungGen: 301765K->40277K(306176K)] 301837K->40357K(1005568K), 0.0313770 secs] [Times: user=0.07 sys=0.02, real=0.03 secs] 
Heap after GC invocations=2 (full 0):
 PSYoungGen      total 306176K, used 40277K [0x00000000eaa80000, 0x0000000100000000, 0x0000000100000000)
  eden space 262656K, 0% used [0x00000000eaa80000,0x00000000eaa80000,0x00000000fab00000)
  from space 43520K, 92% used [0x00000000fd580000,0x00000000ffcd5630,0x0000000100000000)
  to   space 43520K, 0% used [0x00000000fab00000,0x00000000fab00000,0x00000000fd580000)
 ParOldGen       total 699392K, used 80K [0x00000000bff80000, 0x00000000eaa80000, 0x00000000eaa80000)
  object space 699392K, 0% used [0x00000000bff80000,0x00000000bff94010,0x00000000eaa80000)
 PSPermGen       total 262144K, used 21850K [0x00000000aff80000, 0x00000000bff80000, 0x00000000bff80000)
  object space 262144K, 8% used [0x00000000aff80000,0x00000000b14d6a48,0x00000000bff80000)
}
{Heap before GC invocations=3 (full 0):
 PSYoungGen      total 306176K, used 302933K [0x00000000eaa80000, 0x0000000100000000, 0x0000000100000000)
  eden space 262656K, 100% used [0x00000000eaa80000,0x00000000fab00000,0x00000000fab00000)
  from space 43520K, 92% used [0x00000000fd580000,0x00000000ffcd5630,0x0000000100000000)
  to   space 43520K, 0% used [0x00000000fab00000,0x00000000fab00000,0x00000000fd580000)
 ParOldGen       total 699392K, used 80K [0x00000000bff80000, 0x00000000eaa80000, 0x00000000eaa80000)
  object space 699392K, 0% used [0x00000000bff80000,0x00000000bff94010,0x00000000eaa80000)
 PSPermGen       total 262144K, used 21864K [0x00000000aff80000, 0x00000000bff80000, 0x00000000bff80000)
  object space 262144K, 8% used [0x00000000aff80000,0x00000000b14da298,0x00000000bff80000)
6.219: [GC [PSYoungGen: 302933K->43519K(306176K)] 303013K->55207K(1005568K), 0.0473520 secs] [Times: user=0.16 sys=0.00, real=0.04 secs] 
Heap after GC invocations=3 (full 0):
 PSYoungGen      total 306176K, used 43519K [0x00000000eaa80000, 0x0000000100000000, 0x0000000100000000)
  eden space 262656K, 0% used [0x00000000eaa80000,0x00000000eaa80000,0x00000000fab00000)
  from space 43520K, 99% used [0x00000000fab00000,0x00000000fd57fcb8,0x00000000fd580000)
  to   space 43520K, 0% used [0x00000000fd580000,0x00000000fd580000,0x0000000100000000)
 ParOldGen       total 699392K, used 11688K [0x00000000bff80000, 0x00000000eaa80000, 0x00000000eaa80000)
  object space 699392K, 1% used [0x00000000bff80000,0x00000000c0aea2d8,0x00000000eaa80000)
 PSPermGen       total 262144K, used 21864K [0x00000000aff80000, 0x00000000bff80000, 0x00000000bff80000)
  object space 262144K, 8% used [0x00000000aff80000,0x00000000b14da298,0x00000000bff80000)
}
{Heap before GC invocations=4 (full 0):
 PSYoungGen      total 306176K, used 306175K [0x00000000eaa80000, 0x0000000100000000, 0x0000000100000000)
  eden space 262656K, 100% used [0x00000000eaa80000,0x00000000fab00000,0x00000000fab00000)
  from space 43520K, 99% used [0x00000000fab00000,0x00000000fd57fcb8,0x00000000fd580000)
  to   space 43520K, 0% used [0x00000000fd580000,0x00000000fd580000,0x0000000100000000)
 ParOldGen       total 699392K, used 11688K [0x00000000bff80000, 0x00000000eaa80000, 0x00000000eaa80000)
  object space 699392K, 1% used [0x00000000bff80000,0x00000000c0aea2d8,0x00000000eaa80000)
 PSPermGen       total 262144K, used 39685K [0x00000000aff80000, 0x00000000bff80000, 0x00000000bff80000)
  object space 262144K, 15% used [0x00000000aff80000,0x00000000b2641510,0x00000000bff80000)
27.138: [GC [PSYoungGen: 306175K->35538K(306176K)] 317863K->47234K(1005568K), 0.0440020 secs] [Times: user=0.10 sys=0.00, real=0.04 secs] 
