Java HotSpot(TM) 64-Bit Server VM (25.121-b13) for linux-amd64 JRE (1.8.0_121-b13), built on Dec 12 2016 16:36:53 by "java_re" with gcc 4.3.0 20080428 (Red Hat 4.3.0-8)
Memory: 4k page, physical 8035332k(1689548k free), swap 3999740k(3999740k free)
CommandLine flags: -XX:+HeapDumpOnOutOfMemoryError -XX:HeapDumpPath=../../../instances/tomcat8/logs/tomcat8_java_pid_20170815202044.hprof -XX:InitialHeapSize=1073741824 -XX:+ManagementServer -XX:MaxHeapSize=1073741824 -XX:MaxMetaspaceSize=134217728 -XX:MetaspaceSize=134217728 -XX:+PrintGC -XX:+PrintGCDetails -XX:+PrintGCTimeStamps -XX:+PrintHeapAtGC -XX:+UseCompressedClassPointers -XX:+UseCompressedOops -XX:+UseParallelGC -XX:+UseParallelOldGC 
{Heap before GC invocations=1 (full 0):
 PSYoungGen      total 305664K, used 262144K [0x00000000eab00000, 0x0000000100000000, 0x0000000100000000)
  eden space 262144K, 100% used [0x00000000eab00000,0x00000000fab00000,0x00000000fab00000)
  from space 43520K, 0% used [0x00000000fd580000,0x00000000fd580000,0x0000000100000000)
  to   space 43520K, 0% used [0x00000000fab00000,0x00000000fab00000,0x00000000fd580000)
 ParOldGen       total 699392K, used 0K [0x00000000c0000000, 0x00000000eab00000, 0x00000000eab00000)
  object space 699392K, 0% used [0x00000000c0000000,0x00000000c0000000,0x00000000eab00000)
 Metaspace       used 16697K, capacity 17016K, committed 17152K, reserved 1064960K
  class space    used 1892K, capacity 2030K, committed 2048K, reserved 1048576K
1.664: [GC (Allocation Failure) [PSYoungGen: 262144K->39030K(305664K)] 262144K->39110K(1005056K), 0.0297801 secs] [Times: user=0.06 sys=0.01, real=0.03 secs] 
Heap after GC invocations=1 (full 0):
 PSYoungGen      total 305664K, used 39030K [0x00000000eab00000, 0x0000000100000000, 0x0000000100000000)
  eden space 262144K, 0% used [0x00000000eab00000,0x00000000eab00000,0x00000000fab00000)
  from space 43520K, 89% used [0x00000000fab00000,0x00000000fd11da70,0x00000000fd580000)
  to   space 43520K, 0% used [0x00000000fd580000,0x00000000fd580000,0x0000000100000000)
 ParOldGen       total 699392K, used 80K [0x00000000c0000000, 0x00000000eab00000, 0x00000000eab00000)
  object space 699392K, 0% used [0x00000000c0000000,0x00000000c0014010,0x00000000eab00000)
 Metaspace       used 16697K, capacity 17016K, committed 17152K, reserved 1064960K
  class space    used 1892K, capacity 2030K, committed 2048K, reserved 1048576K
}
{Heap before GC invocations=2 (full 0):
 PSYoungGen      total 305664K, used 301174K [0x00000000eab00000, 0x0000000100000000, 0x0000000100000000)
  eden space 262144K, 100% used [0x00000000eab00000,0x00000000fab00000,0x00000000fab00000)
  from space 43520K, 89% used [0x00000000fab00000,0x00000000fd11da70,0x00000000fd580000)
  to   space 43520K, 0% used [0x00000000fd580000,0x00000000fd580000,0x0000000100000000)
 ParOldGen       total 699392K, used 80K [0x00000000c0000000, 0x00000000eab00000, 0x00000000eab00000)
  object space 699392K, 0% used [0x00000000c0000000,0x00000000c0014010,0x00000000eab00000)
 Metaspace       used 28745K, capacity 29210K, committed 29440K, reserved 1075200K
  class space    used 3429K, capacity 3559K, committed 3584K, reserved 1048576K
3.248: [GC (Allocation Failure) [PSYoungGen: 301174K->33115K(305664K)] 301254K->33211K(1005056K), 0.0313396 secs] [Times: user=0.10 sys=0.01, real=0.04 secs] 
Heap after GC invocations=2 (full 0):
 PSYoungGen      total 305664K, used 33115K [0x00000000eab00000, 0x0000000100000000, 0x0000000100000000)
  eden space 262144K, 0% used [0x00000000eab00000,0x00000000eab00000,0x00000000fab00000)
  from space 43520K, 76% used [0x00000000fd580000,0x00000000ff5d6d08,0x0000000100000000)
  to   space 43520K, 0% used [0x00000000fab00000,0x00000000fab00000,0x00000000fd580000)
 ParOldGen       total 699392K, used 96K [0x00000000c0000000, 0x00000000eab00000, 0x00000000eab00000)
  object space 699392K, 0% used [0x00000000c0000000,0x00000000c0018010,0x00000000eab00000)
 Metaspace       used 28745K, capacity 29210K, committed 29440K, reserved 1075200K
  class space    used 3429K, capacity 3559K, committed 3584K, reserved 1048576K
}
{Heap before GC invocations=3 (full 0):
 PSYoungGen      total 305664K, used 295259K [0x00000000eab00000, 0x0000000100000000, 0x0000000100000000)
  eden space 262144K, 100% used [0x00000000eab00000,0x00000000fab00000,0x00000000fab00000)
  from space 43520K, 76% used [0x00000000fd580000,0x00000000ff5d6d08,0x0000000100000000)
  to   space 43520K, 0% used [0x00000000fab00000,0x00000000fab00000,0x00000000fd580000)
 ParOldGen       total 699392K, used 96K [0x00000000c0000000, 0x00000000eab00000, 0x00000000eab00000)
  object space 699392K, 0% used [0x00000000c0000000,0x00000000c0018010,0x00000000eab00000)
 Metaspace       used 45258K, capacity 45750K, committed 46080K, reserved 1089536K
  class space    used 5126K, capacity 5284K, committed 5376K, reserved 1048576K
12.493: [GC (Allocation Failure) [PSYoungGen: 295259K->34657K(305664K)] 295355K->34769K(1005056K), 0.0541439 secs] [Times: user=0.15 sys=0.00, real=0.05 secs] 
Heap after GC invocations=3 (full 0):
 PSYoungGen      total 305664K, used 34657K [0x00000000eab00000, 0x0000000100000000, 0x0000000100000000)
  eden space 262144K, 0% used [0x00000000eab00000,0x00000000eab00000,0x00000000fab00000)
  from space 43520K, 79% used [0x00000000fab00000,0x00000000fccd8628,0x00000000fd580000)
  to   space 43520K, 0% used [0x00000000fd580000,0x00000000fd580000,0x0000000100000000)
 ParOldGen       total 699392K, used 112K [0x00000000c0000000, 0x00000000eab00000, 0x00000000eab00000)
  object space 699392K, 0% used [0x00000000c0000000,0x00000000c001c010,0x00000000eab00000)
 Metaspace       used 45258K, capacity 45750K, committed 46080K, reserved 1089536K
  class space    used 5126K, capacity 5284K, committed 5376K, reserved 1048576K
}
{Heap before GC invocations=4 (full 0):
 PSYoungGen      total 305664K, used 296801K [0x00000000eab00000, 0x0000000100000000, 0x0000000100000000)
  eden space 262144K, 100% used [0x00000000eab00000,0x00000000fab00000,0x00000000fab00000)
  from space 43520K, 79% used [0x00000000fab00000,0x00000000fccd8628,0x00000000fd580000)
  to   space 43520K, 0% used [0x00000000fd580000,0x00000000fd580000,0x0000000100000000)
 ParOldGen       total 699392K, used 112K [0x00000000c0000000, 0x00000000eab00000, 0x00000000eab00000)
  object space 699392K, 0% used [0x00000000c0000000,0x00000000c001c010,0x00000000eab00000)
 Metaspace       used 46310K, capacity 46828K, committed 47232K, reserved 1091584K
  class space    used 5233K, capacity 5397K, committed 5504K, reserved 1048576K
34.407: [GC (Allocation Failure) [PSYoungGen: 296801K->43512K(305664K)] 296913K->51078K(1005056K), 0.0394787 secs] [Times: user=0.13 sys=0.00, real=0.04 secs] 
Heap after GC invocations=4 (full 0):
 PSYoungGen      total 305664K, used 43512K [0x00000000eab00000, 0x0000000100000000, 0x0000000100000000)
  eden space 262144K, 0% used [0x00000000eab00000,0x00000000eab00000,0x00000000fab00000)
  from space 43520K, 99% used [0x00000000fd580000,0x00000000ffffe058,0x0000000100000000)
  to   space 43520K, 0% used [0x00000000fab00000,0x00000000fab00000,0x00000000fd580000)
 ParOldGen       total 699392K, used 7566K [0x00000000c0000000, 0x00000000eab00000, 0x00000000eab00000)
  object space 699392K, 1% used [0x00000000c0000000,0x00000000c07639a8,0x00000000eab00000)
 Metaspace       used 46310K, capacity 46828K, committed 47232K, reserved 1091584K
  class space    used 5233K, capacity 5397K, committed 5504K, reserved 1048576K
}
{Heap before GC invocations=5 (full 0):
 PSYoungGen      total 305664K, used 305656K [0x00000000eab00000, 0x0000000100000000, 0x0000000100000000)
  eden space 262144K, 100% used [0x00000000eab00000,0x00000000fab00000,0x00000000fab00000)
  from space 43520K, 99% used [0x00000000fd580000,0x00000000ffffe058,0x0000000100000000)
  to   space 43520K, 0% used [0x00000000fab00000,0x00000000fab00000,0x00000000fd580000)
 ParOldGen       total 699392K, used 7566K [0x00000000c0000000, 0x00000000eab00000, 0x00000000eab00000)
  object space 699392K, 1% used [0x00000000c0000000,0x00000000c07639a8,0x00000000eab00000)
 Metaspace       used 54851K, capacity 55422K, committed 55808K, reserved 1097728K
  class space    used 6390K, capacity 6566K, committed 6656K, reserved 1048576K
36.700: [GC (Allocation Failure) [PSYoungGen: 305656K->38482K(301056K)] 313222K->46064K(1000448K), 0.0592173 secs] [Times: user=0.16 sys=0.01, real=0.06 secs] 
Heap after GC invocations=5 (full 0):
 PSYoungGen      total 301056K, used 38482K [0x00000000eab00000, 0x0000000100000000, 0x0000000100000000)
  eden space 262144K, 0% used [0x00000000eab00000,0x00000000eab00000,0x00000000fab00000)
  from space 38912K, 98% used [0x00000000fab00000,0x00000000fd094900,0x00000000fd100000)
  to   space 48128K, 0% used [0x00000000fd100000,0x00000000fd100000,0x0000000100000000)
 ParOldGen       total 699392K, used 7582K [0x00000000c0000000, 0x00000000eab00000, 0x00000000eab00000)
  object space 699392K, 1% used [0x00000000c0000000,0x00000000c07679a8,0x00000000eab00000)
 Metaspace       used 54851K, capacity 55422K, committed 55808K, reserved 1097728K
  class space    used 6390K, capacity 6566K, committed 6656K, reserved 1048576K
}
{Heap before GC invocations=6 (full 0):
 PSYoungGen      total 301056K, used 300626K [0x00000000eab00000, 0x0000000100000000, 0x0000000100000000)
  eden space 262144K, 100% used [0x00000000eab00000,0x00000000fab00000,0x00000000fab00000)
  from space 38912K, 98% used [0x00000000fab00000,0x00000000fd094900,0x00000000fd100000)
  to   space 48128K, 0% used [0x00000000fd100000,0x00000000fd100000,0x0000000100000000)
 ParOldGen       total 699392K, used 7582K [0x00000000c0000000, 0x00000000eab00000, 0x00000000eab00000)
  object space 699392K, 1% used [0x00000000c0000000,0x00000000c07679a8,0x00000000eab00000)
 Metaspace       used 61942K, capacity 62600K, committed 62976K, reserved 1105920K
  class space    used 7163K, capacity 7348K, committed 7424K, reserved 1048576K
151.926: [GC (Allocation Failure) [PSYoungGen: 300626K->44339K(295936K)] 308208K->51930K(995328K), 0.0297094 secs] [Times: user=0.08 sys=0.00, real=0.03 secs] 
Heap after GC invocations=6 (full 0):
 PSYoungGen      total 295936K, used 44339K [0x00000000eab00000, 0x0000000100000000, 0x0000000100000000)
  eden space 247808K, 0% used [0x00000000eab00000,0x00000000eab00000,0x00000000f9d00000)
  from space 48128K, 92% used [0x00000000fd100000,0x00000000ffc4ce70,0x0000000100000000)
  to   space 50688K, 0% used [0x00000000f9d00000,0x00000000f9d00000,0x00000000fce80000)
 ParOldGen       total 699392K, used 7590K [0x00000000c0000000, 0x00000000eab00000, 0x00000000eab00000)
  object space 699392K, 1% used [0x00000000c0000000,0x00000000c07699a8,0x00000000eab00000)
 Metaspace       used 61942K, capacity 62600K, committed 62976K, reserved 1105920K
  class space    used 7163K, capacity 7348K, committed 7424K, reserved 1048576K
}
{Heap before GC invocations=7 (full 0):
 PSYoungGen      total 295936K, used 292147K [0x00000000eab00000, 0x0000000100000000, 0x0000000100000000)
  eden space 247808K, 100% used [0x00000000eab00000,0x00000000f9d00000,0x00000000f9d00000)
  from space 48128K, 92% used [0x00000000fd100000,0x00000000ffc4ce70,0x0000000100000000)
  to   space 50688K, 0% used [0x00000000f9d00000,0x00000000f9d00000,0x00000000fce80000)
 ParOldGen       total 699392K, used 7590K [0x00000000c0000000, 0x00000000eab00000, 0x00000000eab00000)
  object space 699392K, 1% used [0x00000000c0000000,0x00000000c07699a8,0x00000000eab00000)
 Metaspace       used 66742K, capacity 67428K, committed 67968K, reserved 1110016K
  class space    used 7792K, capacity 7996K, committed 8064K, reserved 1048576K
153.037: [GC (Allocation Failure) [PSYoungGen: 292147K->40177K(298496K)] 299738K->60436K(997888K), 0.0614424 secs] [Times: user=0.11 sys=0.01, real=0.06 secs] 
Heap after GC invocations=7 (full 0):
 PSYoungGen      total 298496K, used 40177K [0x00000000eab00000, 0x0000000100000000, 0x0000000100000000)
  eden space 247808K, 0% used [0x00000000eab00000,0x00000000eab00000,0x00000000f9d00000)
  from space 50688K, 79% used [0x00000000f9d00000,0x00000000fc43c450,0x00000000fce80000)
  to   space 49152K, 0% used [0x00000000fd000000,0x00000000fd000000,0x0000000100000000)
 ParOldGen       total 699392K, used 20259K [0x00000000c0000000, 0x00000000eab00000, 0x00000000eab00000)
  object space 699392K, 2% used [0x00000000c0000000,0x00000000c13c8d88,0x00000000eab00000)
 Metaspace       used 66742K, capacity 67428K, committed 67968K, reserved 1110016K
  class space    used 7792K, capacity 7996K, committed 8064K, reserved 1048576K
}
{Heap before GC invocations=8 (full 0):
 PSYoungGen      total 298496K, used 287985K [0x00000000eab00000, 0x0000000100000000, 0x0000000100000000)
  eden space 247808K, 100% used [0x00000000eab00000,0x00000000f9d00000,0x00000000f9d00000)
  from space 50688K, 79% used [0x00000000f9d00000,0x00000000fc43c450,0x00000000fce80000)
  to   space 49152K, 0% used [0x00000000fd000000,0x00000000fd000000,0x0000000100000000)
 ParOldGen       total 699392K, used 20259K [0x00000000c0000000, 0x00000000eab00000, 0x00000000eab00000)
  object space 699392K, 2% used [0x00000000c0000000,0x00000000c13c8d88,0x00000000eab00000)
 Metaspace       used 77168K, capacity 77888K, committed 78464K, reserved 1118208K
  class space    used 9049K, capacity 9255K, committed 9344K, reserved 1048576K
161.480: [GC (Allocation Failure) [PSYoungGen: 287985K->21581K(294912K)] 308244K->47293K(994304K), 0.0292642 secs] [Times: user=0.08 sys=0.00, real=0.03 secs] 
Heap after GC invocations=8 (full 0):
 PSYoungGen      total 294912K, used 21581K [0x00000000eab00000, 0x0000000100000000, 0x0000000100000000)
  eden space 245760K, 0% used [0x00000000eab00000,0x00000000eab00000,0x00000000f9b00000)
  from space 49152K, 43% used [0x00000000fd000000,0x00000000fe513680,0x0000000100000000)
  to   space 51712K, 0% used [0x00000000f9b00000,0x00000000f9b00000,0x00000000fcd80000)
 ParOldGen       total 699392K, used 25712K [0x00000000c0000000, 0x00000000eab00000, 0x00000000eab00000)
  object space 699392K, 3% used [0x00000000c0000000,0x00000000c191c058,0x00000000eab00000)
 Metaspace       used 77168K, capacity 77888K, committed 78464K, reserved 1118208K
  class space    used 9049K, capacity 9255K, committed 9344K, reserved 1048576K
}
{Heap before GC invocations=9 (full 0):
 PSYoungGen      total 294912K, used 267341K [0x00000000eab00000, 0x0000000100000000, 0x0000000100000000)
  eden space 245760K, 100% used [0x00000000eab00000,0x00000000f9b00000,0x00000000f9b00000)
  from space 49152K, 43% used [0x00000000fd000000,0x00000000fe513680,0x0000000100000000)
  to   space 51712K, 0% used [0x00000000f9b00000,0x00000000f9b00000,0x00000000fcd80000)
 ParOldGen       total 699392K, used 25712K [0x00000000c0000000, 0x00000000eab00000, 0x00000000eab00000)
  object space 699392K, 3% used [0x00000000c0000000,0x00000000c191c058,0x00000000eab00000)
 Metaspace       used 77537K, capacity 78324K, committed 78976K, reserved 1118208K
  class space    used 9093K, capacity 9291K, committed 9344K, reserved 1048576K
267.554: [GC (Allocation Failure) [PSYoungGen: 267341K->41118K(297472K)] 293053K->71225K(996864K), 0.0617506 secs] [Times: user=0.13 sys=0.00, real=0.06 secs] 
Heap after GC invocations=9 (full 0):
 PSYoungGen      total 297472K, used 41118K [0x00000000eab00000, 0x0000000100000000, 0x0000000100000000)
  eden space 245760K, 0% used [0x00000000eab00000,0x00000000eab00000,0x00000000f9b00000)
  from space 51712K, 79% used [0x00000000f9b00000,0x00000000fc327b38,0x00000000fcd80000)
  to   space 51712K, 0% used [0x00000000fcd80000,0x00000000fcd80000,0x0000000100000000)
 ParOldGen       total 699392K, used 30106K [0x00000000c0000000, 0x00000000eab00000, 0x00000000eab00000)
  object space 699392K, 4% used [0x00000000c0000000,0x00000000c1d66970,0x00000000eab00000)
 Metaspace       used 77537K, capacity 78324K, committed 78976K, reserved 1118208K
  class space    used 9093K, capacity 9291K, committed 9344K, reserved 1048576K
}
{Heap before GC invocations=10 (full 0):
 PSYoungGen      total 297472K, used 286878K [0x00000000eab00000, 0x0000000100000000, 0x0000000100000000)
  eden space 245760K, 100% used [0x00000000eab00000,0x00000000f9b00000,0x00000000f9b00000)
  from space 51712K, 79% used [0x00000000f9b00000,0x00000000fc327b38,0x00000000fcd80000)
  to   space 51712K, 0% used [0x00000000fcd80000,0x00000000fcd80000,0x0000000100000000)
 ParOldGen       total 699392K, used 30106K [0x00000000c0000000, 0x00000000eab00000, 0x00000000eab00000)
  object space 699392K, 4% used [0x00000000c0000000,0x00000000c1d66970,0x00000000eab00000)
 Metaspace       used 87208K, capacity 88066K, committed 88704K, reserved 1128448K
  class space    used 10395K, capacity 10614K, committed 10624K, reserved 1048576K
270.151: [GC (Allocation Failure) [PSYoungGen: 286878K->17711K(293376K)] 316985K->52061K(992768K), 0.0226505 secs] [Times: user=0.05 sys=0.00, real=0.02 secs] 
Heap after GC invocations=10 (full 0):
 PSYoungGen      total 293376K, used 17711K [0x00000000eab00000, 0x0000000100000000, 0x0000000100000000)
  eden space 241664K, 0% used [0x00000000eab00000,0x00000000eab00000,0x00000000f9700000)
  from space 51712K, 34% used [0x00000000fcd80000,0x00000000fdecbd28,0x0000000100000000)
  to   space 53760K, 0% used [0x00000000f9700000,0x00000000f9700000,0x00000000fcb80000)
 ParOldGen       total 699392K, used 34350K [0x00000000c0000000, 0x00000000eab00000, 0x00000000eab00000)
  object space 699392K, 4% used [0x00000000c0000000,0x00000000c218bab8,0x00000000eab00000)
 Metaspace       used 87208K, capacity 88066K, committed 88704K, reserved 1128448K
  class space    used 10395K, capacity 10614K, committed 10624K, reserved 1048576K
}
{Heap before GC invocations=11 (full 0):
 PSYoungGen      total 293376K, used 259375K [0x00000000eab00000, 0x0000000100000000, 0x0000000100000000)
  eden space 241664K, 100% used [0x00000000eab00000,0x00000000f9700000,0x00000000f9700000)
  from space 51712K, 34% used [0x00000000fcd80000,0x00000000fdecbd28,0x0000000100000000)
  to   space 53760K, 0% used [0x00000000f9700000,0x00000000f9700000,0x00000000fcb80000)
 ParOldGen       total 699392K, used 34350K [0x00000000c0000000, 0x00000000eab00000, 0x00000000eab00000)
  object space 699392K, 4% used [0x00000000c0000000,0x00000000c218bab8,0x00000000eab00000)
 Metaspace       used 93157K, capacity 94076K, committed 94848K, reserved 1132544K
  class space    used 11048K, capacity 11265K, committed 11392K, reserved 1048576K
397.476: [GC (Allocation Failure) [PSYoungGen: 259375K->26255K(295424K)] 293725K->63524K(994816K), 0.0295644 secs] [Times: user=0.05 sys=0.00, real=0.03 secs] 
Heap after GC invocations=11 (full 0):
 PSYoungGen      total 295424K, used 26255K [0x00000000eab00000, 0x0000000100000000, 0x0000000100000000)
  eden space 241664K, 0% used [0x00000000eab00000,0x00000000eab00000,0x00000000f9700000)
  from space 53760K, 48% used [0x00000000f9700000,0x00000000fb0a3f88,0x00000000fcb80000)
  to   space 53760K, 0% used [0x00000000fcb80000,0x00000000fcb80000,0x0000000100000000)
 ParOldGen       total 699392K, used 37268K [0x00000000c0000000, 0x00000000eab00000, 0x00000000eab00000)
  object space 699392K, 5% used [0x00000000c0000000,0x00000000c2465340,0x00000000eab00000)
 Metaspace       used 93157K, capacity 94076K, committed 94848K, reserved 1132544K
  class space    used 11048K, capacity 11265K, committed 11392K, reserved 1048576K
}
{Heap before GC invocations=12 (full 0):
 PSYoungGen      total 295424K, used 267919K [0x00000000eab00000, 0x0000000100000000, 0x0000000100000000)
  eden space 241664K, 100% used [0x00000000eab00000,0x00000000f9700000,0x00000000f9700000)
  from space 53760K, 48% used [0x00000000f9700000,0x00000000fb0a3f88,0x00000000fcb80000)
  to   space 53760K, 0% used [0x00000000fcb80000,0x00000000fcb80000,0x0000000100000000)
 ParOldGen       total 699392K, used 37268K [0x00000000c0000000, 0x00000000eab00000, 0x00000000eab00000)
  object space 699392K, 5% used [0x00000000c0000000,0x00000000c2465340,0x00000000eab00000)
 Metaspace       used 98128K, capacity 99120K, committed 99840K, reserved 1136640K
  class space    used 11716K, capacity 11944K, committed 12032K, reserved 1048576K
398.964: [GC (Allocation Failure) [PSYoungGen: 267919K->26486K(295936K)] 305188K->65960K(995328K), 0.0265417 secs] [Times: user=0.05 sys=0.00, real=0.03 secs] 
Heap after GC invocations=12 (full 0):
 PSYoungGen      total 295936K, used 26486K [0x00000000eab00000, 0x0000000100000000, 0x0000000100000000)
  eden space 242176K, 0% used [0x00000000eab00000,0x00000000eab00000,0x00000000f9780000)
  from space 53760K, 49% used [0x00000000fcb80000,0x00000000fe55d928,0x0000000100000000)
  to   space 53248K, 0% used [0x00000000f9780000,0x00000000f9780000,0x00000000fcb80000)
 ParOldGen       total 699392K, used 39474K [0x00000000c0000000, 0x00000000eab00000, 0x00000000eab00000)
  object space 699392K, 5% used [0x00000000c0000000,0x00000000c268c8a8,0x00000000eab00000)
 Metaspace       used 98128K, capacity 99120K, committed 99840K, reserved 1136640K
  class space    used 11716K, capacity 11944K, committed 12032K, reserved 1048576K
}
{Heap before GC invocations=13 (full 0):
 PSYoungGen      total 295936K, used 268662K [0x00000000eab00000, 0x0000000100000000, 0x0000000100000000)
  eden space 242176K, 100% used [0x00000000eab00000,0x00000000f9780000,0x00000000f9780000)
  from space 53760K, 49% used [0x00000000fcb80000,0x00000000fe55d928,0x0000000100000000)
  to   space 53248K, 0% used [0x00000000f9780000,0x00000000f9780000,0x00000000fcb80000)
 ParOldGen       total 699392K, used 39474K [0x00000000c0000000, 0x00000000eab00000, 0x00000000eab00000)
  object space 699392K, 5% used [0x00000000c0000000,0x00000000c268c8a8,0x00000000eab00000)
 Metaspace       used 108565K, capacity 109618K, committed 110592K, reserved 1146880K
  class space    used 12987K, capacity 13236K, committed 13312K, reserved 1048576K
538.150: [GC (Allocation Failure) [PSYoungGen: 268662K->15847K(258048K)] 308136K->56473K(957440K), 0.0164166 secs] [Times: user=0.03 sys=0.00, real=0.01 secs] 
Heap after GC invocations=13 (full 0):
 PSYoungGen      total 258048K, used 15847K [0x00000000eab00000, 0x0000000100000000, 0x0000000100000000)
  eden space 242176K, 0% used [0x00000000eab00000,0x00000000eab00000,0x00000000f9780000)
  from space 15872K, 99% used [0x00000000f9780000,0x00000000fa6f9ce8,0x00000000fa700000)
  to   space 54784K, 0% used [0x00000000fca80000,0x00000000fca80000,0x0000000100000000)
 ParOldGen       total 699392K, used 40626K [0x00000000c0000000, 0x00000000eab00000, 0x00000000eab00000)
  object space 699392K, 5% used [0x00000000c0000000,0x00000000c27ac8c8,0x00000000eab00000)
 Metaspace       used 108565K, capacity 109618K, committed 110592K, reserved 1146880K
  class space    used 12987K, capacity 13236K, committed 13312K, reserved 1048576K
}
{Heap before GC invocations=14 (full 0):
 PSYoungGen      total 258048K, used 258023K [0x00000000eab00000, 0x0000000100000000, 0x0000000100000000)
  eden space 242176K, 100% used [0x00000000eab00000,0x00000000f9780000,0x00000000f9780000)
  from space 15872K, 99% used [0x00000000f9780000,0x00000000fa6f9ce8,0x00000000fa700000)
  to   space 54784K, 0% used [0x00000000fca80000,0x00000000fca80000,0x0000000100000000)
 ParOldGen       total 699392K, used 40626K [0x00000000c0000000, 0x00000000eab00000, 0x00000000eab00000)
  object space 699392K, 5% used [0x00000000c0000000,0x00000000c27ac8c8,0x00000000eab00000)
 Metaspace       used 108796K, capacity 109936K, committed 110848K, reserved 1146880K
  class space    used 13027K, capacity 13277K, committed 13312K, reserved 1048576K
538.799: [GC (Allocation Failure) [PSYoungGen: 258023K->33584K(296448K)] 298649K->77621K(995840K), 0.0314538 secs] [Times: user=0.05 sys=0.00, real=0.03 secs] 
Heap after GC invocations=14 (full 0):
 PSYoungGen      total 296448K, used 33584K [0x00000000eab00000, 0x0000000100000000, 0x0000000100000000)
  eden space 241664K, 0% used [0x00000000eab00000,0x00000000eab00000,0x00000000f9700000)
  from space 54784K, 61% used [0x00000000fca80000,0x00000000feb4c2c8,0x0000000100000000)
  to   space 52736K, 0% used [0x00000000f9700000,0x00000000f9700000,0x00000000fca80000)
 ParOldGen       total 699392K, used 44037K [0x00000000c0000000, 0x00000000eab00000, 0x00000000eab00000)
  object space 699392K, 6% used [0x00000000c0000000,0x00000000c2b01420,0x00000000eab00000)
 Metaspace       used 108796K, capacity 109936K, committed 110848K, reserved 1146880K
  class space    used 13027K, capacity 13277K, committed 13312K, reserved 1048576K
}
{Heap before GC invocations=15 (full 0):
 PSYoungGen      total 296448K, used 275248K [0x00000000eab00000, 0x0000000100000000, 0x0000000100000000)
  eden space 241664K, 100% used [0x00000000eab00000,0x00000000f9700000,0x00000000f9700000)
  from space 54784K, 61% used [0x00000000fca80000,0x00000000feb4c2c8,0x0000000100000000)
  to   space 52736K, 0% used [0x00000000f9700000,0x00000000f9700000,0x00000000fca80000)
 ParOldGen       total 699392K, used 44037K [0x00000000c0000000, 0x00000000eab00000, 0x00000000eab00000)
  object space 699392K, 6% used [0x00000000c0000000,0x00000000c2b01420,0x00000000eab00000)
 Metaspace       used 120472K, capacity 121626K, committed 122368K, reserved 1157120K
  class space    used 14538K, capacity 14820K, committed 14848K, reserved 1048576K
541.593: [GC (Allocation Failure) [PSYoungGen: 275248K->17598K(294400K)] 319285K->62325K(993792K), 0.0190985 secs] [Times: user=0.03 sys=0.00, real=0.02 secs] 
Heap after GC invocations=15 (full 0):
 PSYoungGen      total 294400K, used 17598K [0x00000000eab00000, 0x0000000100000000, 0x0000000100000000)
  eden space 241664K, 0% used [0x00000000eab00000,0x00000000eab00000,0x00000000f9700000)
  from space 52736K, 33% used [0x00000000f9700000,0x00000000fa82fa90,0x00000000fca80000)
  to   space 53248K, 0% used [0x00000000fcc00000,0x00000000fcc00000,0x0000000100000000)
 ParOldGen       total 699392K, used 44727K [0x00000000c0000000, 0x00000000eab00000, 0x00000000eab00000)
  object space 699392K, 6% used [0x00000000c0000000,0x00000000c2badcc0,0x00000000eab00000)
 Metaspace       used 120472K, capacity 121626K, committed 122368K, reserved 1157120K
  class space    used 14538K, capacity 14820K, committed 14848K, reserved 1048576K
}
{Heap before GC invocations=16 (full 0):
 PSYoungGen      total 294400K, used 259262K [0x00000000eab00000, 0x0000000100000000, 0x0000000100000000)
  eden space 241664K, 100% used [0x00000000eab00000,0x00000000f9700000,0x00000000f9700000)
  from space 52736K, 33% used [0x00000000f9700000,0x00000000fa82fa90,0x00000000fca80000)
  to   space 53248K, 0% used [0x00000000fcc00000,0x00000000fcc00000,0x0000000100000000)
 ParOldGen       total 699392K, used 44727K [0x00000000c0000000, 0x00000000eab00000, 0x00000000eab00000)
  object space 699392K, 6% used [0x00000000c0000000,0x00000000c2badcc0,0x00000000eab00000)
 Metaspace       used 124067K, capacity 125284K, committed 126080K, reserved 1161216K
  class space    used 14930K, capacity 15218K, committed 15232K, reserved 1048576K
832.685: [GC (Allocation Failure) [PSYoungGen: 259262K->25691K(296960K)] 303989K->73450K(996352K), 0.0167179 secs] [Times: user=0.04 sys=0.00, real=0.02 secs] 
Heap after GC invocations=16 (full 0):
 PSYoungGen      total 296960K, used 25691K [0x00000000eab00000, 0x0000000100000000, 0x0000000100000000)
  eden space 243712K, 0% used [0x00000000eab00000,0x00000000eab00000,0x00000000f9900000)
  from space 53248K, 48% used [0x00000000fcc00000,0x00000000fe516d88,0x0000000100000000)
  to   space 52224K, 0% used [0x00000000f9900000,0x00000000f9900000,0x00000000fcc00000)
 ParOldGen       total 699392K, used 47759K [0x00000000c0000000, 0x00000000eab00000, 0x00000000eab00000)
  object space 699392K, 6% used [0x00000000c0000000,0x00000000c2ea3ce0,0x00000000eab00000)
 Metaspace       used 124067K, capacity 125284K, committed 126080K, reserved 1161216K
  class space    used 14930K, capacity 15218K, committed 15232K, reserved 1048576K
}
{Heap before GC invocations=17 (full 0):
 PSYoungGen      total 296960K, used 238036K [0x00000000eab00000, 0x0000000100000000, 0x0000000100000000)
  eden space 243712K, 87% used [0x00000000eab00000,0x00000000f7a5e410,0x00000000f9900000)
  from space 53248K, 48% used [0x00000000fcc00000,0x00000000fe516d88,0x0000000100000000)
  to   space 52224K, 0% used [0x00000000f9900000,0x00000000f9900000,0x00000000fcc00000)
 ParOldGen       total 699392K, used 47759K [0x00000000c0000000, 0x00000000eab00000, 0x00000000eab00000)
  object space 699392K, 6% used [0x00000000c0000000,0x00000000c2ea3ce0,0x00000000eab00000)
 Metaspace       used 128888K, capacity 130158K, committed 131072K, reserved 1165312K
  class space    used 15575K, capacity 15863K, committed 15872K, reserved 1048576K
833.521: [GC (Metadata GC Threshold) [PSYoungGen: 238036K->24582K(295936K)] 285795K->74383K(995328K), 0.0205112 secs] [Times: user=0.04 sys=0.01, real=0.02 secs] 
Heap after GC invocations=17 (full 0):
 PSYoungGen      total 295936K, used 24582K [0x00000000eab00000, 0x0000000100000000, 0x0000000100000000)
  eden space 243712K, 0% used [0x00000000eab00000,0x00000000eab00000,0x00000000f9900000)
  from space 52224K, 47% used [0x00000000f9900000,0x00000000fb101b88,0x00000000fcc00000)
  to   space 51200K, 0% used [0x00000000fce00000,0x00000000fce00000,0x0000000100000000)
 ParOldGen       total 699392K, used 49800K [0x00000000c0000000, 0x00000000eab00000, 0x00000000eab00000)
  object space 699392K, 7% used [0x00000000c0000000,0x00000000c30a22d8,0x00000000eab00000)
 Metaspace       used 128888K, capacity 130158K, committed 131072K, reserved 1165312K
  class space    used 15575K, capacity 15863K, committed 15872K, reserved 1048576K
}
{Heap before GC invocations=18 (full 1):
 PSYoungGen      total 295936K, used 24582K [0x00000000eab00000, 0x0000000100000000, 0x0000000100000000)
  eden space 243712K, 0% used [0x00000000eab00000,0x00000000eab00000,0x00000000f9900000)
  from space 52224K, 47% used [0x00000000f9900000,0x00000000fb101b88,0x00000000fcc00000)
  to   space 51200K, 0% used [0x00000000fce00000,0x00000000fce00000,0x0000000100000000)
 ParOldGen       total 699392K, used 49800K [0x00000000c0000000, 0x00000000eab00000, 0x00000000eab00000)
  object space 699392K, 7% used [0x00000000c0000000,0x00000000c30a22d8,0x00000000eab00000)
 Metaspace       used 128888K, capacity 130158K, committed 131072K, reserved 1165312K
  class space    used 15575K, capacity 15863K, committed 15872K, reserved 1048576K
833.541: [Full GC (Metadata GC Threshold) [PSYoungGen: 24582K->0K(295936K)] [ParOldGen: 49800K->63298K(699392K)] 74383K->63298K(995328K), [Metaspace: 128888K->128784K(1165312K)], 0.2075877 secs] [Times: user=0.60 sys=0.00, real=0.21 secs] 
Heap after GC invocations=18 (full 1):
 PSYoungGen      total 295936K, used 0K [0x00000000eab00000, 0x0000000100000000, 0x0000000100000000)
  eden space 243712K, 0% used [0x00000000eab00000,0x00000000eab00000,0x00000000f9900000)
  from space 52224K, 0% used [0x00000000f9900000,0x00000000f9900000,0x00000000fcc00000)
  to   space 51200K, 0% used [0x00000000fce00000,0x00000000fce00000,0x0000000100000000)
 ParOldGen       total 699392K, used 63298K [0x00000000c0000000, 0x00000000eab00000, 0x00000000eab00000)
  object space 699392K, 9% used [0x00000000c0000000,0x00000000c3dd0ae8,0x00000000eab00000)
 Metaspace       used 128784K, capacity 129738K, committed 131072K, reserved 1165312K
  class space    used 15569K, capacity 15851K, committed 15872K, reserved 1048576K
}
{Heap before GC invocations=19 (full 1):
 PSYoungGen      total 295936K, used 0K [0x00000000eab00000, 0x0000000100000000, 0x0000000100000000)
  eden space 243712K, 0% used [0x00000000eab00000,0x00000000eab00000,0x00000000f9900000)
  from space 52224K, 0% used [0x00000000f9900000,0x00000000f9900000,0x00000000fcc00000)
  to   space 51200K, 0% used [0x00000000fce00000,0x00000000fce00000,0x0000000100000000)
 ParOldGen       total 699392K, used 63298K [0x00000000c0000000, 0x00000000eab00000, 0x00000000eab00000)
  object space 699392K, 9% used [0x00000000c0000000,0x00000000c3dd0ae8,0x00000000eab00000)
 Metaspace       used 128784K, capacity 129738K, committed 131072K, reserved 1165312K
  class space    used 15569K, capacity 15851K, committed 15872K, reserved 1048576K
833.749: [GC (Last ditch collection) [PSYoungGen: 0K->0K(292864K)] 63298K->63298K(992256K), 0.0029782 secs] [Times: user=0.01 sys=0.00, real=0.00 secs] 
Heap after GC invocations=19 (full 1):
 PSYoungGen      total 292864K, used 0K [0x00000000eab00000, 0x0000000100000000, 0x0000000100000000)
  eden space 241664K, 0% used [0x00000000eab00000,0x00000000eab00000,0x00000000f9700000)
  from space 51200K, 0% used [0x00000000fce00000,0x00000000fce00000,0x0000000100000000)
  to   space 53760K, 0% used [0x00000000f9700000,0x00000000f9700000,0x00000000fcb80000)
 ParOldGen       total 699392K, used 63298K [0x00000000c0000000, 0x00000000eab00000, 0x00000000eab00000)
  object space 699392K, 9% used [0x00000000c0000000,0x00000000c3dd0ae8,0x00000000eab00000)
 Metaspace       used 128784K, capacity 129738K, committed 131072K, reserved 1165312K
  class space    used 15569K, capacity 15851K, committed 15872K, reserved 1048576K
}
{Heap before GC invocations=20 (full 2):
 PSYoungGen      total 292864K, used 0K [0x00000000eab00000, 0x0000000100000000, 0x0000000100000000)
  eden space 241664K, 0% used [0x00000000eab00000,0x00000000eab00000,0x00000000f9700000)
  from space 51200K, 0% used [0x00000000fce00000,0x00000000fce00000,0x0000000100000000)
  to   space 53760K, 0% used [0x00000000f9700000,0x00000000f9700000,0x00000000fcb80000)
 ParOldGen       total 699392K, used 63298K [0x00000000c0000000, 0x00000000eab00000, 0x00000000eab00000)
  object space 699392K, 9% used [0x00000000c0000000,0x00000000c3dd0ae8,0x00000000eab00000)
 Metaspace       used 128784K, capacity 129738K, committed 131072K, reserved 1165312K
  class space    used 15569K, capacity 15851K, committed 15872K, reserved 1048576K
833.752: [Full GC (Last ditch collection) [PSYoungGen: 0K->0K(292864K)] [ParOldGen: 63298K->59686K(699392K)] 63298K->59686K(992256K), [Metaspace: 128784K->128532K(1165312K)], 0.2182933 secs] [Times: user=0.61 sys=0.01, real=0.22 secs] 
Heap after GC invocations=20 (full 2):
 PSYoungGen      total 292864K, used 0K [0x00000000eab00000, 0x0000000100000000, 0x0000000100000000)
  eden space 241664K, 0% used [0x00000000eab00000,0x00000000eab00000,0x00000000f9700000)
  from space 51200K, 0% used [0x00000000fce00000,0x00000000fce00000,0x0000000100000000)
  to   space 53760K, 0% used [0x00000000f9700000,0x00000000f9700000,0x00000000fcb80000)
 ParOldGen       total 699392K, used 59686K [0x00000000c0000000, 0x00000000eab00000, 0x00000000eab00000)
  object space 699392K, 8% used [0x00000000c0000000,0x00000000c3a49b50,0x00000000eab00000)
 Metaspace       used 128532K, capacity 129338K, committed 131072K, reserved 1165312K
  class space    used 15529K, capacity 15779K, committed 15872K, reserved 1048576K
}
{Heap before GC invocations=21 (full 2):
 PSYoungGen      total 292864K, used 2410K [0x00000000eab00000, 0x0000000100000000, 0x0000000100000000)
  eden space 241664K, 0% used [0x00000000eab00000,0x00000000ead5ab18,0x00000000f9700000)
  from space 51200K, 0% used [0x00000000fce00000,0x00000000fce00000,0x0000000100000000)
  to   space 53760K, 0% used [0x00000000f9700000,0x00000000f9700000,0x00000000fcb80000)
 ParOldGen       total 699392K, used 59686K [0x00000000c0000000, 0x00000000eab00000, 0x00000000eab00000)
  object space 699392K, 8% used [0x00000000c0000000,0x00000000c3a49b50,0x00000000eab00000)
 Metaspace       used 128535K, capacity 129338K, committed 131072K, reserved 1165312K
  class space    used 15529K, capacity 15779K, committed 15872K, reserved 1048576K
834.319: [GC (Metadata GC Threshold) [PSYoungGen: 2410K->160K(242176K)] 62097K->59846K(941568K), 0.0034995 secs] [Times: user=0.01 sys=0.00, real=0.00 secs] 
Heap after GC invocations=21 (full 2):
 PSYoungGen      total 242176K, used 160K [0x00000000eab00000, 0x0000000100000000, 0x0000000100000000)
  eden space 241664K, 0% used [0x00000000eab00000,0x00000000eab00000,0x00000000f9700000)
  from space 512K, 31% used [0x00000000f9700000,0x00000000f9728000,0x00000000f9780000)
  to   space 55808K, 0% used [0x00000000fc980000,0x00000000fc980000,0x0000000100000000)
 ParOldGen       total 699392K, used 59686K [0x00000000c0000000, 0x00000000eab00000, 0x00000000eab00000)
  object space 699392K, 8% used [0x00000000c0000000,0x00000000c3a49b50,0x00000000eab00000)
 Metaspace       used 128535K, capacity 129338K, committed 131072K, reserved 1165312K
  class space    used 15529K, capacity 15779K, committed 15872K, reserved 1048576K
}
{Heap before GC invocations=22 (full 3):
 PSYoungGen      total 242176K, used 160K [0x00000000eab00000, 0x0000000100000000, 0x0000000100000000)
  eden space 241664K, 0% used [0x00000000eab00000,0x00000000eab00000,0x00000000f9700000)
  from space 512K, 31% used [0x00000000f9700000,0x00000000f9728000,0x00000000f9780000)
  to   space 55808K, 0% used [0x00000000fc980000,0x00000000fc980000,0x0000000100000000)
 ParOldGen       total 699392K, used 59686K [0x00000000c0000000, 0x00000000eab00000, 0x00000000eab00000)
  object space 699392K, 8% used [0x00000000c0000000,0x00000000c3a49b50,0x00000000eab00000)
 Metaspace       used 128535K, capacity 129338K, committed 131072K, reserved 1165312K
  class space    used 15529K, capacity 15779K, committed 15872K, reserved 1048576K
834.323: [Full GC (Metadata GC Threshold) [PSYoungGen: 160K->0K(242176K)] [ParOldGen: 59686K->51241K(699392K)] 59846K->51241K(941568K), [Metaspace: 128535K->98376K(1157120K)], 0.1643346 secs] [Times: user=0.45 sys=0.00, real=0.16 secs] 
Heap after GC invocations=22 (full 3):
 PSYoungGen      total 242176K, used 0K [0x00000000eab00000, 0x0000000100000000, 0x0000000100000000)
  eden space 241664K, 0% used [0x00000000eab00000,0x00000000eab00000,0x00000000f9700000)
  from space 512K, 0% used [0x00000000f9700000,0x00000000f9700000,0x00000000f9780000)
  to   space 55808K, 0% used [0x00000000fc980000,0x00000000fc980000,0x0000000100000000)
 ParOldGen       total 699392K, used 51241K [0x00000000c0000000, 0x00000000eab00000, 0x00000000eab00000)
  object space 699392K, 7% used [0x00000000c0000000,0x00000000c320a510,0x00000000eab00000)
 Metaspace       used 98376K, capacity 99050K, committed 122880K, reserved 1157120K
  class space    used 11682K, capacity 11907K, committed 15872K, reserved 1048576K
}
{Heap before GC invocations=23 (full 3):
 PSYoungGen      total 242176K, used 241619K [0x00000000eab00000, 0x0000000100000000, 0x0000000100000000)
  eden space 241664K, 99% used [0x00000000eab00000,0x00000000f96f4c70,0x00000000f9700000)
  from space 512K, 0% used [0x00000000f9700000,0x00000000f9700000,0x00000000f9780000)
  to   space 55808K, 0% used [0x00000000fc980000,0x00000000fc980000,0x0000000100000000)
 ParOldGen       total 699392K, used 51241K [0x00000000c0000000, 0x00000000eab00000, 0x00000000eab00000)
  object space 699392K, 7% used [0x00000000c0000000,0x00000000c320a510,0x00000000eab00000)
 Metaspace       used 98442K, capacity 99172K, committed 122880K, reserved 1157120K
  class space    used 11692K, capacity 11944K, committed 15872K, reserved 1048576K
873.089: [GC (Allocation Failure) [PSYoungGen: 241619K->36841K(290304K)] 292860K->88090K(989696K), 0.0201044 secs] [Times: user=0.02 sys=0.00, real=0.02 secs] 
Heap after GC invocations=23 (full 3):
 PSYoungGen      total 290304K, used 36841K [0x00000000eab00000, 0x0000000100000000, 0x0000000100000000)
  eden space 234496K, 0% used [0x00000000eab00000,0x00000000eab00000,0x00000000f9000000)
  from space 55808K, 66% used [0x00000000fc980000,0x00000000fed7a588,0x0000000100000000)
  to   space 57344K, 0% used [0x00000000f9000000,0x00000000f9000000,0x00000000fc800000)
 ParOldGen       total 699392K, used 51249K [0x00000000c0000000, 0x00000000eab00000, 0x00000000eab00000)
  object space 699392K, 7% used [0x00000000c0000000,0x00000000c320c510,0x00000000eab00000)
 Metaspace       used 98442K, capacity 99172K, committed 122880K, reserved 1157120K
  class space    used 11692K, capacity 11944K, committed 15872K, reserved 1048576K
}
{Heap before GC invocations=24 (full 3):
 PSYoungGen      total 290304K, used 271337K [0x00000000eab00000, 0x0000000100000000, 0x0000000100000000)
  eden space 234496K, 100% used [0x00000000eab00000,0x00000000f9000000,0x00000000f9000000)
  from space 55808K, 66% used [0x00000000fc980000,0x00000000fed7a588,0x0000000100000000)
  to   space 57344K, 0% used [0x00000000f9000000,0x00000000f9000000,0x00000000fc800000)
 ParOldGen       total 699392K, used 51249K [0x00000000c0000000, 0x00000000eab00000, 0x00000000eab00000)
  object space 699392K, 7% used [0x00000000c0000000,0x00000000c320c510,0x00000000eab00000)
 Metaspace       used 107327K, capacity 108146K, committed 122880K, reserved 1157120K
  class space    used 12903K, capacity 13187K, committed 15872K, reserved 1048576K
874.537: [GC (Allocation Failure) [PSYoungGen: 271337K->17738K(291840K)] 322586K->68996K(991232K), 0.0126569 secs] [Times: user=0.03 sys=0.00, real=0.01 secs] 
