Java HotSpot(TM) 64-Bit Server VM (25.121-b13) for linux-amd64 JRE (1.8.0_121-b13), built on Dec 12 2016 16:36:53 by "java_re" with gcc 4.3.0 20080428 (Red Hat 4.3.0-8)
Memory: 4k page, physical 8035332k(1877732k free), swap 3999740k(3999740k free)
CommandLine flags: -XX:+HeapDumpOnOutOfMemoryError -XX:HeapDumpPath=../../../instances/tomcat8/logs/tomcat8_java_pid_20170815203607.hprof -XX:InitialHeapSize=1073741824 -XX:+ManagementServer -XX:MaxHeapSize=1073741824 -XX:MaxMetaspaceSize=268435456 -XX:MetaspaceSize=268435456 -XX:+PrintGC -XX:+PrintGCDetails -XX:+PrintGCTimeStamps -XX:+PrintHeapAtGC -XX:+UseCompressedClassPointers -XX:+UseCompressedOops -XX:+UseParallelGC -XX:+UseParallelOldGC 
{Heap before GC invocations=1 (full 0):
 PSYoungGen      total 305664K, used 262144K [0x00000000eab00000, 0x0000000100000000, 0x0000000100000000)
  eden space 262144K, 100% used [0x00000000eab00000,0x00000000fab00000,0x00000000fab00000)
  from space 43520K, 0% used [0x00000000fd580000,0x00000000fd580000,0x0000000100000000)
  to   space 43520K, 0% used [0x00000000fab00000,0x00000000fab00000,0x00000000fd580000)
 ParOldGen       total 699392K, used 0K [0x00000000c0000000, 0x00000000eab00000, 0x00000000eab00000)
  object space 699392K, 0% used [0x00000000c0000000,0x00000000c0000000,0x00000000eab00000)
 Metaspace       used 16690K, capacity 17000K, committed 17152K, reserved 1064960K
  class space    used 1892K, capacity 2030K, committed 2048K, reserved 1048576K
1.720: [GC (Allocation Failure) [PSYoungGen: 262144K->39073K(305664K)] 262144K->39161K(1005056K), 0.0519550 secs] [Times: user=0.12 sys=0.01, real=0.05 secs] 
Heap after GC invocations=1 (full 0):
 PSYoungGen      total 305664K, used 39073K [0x00000000eab00000, 0x0000000100000000, 0x0000000100000000)
  eden space 262144K, 0% used [0x00000000eab00000,0x00000000eab00000,0x00000000fab00000)
  from space 43520K, 89% used [0x00000000fab00000,0x00000000fd1286d8,0x00000000fd580000)
  to   space 43520K, 0% used [0x00000000fd580000,0x00000000fd580000,0x0000000100000000)
 ParOldGen       total 699392K, used 88K [0x00000000c0000000, 0x00000000eab00000, 0x00000000eab00000)
  object space 699392K, 0% used [0x00000000c0000000,0x00000000c0016010,0x00000000eab00000)
 Metaspace       used 16690K, capacity 17000K, committed 17152K, reserved 1064960K
  class space    used 1892K, capacity 2030K, committed 2048K, reserved 1048576K
}
{Heap before GC invocations=2 (full 0):
 PSYoungGen      total 305664K, used 301217K [0x00000000eab00000, 0x0000000100000000, 0x0000000100000000)
  eden space 262144K, 100% used [0x00000000eab00000,0x00000000fab00000,0x00000000fab00000)
  from space 43520K, 89% used [0x00000000fab00000,0x00000000fd1286d8,0x00000000fd580000)
  to   space 43520K, 0% used [0x00000000fd580000,0x00000000fd580000,0x0000000100000000)
 ParOldGen       total 699392K, used 88K [0x00000000c0000000, 0x00000000eab00000, 0x00000000eab00000)
  object space 699392K, 0% used [0x00000000c0000000,0x00000000c0016010,0x00000000eab00000)
 Metaspace       used 28498K, capacity 28906K, committed 29184K, reserved 1075200K
  class space    used 3397K, capacity 3527K, committed 3584K, reserved 1048576K
3.817: [GC (Allocation Failure) [PSYoungGen: 301217K->32977K(305664K)] 301305K->33081K(1005056K), 0.0389903 secs] [Times: user=0.09 sys=0.02, real=0.04 secs] 
Heap after GC invocations=2 (full 0):
 PSYoungGen      total 305664K, used 32977K [0x00000000eab00000, 0x0000000100000000, 0x0000000100000000)
  eden space 262144K, 0% used [0x00000000eab00000,0x00000000eab00000,0x00000000fab00000)
  from space 43520K, 75% used [0x00000000fd580000,0x00000000ff5b45a8,0x0000000100000000)
  to   space 43520K, 0% used [0x00000000fab00000,0x00000000fab00000,0x00000000fd580000)
 ParOldGen       total 699392K, used 104K [0x00000000c0000000, 0x00000000eab00000, 0x00000000eab00000)
  object space 699392K, 0% used [0x00000000c0000000,0x00000000c001a010,0x00000000eab00000)
 Metaspace       used 28498K, capacity 28906K, committed 29184K, reserved 1075200K
  class space    used 3397K, capacity 3527K, committed 3584K, reserved 1048576K
}
{Heap before GC invocations=3 (full 0):
 PSYoungGen      total 305664K, used 295121K [0x00000000eab00000, 0x0000000100000000, 0x0000000100000000)
  eden space 262144K, 100% used [0x00000000eab00000,0x00000000fab00000,0x00000000fab00000)
  from space 43520K, 75% used [0x00000000fd580000,0x00000000ff5b45a8,0x0000000100000000)
  to   space 43520K, 0% used [0x00000000fab00000,0x00000000fab00000,0x00000000fd580000)
 ParOldGen       total 699392K, used 104K [0x00000000c0000000, 0x00000000eab00000, 0x00000000eab00000)
  object space 699392K, 0% used [0x00000000c0000000,0x00000000c001a010,0x00000000eab00000)
 Metaspace       used 40452K, capacity 40954K, committed 41344K, reserved 1085440K
  class space    used 4750K, capacity 4917K, committed 4992K, reserved 1048576K
53.760: [GC (Allocation Failure) [PSYoungGen: 295121K->32391K(305664K)] 295225K->32511K(1005056K), 0.0219239 secs] [Times: user=0.07 sys=0.00, real=0.02 secs] 
Heap after GC invocations=3 (full 0):
 PSYoungGen      total 305664K, used 32391K [0x00000000eab00000, 0x0000000100000000, 0x0000000100000000)
  eden space 262144K, 0% used [0x00000000eab00000,0x00000000eab00000,0x00000000fab00000)
  from space 43520K, 74% used [0x00000000fab00000,0x00000000fcaa1f70,0x00000000fd580000)
  to   space 43520K, 0% used [0x00000000fd580000,0x00000000fd580000,0x0000000100000000)
 ParOldGen       total 699392K, used 120K [0x00000000c0000000, 0x00000000eab00000, 0x00000000eab00000)
  object space 699392K, 0% used [0x00000000c0000000,0x00000000c001e010,0x00000000eab00000)
 Metaspace       used 40452K, capacity 40954K, committed 41344K, reserved 1085440K
  class space    used 4750K, capacity 4917K, committed 4992K, reserved 1048576K
}
{Heap before GC invocations=4 (full 0):
 PSYoungGen      total 305664K, used 294535K [0x00000000eab00000, 0x0000000100000000, 0x0000000100000000)
  eden space 262144K, 100% used [0x00000000eab00000,0x00000000fab00000,0x00000000fab00000)
  from space 43520K, 74% used [0x00000000fab00000,0x00000000fcaa1f70,0x00000000fd580000)
  to   space 43520K, 0% used [0x00000000fd580000,0x00000000fd580000,0x0000000100000000)
 ParOldGen       total 699392K, used 120K [0x00000000c0000000, 0x00000000eab00000, 0x00000000eab00000)
  object space 699392K, 0% used [0x00000000c0000000,0x00000000c001e010,0x00000000eab00000)
 Metaspace       used 41865K, capacity 42504K, committed 42880K, reserved 1087488K
  class space    used 4937K, capacity 5125K, committed 5248K, reserved 1048576K
54.804: [GC (Allocation Failure) [PSYoungGen: 294535K->43499K(305664K)] 294655K->51948K(1005056K), 0.0494942 secs] [Times: user=0.14 sys=0.00, real=0.06 secs] 
Heap after GC invocations=4 (full 0):
 PSYoungGen      total 305664K, used 43499K [0x00000000eab00000, 0x0000000100000000, 0x0000000100000000)
  eden space 262144K, 0% used [0x00000000eab00000,0x00000000eab00000,0x00000000fab00000)
  from space 43520K, 99% used [0x00000000fd580000,0x00000000ffffac68,0x0000000100000000)
  to   space 43520K, 0% used [0x00000000fab00000,0x00000000fab00000,0x00000000fd580000)
 ParOldGen       total 699392K, used 8449K [0x00000000c0000000, 0x00000000eab00000, 0x00000000eab00000)
  object space 699392K, 1% used [0x00000000c0000000,0x00000000c0840638,0x00000000eab00000)
 Metaspace       used 41865K, capacity 42504K, committed 42880K, reserved 1087488K
  class space    used 4937K, capacity 5125K, committed 5248K, reserved 1048576K
}
{Heap before GC invocations=5 (full 0):
 PSYoungGen      total 305664K, used 305643K [0x00000000eab00000, 0x0000000100000000, 0x0000000100000000)
  eden space 262144K, 100% used [0x00000000eab00000,0x00000000fab00000,0x00000000fab00000)
  from space 43520K, 99% used [0x00000000fd580000,0x00000000ffffac68,0x0000000100000000)
  to   space 43520K, 0% used [0x00000000fab00000,0x00000000fab00000,0x00000000fd580000)
 ParOldGen       total 699392K, used 8449K [0x00000000c0000000, 0x00000000eab00000, 0x00000000eab00000)
  object space 699392K, 1% used [0x00000000c0000000,0x00000000c0840638,0x00000000eab00000)
 Metaspace       used 53045K, capacity 53708K, committed 54272K, reserved 1097728K
  class space    used 6368K, capacity 6571K, committed 6656K, reserved 1048576K
58.002: [GC (Allocation Failure) [PSYoungGen: 305643K->35654K(297984K)] 314092K->44111K(997376K), 0.0323140 secs] [Times: user=0.09 sys=0.00, real=0.04 secs] 
Heap after GC invocations=5 (full 0):
 PSYoungGen      total 297984K, used 35654K [0x00000000eab00000, 0x0000000100000000, 0x0000000100000000)
  eden space 262144K, 0% used [0x00000000eab00000,0x00000000eab00000,0x00000000fab00000)
  from space 35840K, 99% used [0x00000000fab00000,0x00000000fcdd1850,0x00000000fce00000)
  to   space 51200K, 0% used [0x00000000fce00000,0x00000000fce00000,0x0000000100000000)
 ParOldGen       total 699392K, used 8457K [0x00000000c0000000, 0x00000000eab00000, 0x00000000eab00000)
  object space 699392K, 1% used [0x00000000c0000000,0x00000000c0842638,0x00000000eab00000)
 Metaspace       used 53045K, capacity 53708K, committed 54272K, reserved 1097728K
  class space    used 6368K, capacity 6571K, committed 6656K, reserved 1048576K
}
{Heap before GC invocations=6 (full 0):
 PSYoungGen      total 297984K, used 297798K [0x00000000eab00000, 0x0000000100000000, 0x0000000100000000)
  eden space 262144K, 100% used [0x00000000eab00000,0x00000000fab00000,0x00000000fab00000)
  from space 35840K, 99% used [0x00000000fab00000,0x00000000fcdd1850,0x00000000fce00000)
  to   space 51200K, 0% used [0x00000000fce00000,0x00000000fce00000,0x0000000100000000)
 ParOldGen       total 699392K, used 8457K [0x00000000c0000000, 0x00000000eab00000, 0x00000000eab00000)
  object space 699392K, 1% used [0x00000000c0000000,0x00000000c0842638,0x00000000eab00000)
 Metaspace       used 61994K, capacity 62590K, committed 62976K, reserved 1105920K
  class space    used 7189K, capacity 7349K, committed 7424K, reserved 1048576K
135.720: [GC (Allocation Failure) [PSYoungGen: 297798K->51199K(286720K)] 306255K->60672K(986112K), 0.0561326 secs] [Times: user=0.12 sys=0.00, real=0.06 secs] 
Heap after GC invocations=6 (full 0):
 PSYoungGen      total 286720K, used 51199K [0x00000000eab00000, 0x0000000100000000, 0x0000000100000000)
  eden space 235520K, 0% used [0x00000000eab00000,0x00000000eab00000,0x00000000f9100000)
  from space 51200K, 99% used [0x00000000fce00000,0x00000000fffffe70,0x0000000100000000)
  to   space 56832K, 0% used [0x00000000f9100000,0x00000000f9100000,0x00000000fc880000)
 ParOldGen       total 699392K, used 9472K [0x00000000c0000000, 0x00000000eab00000, 0x00000000eab00000)
  object space 699392K, 1% used [0x00000000c0000000,0x00000000c09403f0,0x00000000eab00000)
 Metaspace       used 61994K, capacity 62590K, committed 62976K, reserved 1105920K
  class space    used 7189K, capacity 7349K, committed 7424K, reserved 1048576K
}
{Heap before GC invocations=7 (full 0):
 PSYoungGen      total 286720K, used 286719K [0x00000000eab00000, 0x0000000100000000, 0x0000000100000000)
  eden space 235520K, 100% used [0x00000000eab00000,0x00000000f9100000,0x00000000f9100000)
  from space 51200K, 99% used [0x00000000fce00000,0x00000000fffffe70,0x0000000100000000)
  to   space 56832K, 0% used [0x00000000f9100000,0x00000000f9100000,0x00000000fc880000)
 ParOldGen       total 699392K, used 9472K [0x00000000c0000000, 0x00000000eab00000, 0x00000000eab00000)
  object space 699392K, 1% used [0x00000000c0000000,0x00000000c09403f0,0x00000000eab00000)
 Metaspace       used 67878K, capacity 68544K, committed 69120K, reserved 1110016K
  class space    used 7981K, capacity 8158K, committed 8192K, reserved 1048576K
137.337: [GC (Allocation Failure) [PSYoungGen: 286719K->35721K(292352K)] 296192K->57821K(991744K), 0.0818012 secs] [Times: user=0.23 sys=0.00, real=0.08 secs] 
Heap after GC invocations=7 (full 0):
 PSYoungGen      total 292352K, used 35721K [0x00000000eab00000, 0x0000000100000000, 0x0000000100000000)
  eden space 235520K, 0% used [0x00000000eab00000,0x00000000eab00000,0x00000000f9100000)
  from space 56832K, 62% used [0x00000000f9100000,0x00000000fb3e2508,0x00000000fc880000)
  to   space 55808K, 0% used [0x00000000fc980000,0x00000000fc980000,0x0000000100000000)
 ParOldGen       total 699392K, used 22099K [0x00000000c0000000, 0x00000000eab00000, 0x00000000eab00000)
  object space 699392K, 3% used [0x00000000c0000000,0x00000000c1594ff0,0x00000000eab00000)
 Metaspace       used 67878K, capacity 68544K, committed 69120K, reserved 1110016K
  class space    used 7981K, capacity 8158K, committed 8192K, reserved 1048576K
}
{Heap before GC invocations=8 (full 0):
 PSYoungGen      total 292352K, used 271241K [0x00000000eab00000, 0x0000000100000000, 0x0000000100000000)
  eden space 235520K, 100% used [0x00000000eab00000,0x00000000f9100000,0x00000000f9100000)
  from space 56832K, 62% used [0x00000000f9100000,0x00000000fb3e2508,0x00000000fc880000)
  to   space 55808K, 0% used [0x00000000fc980000,0x00000000fc980000,0x0000000100000000)
 ParOldGen       total 699392K, used 22099K [0x00000000c0000000, 0x00000000eab00000, 0x00000000eab00000)
  object space 699392K, 3% used [0x00000000c0000000,0x00000000c1594ff0,0x00000000eab00000)
 Metaspace       used 74594K, capacity 75302K, committed 75904K, reserved 1116160K
  class space    used 8813K, capacity 8997K, committed 9088K, reserved 1048576K
176.035: [GC (Allocation Failure) [PSYoungGen: 271241K->25013K(291328K)] 293341K->52154K(990720K), 0.0206925 secs] [Times: user=0.06 sys=0.00, real=0.02 secs] 
Heap after GC invocations=8 (full 0):
 PSYoungGen      total 291328K, used 25013K [0x00000000eab00000, 0x0000000100000000, 0x0000000100000000)
  eden space 235520K, 0% used [0x00000000eab00000,0x00000000eab00000,0x00000000f9100000)
  from space 55808K, 44% used [0x00000000fc980000,0x00000000fe1ed7a0,0x0000000100000000)
  to   space 56832K, 0% used [0x00000000f9100000,0x00000000f9100000,0x00000000fc880000)
 ParOldGen       total 699392K, used 27140K [0x00000000c0000000, 0x00000000eab00000, 0x00000000eab00000)
  object space 699392K, 3% used [0x00000000c0000000,0x00000000c1a810f8,0x00000000eab00000)
 Metaspace       used 74594K, capacity 75302K, committed 75904K, reserved 1116160K
  class space    used 8813K, capacity 8997K, committed 9088K, reserved 1048576K
}
{Heap before GC invocations=9 (full 0):
 PSYoungGen      total 291328K, used 260533K [0x00000000eab00000, 0x0000000100000000, 0x0000000100000000)
  eden space 235520K, 100% used [0x00000000eab00000,0x00000000f9100000,0x00000000f9100000)
  from space 55808K, 44% used [0x00000000fc980000,0x00000000fe1ed7a0,0x0000000100000000)
  to   space 56832K, 0% used [0x00000000f9100000,0x00000000f9100000,0x00000000fc880000)
 ParOldGen       total 699392K, used 27140K [0x00000000c0000000, 0x00000000eab00000, 0x00000000eab00000)
  object space 699392K, 3% used [0x00000000c0000000,0x00000000c1a810f8,0x00000000eab00000)
 Metaspace       used 76962K, capacity 77712K, committed 78336K, reserved 1118208K
  class space    used 9139K, capacity 9354K, committed 9472K, reserved 1048576K
176.831: [GC (Allocation Failure) [PSYoungGen: 260533K->35262K(292352K)] 287674K->67438K(991744K), 0.0384450 secs] [Times: user=0.10 sys=0.00, real=0.04 secs] 
Heap after GC invocations=9 (full 0):
 PSYoungGen      total 292352K, used 35262K [0x00000000eab00000, 0x0000000100000000, 0x0000000100000000)
  eden space 235520K, 0% used [0x00000000eab00000,0x00000000eab00000,0x00000000f9100000)
  from space 56832K, 62% used [0x00000000f9100000,0x00000000fb36fbc8,0x00000000fc880000)
  to   space 55296K, 0% used [0x00000000fca00000,0x00000000fca00000,0x0000000100000000)
 ParOldGen       total 699392K, used 32175K [0x00000000c0000000, 0x00000000eab00000, 0x00000000eab00000)
  object space 699392K, 4% used [0x00000000c0000000,0x00000000c1f6bfa8,0x00000000eab00000)
 Metaspace       used 76962K, capacity 77712K, committed 78336K, reserved 1118208K
  class space    used 9139K, capacity 9354K, committed 9472K, reserved 1048576K
}
{Heap before GC invocations=10 (full 0):
 PSYoungGen      total 292352K, used 270782K [0x00000000eab00000, 0x0000000100000000, 0x0000000100000000)
  eden space 235520K, 100% used [0x00000000eab00000,0x00000000f9100000,0x00000000f9100000)
  from space 56832K, 62% used [0x00000000f9100000,0x00000000fb36fbc8,0x00000000fc880000)
  to   space 55296K, 0% used [0x00000000fca00000,0x00000000fca00000,0x0000000100000000)
 ParOldGen       total 699392K, used 32175K [0x00000000c0000000, 0x00000000eab00000, 0x00000000eab00000)
  object space 699392K, 4% used [0x00000000c0000000,0x00000000c1f6bfa8,0x00000000eab00000)
 Metaspace       used 87038K, capacity 87796K, committed 88320K, reserved 1126400K
  class space    used 10424K, capacity 10640K, committed 10752K, reserved 1048576K
179.470: [GC (Allocation Failure) [PSYoungGen: 270782K->16702K(289792K)] 302958K->53106K(989184K), 0.0342072 secs] [Times: user=0.11 sys=0.00, real=0.03 secs] 
Heap after GC invocations=10 (full 0):
 PSYoungGen      total 289792K, used 16702K [0x00000000eab00000, 0x0000000100000000, 0x0000000100000000)
  eden space 234496K, 0% used [0x00000000eab00000,0x00000000eab00000,0x00000000f9000000)
  from space 55296K, 30% used [0x00000000fca00000,0x00000000fda4f938,0x0000000100000000)
  to   space 57344K, 0% used [0x00000000f9000000,0x00000000f9000000,0x00000000fc800000)
 ParOldGen       total 699392K, used 36404K [0x00000000c0000000, 0x00000000eab00000, 0x00000000eab00000)
  object space 699392K, 5% used [0x00000000c0000000,0x00000000c238d0b8,0x00000000eab00000)
 Metaspace       used 87038K, capacity 87796K, committed 88320K, reserved 1126400K
  class space    used 10424K, capacity 10640K, committed 10752K, reserved 1048576K
}
{Heap before GC invocations=11 (full 0):
 PSYoungGen      total 289792K, used 251198K [0x00000000eab00000, 0x0000000100000000, 0x0000000100000000)
  eden space 234496K, 100% used [0x00000000eab00000,0x00000000f9000000,0x00000000f9000000)
  from space 55296K, 30% used [0x00000000fca00000,0x00000000fda4f938,0x0000000100000000)
  to   space 57344K, 0% used [0x00000000f9000000,0x00000000f9000000,0x00000000fc800000)
 ParOldGen       total 699392K, used 36404K [0x00000000c0000000, 0x00000000eab00000, 0x00000000eab00000)
  object space 699392K, 5% used [0x00000000c0000000,0x00000000c238d0b8,0x00000000eab00000)
 Metaspace       used 90068K, capacity 90886K, committed 91392K, reserved 1130496K
  class space    used 10739K, capacity 10938K, committed 11008K, reserved 1048576K
210.080: [GC (Allocation Failure) [PSYoungGen: 251198K->30615K(291840K)] 287602K->70635K(991232K), 0.0183511 secs] [Times: user=0.04 sys=0.00, real=0.02 secs] 
Heap after GC invocations=11 (full 0):
 PSYoungGen      total 291840K, used 30615K [0x00000000eab00000, 0x0000000100000000, 0x0000000100000000)
  eden space 234496K, 0% used [0x00000000eab00000,0x00000000eab00000,0x00000000f9000000)
  from space 57344K, 53% used [0x00000000f9000000,0x00000000fade5c88,0x00000000fc800000)
  to   space 55808K, 0% used [0x00000000fc980000,0x00000000fc980000,0x0000000100000000)
 ParOldGen       total 699392K, used 40020K [0x00000000c0000000, 0x00000000eab00000, 0x00000000eab00000)
  object space 699392K, 5% used [0x00000000c0000000,0x00000000c2715108,0x00000000eab00000)
 Metaspace       used 90068K, capacity 90886K, committed 91392K, reserved 1130496K
  class space    used 10739K, capacity 10938K, committed 11008K, reserved 1048576K
}
{Heap before GC invocations=12 (full 0):
 PSYoungGen      total 291840K, used 265111K [0x00000000eab00000, 0x0000000100000000, 0x0000000100000000)
  eden space 234496K, 100% used [0x00000000eab00000,0x00000000f9000000,0x00000000f9000000)
  from space 57344K, 53% used [0x00000000f9000000,0x00000000fade5c88,0x00000000fc800000)
  to   space 55808K, 0% used [0x00000000fc980000,0x00000000fc980000,0x0000000100000000)
 ParOldGen       total 699392K, used 40020K [0x00000000c0000000, 0x00000000eab00000, 0x00000000eab00000)
  object space 699392K, 5% used [0x00000000c0000000,0x00000000c2715108,0x00000000eab00000)
 Metaspace       used 97057K, capacity 97942K, committed 98432K, reserved 1136640K
  class space    used 11685K, capacity 11904K, committed 11904K, reserved 1048576K
211.508: [GC (Allocation Failure) [PSYoungGen: 265111K->22016K(292352K)] 305131K->63510K(991744K), 0.0295470 secs] [Times: user=0.08 sys=0.00, real=0.03 secs] 
Heap after GC invocations=12 (full 0):
 PSYoungGen      total 292352K, used 22016K [0x00000000eab00000, 0x0000000100000000, 0x0000000100000000)
  eden space 236544K, 0% used [0x00000000eab00000,0x00000000eab00000,0x00000000f9200000)
  from space 55808K, 39% used [0x00000000fc980000,0x00000000fdf00160,0x0000000100000000)
  to   space 56320K, 0% used [0x00000000f9200000,0x00000000f9200000,0x00000000fc900000)
 ParOldGen       total 699392K, used 41493K [0x00000000c0000000, 0x00000000eab00000, 0x00000000eab00000)
  object space 699392K, 5% used [0x00000000c0000000,0x00000000c28856d0,0x00000000eab00000)
 Metaspace       used 97057K, capacity 97942K, committed 98432K, reserved 1136640K
  class space    used 11685K, capacity 11904K, committed 11904K, reserved 1048576K
}
{Heap before GC invocations=13 (full 0):
 PSYoungGen      total 292352K, used 258560K [0x00000000eab00000, 0x0000000100000000, 0x0000000100000000)
  eden space 236544K, 100% used [0x00000000eab00000,0x00000000f9200000,0x00000000f9200000)
  from space 55808K, 39% used [0x00000000fc980000,0x00000000fdf00160,0x0000000100000000)
  to   space 56320K, 0% used [0x00000000f9200000,0x00000000f9200000,0x00000000fc900000)
 ParOldGen       total 699392K, used 41493K [0x00000000c0000000, 0x00000000eab00000, 0x00000000eab00000)
  object space 699392K, 5% used [0x00000000c0000000,0x00000000c28856d0,0x00000000eab00000)
 Metaspace       used 105515K, capacity 106424K, committed 107136K, reserved 1142784K
  class space    used 12662K, capacity 12909K, committed 12928K, reserved 1048576K
302.539: [GC (Allocation Failure) [PSYoungGen: 258560K->18813K(292864K)] 300054K->62261K(992256K), 0.0138555 secs] [Times: user=0.02 sys=0.00, real=0.01 secs] 
Heap after GC invocations=13 (full 0):
 PSYoungGen      total 292864K, used 18813K [0x00000000eab00000, 0x0000000100000000, 0x0000000100000000)
  eden space 236544K, 0% used [0x00000000eab00000,0x00000000eab00000,0x00000000f9200000)
  from space 56320K, 33% used [0x00000000f9200000,0x00000000fa45f410,0x00000000fc900000)
  to   space 56320K, 0% used [0x00000000fc900000,0x00000000fc900000,0x0000000100000000)
 ParOldGen       total 699392K, used 43448K [0x00000000c0000000, 0x00000000eab00000, 0x00000000eab00000)
  object space 699392K, 6% used [0x00000000c0000000,0x00000000c2a6e0f0,0x00000000eab00000)
 Metaspace       used 105515K, capacity 106424K, committed 107136K, reserved 1142784K
  class space    used 12662K, capacity 12909K, committed 12928K, reserved 1048576K
}
{Heap before GC invocations=14 (full 0):
 PSYoungGen      total 292864K, used 255357K [0x00000000eab00000, 0x0000000100000000, 0x0000000100000000)
  eden space 236544K, 100% used [0x00000000eab00000,0x00000000f9200000,0x00000000f9200000)
  from space 56320K, 33% used [0x00000000f9200000,0x00000000fa45f410,0x00000000fc900000)
  to   space 56320K, 0% used [0x00000000fc900000,0x00000000fc900000,0x0000000100000000)
 ParOldGen       total 699392K, used 43448K [0x00000000c0000000, 0x00000000eab00000, 0x00000000eab00000)
  object space 699392K, 6% used [0x00000000c0000000,0x00000000c2a6e0f0,0x00000000eab00000)
 Metaspace       used 107660K, capacity 108700K, committed 109568K, reserved 1144832K
  class space    used 12961K, capacity 13238K, committed 13312K, reserved 1048576K
303.173: [GC (Allocation Failure) [PSYoungGen: 255357K->32134K(294912K)] 298805K->78635K(994304K), 0.0240486 secs] [Times: user=0.04 sys=0.00, real=0.03 secs] 
Heap after GC invocations=14 (full 0):
 PSYoungGen      total 294912K, used 32134K [0x00000000eab00000, 0x0000000100000000, 0x0000000100000000)
  eden space 238592K, 0% used [0x00000000eab00000,0x00000000eab00000,0x00000000f9400000)
  from space 56320K, 57% used [0x00000000fc900000,0x00000000fe8618c0,0x0000000100000000)
  to   space 54272K, 0% used [0x00000000f9400000,0x00000000f9400000,0x00000000fc900000)
 ParOldGen       total 699392K, used 46501K [0x00000000c0000000, 0x00000000eab00000, 0x00000000eab00000)
  object space 699392K, 6% used [0x00000000c0000000,0x00000000c2d69688,0x00000000eab00000)
 Metaspace       used 107660K, capacity 108700K, committed 109568K, reserved 1144832K
  class space    used 12961K, capacity 13238K, committed 13312K, reserved 1048576K
}
{Heap before GC invocations=15 (full 0):
 PSYoungGen      total 294912K, used 270726K [0x00000000eab00000, 0x0000000100000000, 0x0000000100000000)
  eden space 238592K, 100% used [0x00000000eab00000,0x00000000f9400000,0x00000000f9400000)
  from space 56320K, 57% used [0x00000000fc900000,0x00000000fe8618c0,0x0000000100000000)
  to   space 54272K, 0% used [0x00000000f9400000,0x00000000f9400000,0x00000000fc900000)
 ParOldGen       total 699392K, used 46501K [0x00000000c0000000, 0x00000000eab00000, 0x00000000eab00000)
  object space 699392K, 6% used [0x00000000c0000000,0x00000000c2d69688,0x00000000eab00000)
 Metaspace       used 117899K, capacity 118900K, committed 119808K, reserved 1155072K
  class space    used 14273K, capacity 14522K, committed 14592K, reserved 1048576K
304.662: [GC (Allocation Failure) [PSYoungGen: 270726K->15653K(292864K)] 317227K->63317K(992256K), 0.0181265 secs] [Times: user=0.04 sys=0.01, real=0.02 secs] 
Heap after GC invocations=15 (full 0):
 PSYoungGen      total 292864K, used 15653K [0x00000000eab00000, 0x0000000100000000, 0x0000000100000000)
  eden space 238592K, 0% used [0x00000000eab00000,0x00000000eab00000,0x00000000f9400000)
  from space 54272K, 28% used [0x00000000f9400000,0x00000000fa3494a8,0x00000000fc900000)
  to   space 54784K, 0% used [0x00000000fca80000,0x00000000fca80000,0x0000000100000000)
 ParOldGen       total 699392K, used 47664K [0x00000000c0000000, 0x00000000eab00000, 0x00000000eab00000)
  object space 699392K, 6% used [0x00000000c0000000,0x00000000c2e8c000,0x00000000eab00000)
 Metaspace       used 117899K, capacity 118900K, committed 119808K, reserved 1155072K
  class space    used 14273K, capacity 14522K, committed 14592K, reserved 1048576K
}
{Heap before GC invocations=16 (full 0):
 PSYoungGen      total 292864K, used 254245K [0x00000000eab00000, 0x0000000100000000, 0x0000000100000000)
  eden space 238592K, 100% used [0x00000000eab00000,0x00000000f9400000,0x00000000f9400000)
  from space 54272K, 28% used [0x00000000f9400000,0x00000000fa3494a8,0x00000000fc900000)
  to   space 54784K, 0% used [0x00000000fca80000,0x00000000fca80000,0x0000000100000000)
 ParOldGen       total 699392K, used 47664K [0x00000000c0000000, 0x00000000eab00000, 0x00000000eab00000)
  object space 699392K, 6% used [0x00000000c0000000,0x00000000c2e8c000,0x00000000eab00000)
 Metaspace       used 121004K, capacity 122046K, committed 123008K, reserved 1157120K
  class space    used 14599K, capacity 14856K, committed 14976K, reserved 1048576K
543.888: [GC (Allocation Failure) [PSYoungGen: 254245K->29950K(296448K)] 301909K->81103K(995840K), 0.0174236 secs] [Times: user=0.04 sys=0.00, real=0.02 secs] 
Heap after GC invocations=16 (full 0):
 PSYoungGen      total 296448K, used 29950K [0x00000000eab00000, 0x0000000100000000, 0x0000000100000000)
  eden space 241664K, 0% used [0x00000000eab00000,0x00000000eab00000,0x00000000f9700000)
  from space 54784K, 54% used [0x00000000fca80000,0x00000000fe7bfb68,0x0000000100000000)
  to   space 52736K, 0% used [0x00000000f9700000,0x00000000f9700000,0x00000000fca80000)
 ParOldGen       total 699392K, used 51153K [0x00000000c0000000, 0x00000000eab00000, 0x00000000eab00000)
  object space 699392K, 7% used [0x00000000c0000000,0x00000000c31f4458,0x00000000eab00000)
 Metaspace       used 121004K, capacity 122046K, committed 123008K, reserved 1157120K
  class space    used 14599K, capacity 14856K, committed 14976K, reserved 1048576K
}
{Heap before GC invocations=17 (full 0):
 PSYoungGen      total 296448K, used 271614K [0x00000000eab00000, 0x0000000100000000, 0x0000000100000000)
  eden space 241664K, 100% used [0x00000000eab00000,0x00000000f9700000,0x00000000f9700000)
  from space 54784K, 54% used [0x00000000fca80000,0x00000000fe7bfb68,0x0000000100000000)
  to   space 52736K, 0% used [0x00000000f9700000,0x00000000f9700000,0x00000000fca80000)
 ParOldGen       total 699392K, used 51153K [0x00000000c0000000, 0x00000000eab00000, 0x00000000eab00000)
  object space 699392K, 7% used [0x00000000c0000000,0x00000000c31f4458,0x00000000eab00000)
 Metaspace       used 128251K, capacity 129326K, committed 130048K, reserved 1163264K
  class space    used 15588K, capacity 15854K, committed 15872K, reserved 1048576K
544.972: [GC (Allocation Failure) [PSYoungGen: 271614K->23137K(294400K)] 322767K->75797K(993792K), 0.0194229 secs] [Times: user=0.04 sys=0.01, real=0.02 secs] 
Heap after GC invocations=17 (full 0):
 PSYoungGen      total 294400K, used 23137K [0x00000000eab00000, 0x0000000100000000, 0x0000000100000000)
  eden space 241664K, 0% used [0x00000000eab00000,0x00000000eab00000,0x00000000f9700000)
  from space 52736K, 43% used [0x00000000f9700000,0x00000000fad98778,0x00000000fca80000)
  to   space 51712K, 0% used [0x00000000fcd80000,0x00000000fcd80000,0x0000000100000000)
 ParOldGen       total 699392K, used 52659K [0x00000000c0000000, 0x00000000eab00000, 0x00000000eab00000)
  object space 699392K, 7% used [0x00000000c0000000,0x00000000c336cd78,0x00000000eab00000)
 Metaspace       used 128251K, capacity 129326K, committed 130048K, reserved 1163264K
  class space    used 15588K, capacity 15854K, committed 15872K, reserved 1048576K
}
{Heap before GC invocations=18 (full 0):
 PSYoungGen      total 294400K, used 264801K [0x00000000eab00000, 0x0000000100000000, 0x0000000100000000)
  eden space 241664K, 100% used [0x00000000eab00000,0x00000000f9700000,0x00000000f9700000)
  from space 52736K, 43% used [0x00000000f9700000,0x00000000fad98778,0x00000000fca80000)
  to   space 51712K, 0% used [0x00000000fcd80000,0x00000000fcd80000,0x0000000100000000)
 ParOldGen       total 699392K, used 52659K [0x00000000c0000000, 0x00000000eab00000, 0x00000000eab00000)
  object space 699392K, 7% used [0x00000000c0000000,0x00000000c336cd78,0x00000000eab00000)
 Metaspace       used 135843K, capacity 136926K, committed 137856K, reserved 1171456K
  class space    used 16484K, capacity 16759K, committed 16768K, reserved 1048576K
654.010: [GC (Allocation Failure) [PSYoungGen: 264801K->23262K(298496K)] 317461K->77917K(997888K), 0.0139097 secs] [Times: user=0.04 sys=0.00, real=0.01 secs] 
Heap after GC invocations=18 (full 0):
 PSYoungGen      total 298496K, used 23262K [0x00000000eab00000, 0x0000000100000000, 0x0000000100000000)
  eden space 246784K, 0% used [0x00000000eab00000,0x00000000eab00000,0x00000000f9c00000)
  from space 51712K, 44% used [0x00000000fcd80000,0x00000000fe4378b8,0x0000000100000000)
  to   space 50688K, 0% used [0x00000000f9c00000,0x00000000f9c00000,0x00000000fcd80000)
 ParOldGen       total 699392K, used 54655K [0x00000000c0000000, 0x00000000eab00000, 0x00000000eab00000)
  object space 699392K, 7% used [0x00000000c0000000,0x00000000c355feb0,0x00000000eab00000)
 Metaspace       used 135843K, capacity 136926K, committed 137856K, reserved 1171456K
  class space    used 16484K, capacity 16759K, committed 16768K, reserved 1048576K
}
{Heap before GC invocations=19 (full 0):
 PSYoungGen      total 298496K, used 270046K [0x00000000eab00000, 0x0000000100000000, 0x0000000100000000)
  eden space 246784K, 100% used [0x00000000eab00000,0x00000000f9c00000,0x00000000f9c00000)
  from space 51712K, 44% used [0x00000000fcd80000,0x00000000fe4378b8,0x0000000100000000)
  to   space 50688K, 0% used [0x00000000f9c00000,0x00000000f9c00000,0x00000000fcd80000)
 ParOldGen       total 699392K, used 54655K [0x00000000c0000000, 0x00000000eab00000, 0x00000000eab00000)
  object space 699392K, 7% used [0x00000000c0000000,0x00000000c355feb0,0x00000000eab00000)
 Metaspace       used 140558K, capacity 141686K, committed 142592K, reserved 1175552K
  class space    used 17115K, capacity 17406K, committed 17408K, reserved 1048576K
654.963: [GC (Allocation Failure) [PSYoungGen: 270046K->30447K(297472K)] 324701K->87855K(996864K), 0.0313867 secs] [Times: user=0.04 sys=0.00, real=0.04 secs] 
Heap after GC invocations=19 (full 0):
 PSYoungGen      total 297472K, used 30447K [0x00000000eab00000, 0x0000000100000000, 0x0000000100000000)
  eden space 246784K, 0% used [0x00000000eab00000,0x00000000eab00000,0x00000000f9c00000)
  from space 50688K, 60% used [0x00000000f9c00000,0x00000000fb9bbf88,0x00000000fcd80000)
  to   space 49152K, 0% used [0x00000000fd000000,0x00000000fd000000,0x0000000100000000)
 ParOldGen       total 699392K, used 57407K [0x00000000c0000000, 0x00000000eab00000, 0x00000000eab00000)
  object space 699392K, 8% used [0x00000000c0000000,0x00000000c380fc80,0x00000000eab00000)
 Metaspace       used 140558K, capacity 141686K, committed 142592K, reserved 1175552K
  class space    used 17115K, capacity 17406K, committed 17408K, reserved 1048576K
}
{Heap before GC invocations=20 (full 0):
 PSYoungGen      total 297472K, used 277231K [0x00000000eab00000, 0x0000000100000000, 0x0000000100000000)
  eden space 246784K, 100% used [0x00000000eab00000,0x00000000f9c00000,0x00000000f9c00000)
  from space 50688K, 60% used [0x00000000f9c00000,0x00000000fb9bbf88,0x00000000fcd80000)
  to   space 49152K, 0% used [0x00000000fd000000,0x00000000fd000000,0x0000000100000000)
 ParOldGen       total 699392K, used 57407K [0x00000000c0000000, 0x00000000eab00000, 0x00000000eab00000)
  object space 699392K, 8% used [0x00000000c0000000,0x00000000c380fc80,0x00000000eab00000)
 Metaspace       used 151204K, capacity 152484K, committed 153472K, reserved 1183744K
  class space    used 18422K, capacity 18732K, committed 18816K, reserved 1048576K
712.078: [GC (Allocation Failure) [PSYoungGen: 277231K->15311K(299008K)] 334639K->74779K(998400K), 0.0232297 secs] [Times: user=0.05 sys=0.00, real=0.02 secs] 
Heap after GC invocations=20 (full 0):
 PSYoungGen      total 299008K, used 15311K [0x00000000eab00000, 0x0000000100000000, 0x0000000100000000)
  eden space 249856K, 0% used [0x00000000eab00000,0x00000000eab00000,0x00000000f9f00000)
  from space 49152K, 31% used [0x00000000fd000000,0x00000000fdef3d88,0x0000000100000000)
  to   space 49664K, 0% used [0x00000000f9f00000,0x00000000f9f00000,0x00000000fcf80000)
 ParOldGen       total 699392K, used 59468K [0x00000000c0000000, 0x00000000eab00000, 0x00000000eab00000)
  object space 699392K, 8% used [0x00000000c0000000,0x00000000c3a13168,0x00000000eab00000)
 Metaspace       used 151204K, capacity 152484K, committed 153472K, reserved 1183744K
  class space    used 18422K, capacity 18732K, committed 18816K, reserved 1048576K
}
{Heap before GC invocations=21 (full 0):
 PSYoungGen      total 299008K, used 265167K [0x00000000eab00000, 0x0000000100000000, 0x0000000100000000)
  eden space 249856K, 100% used [0x00000000eab00000,0x00000000f9f00000,0x00000000f9f00000)
  from space 49152K, 31% used [0x00000000fd000000,0x00000000fdef3d88,0x0000000100000000)
  to   space 49664K, 0% used [0x00000000f9f00000,0x00000000f9f00000,0x00000000fcf80000)
 ParOldGen       total 699392K, used 59468K [0x00000000c0000000, 0x00000000eab00000, 0x00000000eab00000)
  object space 699392K, 8% used [0x00000000c0000000,0x00000000c3a13168,0x00000000eab00000)
 Metaspace       used 151271K, capacity 152534K, committed 153472K, reserved 1183744K
  class space    used 18430K, capacity 18741K, committed 18816K, reserved 1048576K
739.357: [GC (Allocation Failure) [PSYoungGen: 265167K->36440K(286720K)] 324635K->99441K(986112K), 0.0199435 secs] [Times: user=0.04 sys=0.00, real=0.02 secs] 
Heap after GC invocations=21 (full 0):
 PSYoungGen      total 286720K, used 36440K [0x00000000eab00000, 0x0000000100000000, 0x0000000100000000)
  eden space 249856K, 0% used [0x00000000eab00000,0x00000000eab00000,0x00000000f9f00000)
  from space 36864K, 98% used [0x00000000f9f00000,0x00000000fc296330,0x00000000fc300000)
  to   space 50688K, 0% used [0x00000000fce80000,0x00000000fce80000,0x0000000100000000)
 ParOldGen       total 699392K, used 63000K [0x00000000c0000000, 0x00000000eab00000, 0x00000000eab00000)
  object space 699392K, 9% used [0x00000000c0000000,0x00000000c3d86228,0x00000000eab00000)
 Metaspace       used 151271K, capacity 152534K, committed 153472K, reserved 1183744K
  class space    used 18430K, capacity 18741K, committed 18816K, reserved 1048576K
}
{Heap before GC invocations=22 (full 0):
 PSYoungGen      total 286720K, used 286296K [0x00000000eab00000, 0x0000000100000000, 0x0000000100000000)
  eden space 249856K, 100% used [0x00000000eab00000,0x00000000f9f00000,0x00000000f9f00000)
  from space 36864K, 98% used [0x00000000f9f00000,0x00000000fc296330,0x00000000fc300000)
  to   space 50688K, 0% used [0x00000000fce80000,0x00000000fce80000,0x0000000100000000)
 ParOldGen       total 699392K, used 63000K [0x00000000c0000000, 0x00000000eab00000, 0x00000000eab00000)
  object space 699392K, 9% used [0x00000000c0000000,0x00000000c3d86228,0x00000000eab00000)
 Metaspace       used 163180K, capacity 164440K, committed 165504K, reserved 1193984K
  class space    used 19979K, capacity 20318K, committed 20352K, reserved 1048576K
741.745: [GC (Allocation Failure) [PSYoungGen: 286296K->17998K(299008K)] 349297K->81772K(998400K), 0.0337049 secs] [Times: user=0.06 sys=0.00, real=0.04 secs] 
Heap after GC invocations=22 (full 0):
 PSYoungGen      total 299008K, used 17998K [0x00000000eab00000, 0x0000000100000000, 0x0000000100000000)
  eden space 248320K, 0% used [0x00000000eab00000,0x00000000eab00000,0x00000000f9d80000)
  from space 50688K, 35% used [0x00000000fce80000,0x00000000fe013908,0x0000000100000000)
  to   space 50176K, 0% used [0x00000000f9d80000,0x00000000f9d80000,0x00000000fce80000)
 ParOldGen       total 699392K, used 63773K [0x00000000c0000000, 0x00000000eab00000, 0x00000000eab00000)
  object space 699392K, 9% used [0x00000000c0000000,0x00000000c3e47700,0x00000000eab00000)
 Metaspace       used 163180K, capacity 164440K, committed 165504K, reserved 1193984K
  class space    used 19979K, capacity 20318K, committed 20352K, reserved 1048576K
}
{Heap before GC invocations=23 (full 0):
 PSYoungGen      total 299008K, used 266318K [0x00000000eab00000, 0x0000000100000000, 0x0000000100000000)
  eden space 248320K, 100% used [0x00000000eab00000,0x00000000f9d80000,0x00000000f9d80000)
  from space 50688K, 35% used [0x00000000fce80000,0x00000000fe013908,0x0000000100000000)
  to   space 50176K, 0% used [0x00000000f9d80000,0x00000000f9d80000,0x00000000fce80000)
 ParOldGen       total 699392K, used 63773K [0x00000000c0000000, 0x00000000eab00000, 0x00000000eab00000)
  object space 699392K, 9% used [0x00000000c0000000,0x00000000c3e47700,0x00000000eab00000)
 Metaspace       used 166722K, capacity 168168K, committed 169216K, reserved 1198080K
  class space    used 20373K, capacity 20717K, committed 20736K, reserved 1048576K
930.078: [GC (Allocation Failure) [PSYoungGen: 266318K->27990K(298496K)] 330092K->94952K(997888K), 0.0172472 secs] [Times: user=0.03 sys=0.00, real=0.02 secs] 
Heap after GC invocations=23 (full 0):
 PSYoungGen      total 298496K, used 27990K [0x00000000eab00000, 0x0000000100000000, 0x0000000100000000)
  eden space 248320K, 0% used [0x00000000eab00000,0x00000000eab00000,0x00000000f9d80000)
  from space 50176K, 55% used [0x00000000f9d80000,0x00000000fb8d59f8,0x00000000fce80000)
  to   space 48128K, 0% used [0x00000000fd100000,0x00000000fd100000,0x0000000100000000)
 ParOldGen       total 699392K, used 66962K [0x00000000c0000000, 0x00000000eab00000, 0x00000000eab00000)
  object space 699392K, 9% used [0x00000000c0000000,0x00000000c4164838,0x00000000eab00000)
 Metaspace       used 166722K, capacity 168168K, committed 169216K, reserved 1198080K
  class space    used 20373K, capacity 20717K, committed 20736K, reserved 1048576K
}
{Heap before GC invocations=24 (full 0):
 PSYoungGen      total 298496K, used 276310K [0x00000000eab00000, 0x0000000100000000, 0x0000000100000000)
  eden space 248320K, 100% used [0x00000000eab00000,0x00000000f9d80000,0x00000000f9d80000)
  from space 50176K, 55% used [0x00000000f9d80000,0x00000000fb8d59f8,0x00000000fce80000)
  to   space 48128K, 0% used [0x00000000fd100000,0x00000000fd100000,0x0000000100000000)
 ParOldGen       total 699392K, used 66962K [0x00000000c0000000, 0x00000000eab00000, 0x00000000eab00000)
  object space 699392K, 9% used [0x00000000c0000000,0x00000000c4164838,0x00000000eab00000)
 Metaspace       used 173628K, capacity 175096K, committed 176384K, reserved 1204224K
  class space    used 21315K, capacity 21683K, committed 21760K, reserved 1048576K
931.479: [GC (Allocation Failure) [PSYoungGen: 276310K->25176K(302592K)] 343272K->94032K(1001984K), 0.0400554 secs] [Times: user=0.07 sys=0.00, real=0.04 secs] 
Heap after GC invocations=24 (full 0):
 PSYoungGen      total 302592K, used 25176K [0x00000000eab00000, 0x0000000100000000, 0x0000000100000000)
  eden space 254464K, 0% used [0x00000000eab00000,0x00000000eab00000,0x00000000fa380000)
  from space 48128K, 52% used [0x00000000fd100000,0x00000000fe996200,0x0000000100000000)
  to   space 46592K, 0% used [0x00000000fa380000,0x00000000fa380000,0x00000000fd100000)
 ParOldGen       total 699392K, used 68856K [0x00000000c0000000, 0x00000000eab00000, 0x00000000eab00000)
  object space 699392K, 9% used [0x00000000c0000000,0x00000000c433e178,0x00000000eab00000)
 Metaspace       used 173628K, capacity 175096K, committed 176384K, reserved 1204224K
  class space    used 21315K, capacity 21683K, committed 21760K, reserved 1048576K
}
{Heap before GC invocations=25 (full 0):
 PSYoungGen      total 302592K, used 279640K [0x00000000eab00000, 0x0000000100000000, 0x0000000100000000)
  eden space 254464K, 100% used [0x00000000eab00000,0x00000000fa380000,0x00000000fa380000)
  from space 48128K, 52% used [0x00000000fd100000,0x00000000fe996200,0x0000000100000000)
  to   space 46592K, 0% used [0x00000000fa380000,0x00000000fa380000,0x00000000fd100000)
 ParOldGen       total 699392K, used 68856K [0x00000000c0000000, 0x00000000eab00000, 0x00000000eab00000)
  object space 699392K, 9% used [0x00000000c0000000,0x00000000c433e178,0x00000000eab00000)
 Metaspace       used 182014K, capacity 183534K, committed 184704K, reserved 1212416K
  class space    used 22304K, capacity 22654K, committed 22656K, reserved 1048576K
1131.909: [GC (Allocation Failure) [PSYoungGen: 279640K->21192K(301056K)] 348496K->91953K(1000448K), 0.0259655 secs] [Times: user=0.04 sys=0.00, real=0.03 secs] 
Heap after GC invocations=25 (full 0):
 PSYoungGen      total 301056K, used 21192K [0x00000000eab00000, 0x0000000100000000, 0x0000000100000000)
  eden space 254464K, 0% used [0x00000000eab00000,0x00000000eab00000,0x00000000fa380000)
  from space 46592K, 45% used [0x00000000fa380000,0x00000000fb8322e0,0x00000000fd100000)
  to   space 45568K, 0% used [0x00000000fd380000,0x00000000fd380000,0x0000000100000000)
 ParOldGen       total 699392K, used 70760K [0x00000000c0000000, 0x00000000eab00000, 0x00000000eab00000)
  object space 699392K, 10% used [0x00000000c0000000,0x00000000c451a1a8,0x00000000eab00000)
 Metaspace       used 182014K, capacity 183534K, committed 184704K, reserved 1212416K
  class space    used 22304K, capacity 22654K, committed 22656K, reserved 1048576K
}
{Heap before GC invocations=26 (full 0):
 PSYoungGen      total 301056K, used 275656K [0x00000000eab00000, 0x0000000100000000, 0x0000000100000000)
  eden space 254464K, 100% used [0x00000000eab00000,0x00000000fa380000,0x00000000fa380000)
  from space 46592K, 45% used [0x00000000fa380000,0x00000000fb8322e0,0x00000000fd100000)
  to   space 45568K, 0% used [0x00000000fd380000,0x00000000fd380000,0x0000000100000000)
 ParOldGen       total 699392K, used 70760K [0x00000000c0000000, 0x00000000eab00000, 0x00000000eab00000)
  object space 699392K, 10% used [0x00000000c0000000,0x00000000c451a1a8,0x00000000eab00000)
 Metaspace       used 186328K, capacity 187852K, committed 189184K, reserved 1214464K
  class space    used 22883K, capacity 23238K, committed 23296K, reserved 1048576K
1132.851: [GC (Allocation Failure) [PSYoungGen: 275656K->32739K(302592K)] 346417K->106540K(1001984K), 0.0234759 secs] [Times: user=0.05 sys=0.00, real=0.03 secs] 
Heap after GC invocations=26 (full 0):
 PSYoungGen      total 302592K, used 32739K [0x00000000eab00000, 0x0000000100000000, 0x0000000100000000)
  eden space 257024K, 0% used [0x00000000eab00000,0x00000000eab00000,0x00000000fa600000)
  from space 45568K, 71% used [0x00000000fd380000,0x00000000ff378c08,0x0000000100000000)
  to   space 46080K, 0% used [0x00000000fa600000,0x00000000fa600000,0x00000000fd300000)
 ParOldGen       total 699392K, used 73801K [0x00000000c0000000, 0x00000000eab00000, 0x00000000eab00000)
  object space 699392K, 10% used [0x00000000c0000000,0x00000000c4812720,0x00000000eab00000)
 Metaspace       used 186328K, capacity 187852K, committed 189184K, reserved 1214464K
  class space    used 22883K, capacity 23238K, committed 23296K, reserved 1048576K
}
{Heap before GC invocations=27 (full 0):
 PSYoungGen      total 302592K, used 289763K [0x00000000eab00000, 0x0000000100000000, 0x0000000100000000)
  eden space 257024K, 100% used [0x00000000eab00000,0x00000000fa600000,0x00000000fa600000)
  from space 45568K, 71% used [0x00000000fd380000,0x00000000ff378c08,0x0000000100000000)
  to   space 46080K, 0% used [0x00000000fa600000,0x00000000fa600000,0x00000000fd300000)
 ParOldGen       total 699392K, used 73801K [0x00000000c0000000, 0x00000000eab00000, 0x00000000eab00000)
  object space 699392K, 10% used [0x00000000c0000000,0x00000000c4812720,0x00000000eab00000)
 Metaspace       used 197426K, capacity 199034K, committed 200320K, reserved 1224704K
  class space    used 24250K, capacity 24628K, committed 24704K, reserved 1048576K
1144.723: [GC (Allocation Failure) [PSYoungGen: 289763K->16020K(303104K)] 363564K->91678K(1002496K), 0.0363508 secs] [Times: user=0.06 sys=0.00, real=0.04 secs] 
Heap after GC invocations=27 (full 0):
 PSYoungGen      total 303104K, used 16020K [0x00000000eab00000, 0x0000000100000000, 0x0000000100000000)
  eden space 257024K, 0% used [0x00000000eab00000,0x00000000eab00000,0x00000000fa600000)
  from space 46080K, 34% used [0x00000000fa600000,0x00000000fb5a5328,0x00000000fd300000)
  to   space 46080K, 0% used [0x00000000fd300000,0x00000000fd300000,0x0000000100000000)
 ParOldGen       total 699392K, used 75658K [0x00000000c0000000, 0x00000000eab00000, 0x00000000eab00000)
  object space 699392K, 10% used [0x00000000c0000000,0x00000000c49e2898,0x00000000eab00000)
 Metaspace       used 197426K, capacity 199034K, committed 200320K, reserved 1224704K
  class space    used 24250K, capacity 24628K, committed 24704K, reserved 1048576K
}
{Heap before GC invocations=28 (full 0):
 PSYoungGen      total 303104K, used 273041K [0x00000000eab00000, 0x0000000100000000, 0x0000000100000000)
  eden space 257024K, 99% used [0x00000000eab00000,0x00000000fa5ff270,0x00000000fa600000)
  from space 46080K, 34% used [0x00000000fa600000,0x00000000fb5a5328,0x00000000fd300000)
  to   space 46080K, 0% used [0x00000000fd300000,0x00000000fd300000,0x0000000100000000)
 ParOldGen       total 699392K, used 75658K [0x00000000c0000000, 0x00000000eab00000, 0x00000000eab00000)
  object space 699392K, 10% used [0x00000000c0000000,0x00000000c49e2898,0x00000000eab00000)
 Metaspace       used 197712K, capacity 199316K, committed 200576K, reserved 1224704K
  class space    used 24275K, capacity 24633K, committed 24704K, reserved 1048576K
1395.210: [GC (Allocation Failure) [PSYoungGen: 273041K->39067K(297984K)] 348699K->118333K(997376K), 0.0339651 secs] [Times: user=0.05 sys=0.00, real=0.03 secs] 
Heap after GC invocations=28 (full 0):
 PSYoungGen      total 297984K, used 39067K [0x00000000eab00000, 0x0000000100000000, 0x0000000100000000)
  eden space 251904K, 0% used [0x00000000eab00000,0x00000000eab00000,0x00000000fa100000)
  from space 46080K, 84% used [0x00000000fd300000,0x00000000ff926e48,0x0000000100000000)
  to   space 48640K, 0% used [0x00000000fa100000,0x00000000fa100000,0x00000000fd080000)
 ParOldGen       total 699392K, used 79266K [0x00000000c0000000, 0x00000000eab00000, 0x00000000eab00000)
  object space 699392K, 11% used [0x00000000c0000000,0x00000000c4d68948,0x00000000eab00000)
 Metaspace       used 197712K, capacity 199316K, committed 200576K, reserved 1224704K
  class space    used 24275K, capacity 24633K, committed 24704K, reserved 1048576K
}
{Heap before GC invocations=29 (full 0):
 PSYoungGen      total 297984K, used 290971K [0x00000000eab00000, 0x0000000100000000, 0x0000000100000000)
  eden space 251904K, 100% used [0x00000000eab00000,0x00000000fa100000,0x00000000fa100000)
  from space 46080K, 84% used [0x00000000fd300000,0x00000000ff926e48,0x0000000100000000)
  to   space 48640K, 0% used [0x00000000fa100000,0x00000000fa100000,0x00000000fd080000)
 ParOldGen       total 699392K, used 79266K [0x00000000c0000000, 0x00000000eab00000, 0x00000000eab00000)
  object space 699392K, 11% used [0x00000000c0000000,0x00000000c4d68948,0x00000000eab00000)
 Metaspace       used 209565K, capacity 211222K, committed 212608K, reserved 1234944K
  class space    used 25821K, capacity 26210K, committed 26240K, reserved 1048576K
1397.402: [GC (Allocation Failure) [PSYoungGen: 290971K->18238K(300544K)] 370237K->98358K(999936K), 0.0288369 secs] [Times: user=0.05 sys=0.00, real=0.03 secs] 
Heap after GC invocations=29 (full 0):
 PSYoungGen      total 300544K, used 18238K [0x00000000eab00000, 0x0000000100000000, 0x0000000100000000)
  eden space 251904K, 0% used [0x00000000eab00000,0x00000000eab00000,0x00000000fa100000)
  from space 48640K, 37% used [0x00000000fa100000,0x00000000fb2cf820,0x00000000fd080000)
  to   space 48128K, 0% used [0x00000000fd100000,0x00000000fd100000,0x0000000100000000)
 ParOldGen       total 699392K, used 80120K [0x00000000c0000000, 0x00000000eab00000, 0x00000000eab00000)
  object space 699392K, 11% used [0x00000000c0000000,0x00000000c4e3e248,0x00000000eab00000)
 Metaspace       used 209565K, capacity 211222K, committed 212608K, reserved 1234944K
  class space    used 25821K, capacity 26210K, committed 26240K, reserved 1048576K
}
{Heap before GC invocations=30 (full 0):
 PSYoungGen      total 300544K, used 270142K [0x00000000eab00000, 0x0000000100000000, 0x0000000100000000)
  eden space 251904K, 100% used [0x00000000eab00000,0x00000000fa100000,0x00000000fa100000)
  from space 48640K, 37% used [0x00000000fa100000,0x00000000fb2cf820,0x00000000fd080000)
  to   space 48128K, 0% used [0x00000000fd100000,0x00000000fd100000,0x0000000100000000)
 ParOldGen       total 699392K, used 80120K [0x00000000c0000000, 0x00000000eab00000, 0x00000000eab00000)
  object space 699392K, 11% used [0x00000000c0000000,0x00000000c4e3e248,0x00000000eab00000)
 Metaspace       used 213000K, capacity 214748K, committed 216064K, reserved 1239040K
  class space    used 26213K, capacity 26607K, committed 26624K, reserved 1048576K
1721.116: [GC (Allocation Failure) [PSYoungGen: 270142K->30025K(301568K)] 350262K->113253K(1000960K), 0.0192166 secs] [Times: user=0.03 sys=0.00, real=0.02 secs] 
Heap after GC invocations=30 (full 0):
 PSYoungGen      total 301568K, used 30025K [0x00000000eab00000, 0x0000000100000000, 0x0000000100000000)
  eden space 253440K, 0% used [0x00000000eab00000,0x00000000eab00000,0x00000000fa280000)
  from space 48128K, 62% used [0x00000000fd100000,0x00000000fee52438,0x0000000100000000)
  to   space 47616K, 0% used [0x00000000fa280000,0x00000000fa280000,0x00000000fd100000)
 ParOldGen       total 699392K, used 83228K [0x00000000c0000000, 0x00000000eab00000, 0x00000000eab00000)
  object space 699392K, 11% used [0x00000000c0000000,0x00000000c5147380,0x00000000eab00000)
 Metaspace       used 213000K, capacity 214748K, committed 216064K, reserved 1239040K
  class space    used 26213K, capacity 26607K, committed 26624K, reserved 1048576K
}
{Heap before GC invocations=31 (full 0):
 PSYoungGen      total 301568K, used 283465K [0x00000000eab00000, 0x0000000100000000, 0x0000000100000000)
  eden space 253440K, 100% used [0x00000000eab00000,0x00000000fa280000,0x00000000fa280000)
  from space 48128K, 62% used [0x00000000fd100000,0x00000000fee52438,0x0000000100000000)
  to   space 47616K, 0% used [0x00000000fa280000,0x00000000fa280000,0x00000000fd100000)
 ParOldGen       total 699392K, used 83228K [0x00000000c0000000, 0x00000000eab00000, 0x00000000eab00000)
  object space 699392K, 11% used [0x00000000c0000000,0x00000000c5147380,0x00000000eab00000)
 Metaspace       used 220055K, capacity 221884K, committed 223232K, reserved 1245184K
  class space    used 27177K, capacity 27576K, committed 27648K, reserved 1048576K
1722.198: [GC (Allocation Failure) [PSYoungGen: 283465K->23468K(301056K)] 366693K->108679K(1000448K), 0.0271780 secs] [Times: user=0.06 sys=0.01, real=0.03 secs] 
Heap after GC invocations=31 (full 0):
 PSYoungGen      total 301056K, used 23468K [0x00000000eab00000, 0x0000000100000000, 0x0000000100000000)
  eden space 253440K, 0% used [0x00000000eab00000,0x00000000eab00000,0x00000000fa280000)
  from space 47616K, 49% used [0x00000000fa280000,0x00000000fb96b178,0x00000000fd100000)
  to   space 46080K, 0% used [0x00000000fd300000,0x00000000fd300000,0x0000000100000000)
 ParOldGen       total 699392K, used 85211K [0x00000000c0000000, 0x00000000eab00000, 0x00000000eab00000)
  object space 699392K, 12% used [0x00000000c0000000,0x00000000c5336ce0,0x00000000eab00000)
 Metaspace       used 220055K, capacity 221884K, committed 223232K, reserved 1245184K
  class space    used 27177K, capacity 27576K, committed 27648K, reserved 1048576K
}
{Heap before GC invocations=32 (full 0):
 PSYoungGen      total 301056K, used 276908K [0x00000000eab00000, 0x0000000100000000, 0x0000000100000000)
  eden space 253440K, 100% used [0x00000000eab00000,0x00000000fa280000,0x00000000fa280000)
  from space 47616K, 49% used [0x00000000fa280000,0x00000000fb96b178,0x00000000fd100000)
  to   space 46080K, 0% used [0x00000000fd300000,0x00000000fd300000,0x0000000100000000)
 ParOldGen       total 699392K, used 85211K [0x00000000c0000000, 0x00000000eab00000, 0x00000000eab00000)
  object space 699392K, 12% used [0x00000000c0000000,0x00000000c5336ce0,0x00000000eab00000)
 Metaspace       used 228373K, capacity 230298K, committed 231680K, reserved 1253376K
  class space    used 28160K, capacity 28575K, committed 28672K, reserved 1048576K
2061.194: [GC (Allocation Failure) [PSYoungGen: 276908K->23512K(304640K)] 362119K->110699K(1004032K), 0.0170280 secs] [Times: user=0.03 sys=0.01, real=0.01 secs] 
Heap after GC invocations=32 (full 0):
 PSYoungGen      total 304640K, used 23512K [0x00000000eab00000, 0x0000000100000000, 0x0000000100000000)
  eden space 258560K, 0% used [0x00000000eab00000,0x00000000eab00000,0x00000000fa780000)
  from space 46080K, 51% used [0x00000000fd300000,0x00000000fe9f61f8,0x0000000100000000)
  to   space 44544K, 0% used [0x00000000fa780000,0x00000000fa780000,0x00000000fd300000)
 ParOldGen       total 699392K, used 87187K [0x00000000c0000000, 0x00000000eab00000, 0x00000000eab00000)
  object space 699392K, 12% used [0x00000000c0000000,0x00000000c5524d10,0x00000000eab00000)
 Metaspace       used 228373K, capacity 230298K, committed 231680K, reserved 1253376K
  class space    used 28160K, capacity 28575K, committed 28672K, reserved 1048576K
}
{Heap before GC invocations=33 (full 0):
 PSYoungGen      total 304640K, used 282072K [0x00000000eab00000, 0x0000000100000000, 0x0000000100000000)
  eden space 258560K, 100% used [0x00000000eab00000,0x00000000fa780000,0x00000000fa780000)
  from space 46080K, 51% used [0x00000000fd300000,0x00000000fe9f61f8,0x0000000100000000)
  to   space 44544K, 0% used [0x00000000fa780000,0x00000000fa780000,0x00000000fd300000)
 ParOldGen       total 699392K, used 87187K [0x00000000c0000000, 0x00000000eab00000, 0x00000000eab00000)
  object space 699392K, 12% used [0x00000000c0000000,0x00000000c5524d10,0x00000000eab00000)
 Metaspace       used 233039K, capacity 235064K, committed 236672K, reserved 1257472K
  class space    used 28788K, capacity 29223K, committed 29312K, reserved 1048576K
2062.487: [GC (Allocation Failure) [PSYoungGen: 282072K->30899K(303104K)] 369259K->121109K(1002496K), 0.0551393 secs] [Times: user=0.08 sys=0.00, real=0.05 secs] 
Heap after GC invocations=33 (full 0):
 PSYoungGen      total 303104K, used 30899K [0x00000000eab00000, 0x0000000100000000, 0x0000000100000000)
  eden space 258560K, 0% used [0x00000000eab00000,0x00000000eab00000,0x00000000fa780000)
  from space 44544K, 69% used [0x00000000fa780000,0x00000000fc5acc20,0x00000000fd300000)
  to   space 44544K, 0% used [0x00000000fd480000,0x00000000fd480000,0x0000000100000000)
 ParOldGen       total 699392K, used 90210K [0x00000000c0000000, 0x00000000eab00000, 0x00000000eab00000)
  object space 699392K, 12% used [0x00000000c0000000,0x00000000c5818ab8,0x00000000eab00000)
 Metaspace       used 233039K, capacity 235064K, committed 236672K, reserved 1257472K
  class space    used 28788K, capacity 29223K, committed 29312K, reserved 1048576K
}
{Heap before GC invocations=34 (full 0):
 PSYoungGen      total 303104K, used 289459K [0x00000000eab00000, 0x0000000100000000, 0x0000000100000000)
  eden space 258560K, 100% used [0x00000000eab00000,0x00000000fa780000,0x00000000fa780000)
  from space 44544K, 69% used [0x00000000fa780000,0x00000000fc5acc20,0x00000000fd300000)
  to   space 44544K, 0% used [0x00000000fd480000,0x00000000fd480000,0x0000000100000000)
 ParOldGen       total 699392K, used 90210K [0x00000000c0000000, 0x00000000eab00000, 0x00000000eab00000)
  object space 699392K, 12% used [0x00000000c0000000,0x00000000c5818ab8,0x00000000eab00000)
 Metaspace       used 243940K, capacity 245978K, committed 247424K, reserved 1265664K
  class space    used 30117K, capacity 30547K, committed 30592K, reserved 1048576K
2352.387: [GC (Allocation Failure) [PSYoungGen: 289459K->15533K(304640K)] 379669K->107732K(1004032K), 0.0216202 secs] [Times: user=0.04 sys=0.00, real=0.02 secs] 
Heap after GC invocations=34 (full 0):
 PSYoungGen      total 304640K, used 15533K [0x00000000eab00000, 0x0000000100000000, 0x0000000100000000)
  eden space 260096K, 0% used [0x00000000eab00000,0x00000000eab00000,0x00000000fa900000)
  from space 44544K, 34% used [0x00000000fd480000,0x00000000fe3ab6b8,0x0000000100000000)
  to   space 44544K, 0% used [0x00000000fa900000,0x00000000fa900000,0x00000000fd480000)
 ParOldGen       total 699392K, used 92198K [0x00000000c0000000, 0x00000000eab00000, 0x00000000eab00000)
  object space 699392K, 13% used [0x00000000c0000000,0x00000000c5a09b28,0x00000000eab00000)
 Metaspace       used 243940K, capacity 245978K, committed 247424K, reserved 1265664K
  class space    used 30117K, capacity 30547K, committed 30592K, reserved 1048576K
}
{Heap before GC invocations=35 (full 0):
 PSYoungGen      total 304640K, used 275629K [0x00000000eab00000, 0x0000000100000000, 0x0000000100000000)
  eden space 260096K, 100% used [0x00000000eab00000,0x00000000fa900000,0x00000000fa900000)
  from space 44544K, 34% used [0x00000000fd480000,0x00000000fe3ab6b8,0x0000000100000000)
  to   space 44544K, 0% used [0x00000000fa900000,0x00000000fa900000,0x00000000fd480000)
 ParOldGen       total 699392K, used 92198K [0x00000000c0000000, 0x00000000eab00000, 0x00000000eab00000)
  object space 699392K, 13% used [0x00000000c0000000,0x00000000c5a09b28,0x00000000eab00000)
 Metaspace       used 244183K, capacity 246244K, committed 247680K, reserved 1265664K
  class space    used 30160K, capacity 30590K, committed 30592K, reserved 1048576K
2354.879: [GC (Allocation Failure) [PSYoungGen: 275629K->36799K(296960K)] 367828K->132666K(996352K), 0.0246319 secs] [Times: user=0.04 sys=0.00, real=0.02 secs] 
Heap after GC invocations=35 (full 0):
 PSYoungGen      total 296960K, used 36799K [0x00000000eab00000, 0x0000000100000000, 0x0000000100000000)
  eden space 260096K, 0% used [0x00000000eab00000,0x00000000eab00000,0x00000000fa900000)
  from space 36864K, 99% used [0x00000000fa900000,0x00000000fccefc50,0x00000000fcd00000)
  to   space 47104K, 0% used [0x00000000fd200000,0x00000000fd200000,0x0000000100000000)
 ParOldGen       total 699392K, used 95867K [0x00000000c0000000, 0x00000000eab00000, 0x00000000eab00000)
  object space 699392K, 13% used [0x00000000c0000000,0x00000000c5d9ec68,0x00000000eab00000)
 Metaspace       used 244183K, capacity 246244K, committed 247680K, reserved 1265664K
  class space    used 30160K, capacity 30590K, committed 30592K, reserved 1048576K
}
{Heap before GC invocations=36 (full 0):
 PSYoungGen      total 296960K, used 296895K [0x00000000eab00000, 0x0000000100000000, 0x0000000100000000)
  eden space 260096K, 100% used [0x00000000eab00000,0x00000000fa900000,0x00000000fa900000)
  from space 36864K, 99% used [0x00000000fa900000,0x00000000fccefc50,0x00000000fcd00000)
  to   space 47104K, 0% used [0x00000000fd200000,0x00000000fd200000,0x0000000100000000)
 ParOldGen       total 699392K, used 95867K [0x00000000c0000000, 0x00000000eab00000, 0x00000000eab00000)
  object space 699392K, 13% used [0x00000000c0000000,0x00000000c5d9ec68,0x00000000eab00000)
 Metaspace       used 256249K, capacity 258344K, committed 259840K, reserved 1277952K
  class space    used 31729K, capacity 32164K, committed 32256K, reserved 1048576K
2356.824: [GC (Allocation Failure) [PSYoungGen: 296895K->18480K(302592K)] 392762K->115309K(1001984K), 0.0350104 secs] [Times: user=0.06 sys=0.01, real=0.04 secs] 
Heap after GC invocations=36 (full 0):
 PSYoungGen      total 302592K, used 18480K [0x00000000eab00000, 0x0000000100000000, 0x0000000100000000)
  eden space 255488K, 0% used [0x00000000eab00000,0x00000000eab00000,0x00000000fa480000)
  from space 47104K, 39% used [0x00000000fd200000,0x00000000fe40c0a0,0x0000000100000000)
  to   space 46592K, 0% used [0x00000000fa480000,0x00000000fa480000,0x00000000fd200000)
 ParOldGen       total 699392K, used 96829K [0x00000000c0000000, 0x00000000eab00000, 0x00000000eab00000)
  object space 699392K, 13% used [0x00000000c0000000,0x00000000c5e8f518,0x00000000eab00000)
 Metaspace       used 256249K, capacity 258344K, committed 259840K, reserved 1277952K
  class space    used 31729K, capacity 32164K, committed 32256K, reserved 1048576K
}
{Heap before GC invocations=37 (full 0):
 PSYoungGen      total 302592K, used 80887K [0x00000000eab00000, 0x0000000100000000, 0x0000000100000000)
  eden space 255488K, 24% used [0x00000000eab00000,0x00000000ee7f1f10,0x00000000fa480000)
  from space 47104K, 39% used [0x00000000fd200000,0x00000000fe40c0a0,0x0000000100000000)
  to   space 46592K, 0% used [0x00000000fa480000,0x00000000fa480000,0x00000000fd200000)
 ParOldGen       total 699392K, used 96829K [0x00000000c0000000, 0x00000000eab00000, 0x00000000eab00000)
  object space 699392K, 13% used [0x00000000c0000000,0x00000000c5e8f518,0x00000000eab00000)
 Metaspace       used 258406K, capacity 260608K, committed 262144K, reserved 1280000K
  class space    used 31963K, capacity 32425K, committed 32512K, reserved 1048576K
2359.126: [GC (Metadata GC Threshold) [PSYoungGen: 80887K->3336K(259072K)] 177717K->105569K(958464K), 0.0186879 secs] [Times: user=0.06 sys=0.01, real=0.01 secs] 
Heap after GC invocations=37 (full 0):
 PSYoungGen      total 259072K, used 3336K [0x00000000eab00000, 0x0000000100000000, 0x0000000100000000)
  eden space 255488K, 0% used [0x00000000eab00000,0x00000000eab00000,0x00000000fa480000)
  from space 3584K, 93% used [0x00000000fa480000,0x00000000fa7c21b8,0x00000000fa800000)
  to   space 48128K, 0% used [0x00000000fd100000,0x00000000fd100000,0x0000000100000000)
 ParOldGen       total 699392K, used 102232K [0x00000000c0000000, 0x00000000eab00000, 0x00000000eab00000)
  object space 699392K, 14% used [0x00000000c0000000,0x00000000c63d6298,0x00000000eab00000)
 Metaspace       used 258406K, capacity 260608K, committed 262144K, reserved 1280000K
  class space    used 31963K, capacity 32425K, committed 32512K, reserved 1048576K
}
{Heap before GC invocations=38 (full 1):
 PSYoungGen      total 259072K, used 3336K [0x00000000eab00000, 0x0000000100000000, 0x0000000100000000)
  eden space 255488K, 0% used [0x00000000eab00000,0x00000000eab00000,0x00000000fa480000)
  from space 3584K, 93% used [0x00000000fa480000,0x00000000fa7c21b8,0x00000000fa800000)
  to   space 48128K, 0% used [0x00000000fd100000,0x00000000fd100000,0x0000000100000000)
 ParOldGen       total 699392K, used 102232K [0x00000000c0000000, 0x00000000eab00000, 0x00000000eab00000)
  object space 699392K, 14% used [0x00000000c0000000,0x00000000c63d6298,0x00000000eab00000)
 Metaspace       used 258406K, capacity 260608K, committed 262144K, reserved 1280000K
  class space    used 31963K, capacity 32425K, committed 32512K, reserved 1048576K
2359.145: [Full GC (Metadata GC Threshold) [PSYoungGen: 3336K->0K(259072K)] [ParOldGen: 102232K->78606K(699392K)] 105569K->78606K(958464K), [Metaspace: 258406K->245700K(1275904K)], 0.4921737 secs] [Times: user=1.14 sys=0.00, real=0.50 secs] 
Heap after GC invocations=38 (full 1):
 PSYoungGen      total 259072K, used 0K [0x00000000eab00000, 0x0000000100000000, 0x0000000100000000)
  eden space 255488K, 0% used [0x00000000eab00000,0x00000000eab00000,0x00000000fa480000)
  from space 3584K, 0% used [0x00000000fa480000,0x00000000fa480000,0x00000000fa800000)
  to   space 48128K, 0% used [0x00000000fd100000,0x00000000fd100000,0x0000000100000000)
 ParOldGen       total 699392K, used 78606K [0x00000000c0000000, 0x00000000eab00000, 0x00000000eab00000)
  object space 699392K, 11% used [0x00000000c0000000,0x00000000c4cc3a98,0x00000000eab00000)
 Metaspace       used 245700K, capacity 247134K, committed 258048K, reserved 1275904K
  class space    used 30309K, capacity 30718K, committed 32512K, reserved 1048576K
}
{Heap before GC invocations=39 (full 1):
 PSYoungGen      total 259072K, used 255488K [0x00000000eab00000, 0x0000000100000000, 0x0000000100000000)
  eden space 255488K, 100% used [0x00000000eab00000,0x00000000fa480000,0x00000000fa480000)
  from space 3584K, 0% used [0x00000000fa480000,0x00000000fa480000,0x00000000fa800000)
  to   space 48128K, 0% used [0x00000000fd100000,0x00000000fd100000,0x0000000100000000)
 ParOldGen       total 699392K, used 78606K [0x00000000c0000000, 0x00000000eab00000, 0x00000000eab00000)
  object space 699392K, 11% used [0x00000000c0000000,0x00000000c4cc3a98,0x00000000eab00000)
 Metaspace       used 246463K, capacity 247894K, committed 258048K, reserved 1275904K
  class space    used 30395K, capacity 30792K, committed 32512K, reserved 1048576K
2386.878: [GC (Allocation Failure) [PSYoungGen: 255488K->37425K(295936K)] 334094K->116040K(995328K), 0.0182424 secs] [Times: user=0.03 sys=0.00, real=0.02 secs] 
Heap after GC invocations=39 (full 1):
 PSYoungGen      total 295936K, used 37425K [0x00000000eab00000, 0x0000000100000000, 0x0000000100000000)
  eden space 247808K, 0% used [0x00000000eab00000,0x00000000eab00000,0x00000000f9d00000)
  from space 48128K, 77% used [0x00000000fd100000,0x00000000ff58c728,0x0000000100000000)
  to   space 50688K, 0% used [0x00000000f9d00000,0x00000000f9d00000,0x00000000fce80000)
 ParOldGen       total 699392K, used 78614K [0x00000000c0000000, 0x00000000eab00000, 0x00000000eab00000)
  object space 699392K, 11% used [0x00000000c0000000,0x00000000c4cc5a98,0x00000000eab00000)
 Metaspace       used 246463K, capacity 247894K, committed 258048K, reserved 1275904K
  class space    used 30395K, capacity 30792K, committed 32512K, reserved 1048576K
}
{Heap before GC invocations=40 (full 1):
 PSYoungGen      total 295936K, used 285233K [0x00000000eab00000, 0x0000000100000000, 0x0000000100000000)
  eden space 247808K, 100% used [0x00000000eab00000,0x00000000f9d00000,0x00000000f9d00000)
  from space 48128K, 77% used [0x00000000fd100000,0x00000000ff58c728,0x0000000100000000)
  to   space 50688K, 0% used [0x00000000f9d00000,0x00000000f9d00000,0x00000000fce80000)
 ParOldGen       total 699392K, used 78614K [0x00000000c0000000, 0x00000000eab00000, 0x00000000eab00000)
  object space 699392K, 11% used [0x00000000c0000000,0x00000000c4cc5a98,0x00000000eab00000)
 Metaspace       used 258322K, capacity 259796K, committed 261632K, reserved 1277952K
  class space    used 31947K, capacity 32379K, committed 32512K, reserved 1048576K
2388.336: [GC (Allocation Failure) [PSYoungGen: 285233K->17820K(298496K)] 363848K->97419K(997888K), 0.0160712 secs] [Times: user=0.03 sys=0.00, real=0.01 secs] 
Heap after GC invocations=40 (full 1):
 PSYoungGen      total 298496K, used 17820K [0x00000000eab00000, 0x0000000100000000, 0x0000000100000000)
  eden space 247808K, 0% used [0x00000000eab00000,0x00000000eab00000,0x00000000f9d00000)
  from space 50688K, 35% used [0x00000000f9d00000,0x00000000fae671c8,0x00000000fce80000)
  to   space 49664K, 0% used [0x00000000fcf80000,0x00000000fcf80000,0x0000000100000000)
 ParOldGen       total 699392K, used 79598K [0x00000000c0000000, 0x00000000eab00000, 0x00000000eab00000)
  object space 699392K, 11% used [0x00000000c0000000,0x00000000c4dbbbb8,0x00000000eab00000)
 Metaspace       used 258322K, capacity 259796K, committed 261632K, reserved 1277952K
  class space    used 31947K, capacity 32379K, committed 32512K, reserved 1048576K
}
{Heap before GC invocations=41 (full 1):
 PSYoungGen      total 298496K, used 68307K [0x00000000eab00000, 0x0000000100000000, 0x0000000100000000)
  eden space 247808K, 20% used [0x00000000eab00000,0x00000000edc4da70,0x00000000f9d00000)
  from space 50688K, 35% used [0x00000000f9d00000,0x00000000fae671c8,0x00000000fce80000)
  to   space 49664K, 0% used [0x00000000fcf80000,0x00000000fcf80000,0x0000000100000000)
 ParOldGen       total 699392K, used 79598K [0x00000000c0000000, 0x00000000eab00000, 0x00000000eab00000)
  object space 699392K, 11% used [0x00000000c0000000,0x00000000c4dbbbb8,0x00000000eab00000)
 Metaspace       used 259011K, capacity 260500K, committed 262144K, reserved 1280000K
  class space    used 32040K, capacity 32443K, committed 32512K, reserved 1048576K
2394.087: [GC (Metadata GC Threshold) [PSYoungGen: 68307K->1977K(297472K)] 147905K->86627K(996864K), 0.0278108 secs] [Times: user=0.06 sys=0.00, real=0.03 secs] 
Heap after GC invocations=41 (full 1):
 PSYoungGen      total 297472K, used 1977K [0x00000000eab00000, 0x0000000100000000, 0x0000000100000000)
  eden space 247808K, 0% used [0x00000000eab00000,0x00000000eab00000,0x00000000f9d00000)
  from space 49664K, 3% used [0x00000000fcf80000,0x00000000fd16e618,0x0000000100000000)
  to   space 50688K, 0% used [0x00000000f9d00000,0x00000000f9d00000,0x00000000fce80000)
 ParOldGen       total 699392K, used 84649K [0x00000000c0000000, 0x00000000eab00000, 0x00000000eab00000)
  object space 699392K, 12% used [0x00000000c0000000,0x00000000c52aa6b8,0x00000000eab00000)
 Metaspace       used 259011K, capacity 260500K, committed 262144K, reserved 1280000K
  class space    used 32040K, capacity 32443K, committed 32512K, reserved 1048576K
}
{Heap before GC invocations=42 (full 2):
 PSYoungGen      total 297472K, used 1977K [0x00000000eab00000, 0x0000000100000000, 0x0000000100000000)
  eden space 247808K, 0% used [0x00000000eab00000,0x00000000eab00000,0x00000000f9d00000)
  from space 49664K, 3% used [0x00000000fcf80000,0x00000000fd16e618,0x0000000100000000)
  to   space 50688K, 0% used [0x00000000f9d00000,0x00000000f9d00000,0x00000000fce80000)
 ParOldGen       total 699392K, used 84649K [0x00000000c0000000, 0x00000000eab00000, 0x00000000eab00000)
  object space 699392K, 12% used [0x00000000c0000000,0x00000000c52aa6b8,0x00000000eab00000)
 Metaspace       used 259011K, capacity 260500K, committed 262144K, reserved 1280000K
  class space    used 32040K, capacity 32443K, committed 32512K, reserved 1048576K
2394.115: [Full GC (Metadata GC Threshold) [PSYoungGen: 1977K->0K(297472K)] [ParOldGen: 84649K->40118K(699392K)] 86627K->40118K(996864K), [Metaspace: 259011K->107826K(1230848K)], 0.4268581 secs] [Times: user=0.66 sys=0.00, real=0.42 secs] 
