Java HotSpot(TM) 64-Bit Server VM (25.121-b13) for linux-amd64 JRE (1.8.0_121-b13), built on Dec 12 2016 16:36:53 by "java_re" with gcc 4.3.0 20080428 (Red Hat 4.3.0-8)
Memory: 4k page, physical 8035296k(2838280k free), swap 3999740k(3999740k free)
CommandLine flags: -XX:+HeapDumpOnOutOfMemoryError -XX:HeapDumpPath=../../../instances/tomcat8/logs/tomcat8_java_pid_20171024173443.hprof -XX:InitialHeapSize=1073741824 -XX:+ManagementServer -XX:MaxHeapSize=1073741824 -XX:MaxMetaspaceSize=268435456 -XX:MetaspaceSize=268435456 -XX:+PrintGC -XX:+PrintGCDetails -XX:+PrintGCTimeStamps -XX:+PrintHeapAtGC -XX:+UseCompressedClassPointers -XX:+UseCompressedOops -XX:+UseParallelGC -XX:+UseParallelOldGC 
{Heap before GC invocations=1 (full 0):
 PSYoungGen      total 305664K, used 262144K [0x00000000eab00000, 0x0000000100000000, 0x0000000100000000)
  eden space 262144K, 100% used [0x00000000eab00000,0x00000000fab00000,0x00000000fab00000)
  from space 43520K, 0% used [0x00000000fd580000,0x00000000fd580000,0x0000000100000000)
  to   space 43520K, 0% used [0x00000000fab00000,0x00000000fab00000,0x00000000fd580000)
 ParOldGen       total 699392K, used 0K [0x00000000c0000000, 0x00000000eab00000, 0x00000000eab00000)
  object space 699392K, 0% used [0x00000000c0000000,0x00000000c0000000,0x00000000eab00000)
 Metaspace       used 17570K, capacity 17940K, committed 18048K, reserved 1064960K
  class space    used 1989K, capacity 2125K, committed 2176K, reserved 1048576K
4.367: [GC (Allocation Failure) [PSYoungGen: 262144K->36906K(305664K)] 262144K->36986K(1005056K), 0.0406289 secs] [Times: user=0.07 sys=0.00, real=0.04 secs] 
Heap after GC invocations=1 (full 0):
 PSYoungGen      total 305664K, used 36906K [0x00000000eab00000, 0x0000000100000000, 0x0000000100000000)
  eden space 262144K, 0% used [0x00000000eab00000,0x00000000eab00000,0x00000000fab00000)
  from space 43520K, 84% used [0x00000000fab00000,0x00000000fcf0a840,0x00000000fd580000)
  to   space 43520K, 0% used [0x00000000fd580000,0x00000000fd580000,0x0000000100000000)
 ParOldGen       total 699392K, used 80K [0x00000000c0000000, 0x00000000eab00000, 0x00000000eab00000)
  object space 699392K, 0% used [0x00000000c0000000,0x00000000c0014010,0x00000000eab00000)
 Metaspace       used 17570K, capacity 17940K, committed 18048K, reserved 1064960K
  class space    used 1989K, capacity 2125K, committed 2176K, reserved 1048576K
}
{Heap before GC invocations=2 (full 0):
 PSYoungGen      total 305664K, used 299050K [0x00000000eab00000, 0x0000000100000000, 0x0000000100000000)
  eden space 262144K, 100% used [0x00000000eab00000,0x00000000fab00000,0x00000000fab00000)
  from space 43520K, 84% used [0x00000000fab00000,0x00000000fcf0a840,0x00000000fd580000)
  to   space 43520K, 0% used [0x00000000fd580000,0x00000000fd580000,0x0000000100000000)
 ParOldGen       total 699392K, used 80K [0x00000000c0000000, 0x00000000eab00000, 0x00000000eab00000)
  object space 699392K, 0% used [0x00000000c0000000,0x00000000c0014010,0x00000000eab00000)
 Metaspace       used 24757K, capacity 25172K, committed 25344K, reserved 1071104K
  class space    used 2888K, capacity 3046K, committed 3072K, reserved 1048576K
6.729: [GC (Allocation Failure) [PSYoungGen: 299050K->36658K(305664K)] 299130K->36754K(1005056K), 0.0411018 secs] [Times: user=0.09 sys=0.00, real=0.04 secs] 
Heap after GC invocations=2 (full 0):
 PSYoungGen      total 305664K, used 36658K [0x00000000eab00000, 0x0000000100000000, 0x0000000100000000)
  eden space 262144K, 0% used [0x00000000eab00000,0x00000000eab00000,0x00000000fab00000)
  from space 43520K, 84% used [0x00000000fd580000,0x00000000ff94ca18,0x0000000100000000)
  to   space 43520K, 0% used [0x00000000fab00000,0x00000000fab00000,0x00000000fd580000)
 ParOldGen       total 699392K, used 96K [0x00000000c0000000, 0x00000000eab00000, 0x00000000eab00000)
  object space 699392K, 0% used [0x00000000c0000000,0x00000000c0018010,0x00000000eab00000)
 Metaspace       used 24757K, capacity 25172K, committed 25344K, reserved 1071104K
  class space    used 2888K, capacity 3046K, committed 3072K, reserved 1048576K
}
{Heap before GC invocations=3 (full 0):
 PSYoungGen      total 305664K, used 298802K [0x00000000eab00000, 0x0000000100000000, 0x0000000100000000)
  eden space 262144K, 100% used [0x00000000eab00000,0x00000000fab00000,0x00000000fab00000)
  from space 43520K, 84% used [0x00000000fd580000,0x00000000ff94ca18,0x0000000100000000)
  to   space 43520K, 0% used [0x00000000fab00000,0x00000000fab00000,0x00000000fd580000)
 ParOldGen       total 699392K, used 96K [0x00000000c0000000, 0x00000000eab00000, 0x00000000eab00000)
  object space 699392K, 0% used [0x00000000c0000000,0x00000000c0018010,0x00000000eab00000)
 Metaspace       used 35062K, capacity 35568K, committed 35840K, reserved 1081344K
  class space    used 4155K, capacity 4348K, committed 4352K, reserved 1048576K
9.557: [GC (Allocation Failure) [PSYoungGen: 298802K->28554K(305664K)] 298898K->28666K(1005056K), 0.0285890 secs] [Times: user=0.06 sys=0.00, real=0.03 secs] 
Heap after GC invocations=3 (full 0):
 PSYoungGen      total 305664K, used 28554K [0x00000000eab00000, 0x0000000100000000, 0x0000000100000000)
  eden space 262144K, 0% used [0x00000000eab00000,0x00000000eab00000,0x00000000fab00000)
  from space 43520K, 65% used [0x00000000fab00000,0x00000000fc6e2918,0x00000000fd580000)
  to   space 43520K, 0% used [0x00000000fd580000,0x00000000fd580000,0x0000000100000000)
 ParOldGen       total 699392K, used 112K [0x00000000c0000000, 0x00000000eab00000, 0x00000000eab00000)
  object space 699392K, 0% used [0x00000000c0000000,0x00000000c001c010,0x00000000eab00000)
 Metaspace       used 35062K, capacity 35568K, committed 35840K, reserved 1081344K
  class space    used 4155K, capacity 4348K, committed 4352K, reserved 1048576K
}
{Heap before GC invocations=4 (full 0):
 PSYoungGen      total 305664K, used 290698K [0x00000000eab00000, 0x0000000100000000, 0x0000000100000000)
  eden space 262144K, 100% used [0x00000000eab00000,0x00000000fab00000,0x00000000fab00000)
  from space 43520K, 65% used [0x00000000fab00000,0x00000000fc6e2918,0x00000000fd580000)
  to   space 43520K, 0% used [0x00000000fd580000,0x00000000fd580000,0x0000000100000000)
 ParOldGen       total 699392K, used 112K [0x00000000c0000000, 0x00000000eab00000, 0x00000000eab00000)
  object space 699392K, 0% used [0x00000000c0000000,0x00000000c001c010,0x00000000eab00000)
 Metaspace       used 35121K, capacity 35580K, committed 35840K, reserved 1081344K
  class space    used 4160K, capacity 4350K, committed 4352K, reserved 1048576K
10.876: [GC (Allocation Failure) [PSYoungGen: 290698K->43503K(305664K)] 290810K->56387K(1005056K), 0.0799293 secs] [Times: user=0.16 sys=0.00, real=0.08 secs] 
Heap after GC invocations=4 (full 0):
 PSYoungGen      total 305664K, used 43503K [0x00000000eab00000, 0x0000000100000000, 0x0000000100000000)
  eden space 262144K, 0% used [0x00000000eab00000,0x00000000eab00000,0x00000000fab00000)
  from space 43520K, 99% used [0x00000000fd580000,0x00000000ffffbd28,0x0000000100000000)
  to   space 43520K, 0% used [0x00000000fab00000,0x00000000fab00000,0x00000000fd580000)
 ParOldGen       total 699392K, used 12884K [0x00000000c0000000, 0x00000000eab00000, 0x00000000eab00000)
  object space 699392K, 1% used [0x00000000c0000000,0x00000000c0c95178,0x00000000eab00000)
 Metaspace       used 35121K, capacity 35580K, committed 35840K, reserved 1081344K
  class space    used 4160K, capacity 4350K, committed 4352K, reserved 1048576K
}
{Heap before GC invocations=5 (full 0):
 PSYoungGen      total 305664K, used 305647K [0x00000000eab00000, 0x0000000100000000, 0x0000000100000000)
  eden space 262144K, 100% used [0x00000000eab00000,0x00000000fab00000,0x00000000fab00000)
  from space 43520K, 99% used [0x00000000fd580000,0x00000000ffffbd28,0x0000000100000000)
  to   space 43520K, 0% used [0x00000000fab00000,0x00000000fab00000,0x00000000fd580000)
 ParOldGen       total 699392K, used 12884K [0x00000000c0000000, 0x00000000eab00000, 0x00000000eab00000)
  object space 699392K, 1% used [0x00000000c0000000,0x00000000c0c95178,0x00000000eab00000)
 Metaspace       used 40659K, capacity 41302K, committed 41472K, reserved 1085440K
  class space    used 5144K, capacity 5348K, committed 5376K, reserved 1048576K
13.547: [GC (Allocation Failure) [PSYoungGen: 305647K->43488K(305664K)] 318531K->63475K(1005056K), 0.0905046 secs] [Times: user=0.18 sys=0.01, real=0.08 secs] 
Heap after GC invocations=5 (full 0):
 PSYoungGen      total 305664K, used 43488K [0x00000000eab00000, 0x0000000100000000, 0x0000000100000000)
  eden space 262144K, 0% used [0x00000000eab00000,0x00000000eab00000,0x00000000fab00000)
  from space 43520K, 99% used [0x00000000fab00000,0x00000000fd5783d0,0x00000000fd580000)
  to   space 43520K, 0% used [0x00000000fd580000,0x00000000fd580000,0x0000000100000000)
 ParOldGen       total 699392K, used 19986K [0x00000000c0000000, 0x00000000eab00000, 0x00000000eab00000)
  object space 699392K, 2% used [0x00000000c0000000,0x00000000c1384950,0x00000000eab00000)
 Metaspace       used 40659K, capacity 41302K, committed 41472K, reserved 1085440K
  class space    used 5144K, capacity 5348K, committed 5376K, reserved 1048576K
}
{Heap before GC invocations=6 (full 0):
 PSYoungGen      total 305664K, used 305632K [0x00000000eab00000, 0x0000000100000000, 0x0000000100000000)
  eden space 262144K, 100% used [0x00000000eab00000,0x00000000fab00000,0x00000000fab00000)
  from space 43520K, 99% used [0x00000000fab00000,0x00000000fd5783d0,0x00000000fd580000)
  to   space 43520K, 0% used [0x00000000fd580000,0x00000000fd580000,0x0000000100000000)
 ParOldGen       total 699392K, used 19986K [0x00000000c0000000, 0x00000000eab00000, 0x00000000eab00000)
  object space 699392K, 2% used [0x00000000c0000000,0x00000000c1384950,0x00000000eab00000)
 Metaspace       used 47359K, capacity 48342K, committed 48640K, reserved 1091584K
  class space    used 5868K, capacity 6096K, committed 6144K, reserved 1048576K
1458.927: [GC (Allocation Failure) [PSYoungGen: 305632K->43490K(272896K)] 325619K->65268K(972288K), 0.0439277 secs] [Times: user=0.14 sys=0.00, real=0.04 secs] 
Heap after GC invocations=6 (full 0):
 PSYoungGen      total 272896K, used 43490K [0x00000000eab00000, 0x0000000100000000, 0x0000000100000000)
  eden space 229376K, 0% used [0x00000000eab00000,0x00000000eab00000,0x00000000f8b00000)
  from space 43520K, 99% used [0x00000000fd580000,0x00000000ffff8a90,0x0000000100000000)
  to   space 59904K, 0% used [0x00000000f8b00000,0x00000000f8b00000,0x00000000fc580000)
 ParOldGen       total 699392K, used 21777K [0x00000000c0000000, 0x00000000eab00000, 0x00000000eab00000)
  object space 699392K, 3% used [0x00000000c0000000,0x00000000c1544608,0x00000000eab00000)
 Metaspace       used 47359K, capacity 48342K, committed 48640K, reserved 1091584K
  class space    used 5868K, capacity 6096K, committed 6144K, reserved 1048576K
}
{Heap before GC invocations=7 (full 0):
 PSYoungGen      total 272896K, used 272866K [0x00000000eab00000, 0x0000000100000000, 0x0000000100000000)
  eden space 229376K, 100% used [0x00000000eab00000,0x00000000f8b00000,0x00000000f8b00000)
  from space 43520K, 99% used [0x00000000fd580000,0x00000000ffff8a90,0x0000000100000000)
  to   space 59904K, 0% used [0x00000000f8b00000,0x00000000f8b00000,0x00000000fc580000)
 ParOldGen       total 699392K, used 21777K [0x00000000c0000000, 0x00000000eab00000, 0x00000000eab00000)
  object space 699392K, 3% used [0x00000000c0000000,0x00000000c1544608,0x00000000eab00000)
 Metaspace       used 48807K, capacity 49788K, committed 50176K, reserved 1093632K
  class space    used 6063K, capacity 6298K, committed 6400K, reserved 1048576K
1459.794: [GC (Allocation Failure) [PSYoungGen: 272866K->37456K(289280K)] 294644K->70162K(988672K), 0.0436440 secs] [Times: user=0.14 sys=0.01, real=0.04 secs] 
Heap after GC invocations=7 (full 0):
 PSYoungGen      total 289280K, used 37456K [0x00000000eab00000, 0x0000000100000000, 0x0000000100000000)
  eden space 229376K, 0% used [0x00000000eab00000,0x00000000eab00000,0x00000000f8b00000)
  from space 59904K, 62% used [0x00000000f8b00000,0x00000000faf94398,0x00000000fc580000)
  to   space 58368K, 0% used [0x00000000fc700000,0x00000000fc700000,0x0000000100000000)
 ParOldGen       total 699392K, used 32705K [0x00000000c0000000, 0x00000000eab00000, 0x00000000eab00000)
  object space 699392K, 4% used [0x00000000c0000000,0x00000000c1ff04d0,0x00000000eab00000)
 Metaspace       used 48807K, capacity 49788K, committed 50176K, reserved 1093632K
  class space    used 6063K, capacity 6298K, committed 6400K, reserved 1048576K
}
{Heap before GC invocations=8 (full 0):
 PSYoungGen      total 289280K, used 266832K [0x00000000eab00000, 0x0000000100000000, 0x0000000100000000)
  eden space 229376K, 100% used [0x00000000eab00000,0x00000000f8b00000,0x00000000f8b00000)
  from space 59904K, 62% used [0x00000000f8b00000,0x00000000faf94398,0x00000000fc580000)
  to   space 58368K, 0% used [0x00000000fc700000,0x00000000fc700000,0x0000000100000000)
 ParOldGen       total 699392K, used 32705K [0x00000000c0000000, 0x00000000eab00000, 0x00000000eab00000)
  object space 699392K, 4% used [0x00000000c0000000,0x00000000c1ff04d0,0x00000000eab00000)
 Metaspace       used 56959K, capacity 57984K, committed 58368K, reserved 1099776K
  class space    used 7162K, capacity 7424K, committed 7424K, reserved 1048576K
1461.425: [GC (Allocation Failure) [PSYoungGen: 266832K->18711K(285696K)] 299538K->55679K(985088K), 0.0493103 secs] [Times: user=0.13 sys=0.00, real=0.05 secs] 
Heap after GC invocations=8 (full 0):
 PSYoungGen      total 285696K, used 18711K [0x00000000eab00000, 0x0000000100000000, 0x0000000100000000)
  eden space 227328K, 0% used [0x00000000eab00000,0x00000000eab00000,0x00000000f8900000)
  from space 58368K, 32% used [0x00000000fc700000,0x00000000fd945ff0,0x0000000100000000)
  to   space 60928K, 0% used [0x00000000f8900000,0x00000000f8900000,0x00000000fc480000)
 ParOldGen       total 699392K, used 36967K [0x00000000c0000000, 0x00000000eab00000, 0x00000000eab00000)
  object space 699392K, 5% used [0x00000000c0000000,0x00000000c2419f60,0x00000000eab00000)
 Metaspace       used 56959K, capacity 57984K, committed 58368K, reserved 1099776K
  class space    used 7162K, capacity 7424K, committed 7424K, reserved 1048576K
}
{Heap before GC invocations=9 (full 0):
 PSYoungGen      total 285696K, used 246039K [0x00000000eab00000, 0x0000000100000000, 0x0000000100000000)
  eden space 227328K, 100% used [0x00000000eab00000,0x00000000f8900000,0x00000000f8900000)
  from space 58368K, 32% used [0x00000000fc700000,0x00000000fd945ff0,0x0000000100000000)
  to   space 60928K, 0% used [0x00000000f8900000,0x00000000f8900000,0x00000000fc480000)
 ParOldGen       total 699392K, used 36967K [0x00000000c0000000, 0x00000000eab00000, 0x00000000eab00000)
  object space 699392K, 5% used [0x00000000c0000000,0x00000000c2419f60,0x00000000eab00000)
 Metaspace       used 68934K, capacity 70134K, committed 70528K, reserved 1112064K
  class space    used 8236K, capacity 8497K, committed 8576K, reserved 1048576K
1471.945: [GC (Allocation Failure) [PSYoungGen: 246039K->20945K(248320K)] 283007K->63003K(947712K), 0.0714007 secs] [Times: user=0.16 sys=0.01, real=0.07 secs] 
Heap after GC invocations=9 (full 0):
 PSYoungGen      total 248320K, used 20945K [0x00000000eab00000, 0x0000000100000000, 0x0000000100000000)
  eden space 227328K, 0% used [0x00000000eab00000,0x00000000eab00000,0x00000000f8900000)
  from space 20992K, 99% used [0x00000000f8900000,0x00000000f9d74470,0x00000000f9d80000)
  to   space 61952K, 0% used [0x00000000fc380000,0x00000000fc380000,0x0000000100000000)
 ParOldGen       total 699392K, used 42058K [0x00000000c0000000, 0x00000000eab00000, 0x00000000eab00000)
  object space 699392K, 6% used [0x00000000c0000000,0x00000000c2912ac8,0x00000000eab00000)
 Metaspace       used 68934K, capacity 70134K, committed 70528K, reserved 1112064K
  class space    used 8236K, capacity 8497K, committed 8576K, reserved 1048576K
}
{Heap before GC invocations=10 (full 0):
 PSYoungGen      total 248320K, used 248273K [0x00000000eab00000, 0x0000000100000000, 0x0000000100000000)
  eden space 227328K, 100% used [0x00000000eab00000,0x00000000f8900000,0x00000000f8900000)
  from space 20992K, 99% used [0x00000000f8900000,0x00000000f9d74470,0x00000000f9d80000)
  to   space 61952K, 0% used [0x00000000fc380000,0x00000000fc380000,0x0000000100000000)
 ParOldGen       total 699392K, used 42058K [0x00000000c0000000, 0x00000000eab00000, 0x00000000eab00000)
  object space 699392K, 6% used [0x00000000c0000000,0x00000000c2912ac8,0x00000000eab00000)
 Metaspace       used 69145K, capacity 70422K, committed 70784K, reserved 1112064K
  class space    used 8250K, capacity 8514K, committed 8576K, reserved 1048576K
1737.091: [GC (Allocation Failure) [PSYoungGen: 248273K->33015K(289280K)] 290331K->78243K(988672K), 0.0222767 secs] [Times: user=0.05 sys=0.00, real=0.02 secs] 
Heap after GC invocations=10 (full 0):
 PSYoungGen      total 289280K, used 33015K [0x00000000eab00000, 0x0000000100000000, 0x0000000100000000)
  eden space 227328K, 0% used [0x00000000eab00000,0x00000000eab00000,0x00000000f8900000)
  from space 61952K, 53% used [0x00000000fc380000,0x00000000fe3bdfd0,0x0000000100000000)
  to   space 59904K, 0% used [0x00000000f8900000,0x00000000f8900000,0x00000000fc380000)
 ParOldGen       total 699392K, used 45227K [0x00000000c0000000, 0x00000000eab00000, 0x00000000eab00000)
  object space 699392K, 6% used [0x00000000c0000000,0x00000000c2c2ae38,0x00000000eab00000)
 Metaspace       used 69145K, capacity 70422K, committed 70784K, reserved 1112064K
  class space    used 8250K, capacity 8514K, committed 8576K, reserved 1048576K
}
{Heap before GC invocations=11 (full 0):
 PSYoungGen      total 289280K, used 260343K [0x00000000eab00000, 0x0000000100000000, 0x0000000100000000)
  eden space 227328K, 100% used [0x00000000eab00000,0x00000000f8900000,0x00000000f8900000)
  from space 61952K, 53% used [0x00000000fc380000,0x00000000fe3bdfd0,0x0000000100000000)
  to   space 59904K, 0% used [0x00000000f8900000,0x00000000f8900000,0x00000000fc380000)
 ParOldGen       total 699392K, used 45227K [0x00000000c0000000, 0x00000000eab00000, 0x00000000eab00000)
  object space 699392K, 6% used [0x00000000c0000000,0x00000000c2c2ae38,0x00000000eab00000)
 Metaspace       used 74613K, capacity 75916K, committed 76416K, reserved 1116160K
  class space    used 8982K, capacity 9257K, committed 9344K, reserved 1048576K
1738.269: [GC (Allocation Failure) [PSYoungGen: 260343K->21243K(287232K)] 305571K->69938K(986624K), 0.0146850 secs] [Times: user=0.05 sys=0.01, real=0.01 secs] 
Heap after GC invocations=11 (full 0):
 PSYoungGen      total 287232K, used 21243K [0x00000000eab00000, 0x0000000100000000, 0x0000000100000000)
  eden space 227328K, 0% used [0x00000000eab00000,0x00000000eab00000,0x00000000f8900000)
  from space 59904K, 35% used [0x00000000f8900000,0x00000000f9dbefc0,0x00000000fc380000)
  to   space 60416K, 0% used [0x00000000fc500000,0x00000000fc500000,0x0000000100000000)
 ParOldGen       total 699392K, used 48694K [0x00000000c0000000, 0x00000000eab00000, 0x00000000eab00000)
  object space 699392K, 6% used [0x00000000c0000000,0x00000000c2f8d910,0x00000000eab00000)
 Metaspace       used 74613K, capacity 75916K, committed 76416K, reserved 1116160K
  class space    used 8982K, capacity 9257K, committed 9344K, reserved 1048576K
}
{Heap before GC invocations=12 (full 0):
 PSYoungGen      total 287232K, used 248571K [0x00000000eab00000, 0x0000000100000000, 0x0000000100000000)
  eden space 227328K, 100% used [0x00000000eab00000,0x00000000f8900000,0x00000000f8900000)
  from space 59904K, 35% used [0x00000000f8900000,0x00000000f9dbefc0,0x00000000fc380000)
  to   space 60416K, 0% used [0x00000000fc500000,0x00000000fc500000,0x0000000100000000)
 ParOldGen       total 699392K, used 48694K [0x00000000c0000000, 0x00000000eab00000, 0x00000000eab00000)
  object space 699392K, 6% used [0x00000000c0000000,0x00000000c2f8d910,0x00000000eab00000)
 Metaspace       used 83747K, capacity 85052K, committed 85376K, reserved 1124352K
  class space    used 10081K, capacity 10353K, committed 10368K, reserved 1048576K
1745.252: [GC (Allocation Failure) [PSYoungGen: 248571K->13215K(286720K)] 297266K->64349K(986112K), 0.0159847 secs] [Times: user=0.04 sys=0.00, real=0.02 secs] 
Heap after GC invocations=12 (full 0):
 PSYoungGen      total 286720K, used 13215K [0x00000000eab00000, 0x0000000100000000, 0x0000000100000000)
  eden space 226304K, 0% used [0x00000000eab00000,0x00000000eab00000,0x00000000f8800000)
  from space 60416K, 21% used [0x00000000fc500000,0x00000000fd1e7cb8,0x0000000100000000)
  to   space 61440K, 0% used [0x00000000f8800000,0x00000000f8800000,0x00000000fc400000)
 ParOldGen       total 699392K, used 51134K [0x00000000c0000000, 0x00000000eab00000, 0x00000000eab00000)
  object space 699392K, 7% used [0x00000000c0000000,0x00000000c31efa88,0x00000000eab00000)
 Metaspace       used 83747K, capacity 85052K, committed 85376K, reserved 1124352K
  class space    used 10081K, capacity 10353K, committed 10368K, reserved 1048576K
}
{Heap before GC invocations=13 (full 0):
 PSYoungGen      total 286720K, used 239519K [0x00000000eab00000, 0x0000000100000000, 0x0000000100000000)
  eden space 226304K, 100% used [0x00000000eab00000,0x00000000f8800000,0x00000000f8800000)
  from space 60416K, 21% used [0x00000000fc500000,0x00000000fd1e7cb8,0x0000000100000000)
  to   space 61440K, 0% used [0x00000000f8800000,0x00000000f8800000,0x00000000fc400000)
 ParOldGen       total 699392K, used 51134K [0x00000000c0000000, 0x00000000eab00000, 0x00000000eab00000)
  object space 699392K, 7% used [0x00000000c0000000,0x00000000c31efa88,0x00000000eab00000)
 Metaspace       used 84494K, capacity 85964K, committed 86528K, reserved 1126400K
  class space    used 10133K, capacity 10434K, committed 10496K, reserved 1048576K
1865.623: [GC (Allocation Failure) [PSYoungGen: 239519K->19922K(287744K)] 290653K->74121K(987136K), 0.0288717 secs] [Times: user=0.04 sys=0.00, real=0.03 secs] 
Heap after GC invocations=13 (full 0):
 PSYoungGen      total 287744K, used 19922K [0x00000000eab00000, 0x0000000100000000, 0x0000000100000000)
  eden space 226304K, 0% used [0x00000000eab00000,0x00000000eab00000,0x00000000f8800000)
  from space 61440K, 32% used [0x00000000f8800000,0x00000000f9b74bb0,0x00000000fc400000)
  to   space 60928K, 0% used [0x00000000fc480000,0x00000000fc480000,0x0000000100000000)
 ParOldGen       total 699392K, used 54198K [0x00000000c0000000, 0x00000000eab00000, 0x00000000eab00000)
  object space 699392K, 7% used [0x00000000c0000000,0x00000000c34edb28,0x00000000eab00000)
 Metaspace       used 84494K, capacity 85964K, committed 86528K, reserved 1126400K
  class space    used 10133K, capacity 10434K, committed 10496K, reserved 1048576K
}
{Heap before GC invocations=14 (full 0):
 PSYoungGen      total 287744K, used 246226K [0x00000000eab00000, 0x0000000100000000, 0x0000000100000000)
  eden space 226304K, 100% used [0x00000000eab00000,0x00000000f8800000,0x00000000f8800000)
  from space 61440K, 32% used [0x00000000f8800000,0x00000000f9b74bb0,0x00000000fc400000)
  to   space 60928K, 0% used [0x00000000fc480000,0x00000000fc480000,0x0000000100000000)
 ParOldGen       total 699392K, used 54198K [0x00000000c0000000, 0x00000000eab00000, 0x00000000eab00000)
  object space 699392K, 7% used [0x00000000c0000000,0x00000000c34edb28,0x00000000eab00000)
 Metaspace       used 86877K, capacity 88444K, committed 88960K, reserved 1128448K
  class space    used 10465K, capacity 10792K, committed 10880K, reserved 1048576K
1866.395: [GC (Allocation Failure) [PSYoungGen: 246226K->27933K(290816K)] 300425K->83440K(990208K), 0.0179498 secs] [Times: user=0.02 sys=0.01, real=0.02 secs] 
Heap after GC invocations=14 (full 0):
 PSYoungGen      total 290816K, used 27933K [0x00000000eab00000, 0x0000000100000000, 0x0000000100000000)
  eden space 229888K, 0% used [0x00000000eab00000,0x00000000eab00000,0x00000000f8b80000)
  from space 60928K, 45% used [0x00000000fc480000,0x00000000fdfc7478,0x0000000100000000)
  to   space 58368K, 0% used [0x00000000f8b80000,0x00000000f8b80000,0x00000000fc480000)
 ParOldGen       total 699392K, used 55507K [0x00000000c0000000, 0x00000000eab00000, 0x00000000eab00000)
  object space 699392K, 7% used [0x00000000c0000000,0x00000000c3634eb8,0x00000000eab00000)
 Metaspace       used 86877K, capacity 88444K, committed 88960K, reserved 1128448K
  class space    used 10465K, capacity 10792K, committed 10880K, reserved 1048576K
}
{Heap before GC invocations=15 (full 0):
 PSYoungGen      total 290816K, used 257821K [0x00000000eab00000, 0x0000000100000000, 0x0000000100000000)
  eden space 229888K, 100% used [0x00000000eab00000,0x00000000f8b80000,0x00000000f8b80000)
  from space 60928K, 45% used [0x00000000fc480000,0x00000000fdfc7478,0x0000000100000000)
  to   space 58368K, 0% used [0x00000000f8b80000,0x00000000f8b80000,0x00000000fc480000)
 ParOldGen       total 699392K, used 55507K [0x00000000c0000000, 0x00000000eab00000, 0x00000000eab00000)
  object space 699392K, 7% used [0x00000000c0000000,0x00000000c3634eb8,0x00000000eab00000)
 Metaspace       used 96463K, capacity 98074K, committed 98560K, reserved 1136640K
  class space    used 11689K, capacity 12013K, committed 12032K, reserved 1048576K
1868.256: [GC (Allocation Failure) [PSYoungGen: 257821K->14279K(288256K)] 313328K->71085K(987648K), 0.0394972 secs] [Times: user=0.09 sys=0.00, real=0.04 secs] 
Heap after GC invocations=15 (full 0):
 PSYoungGen      total 288256K, used 14279K [0x00000000eab00000, 0x0000000100000000, 0x0000000100000000)
  eden space 229888K, 0% used [0x00000000eab00000,0x00000000eab00000,0x00000000f8b80000)
  from space 58368K, 24% used [0x00000000f8b80000,0x00000000f9971f40,0x00000000fc480000)
  to   space 58880K, 0% used [0x00000000fc680000,0x00000000fc680000,0x0000000100000000)
 ParOldGen       total 699392K, used 56806K [0x00000000c0000000, 0x00000000eab00000, 0x00000000eab00000)
  object space 699392K, 8% used [0x00000000c0000000,0x00000000c3779830,0x00000000eab00000)
 Metaspace       used 96463K, capacity 98074K, committed 98560K, reserved 1136640K
  class space    used 11689K, capacity 12013K, committed 12032K, reserved 1048576K
}
{Heap before GC invocations=16 (full 0):
 PSYoungGen      total 288256K, used 244167K [0x00000000eab00000, 0x0000000100000000, 0x0000000100000000)
  eden space 229888K, 100% used [0x00000000eab00000,0x00000000f8b80000,0x00000000f8b80000)
  from space 58368K, 24% used [0x00000000f8b80000,0x00000000f9971f40,0x00000000fc480000)
  to   space 58880K, 0% used [0x00000000fc680000,0x00000000fc680000,0x0000000100000000)
 ParOldGen       total 699392K, used 56806K [0x00000000c0000000, 0x00000000eab00000, 0x00000000eab00000)
  object space 699392K, 8% used [0x00000000c0000000,0x00000000c3779830,0x00000000eab00000)
 Metaspace       used 99717K, capacity 101434K, committed 102016K, reserved 1138688K
  class space    used 12016K, capacity 12353K, committed 12416K, reserved 1048576K
2666.579: [GC (Allocation Failure) [PSYoungGen: 244167K->13624K(290816K)] 300973K->73439K(990208K), 0.0120732 secs] [Times: user=0.02 sys=0.00, real=0.01 secs] 
Heap after GC invocations=16 (full 0):
 PSYoungGen      total 290816K, used 13624K [0x00000000eab00000, 0x0000000100000000, 0x0000000100000000)
  eden space 231936K, 0% used [0x00000000eab00000,0x00000000eab00000,0x00000000f8d80000)
  from space 58880K, 23% used [0x00000000fc680000,0x00000000fd3ce048,0x0000000100000000)
  to   space 58368K, 0% used [0x00000000f8d80000,0x00000000f8d80000,0x00000000fc680000)
 ParOldGen       total 699392K, used 59815K [0x00000000c0000000, 0x00000000eab00000, 0x00000000eab00000)
  object space 699392K, 8% used [0x00000000c0000000,0x00000000c3a69c68,0x00000000eab00000)
 Metaspace       used 99717K, capacity 101434K, committed 102016K, reserved 1138688K
  class space    used 12016K, capacity 12353K, committed 12416K, reserved 1048576K
}
{Heap before GC invocations=17 (full 0):
 PSYoungGen      total 290816K, used 245560K [0x00000000eab00000, 0x0000000100000000, 0x0000000100000000)
  eden space 231936K, 100% used [0x00000000eab00000,0x00000000f8d80000,0x00000000f8d80000)
  from space 58880K, 23% used [0x00000000fc680000,0x00000000fd3ce048,0x0000000100000000)
  to   space 58368K, 0% used [0x00000000f8d80000,0x00000000f8d80000,0x00000000fc680000)
 ParOldGen       total 699392K, used 59815K [0x00000000c0000000, 0x00000000eab00000, 0x00000000eab00000)
  object space 699392K, 8% used [0x00000000c0000000,0x00000000c3a69ca0,0x00000000eab00000)
 Metaspace       used 99730K, capacity 101448K, committed 102016K, reserved 1138688K
  class space    used 12018K, capacity 12355K, committed 12416K, reserved 1048576K
2667.009: [GC (GCLocker Initiated GC) [PSYoungGen: 245560K->34366K(290304K)] 305375K->96790K(989696K), 0.0196622 secs] [Times: user=0.03 sys=0.00, real=0.02 secs] 
Heap after GC invocations=17 (full 0):
 PSYoungGen      total 290304K, used 34366K [0x00000000eab00000, 0x0000000100000000, 0x0000000100000000)
  eden space 231936K, 0% used [0x00000000eab00000,0x00000000eab00000,0x00000000f8d80000)
  from space 58368K, 58% used [0x00000000f8d80000,0x00000000faf0f898,0x00000000fc680000)
  to   space 57856K, 0% used [0x00000000fc780000,0x00000000fc780000,0x0000000100000000)
 ParOldGen       total 699392K, used 62424K [0x00000000c0000000, 0x00000000eab00000, 0x00000000eab00000)
  object space 699392K, 8% used [0x00000000c0000000,0x00000000c3cf6158,0x00000000eab00000)
 Metaspace       used 99730K, capacity 101448K, committed 102016K, reserved 1138688K
  class space    used 12018K, capacity 12355K, committed 12416K, reserved 1048576K
}
{Heap before GC invocations=18 (full 0):
 PSYoungGen      total 290304K, used 266302K [0x00000000eab00000, 0x0000000100000000, 0x0000000100000000)
  eden space 231936K, 100% used [0x00000000eab00000,0x00000000f8d80000,0x00000000f8d80000)
  from space 58368K, 58% used [0x00000000f8d80000,0x00000000faf0f898,0x00000000fc680000)
  to   space 57856K, 0% used [0x00000000fc780000,0x00000000fc780000,0x0000000100000000)
 ParOldGen       total 699392K, used 62431K [0x00000000c0000000, 0x00000000eab00000, 0x00000000eab00000)
  object space 699392K, 8% used [0x00000000c0000000,0x00000000c3cf7d48,0x00000000eab00000)
 Metaspace       used 107814K, capacity 109578K, committed 110080K, reserved 1146880K
  class space    used 13134K, capacity 13484K, committed 13568K, reserved 1048576K
2668.260: [GC (Allocation Failure) [PSYoungGen: 266302K->13683K(291840K)] 328733K->76569K(991232K), 0.0126596 secs] [Times: user=0.03 sys=0.00, real=0.01 secs] 
Heap after GC invocations=18 (full 0):
 PSYoungGen      total 291840K, used 13683K [0x00000000eab00000, 0x0000000100000000, 0x0000000100000000)
  eden space 233984K, 0% used [0x00000000eab00000,0x00000000eab00000,0x00000000f8f80000)
  from space 57856K, 23% used [0x00000000fc780000,0x00000000fd4dcc10,0x0000000100000000)
  to   space 57344K, 0% used [0x00000000f8f80000,0x00000000f8f80000,0x00000000fc780000)
 ParOldGen       total 699392K, used 62886K [0x00000000c0000000, 0x00000000eab00000, 0x00000000eab00000)
  object space 699392K, 8% used [0x00000000c0000000,0x00000000c3d69928,0x00000000eab00000)
 Metaspace       used 107814K, capacity 109578K, committed 110080K, reserved 1146880K
  class space    used 13134K, capacity 13484K, committed 13568K, reserved 1048576K
}
{Heap before GC invocations=19 (full 0):
 PSYoungGen      total 291840K, used 247667K [0x00000000eab00000, 0x0000000100000000, 0x0000000100000000)
  eden space 233984K, 100% used [0x00000000eab00000,0x00000000f8f80000,0x00000000f8f80000)
  from space 57856K, 23% used [0x00000000fc780000,0x00000000fd4dcc10,0x0000000100000000)
  to   space 57344K, 0% used [0x00000000f8f80000,0x00000000f8f80000,0x00000000fc780000)
 ParOldGen       total 699392K, used 62886K [0x00000000c0000000, 0x00000000eab00000, 0x00000000eab00000)
  object space 699392K, 8% used [0x00000000c0000000,0x00000000c3d69928,0x00000000eab00000)
 Metaspace       used 114800K, capacity 116754K, committed 117248K, reserved 1153024K
  class space    used 13898K, capacity 14267K, committed 14336K, reserved 1048576K
2719.475: [GC (Allocation Failure) [PSYoungGen: 247667K->9796K(291328K)] 310553K->75347K(990720K), 0.0252371 secs] [Times: user=0.04 sys=0.00, real=0.03 secs] 
Heap after GC invocations=19 (full 0):
 PSYoungGen      total 291328K, used 9796K [0x00000000eab00000, 0x0000000100000000, 0x0000000100000000)
  eden space 233984K, 0% used [0x00000000eab00000,0x00000000eab00000,0x00000000f8f80000)
  from space 57344K, 17% used [0x00000000f8f80000,0x00000000f99110e8,0x00000000fc780000)
  to   space 57344K, 0% used [0x00000000fc800000,0x00000000fc800000,0x0000000100000000)
 ParOldGen       total 699392K, used 65551K [0x00000000c0000000, 0x00000000eab00000, 0x00000000eab00000)
  object space 699392K, 9% used [0x00000000c0000000,0x00000000c4003eb8,0x00000000eab00000)
 Metaspace       used 114800K, capacity 116754K, committed 117248K, reserved 1153024K
  class space    used 13898K, capacity 14267K, committed 14336K, reserved 1048576K
}
{Heap before GC invocations=20 (full 0):
 PSYoungGen      total 291328K, used 243780K [0x00000000eab00000, 0x0000000100000000, 0x0000000100000000)
  eden space 233984K, 100% used [0x00000000eab00000,0x00000000f8f80000,0x00000000f8f80000)
  from space 57344K, 17% used [0x00000000f8f80000,0x00000000f99110e8,0x00000000fc780000)
  to   space 57344K, 0% used [0x00000000fc800000,0x00000000fc800000,0x0000000100000000)
 ParOldGen       total 699392K, used 65551K [0x00000000c0000000, 0x00000000eab00000, 0x00000000eab00000)
  object space 699392K, 9% used [0x00000000c0000000,0x00000000c4003eb8,0x00000000eab00000)
 Metaspace       used 114844K, capacity 116780K, committed 117248K, reserved 1153024K
  class space    used 13902K, capacity 14272K, committed 14336K, reserved 1048576K
2720.181: [GC (Allocation Failure) [PSYoungGen: 243780K->35738K(290816K)] 309331K->103403K(990208K), 0.0193646 secs] [Times: user=0.03 sys=0.00, real=0.02 secs] 
Heap after GC invocations=20 (full 0):
 PSYoungGen      total 290816K, used 35738K [0x00000000eab00000, 0x0000000100000000, 0x0000000100000000)
  eden space 233472K, 0% used [0x00000000eab00000,0x00000000eab00000,0x00000000f8f00000)
  from space 57344K, 62% used [0x00000000fc800000,0x00000000feae6b40,0x0000000100000000)
  to   space 57856K, 0% used [0x00000000f8f00000,0x00000000f8f00000,0x00000000fc780000)
 ParOldGen       total 699392K, used 67664K [0x00000000c0000000, 0x00000000eab00000, 0x00000000eab00000)
  object space 699392K, 9% used [0x00000000c0000000,0x00000000c4214268,0x00000000eab00000)
 Metaspace       used 114844K, capacity 116780K, committed 117248K, reserved 1153024K
  class space    used 13902K, capacity 14272K, committed 14336K, reserved 1048576K
}
{Heap before GC invocations=21 (full 0):
 PSYoungGen      total 290816K, used 269210K [0x00000000eab00000, 0x0000000100000000, 0x0000000100000000)
  eden space 233472K, 100% used [0x00000000eab00000,0x00000000f8f00000,0x00000000f8f00000)
  from space 57344K, 62% used [0x00000000fc800000,0x00000000feae6b40,0x0000000100000000)
  to   space 57856K, 0% used [0x00000000f8f00000,0x00000000f8f00000,0x00000000fc780000)
 ParOldGen       total 699392K, used 67664K [0x00000000c0000000, 0x00000000eab00000, 0x00000000eab00000)
  object space 699392K, 9% used [0x00000000c0000000,0x00000000c4214268,0x00000000eab00000)
 Metaspace       used 121840K, capacity 123836K, committed 124416K, reserved 1159168K
  class space    used 14848K, capacity 15238K, committed 15360K, reserved 1048576K
2721.632: [GC (Allocation Failure) [PSYoungGen: 269210K->18035K(291328K)] 336875K->86433K(990720K), 0.0148553 secs] [Times: user=0.03 sys=0.01, real=0.01 secs] 
Heap after GC invocations=21 (full 0):
 PSYoungGen      total 291328K, used 18035K [0x00000000eab00000, 0x0000000100000000, 0x0000000100000000)
  eden space 233472K, 0% used [0x00000000eab00000,0x00000000eab00000,0x00000000f8f00000)
  from space 57856K, 31% used [0x00000000f8f00000,0x00000000fa09ce20,0x00000000fc780000)
  to   space 56320K, 0% used [0x00000000fc900000,0x00000000fc900000,0x0000000100000000)
 ParOldGen       total 699392K, used 68398K [0x00000000c0000000, 0x00000000eab00000, 0x00000000eab00000)
  object space 699392K, 9% used [0x00000000c0000000,0x00000000c42cb878,0x00000000eab00000)
 Metaspace       used 121840K, capacity 123836K, committed 124416K, reserved 1159168K
  class space    used 14848K, capacity 15238K, committed 15360K, reserved 1048576K
}
{Heap before GC invocations=22 (full 0):
 PSYoungGen      total 291328K, used 251507K [0x00000000eab00000, 0x0000000100000000, 0x0000000100000000)
  eden space 233472K, 100% used [0x00000000eab00000,0x00000000f8f00000,0x00000000f8f00000)
  from space 57856K, 31% used [0x00000000f8f00000,0x00000000fa09ce20,0x00000000fc780000)
  to   space 56320K, 0% used [0x00000000fc900000,0x00000000fc900000,0x0000000100000000)
 ParOldGen       total 699392K, used 68398K [0x00000000c0000000, 0x00000000eab00000, 0x00000000eab00000)
  object space 699392K, 9% used [0x00000000c0000000,0x00000000c42cb878,0x00000000eab00000)
 Metaspace       used 129634K, capacity 131706K, committed 132480K, reserved 1165312K
  class space    used 15752K, capacity 16146K, committed 16256K, reserved 1048576K
2731.267: [GC (Allocation Failure) [PSYoungGen: 251507K->11903K(293376K)] 319905K->83713K(992768K), 0.0220310 secs] [Times: user=0.06 sys=0.01, real=0.02 secs] 
Heap after GC invocations=22 (full 0):
 PSYoungGen      total 293376K, used 11903K [0x00000000eab00000, 0x0000000100000000, 0x0000000100000000)
  eden space 237056K, 0% used [0x00000000eab00000,0x00000000eab00000,0x00000000f9280000)
  from space 56320K, 21% used [0x00000000fc900000,0x00000000fd49ff58,0x0000000100000000)
  to   space 55808K, 0% used [0x00000000f9280000,0x00000000f9280000,0x00000000fc900000)
 ParOldGen       total 699392K, used 71809K [0x00000000c0000000, 0x00000000eab00000, 0x00000000eab00000)
  object space 699392K, 10% used [0x00000000c0000000,0x00000000c46205e8,0x00000000eab00000)
 Metaspace       used 129634K, capacity 131706K, committed 132480K, reserved 1165312K
  class space    used 15752K, capacity 16146K, committed 16256K, reserved 1048576K
}
{Heap before GC invocations=23 (full 0):
 PSYoungGen      total 293376K, used 248959K [0x00000000eab00000, 0x0000000100000000, 0x0000000100000000)
  eden space 237056K, 100% used [0x00000000eab00000,0x00000000f9280000,0x00000000f9280000)
  from space 56320K, 21% used [0x00000000fc900000,0x00000000fd49ff58,0x0000000100000000)
  to   space 55808K, 0% used [0x00000000f9280000,0x00000000f9280000,0x00000000fc900000)
 ParOldGen       total 699392K, used 71809K [0x00000000c0000000, 0x00000000eab00000, 0x00000000eab00000)
  object space 699392K, 10% used [0x00000000c0000000,0x00000000c46205e8,0x00000000eab00000)
 Metaspace       used 129965K, capacity 132182K, committed 132736K, reserved 1165312K
  class space    used 15784K, capacity 16190K, committed 16256K, reserved 1048576K
3002.029: [GC (Allocation Failure) [PSYoungGen: 248959K->29749K(292864K)] 320769K->104038K(992256K), 0.0168605 secs] [Times: user=0.04 sys=0.00, real=0.01 secs] 
Heap after GC invocations=23 (full 0):
 PSYoungGen      total 292864K, used 29749K [0x00000000eab00000, 0x0000000100000000, 0x0000000100000000)
  eden space 237056K, 0% used [0x00000000eab00000,0x00000000eab00000,0x00000000f9280000)
  from space 55808K, 53% used [0x00000000f9280000,0x00000000faf8d5a8,0x00000000fc900000)
  to   space 54784K, 0% used [0x00000000fca80000,0x00000000fca80000,0x0000000100000000)
 ParOldGen       total 699392K, used 74288K [0x00000000c0000000, 0x00000000eab00000, 0x00000000eab00000)
  object space 699392K, 10% used [0x00000000c0000000,0x00000000c488c388,0x00000000eab00000)
 Metaspace       used 129965K, capacity 132182K, committed 132736K, reserved 1165312K
  class space    used 15784K, capacity 16190K, committed 16256K, reserved 1048576K
}
{Heap before GC invocations=24 (full 0):
 PSYoungGen      total 292864K, used 266805K [0x00000000eab00000, 0x0000000100000000, 0x0000000100000000)
  eden space 237056K, 100% used [0x00000000eab00000,0x00000000f9280000,0x00000000f9280000)
  from space 55808K, 53% used [0x00000000f9280000,0x00000000faf8d5a8,0x00000000fc900000)
  to   space 54784K, 0% used [0x00000000fca80000,0x00000000fca80000,0x0000000100000000)
 ParOldGen       total 699392K, used 74288K [0x00000000c0000000, 0x00000000eab00000, 0x00000000eab00000)
  object space 699392K, 10% used [0x00000000c0000000,0x00000000c488c388,0x00000000eab00000)
 Metaspace       used 135479K, capacity 137702K, committed 138368K, reserved 1171456K
  class space    used 16531K, capacity 16964K, committed 17024K, reserved 1048576K
3002.945: [GC (Allocation Failure) [PSYoungGen: 266805K->22689K(297472K)] 341094K->98184K(996864K), 0.0139876 secs] [Times: user=0.02 sys=0.00, real=0.02 secs] 
Heap after GC invocations=24 (full 0):
 PSYoungGen      total 297472K, used 22689K [0x00000000eab00000, 0x0000000100000000, 0x0000000100000000)
  eden space 242688K, 0% used [0x00000000eab00000,0x00000000eab00000,0x00000000f9800000)
  from space 54784K, 41% used [0x00000000fca80000,0x00000000fe0a8408,0x0000000100000000)
  to   space 51712K, 0% used [0x00000000f9800000,0x00000000f9800000,0x00000000fca80000)
 ParOldGen       total 699392K, used 75495K [0x00000000c0000000, 0x00000000eab00000, 0x00000000eab00000)
  object space 699392K, 10% used [0x00000000c0000000,0x00000000c49b9fb0,0x00000000eab00000)
 Metaspace       used 135479K, capacity 137702K, committed 138368K, reserved 1171456K
  class space    used 16531K, capacity 16964K, committed 17024K, reserved 1048576K
}
{Heap before GC invocations=25 (full 0):
 PSYoungGen      total 297472K, used 265377K [0x00000000eab00000, 0x0000000100000000, 0x0000000100000000)
  eden space 242688K, 100% used [0x00000000eab00000,0x00000000f9800000,0x00000000f9800000)
  from space 54784K, 41% used [0x00000000fca80000,0x00000000fe0a8408,0x0000000100000000)
  to   space 51712K, 0% used [0x00000000f9800000,0x00000000f9800000,0x00000000fca80000)
 ParOldGen       total 699392K, used 75495K [0x00000000c0000000, 0x00000000eab00000, 0x00000000eab00000)
  object space 699392K, 10% used [0x00000000c0000000,0x00000000c49b9fb0,0x00000000eab00000)
 Metaspace       used 144601K, capacity 146902K, committed 147712K, reserved 1179648K
  class space    used 17634K, capacity 18061K, committed 18176K, reserved 1048576K
3032.247: [GC (Allocation Failure) [PSYoungGen: 265377K->13308K(294400K)] 340872K->91558K(993792K), 0.0280627 secs] [Times: user=0.08 sys=0.00, real=0.02 secs] 
Heap after GC invocations=25 (full 0):
 PSYoungGen      total 294400K, used 13308K [0x00000000eab00000, 0x0000000100000000, 0x0000000100000000)
  eden space 242688K, 0% used [0x00000000eab00000,0x00000000eab00000,0x00000000f9800000)
  from space 51712K, 25% used [0x00000000f9800000,0x00000000fa4ff290,0x00000000fca80000)
  to   space 51200K, 0% used [0x00000000fce00000,0x00000000fce00000,0x0000000100000000)
 ParOldGen       total 699392K, used 78249K [0x00000000c0000000, 0x00000000eab00000, 0x00000000eab00000)
  object space 699392K, 11% used [0x00000000c0000000,0x00000000c4c6a5b0,0x00000000eab00000)
 Metaspace       used 144601K, capacity 146902K, committed 147712K, reserved 1179648K
  class space    used 17634K, capacity 18061K, committed 18176K, reserved 1048576K
}
{Heap before GC invocations=26 (full 0):
 PSYoungGen      total 294400K, used 255996K [0x00000000eab00000, 0x0000000100000000, 0x0000000100000000)
  eden space 242688K, 100% used [0x00000000eab00000,0x00000000f9800000,0x00000000f9800000)
  from space 51712K, 25% used [0x00000000f9800000,0x00000000fa4ff290,0x00000000fca80000)
  to   space 51200K, 0% used [0x00000000fce00000,0x00000000fce00000,0x0000000100000000)
 ParOldGen       total 699392K, used 78249K [0x00000000c0000000, 0x00000000eab00000, 0x00000000eab00000)
  object space 699392K, 11% used [0x00000000c0000000,0x00000000c4c6a5b0,0x00000000eab00000)
 Metaspace       used 144949K, capacity 147376K, committed 148224K, reserved 1179648K
  class space    used 17665K, capacity 18105K, committed 18176K, reserved 1048576K
3158.967: [GC (Allocation Failure) [PSYoungGen: 255996K->28481K(299008K)] 334246K->109598K(998400K), 0.0378614 secs] [Times: user=0.06 sys=0.00, real=0.03 secs] 
Heap after GC invocations=26 (full 0):
 PSYoungGen      total 299008K, used 28481K [0x00000000eab00000, 0x0000000100000000, 0x0000000100000000)
  eden space 247808K, 0% used [0x00000000eab00000,0x00000000eab00000,0x00000000f9d00000)
  from space 51200K, 55% used [0x00000000fce00000,0x00000000fe9d0518,0x0000000100000000)
  to   space 50176K, 0% used [0x00000000f9d00000,0x00000000f9d00000,0x00000000fce00000)
 ParOldGen       total 699392K, used 81117K [0x00000000c0000000, 0x00000000eab00000, 0x00000000eab00000)
  object space 699392K, 11% used [0x00000000c0000000,0x00000000c4f37630,0x00000000eab00000)
 Metaspace       used 144949K, capacity 147376K, committed 148224K, reserved 1179648K
  class space    used 17665K, capacity 18105K, committed 18176K, reserved 1048576K
}
{Heap before GC invocations=27 (full 0):
 PSYoungGen      total 299008K, used 276289K [0x00000000eab00000, 0x0000000100000000, 0x0000000100000000)
  eden space 247808K, 100% used [0x00000000eab00000,0x00000000f9d00000,0x00000000f9d00000)
  from space 51200K, 55% used [0x00000000fce00000,0x00000000fe9d0518,0x0000000100000000)
  to   space 50176K, 0% used [0x00000000f9d00000,0x00000000f9d00000,0x00000000fce00000)
 ParOldGen       total 699392K, used 81117K [0x00000000c0000000, 0x00000000eab00000, 0x00000000eab00000)
  object space 699392K, 11% used [0x00000000c0000000,0x00000000c4f37630,0x00000000eab00000)
 Metaspace       used 150357K, capacity 152868K, committed 153600K, reserved 1183744K
  class space    used 18398K, capacity 18848K, committed 18944K, reserved 1048576K
3159.929: [GC (Allocation Failure) [PSYoungGen: 276289K->23675K(297984K)] 357406K->106025K(997376K), 0.0145850 secs] [Times: user=0.02 sys=0.00, real=0.01 secs] 
Heap after GC invocations=27 (full 0):
 PSYoungGen      total 297984K, used 23675K [0x00000000eab00000, 0x0000000100000000, 0x0000000100000000)
  eden space 247808K, 0% used [0x00000000eab00000,0x00000000eab00000,0x00000000f9d00000)
  from space 50176K, 47% used [0x00000000f9d00000,0x00000000fb41ec18,0x00000000fce00000)
  to   space 47616K, 0% used [0x00000000fd180000,0x00000000fd180000,0x0000000100000000)
 ParOldGen       total 699392K, used 82350K [0x00000000c0000000, 0x00000000eab00000, 0x00000000eab00000)
  object space 699392K, 11% used [0x00000000c0000000,0x00000000c506b808,0x00000000eab00000)
 Metaspace       used 150357K, capacity 152868K, committed 153600K, reserved 1183744K
  class space    used 18398K, capacity 18848K, committed 18944K, reserved 1048576K
}
{Heap before GC invocations=28 (full 0):
 PSYoungGen      total 297984K, used 271483K [0x00000000eab00000, 0x0000000100000000, 0x0000000100000000)
  eden space 247808K, 100% used [0x00000000eab00000,0x00000000f9d00000,0x00000000f9d00000)
  from space 50176K, 47% used [0x00000000f9d00000,0x00000000fb41ec18,0x00000000fce00000)
  to   space 47616K, 0% used [0x00000000fd180000,0x00000000fd180000,0x0000000100000000)
 ParOldGen       total 699392K, used 82350K [0x00000000c0000000, 0x00000000eab00000, 0x00000000eab00000)
  object space 699392K, 11% used [0x00000000c0000000,0x00000000c506b808,0x00000000eab00000)
 Metaspace       used 159651K, capacity 162188K, committed 163200K, reserved 1191936K
  class space    used 19517K, capacity 19981K, committed 20096K, reserved 1048576K
3163.689: [GC (Allocation Failure) [PSYoungGen: 271483K->13683K(302080K)] 353833K->98513K(1001472K), 0.0325284 secs] [Times: user=0.09 sys=0.00, real=0.03 secs] 
Heap after GC invocations=28 (full 0):
 PSYoungGen      total 302080K, used 13683K [0x00000000eab00000, 0x0000000100000000, 0x0000000100000000)
  eden space 254464K, 0% used [0x00000000eab00000,0x00000000eab00000,0x00000000fa380000)
  from space 47616K, 28% used [0x00000000fd180000,0x00000000fdedcc80,0x0000000100000000)
  to   space 47104K, 0% used [0x00000000fa380000,0x00000000fa380000,0x00000000fd180000)
 ParOldGen       total 699392K, used 84830K [0x00000000c0000000, 0x00000000eab00000, 0x00000000eab00000)
  object space 699392K, 12% used [0x00000000c0000000,0x00000000c52d7980,0x00000000eab00000)
 Metaspace       used 159651K, capacity 162188K, committed 163200K, reserved 1191936K
  class space    used 19517K, capacity 19981K, committed 20096K, reserved 1048576K
}
{Heap before GC invocations=29 (full 0):
 PSYoungGen      total 302080K, used 268147K [0x00000000eab00000, 0x0000000100000000, 0x0000000100000000)
  eden space 254464K, 100% used [0x00000000eab00000,0x00000000fa380000,0x00000000fa380000)
  from space 47616K, 28% used [0x00000000fd180000,0x00000000fdedcc80,0x0000000100000000)
  to   space 47104K, 0% used [0x00000000fa380000,0x00000000fa380000,0x00000000fd180000)
 ParOldGen       total 699392K, used 84830K [0x00000000c0000000, 0x00000000eab00000, 0x00000000eab00000)
  object space 699392K, 12% used [0x00000000c0000000,0x00000000c52d7980,0x00000000eab00000)
 Metaspace       used 160036K, capacity 162674K, committed 163456K, reserved 1191936K
  class space    used 19550K, capacity 20027K, committed 20096K, reserved 1048576K
3219.329: [GC (Allocation Failure) [PSYoungGen: 268147K->28693K(301568K)] 352977K->116639K(1000960K), 0.0194582 secs] [Times: user=0.04 sys=0.00, real=0.02 secs] 
Heap after GC invocations=29 (full 0):
 PSYoungGen      total 301568K, used 28693K [0x00000000eab00000, 0x0000000100000000, 0x0000000100000000)
  eden space 254464K, 0% used [0x00000000eab00000,0x00000000eab00000,0x00000000fa380000)
  from space 47104K, 60% used [0x00000000fa380000,0x00000000fbf85530,0x00000000fd180000)
  to   space 46592K, 0% used [0x00000000fd280000,0x00000000fd280000,0x0000000100000000)
 ParOldGen       total 699392K, used 87946K [0x00000000c0000000, 0x00000000eab00000, 0x00000000eab00000)
  object space 699392K, 12% used [0x00000000c0000000,0x00000000c55e2a20,0x00000000eab00000)
 Metaspace       used 160036K, capacity 162674K, committed 163456K, reserved 1191936K
  class space    used 19550K, capacity 20027K, committed 20096K, reserved 1048576K
}
{Heap before GC invocations=30 (full 0):
 PSYoungGen      total 301568K, used 283157K [0x00000000eab00000, 0x0000000100000000, 0x0000000100000000)
  eden space 254464K, 100% used [0x00000000eab00000,0x00000000fa380000,0x00000000fa380000)
  from space 47104K, 60% used [0x00000000fa380000,0x00000000fbf85530,0x00000000fd180000)
  to   space 46592K, 0% used [0x00000000fd280000,0x00000000fd280000,0x0000000100000000)
 ParOldGen       total 699392K, used 87946K [0x00000000c0000000, 0x00000000eab00000, 0x00000000eab00000)
  object space 699392K, 12% used [0x00000000c0000000,0x00000000c55e2a20,0x00000000eab00000)
 Metaspace       used 166017K, capacity 168780K, committed 169728K, reserved 1198080K
  class space    used 20361K, capacity 20867K, committed 20992K, reserved 1048576K
3220.448: [GC (Allocation Failure) [PSYoungGen: 283157K->24583K(304128K)] 371103K->113792K(1003520K), 0.0151592 secs] [Times: user=0.03 sys=0.00, real=0.01 secs] 
Heap after GC invocations=30 (full 0):
 PSYoungGen      total 304128K, used 24583K [0x00000000eab00000, 0x0000000100000000, 0x0000000100000000)
  eden space 257536K, 0% used [0x00000000eab00000,0x00000000eab00000,0x00000000fa680000)
  from space 46592K, 52% used [0x00000000fd280000,0x00000000fea81ff8,0x0000000100000000)
  to   space 45056K, 0% used [0x00000000fa680000,0x00000000fa680000,0x00000000fd280000)
 ParOldGen       total 699392K, used 89208K [0x00000000c0000000, 0x00000000eab00000, 0x00000000eab00000)
  object space 699392K, 12% used [0x00000000c0000000,0x00000000c571e378,0x00000000eab00000)
 Metaspace       used 166017K, capacity 168780K, committed 169728K, reserved 1198080K
  class space    used 20361K, capacity 20867K, committed 20992K, reserved 1048576K
}
{Heap before GC invocations=31 (full 0):
 PSYoungGen      total 304128K, used 282119K [0x00000000eab00000, 0x0000000100000000, 0x0000000100000000)
  eden space 257536K, 99% used [0x00000000eab00000,0x00000000fa67fee0,0x00000000fa680000)
  from space 46592K, 52% used [0x00000000fd280000,0x00000000fea81ff8,0x0000000100000000)
  to   space 45056K, 0% used [0x00000000fa680000,0x00000000fa680000,0x00000000fd280000)
 ParOldGen       total 699392K, used 89208K [0x00000000c0000000, 0x00000000eab00000, 0x00000000eab00000)
  object space 699392K, 12% used [0x00000000c0000000,0x00000000c571e378,0x00000000eab00000)
 Metaspace       used 174787K, capacity 177552K, committed 178432K, reserved 1206272K
  class space    used 21402K, capacity 21903K, committed 22016K, reserved 1048576K
3223.101: [GC (Allocation Failure) [PSYoungGen: 282119K->13783K(302592K)] 371328K->105964K(1001984K), 0.0300418 secs] [Times: user=0.08 sys=0.02, real=0.03 secs] 
Heap after GC invocations=31 (full 0):
 PSYoungGen      total 302592K, used 13783K [0x00000000eab00000, 0x0000000100000000, 0x0000000100000000)
  eden space 257536K, 0% used [0x00000000eab00000,0x00000000eab00000,0x00000000fa680000)
  from space 45056K, 30% used [0x00000000fa680000,0x00000000fb3f5dd8,0x00000000fd280000)
  to   space 44544K, 0% used [0x00000000fd480000,0x00000000fd480000,0x0000000100000000)
 ParOldGen       total 699392K, used 92180K [0x00000000c0000000, 0x00000000eab00000, 0x00000000eab00000)
  object space 699392K, 13% used [0x00000000c0000000,0x00000000c5a053f8,0x00000000eab00000)
 Metaspace       used 174787K, capacity 177552K, committed 178432K, reserved 1206272K
  class space    used 21402K, capacity 21903K, committed 22016K, reserved 1048576K
}
{Heap before GC invocations=32 (full 0):
 PSYoungGen      total 302592K, used 271319K [0x00000000eab00000, 0x0000000100000000, 0x0000000100000000)
  eden space 257536K, 100% used [0x00000000eab00000,0x00000000fa680000,0x00000000fa680000)
  from space 45056K, 30% used [0x00000000fa680000,0x00000000fb3f5dd8,0x00000000fd280000)
  to   space 44544K, 0% used [0x00000000fd480000,0x00000000fd480000,0x0000000100000000)
 ParOldGen       total 699392K, used 92180K [0x00000000c0000000, 0x00000000eab00000, 0x00000000eab00000)
  object space 699392K, 13% used [0x00000000c0000000,0x00000000c5a053f8,0x00000000eab00000)
 Metaspace       used 175161K, capacity 178074K, committed 178944K, reserved 1206272K
  class space    used 21433K, capacity 21945K, committed 22016K, reserved 1048576K
3311.743: [GC (Allocation Failure) [PSYoungGen: 271319K->32834K(301568K)] 363500K->127799K(1000960K), 0.0471150 secs] [Times: user=0.07 sys=0.01, real=0.05 secs] 
Heap after GC invocations=32 (full 0):
 PSYoungGen      total 301568K, used 32834K [0x00000000eab00000, 0x0000000100000000, 0x0000000100000000)
  eden space 257024K, 0% used [0x00000000eab00000,0x00000000eab00000,0x00000000fa600000)
  from space 44544K, 73% used [0x00000000fd480000,0x00000000ff490bc0,0x0000000100000000)
  to   space 46080K, 0% used [0x00000000fa600000,0x00000000fa600000,0x00000000fd300000)
 ParOldGen       total 699392K, used 94964K [0x00000000c0000000, 0x00000000eab00000, 0x00000000eab00000)
  object space 699392K, 13% used [0x00000000c0000000,0x00000000c5cbd1b8,0x00000000eab00000)
 Metaspace       used 175161K, capacity 178074K, committed 178944K, reserved 1206272K
  class space    used 21433K, capacity 21945K, committed 22016K, reserved 1048576K
}
{Heap before GC invocations=33 (full 0):
 PSYoungGen      total 301568K, used 289858K [0x00000000eab00000, 0x0000000100000000, 0x0000000100000000)
  eden space 257024K, 100% used [0x00000000eab00000,0x00000000fa600000,0x00000000fa600000)
  from space 44544K, 73% used [0x00000000fd480000,0x00000000ff490bc0,0x0000000100000000)
  to   space 46080K, 0% used [0x00000000fa600000,0x00000000fa600000,0x00000000fd300000)
 ParOldGen       total 699392K, used 94964K [0x00000000c0000000, 0x00000000eab00000, 0x00000000eab00000)
  object space 699392K, 13% used [0x00000000c0000000,0x00000000c5cbd1b8,0x00000000eab00000)
 Metaspace       used 182120K, capacity 185066K, committed 185984K, reserved 1212416K
  class space    used 22379K, capacity 22911K, committed 22912K, reserved 1048576K
3313.514: [GC (Allocation Failure) [PSYoungGen: 289858K->22128K(303104K)] 384823K->118420K(1002496K), 0.0388067 secs] [Times: user=0.06 sys=0.00, real=0.04 secs] 
Heap after GC invocations=33 (full 0):
 PSYoungGen      total 303104K, used 22128K [0x00000000eab00000, 0x0000000100000000, 0x0000000100000000)
  eden space 257024K, 0% used [0x00000000eab00000,0x00000000eab00000,0x00000000fa600000)
  from space 46080K, 48% used [0x00000000fa600000,0x00000000fbb9c258,0x00000000fd300000)
  to   space 44032K, 0% used [0x00000000fd500000,0x00000000fd500000,0x0000000100000000)
 ParOldGen       total 699392K, used 96292K [0x00000000c0000000, 0x00000000eab00000, 0x00000000eab00000)
  object space 699392K, 13% used [0x00000000c0000000,0x00000000c5e09070,0x00000000eab00000)
 Metaspace       used 182120K, capacity 185066K, committed 185984K, reserved 1212416K
  class space    used 22379K, capacity 22911K, committed 22912K, reserved 1048576K
}
{Heap before GC invocations=34 (full 0):
 PSYoungGen      total 303104K, used 279152K [0x00000000eab00000, 0x0000000100000000, 0x0000000100000000)
  eden space 257024K, 100% used [0x00000000eab00000,0x00000000fa600000,0x00000000fa600000)
  from space 46080K, 48% used [0x00000000fa600000,0x00000000fbb9c258,0x00000000fd300000)
  to   space 44032K, 0% used [0x00000000fd500000,0x00000000fd500000,0x0000000100000000)
 ParOldGen       total 699392K, used 96292K [0x00000000c0000000, 0x00000000eab00000, 0x00000000eab00000)
  object space 699392K, 13% used [0x00000000c0000000,0x00000000c5e09070,0x00000000eab00000)
 Metaspace       used 189957K, capacity 193070K, committed 194176K, reserved 1220608K
  class space    used 23290K, capacity 23821K, committed 23936K, reserved 1048576K
3318.465: [GC (Allocation Failure) [PSYoungGen: 279152K->12521K(305152K)] 375444K->112254K(1004544K), 0.0334758 secs] [Times: user=0.05 sys=0.00, real=0.03 secs] 
Heap after GC invocations=34 (full 0):
 PSYoungGen      total 305152K, used 12521K [0x00000000eab00000, 0x0000000100000000, 0x0000000100000000)
  eden space 261120K, 0% used [0x00000000eab00000,0x00000000eab00000,0x00000000faa00000)
  from space 44032K, 28% used [0x00000000fd500000,0x00000000fe13a4a8,0x0000000100000000)
  to   space 44032K, 0% used [0x00000000faa00000,0x00000000faa00000,0x00000000fd500000)
 ParOldGen       total 699392K, used 99732K [0x00000000c0000000, 0x00000000eab00000, 0x00000000eab00000)
  object space 699392K, 14% used [0x00000000c0000000,0x00000000c6165360,0x00000000eab00000)
 Metaspace       used 189957K, capacity 193070K, committed 194176K, reserved 1220608K
  class space    used 23290K, capacity 23821K, committed 23936K, reserved 1048576K
}
{Heap before GC invocations=35 (full 0):
 PSYoungGen      total 305152K, used 273641K [0x00000000eab00000, 0x0000000100000000, 0x0000000100000000)
  eden space 261120K, 100% used [0x00000000eab00000,0x00000000faa00000,0x00000000faa00000)
  from space 44032K, 28% used [0x00000000fd500000,0x00000000fe13a4a8,0x0000000100000000)
  to   space 44032K, 0% used [0x00000000faa00000,0x00000000faa00000,0x00000000fd500000)
 ParOldGen       total 699392K, used 99732K [0x00000000c0000000, 0x00000000eab00000, 0x00000000eab00000)
  object space 699392K, 14% used [0x00000000c0000000,0x00000000c6165360,0x00000000eab00000)
 Metaspace       used 190815K, capacity 193948K, committed 194944K, reserved 1220608K
  class space    used 23384K, capacity 23931K, committed 23936K, reserved 1048576K
3838.168: [GC (Allocation Failure) [PSYoungGen: 273641K->35166K(296448K)] 373374K->137455K(995840K), 0.0206483 secs] [Times: user=0.04 sys=0.00, real=0.02 secs] 
Heap after GC invocations=35 (full 0):
 PSYoungGen      total 296448K, used 35166K [0x00000000eab00000, 0x0000000100000000, 0x0000000100000000)
  eden space 261120K, 0% used [0x00000000eab00000,0x00000000eab00000,0x00000000faa00000)
  from space 35328K, 99% used [0x00000000faa00000,0x00000000fcc57970,0x00000000fcc80000)
  to   space 46592K, 0% used [0x00000000fd280000,0x00000000fd280000,0x0000000100000000)
 ParOldGen       total 699392K, used 102288K [0x00000000c0000000, 0x00000000eab00000, 0x00000000eab00000)
  object space 699392K, 14% used [0x00000000c0000000,0x00000000c63e43c0,0x00000000eab00000)
 Metaspace       used 190815K, capacity 193948K, committed 194944K, reserved 1220608K
  class space    used 23384K, capacity 23931K, committed 23936K, reserved 1048576K
}
{Heap before GC invocations=36 (full 0):
 PSYoungGen      total 296448K, used 296286K [0x00000000eab00000, 0x0000000100000000, 0x0000000100000000)
  eden space 261120K, 100% used [0x00000000eab00000,0x00000000faa00000,0x00000000faa00000)
  from space 35328K, 99% used [0x00000000faa00000,0x00000000fcc57970,0x00000000fcc80000)
  to   space 46592K, 0% used [0x00000000fd280000,0x00000000fd280000,0x0000000100000000)
 ParOldGen       total 699392K, used 102288K [0x00000000c0000000, 0x00000000eab00000, 0x00000000eab00000)
  object space 699392K, 14% used [0x00000000c0000000,0x00000000c63e43c0,0x00000000eab00000)
 Metaspace       used 198542K, capacity 201752K, committed 202752K, reserved 1226752K
  class space    used 24434K, capacity 24995K, committed 25088K, reserved 1048576K
3839.289: [GC (Allocation Failure) [PSYoungGen: 296286K->21832K(304640K)] 398575K->125656K(1004032K), 0.0143524 secs] [Times: user=0.04 sys=0.00, real=0.01 secs] 
Heap after GC invocations=36 (full 0):
 PSYoungGen      total 304640K, used 21832K [0x00000000eab00000, 0x0000000100000000, 0x0000000100000000)
  eden space 258048K, 0% used [0x00000000eab00000,0x00000000eab00000,0x00000000fa700000)
  from space 46592K, 46% used [0x00000000fd280000,0x00000000fe7d22c8,0x0000000100000000)
  to   space 44544K, 0% used [0x00000000fa700000,0x00000000fa700000,0x00000000fd280000)
 ParOldGen       total 699392K, used 103824K [0x00000000c0000000, 0x00000000eab00000, 0x00000000eab00000)
  object space 699392K, 14% used [0x00000000c0000000,0x00000000c6564068,0x00000000eab00000)
 Metaspace       used 198542K, capacity 201752K, committed 202752K, reserved 1226752K
  class space    used 24434K, capacity 24995K, committed 25088K, reserved 1048576K
}
{Heap before GC invocations=37 (full 0):
 PSYoungGen      total 304640K, used 279880K [0x00000000eab00000, 0x0000000100000000, 0x0000000100000000)
  eden space 258048K, 100% used [0x00000000eab00000,0x00000000fa700000,0x00000000fa700000)
  from space 46592K, 46% used [0x00000000fd280000,0x00000000fe7d22c8,0x0000000100000000)
  to   space 44544K, 0% used [0x00000000fa700000,0x00000000fa700000,0x00000000fd280000)
 ParOldGen       total 699392K, used 103824K [0x00000000c0000000, 0x00000000eab00000, 0x00000000eab00000)
  object space 699392K, 14% used [0x00000000c0000000,0x00000000c6564068,0x00000000eab00000)
 Metaspace       used 205815K, capacity 209138K, committed 210176K, reserved 1232896K
  class space    used 25268K, capacity 25845K, committed 25856K, reserved 1048576K
3913.813: [GC (Allocation Failure) [PSYoungGen: 279880K->10816K(302592K)] 383704K->116776K(1001984K), 0.0132288 secs] [Times: user=0.03 sys=0.00, real=0.01 secs] 
Heap after GC invocations=37 (full 0):
 PSYoungGen      total 302592K, used 10816K [0x00000000eab00000, 0x0000000100000000, 0x0000000100000000)
  eden space 258048K, 0% used [0x00000000eab00000,0x00000000eab00000,0x00000000fa700000)
  from space 44544K, 24% used [0x00000000fa700000,0x00000000fb190320,0x00000000fd280000)
  to   space 44544K, 0% used [0x00000000fd480000,0x00000000fd480000,0x0000000100000000)
 ParOldGen       total 699392K, used 105960K [0x00000000c0000000, 0x00000000eab00000, 0x00000000eab00000)
  object space 699392K, 15% used [0x00000000c0000000,0x00000000c677a088,0x00000000eab00000)
 Metaspace       used 205815K, capacity 209138K, committed 210176K, reserved 1232896K
  class space    used 25268K, capacity 25845K, committed 25856K, reserved 1048576K
}
{Heap before GC invocations=38 (full 0):
 PSYoungGen      total 302592K, used 268864K [0x00000000eab00000, 0x0000000100000000, 0x0000000100000000)
  eden space 258048K, 100% used [0x00000000eab00000,0x00000000fa700000,0x00000000fa700000)
  from space 44544K, 24% used [0x00000000fa700000,0x00000000fb190320,0x00000000fd280000)
  to   space 44544K, 0% used [0x00000000fd480000,0x00000000fd480000,0x0000000100000000)
 ParOldGen       total 699392K, used 105960K [0x00000000c0000000, 0x00000000eab00000, 0x00000000eab00000)
  object space 699392K, 15% used [0x00000000c0000000,0x00000000c677a088,0x00000000eab00000)
 Metaspace       used 205867K, capacity 209282K, committed 210304K, reserved 1232896K
  class space    used 25276K, capacity 25859K, committed 25984K, reserved 1048576K
3914.445: [GC (Allocation Failure) [PSYoungGen: 268864K->39515K(296448K)] 374824K->147887K(995840K), 0.0211357 secs] [Times: user=0.04 sys=0.00, real=0.02 secs] 
Heap after GC invocations=38 (full 0):
 PSYoungGen      total 296448K, used 39515K [0x00000000eab00000, 0x0000000100000000, 0x0000000100000000)
  eden space 251904K, 0% used [0x00000000eab00000,0x00000000eab00000,0x00000000fa100000)
  from space 44544K, 88% used [0x00000000fd480000,0x00000000ffb16ca0,0x0000000100000000)
  to   space 48640K, 0% used [0x00000000fa100000,0x00000000fa100000,0x00000000fd080000)
 ParOldGen       total 699392K, used 108372K [0x00000000c0000000, 0x00000000eab00000, 0x00000000eab00000)
  object space 699392K, 15% used [0x00000000c0000000,0x00000000c69d5168,0x00000000eab00000)
 Metaspace       used 205867K, capacity 209282K, committed 210304K, reserved 1232896K
  class space    used 25276K, capacity 25859K, committed 25984K, reserved 1048576K
}
{Heap before GC invocations=39 (full 0):
 PSYoungGen      total 296448K, used 291419K [0x00000000eab00000, 0x0000000100000000, 0x0000000100000000)
  eden space 251904K, 100% used [0x00000000eab00000,0x00000000fa100000,0x00000000fa100000)
  from space 44544K, 88% used [0x00000000fd480000,0x00000000ffb16ca0,0x0000000100000000)
  to   space 48640K, 0% used [0x00000000fa100000,0x00000000fa100000,0x00000000fd080000)
 ParOldGen       total 699392K, used 108372K [0x00000000c0000000, 0x00000000eab00000, 0x00000000eab00000)
  object space 699392K, 15% used [0x00000000c0000000,0x00000000c69d5168,0x00000000eab00000)
 Metaspace       used 213918K, capacity 217406K, committed 218240K, reserved 1241088K
  class space    used 26391K, capacity 26987K, committed 27008K, reserved 1048576K
3915.545: [GC (Allocation Failure) [PSYoungGen: 291419K->16203K(300544K)] 399791K->125321K(999936K), 0.0129880 secs] [Times: user=0.03 sys=0.00, real=0.01 secs] 
