Java HotSpot(TM) 64-Bit Server VM (25.121-b13) for linux-amd64 JRE (1.8.0_121-b13), built on Dec 12 2016 16:36:53 by "java_re" with gcc 4.3.0 20080428 (Red Hat 4.3.0-8)
Memory: 4k page, physical 8035332k(912660k free), swap 3999740k(3964872k free)
CommandLine flags: -XX:+HeapDumpOnOutOfMemoryError -XX:HeapDumpPath=../../../instances/tomcat8/logs/tomcat8_java_pid_20170818131020.hprof -XX:InitialHeapSize=1073741824 -XX:+ManagementServer -XX:MaxHeapSize=1073741824 -XX:MaxMetaspaceSize=268435456 -XX:MetaspaceSize=268435456 -XX:+PrintGC -XX:+PrintGCDetails -XX:+PrintGCTimeStamps -XX:+PrintHeapAtGC -XX:+UseCompressedClassPointers -XX:+UseCompressedOops -XX:+UseParallelGC -XX:+UseParallelOldGC 
{Heap before GC invocations=1 (full 0):
 PSYoungGen      total 305664K, used 262144K [0x00000000eab00000, 0x0000000100000000, 0x0000000100000000)
  eden space 262144K, 100% used [0x00000000eab00000,0x00000000fab00000,0x00000000fab00000)
  from space 43520K, 0% used [0x00000000fd580000,0x00000000fd580000,0x0000000100000000)
  to   space 43520K, 0% used [0x00000000fab00000,0x00000000fab00000,0x00000000fd580000)
 ParOldGen       total 699392K, used 0K [0x00000000c0000000, 0x00000000eab00000, 0x00000000eab00000)
  object space 699392K, 0% used [0x00000000c0000000,0x00000000c0000000,0x00000000eab00000)
 Metaspace       used 16697K, capacity 17006K, committed 17152K, reserved 1064960K
  class space    used 1893K, capacity 2031K, committed 2048K, reserved 1048576K
1.949: [GC (Allocation Failure) [PSYoungGen: 262144K->38890K(305664K)] 262144K->38978K(1005056K), 0.0338068 secs] [Times: user=0.10 sys=0.00, real=0.04 secs] 
Heap after GC invocations=1 (full 0):
 PSYoungGen      total 305664K, used 38890K [0x00000000eab00000, 0x0000000100000000, 0x0000000100000000)
  eden space 262144K, 0% used [0x00000000eab00000,0x00000000eab00000,0x00000000fab00000)
  from space 43520K, 89% used [0x00000000fab00000,0x00000000fd0fab70,0x00000000fd580000)
  to   space 43520K, 0% used [0x00000000fd580000,0x00000000fd580000,0x0000000100000000)
 ParOldGen       total 699392K, used 88K [0x00000000c0000000, 0x00000000eab00000, 0x00000000eab00000)
  object space 699392K, 0% used [0x00000000c0000000,0x00000000c0016010,0x00000000eab00000)
 Metaspace       used 16697K, capacity 17006K, committed 17152K, reserved 1064960K
  class space    used 1893K, capacity 2031K, committed 2048K, reserved 1048576K
}
{Heap before GC invocations=2 (full 0):
 PSYoungGen      total 305664K, used 301034K [0x00000000eab00000, 0x0000000100000000, 0x0000000100000000)
  eden space 262144K, 100% used [0x00000000eab00000,0x00000000fab00000,0x00000000fab00000)
  from space 43520K, 89% used [0x00000000fab00000,0x00000000fd0fab70,0x00000000fd580000)
  to   space 43520K, 0% used [0x00000000fd580000,0x00000000fd580000,0x0000000100000000)
 ParOldGen       total 699392K, used 88K [0x00000000c0000000, 0x00000000eab00000, 0x00000000eab00000)
  object space 699392K, 0% used [0x00000000c0000000,0x00000000c0016010,0x00000000eab00000)
 Metaspace       used 28455K, capacity 28912K, committed 29184K, reserved 1075200K
  class space    used 3383K, capacity 3528K, committed 3584K, reserved 1048576K
4.226: [GC (Allocation Failure) [PSYoungGen: 301034K->32938K(305664K)] 301122K->33042K(1005056K), 0.0318733 secs] [Times: user=0.08 sys=0.00, real=0.03 secs] 
Heap after GC invocations=2 (full 0):
 PSYoungGen      total 305664K, used 32938K [0x00000000eab00000, 0x0000000100000000, 0x0000000100000000)
  eden space 262144K, 0% used [0x00000000eab00000,0x00000000eab00000,0x00000000fab00000)
  from space 43520K, 75% used [0x00000000fd580000,0x00000000ff5aaa00,0x0000000100000000)
  to   space 43520K, 0% used [0x00000000fab00000,0x00000000fab00000,0x00000000fd580000)
 ParOldGen       total 699392K, used 104K [0x00000000c0000000, 0x00000000eab00000, 0x00000000eab00000)
  object space 699392K, 0% used [0x00000000c0000000,0x00000000c001a010,0x00000000eab00000)
 Metaspace       used 28455K, capacity 28912K, committed 29184K, reserved 1075200K
  class space    used 3383K, capacity 3528K, committed 3584K, reserved 1048576K
}
{Heap before GC invocations=3 (full 0):
 PSYoungGen      total 305664K, used 295082K [0x00000000eab00000, 0x0000000100000000, 0x0000000100000000)
  eden space 262144K, 100% used [0x00000000eab00000,0x00000000fab00000,0x00000000fab00000)
  from space 43520K, 75% used [0x00000000fd580000,0x00000000ff5aaa00,0x0000000100000000)
  to   space 43520K, 0% used [0x00000000fab00000,0x00000000fab00000,0x00000000fd580000)
 ParOldGen       total 699392K, used 104K [0x00000000c0000000, 0x00000000eab00000, 0x00000000eab00000)
  object space 699392K, 0% used [0x00000000c0000000,0x00000000c001a010,0x00000000eab00000)
 Metaspace       used 43233K, capacity 43770K, committed 44032K, reserved 1087488K
  class space    used 4912K, capacity 5101K, committed 5120K, reserved 1048576K
147.709: [GC (Allocation Failure) [PSYoungGen: 295082K->34622K(305664K)] 295186K->34742K(1005056K), 0.0914910 secs] [Times: user=0.16 sys=0.00, real=0.09 secs] 
Heap after GC invocations=3 (full 0):
 PSYoungGen      total 305664K, used 34622K [0x00000000eab00000, 0x0000000100000000, 0x0000000100000000)
  eden space 262144K, 0% used [0x00000000eab00000,0x00000000eab00000,0x00000000fab00000)
  from space 43520K, 79% used [0x00000000fab00000,0x00000000fcccf820,0x00000000fd580000)
  to   space 43520K, 0% used [0x00000000fd580000,0x00000000fd580000,0x0000000100000000)
 ParOldGen       total 699392K, used 120K [0x00000000c0000000, 0x00000000eab00000, 0x00000000eab00000)
  object space 699392K, 0% used [0x00000000c0000000,0x00000000c001e010,0x00000000eab00000)
 Metaspace       used 43233K, capacity 43770K, committed 44032K, reserved 1087488K
  class space    used 4912K, capacity 5101K, committed 5120K, reserved 1048576K
}
{Heap before GC invocations=4 (full 0):
 PSYoungGen      total 305664K, used 296766K [0x00000000eab00000, 0x0000000100000000, 0x0000000100000000)
  eden space 262144K, 100% used [0x00000000eab00000,0x00000000fab00000,0x00000000fab00000)
  from space 43520K, 79% used [0x00000000fab00000,0x00000000fcccf820,0x00000000fd580000)
  to   space 43520K, 0% used [0x00000000fd580000,0x00000000fd580000,0x0000000100000000)
 ParOldGen       total 699392K, used 120K [0x00000000c0000000, 0x00000000eab00000, 0x00000000eab00000)
  object space 699392K, 0% used [0x00000000c0000000,0x00000000c001e010,0x00000000eab00000)
 Metaspace       used 45629K, capacity 46460K, committed 46592K, reserved 1091584K
  class space    used 5085K, capacity 5313K, committed 5376K, reserved 1048576K
20841.389: [GC (Allocation Failure) [PSYoungGen: 296766K->23428K(305664K)] 296886K->23556K(1005056K), 0.1097608 secs] [Times: user=0.09 sys=0.00, real=0.11 secs] 
Heap after GC invocations=4 (full 0):
 PSYoungGen      total 305664K, used 23428K [0x00000000eab00000, 0x0000000100000000, 0x0000000100000000)
  eden space 262144K, 0% used [0x00000000eab00000,0x00000000eab00000,0x00000000fab00000)
  from space 43520K, 53% used [0x00000000fd580000,0x00000000fec61150,0x0000000100000000)
  to   space 43520K, 0% used [0x00000000fab00000,0x00000000fab00000,0x00000000fd580000)
 ParOldGen       total 699392K, used 128K [0x00000000c0000000, 0x00000000eab00000, 0x00000000eab00000)
  object space 699392K, 0% used [0x00000000c0000000,0x00000000c0020010,0x00000000eab00000)
 Metaspace       used 45629K, capacity 46460K, committed 46592K, reserved 1091584K
  class space    used 5085K, capacity 5313K, committed 5376K, reserved 1048576K
}
Heap
 PSYoungGen      total 305664K, used 66265K [0x00000000eab00000, 0x0000000100000000, 0x0000000100000000)
  eden space 262144K, 16% used [0x00000000eab00000,0x00000000ed4d5598,0x00000000fab00000)
  from space 43520K, 53% used [0x00000000fd580000,0x00000000fec61150,0x0000000100000000)
  to   space 43520K, 0% used [0x00000000fab00000,0x00000000fab00000,0x00000000fd580000)
 ParOldGen       total 699392K, used 128K [0x00000000c0000000, 0x00000000eab00000, 0x00000000eab00000)
  object space 699392K, 0% used [0x00000000c0000000,0x00000000c0020010,0x00000000eab00000)
 Metaspace       used 45811K, capacity 46606K, committed 46848K, reserved 1091584K
  class space    used 5107K, capacity 5318K, committed 5376K, reserved 1048576K
