Java HotSpot(TM) 64-Bit Server VM (24.80-b11) for linux-amd64 JRE (1.7.0_80-b15), built on Apr 10 2015 19:53:14 by "java_re" with gcc 4.3.0 20080428 (Red Hat 4.3.0-8)
Memory: 4k page, physical 8035296k(1178244k free), swap 3999740k(3992772k free)
CommandLine flags: -XX:+HeapDumpOnOutOfMemoryError -XX:HeapDumpPath=../../../instances/tomcat8/logs/tomcat8_java_pid_20170912131355.hprof -XX:InitialHeapSize=1073741824 -XX:+ManagementServer -XX:MaxHeapSize=1073741824 -XX:MaxPermSize=268435456 -XX:PermSize=268435456 -XX:+PrintGC -XX:+PrintGCDetails -XX:+PrintGCTimeStamps -XX:+PrintHeapAtGC -XX:+UseCompressedOops -XX:+UseParallelGC -XX:+UseParallelOldGC 
{Heap before GC invocations=1 (full 0):
 PSYoungGen      total 306176K, used 262656K [0x00000000eaa80000, 0x0000000100000000, 0x0000000100000000)
  eden space 262656K, 100% used [0x00000000eaa80000,0x00000000fab00000,0x00000000fab00000)
  from space 43520K, 0% used [0x00000000fd580000,0x00000000fd580000,0x0000000100000000)
  to   space 43520K, 0% used [0x00000000fab00000,0x00000000fab00000,0x00000000fd580000)
 ParOldGen       total 699392K, used 0K [0x00000000bff80000, 0x00000000eaa80000, 0x00000000eaa80000)
  object space 699392K, 0% used [0x00000000bff80000,0x00000000bff80000,0x00000000eaa80000)
 PSPermGen       total 262144K, used 15560K [0x00000000aff80000, 0x00000000bff80000, 0x00000000bff80000)
  object space 262144K, 5% used [0x00000000aff80000,0x00000000b0eb23a0,0x00000000bff80000)
2.135: [GC [PSYoungGen: 262656K->37940K(306176K)] 262656K->38012K(1005568K), 0.0245340 secs] [Times: user=0.04 sys=0.01, real=0.02 secs] 
Heap after GC invocations=1 (full 0):
 PSYoungGen      total 306176K, used 37940K [0x00000000eaa80000, 0x0000000100000000, 0x0000000100000000)
  eden space 262656K, 0% used [0x00000000eaa80000,0x00000000eaa80000,0x00000000fab00000)
  from space 43520K, 87% used [0x00000000fab00000,0x00000000fd00d018,0x00000000fd580000)
  to   space 43520K, 0% used [0x00000000fd580000,0x00000000fd580000,0x0000000100000000)
 ParOldGen       total 699392K, used 72K [0x00000000bff80000, 0x00000000eaa80000, 0x00000000eaa80000)
  object space 699392K, 0% used [0x00000000bff80000,0x00000000bff92010,0x00000000eaa80000)
 PSPermGen       total 262144K, used 15560K [0x00000000aff80000, 0x00000000bff80000, 0x00000000bff80000)
  object space 262144K, 5% used [0x00000000aff80000,0x00000000b0eb23a0,0x00000000bff80000)
}
{Heap before GC invocations=2 (full 0):
 PSYoungGen      total 306176K, used 300596K [0x00000000eaa80000, 0x0000000100000000, 0x0000000100000000)
  eden space 262656K, 100% used [0x00000000eaa80000,0x00000000fab00000,0x00000000fab00000)
  from space 43520K, 87% used [0x00000000fab00000,0x00000000fd00d018,0x00000000fd580000)
  to   space 43520K, 0% used [0x00000000fd580000,0x00000000fd580000,0x0000000100000000)
 ParOldGen       total 699392K, used 72K [0x00000000bff80000, 0x00000000eaa80000, 0x00000000eaa80000)
  object space 699392K, 0% used [0x00000000bff80000,0x00000000bff92010,0x00000000eaa80000)
 PSPermGen       total 262144K, used 21820K [0x00000000aff80000, 0x00000000bff80000, 0x00000000bff80000)
  object space 262144K, 8% used [0x00000000aff80000,0x00000000b14cf228,0x00000000bff80000)
3.823: [GC [PSYoungGen: 300596K->40224K(306176K)] 300668K->40304K(1005568K), 0.0353070 secs] [Times: user=0.10 sys=0.00, real=0.03 secs] 
Heap after GC invocations=2 (full 0):
 PSYoungGen      total 306176K, used 40224K [0x00000000eaa80000, 0x0000000100000000, 0x0000000100000000)
  eden space 262656K, 0% used [0x00000000eaa80000,0x00000000eaa80000,0x00000000fab00000)
  from space 43520K, 92% used [0x00000000fd580000,0x00000000ffcc8298,0x0000000100000000)
  to   space 43520K, 0% used [0x00000000fab00000,0x00000000fab00000,0x00000000fd580000)
 ParOldGen       total 699392K, used 80K [0x00000000bff80000, 0x00000000eaa80000, 0x00000000eaa80000)
  object space 699392K, 0% used [0x00000000bff80000,0x00000000bff94010,0x00000000eaa80000)
 PSPermGen       total 262144K, used 21820K [0x00000000aff80000, 0x00000000bff80000, 0x00000000bff80000)
  object space 262144K, 8% used [0x00000000aff80000,0x00000000b14cf228,0x00000000bff80000)
}
{Heap before GC invocations=3 (full 0):
 PSYoungGen      total 306176K, used 302880K [0x00000000eaa80000, 0x0000000100000000, 0x0000000100000000)
  eden space 262656K, 100% used [0x00000000eaa80000,0x00000000fab00000,0x00000000fab00000)
  from space 43520K, 92% used [0x00000000fd580000,0x00000000ffcc8298,0x0000000100000000)
  to   space 43520K, 0% used [0x00000000fab00000,0x00000000fab00000,0x00000000fd580000)
 ParOldGen       total 699392K, used 80K [0x00000000bff80000, 0x00000000eaa80000, 0x00000000eaa80000)
  object space 699392K, 0% used [0x00000000bff80000,0x00000000bff94010,0x00000000eaa80000)
 PSPermGen       total 262144K, used 21868K [0x00000000aff80000, 0x00000000bff80000, 0x00000000bff80000)
  object space 262144K, 8% used [0x00000000aff80000,0x00000000b14db028,0x00000000bff80000)
4.696: [GC [PSYoungGen: 302880K->43514K(306176K)] 302960K->55658K(1005568K), 0.0414240 secs] [Times: user=0.13 sys=0.00, real=0.04 secs] 
