Java HotSpot(TM) 64-Bit Server VM (25.121-b13) for linux-amd64 JRE (1.8.0_121-b13), built on Dec 12 2016 16:36:53 by "java_re" with gcc 4.3.0 20080428 (Red Hat 4.3.0-8)
Memory: 4k page, physical 8035332k(2827040k free), swap 3999740k(3999740k free)
CommandLine flags: -XX:+HeapDumpOnOutOfMemoryError -XX:HeapDumpPath=../../../instances/tomcat8/logs/tomcat8_java_pid_20170822130549.hprof -XX:InitialHeapSize=1073741824 -XX:+ManagementServer -XX:MaxHeapSize=1073741824 -XX:MaxMetaspaceSize=268435456 -XX:MetaspaceSize=268435456 -XX:+PrintGC -XX:+PrintGCDetails -XX:+PrintGCTimeStamps -XX:+PrintHeapAtGC -XX:+UseCompressedClassPointers -XX:+UseCompressedOops -XX:+UseParallelGC -XX:+UseParallelOldGC 
{Heap before GC invocations=1 (full 0):
 PSYoungGen      total 305664K, used 262144K [0x00000000eab00000, 0x0000000100000000, 0x0000000100000000)
  eden space 262144K, 100% used [0x00000000eab00000,0x00000000fab00000,0x00000000fab00000)
  from space 43520K, 0% used [0x00000000fd580000,0x00000000fd580000,0x0000000100000000)
  to   space 43520K, 0% used [0x00000000fab00000,0x00000000fab00000,0x00000000fd580000)
 ParOldGen       total 699392K, used 0K [0x00000000c0000000, 0x00000000eab00000, 0x00000000eab00000)
  object space 699392K, 0% used [0x00000000c0000000,0x00000000c0000000,0x00000000eab00000)
 Metaspace       used 16717K, capacity 17012K, committed 17152K, reserved 1064960K
  class space    used 1891K, capacity 2029K, committed 2048K, reserved 1048576K
1.947: [GC (Allocation Failure) [PSYoungGen: 262144K->38763K(305664K)] 262144K->38851K(1005056K), 0.0280241 secs] [Times: user=0.07 sys=0.02, real=0.03 secs] 
Heap after GC invocations=1 (full 0):
 PSYoungGen      total 305664K, used 38763K [0x00000000eab00000, 0x0000000100000000, 0x0000000100000000)
  eden space 262144K, 0% used [0x00000000eab00000,0x00000000eab00000,0x00000000fab00000)
  from space 43520K, 89% used [0x00000000fab00000,0x00000000fd0dad08,0x00000000fd580000)
  to   space 43520K, 0% used [0x00000000fd580000,0x00000000fd580000,0x0000000100000000)
 ParOldGen       total 699392K, used 88K [0x00000000c0000000, 0x00000000eab00000, 0x00000000eab00000)
  object space 699392K, 0% used [0x00000000c0000000,0x00000000c0016010,0x00000000eab00000)
 Metaspace       used 16717K, capacity 17012K, committed 17152K, reserved 1064960K
  class space    used 1891K, capacity 2029K, committed 2048K, reserved 1048576K
}
{Heap before GC invocations=2 (full 0):
 PSYoungGen      total 305664K, used 300907K [0x00000000eab00000, 0x0000000100000000, 0x0000000100000000)
  eden space 262144K, 100% used [0x00000000eab00000,0x00000000fab00000,0x00000000fab00000)
  from space 43520K, 89% used [0x00000000fab00000,0x00000000fd0dad08,0x00000000fd580000)
  to   space 43520K, 0% used [0x00000000fd580000,0x00000000fd580000,0x0000000100000000)
 ParOldGen       total 699392K, used 88K [0x00000000c0000000, 0x00000000eab00000, 0x00000000eab00000)
  object space 699392K, 0% used [0x00000000c0000000,0x00000000c0016010,0x00000000eab00000)
 Metaspace       used 28731K, capacity 29152K, committed 29440K, reserved 1075200K
  class space    used 3425K, capacity 3560K, committed 3584K, reserved 1048576K
4.012: [GC (Allocation Failure) [PSYoungGen: 300907K->33505K(305664K)] 300995K->33609K(1005056K), 0.1052411 secs] [Times: user=0.24 sys=0.03, real=0.11 secs] 
Heap after GC invocations=2 (full 0):
 PSYoungGen      total 305664K, used 33505K [0x00000000eab00000, 0x0000000100000000, 0x0000000100000000)
  eden space 262144K, 0% used [0x00000000eab00000,0x00000000eab00000,0x00000000fab00000)
  from space 43520K, 76% used [0x00000000fd580000,0x00000000ff638608,0x0000000100000000)
  to   space 43520K, 0% used [0x00000000fab00000,0x00000000fab00000,0x00000000fd580000)
 ParOldGen       total 699392K, used 104K [0x00000000c0000000, 0x00000000eab00000, 0x00000000eab00000)
  object space 699392K, 0% used [0x00000000c0000000,0x00000000c001a010,0x00000000eab00000)
 Metaspace       used 28731K, capacity 29152K, committed 29440K, reserved 1075200K
  class space    used 3425K, capacity 3560K, committed 3584K, reserved 1048576K
}
{Heap before GC invocations=3 (full 0):
 PSYoungGen      total 305664K, used 295649K [0x00000000eab00000, 0x0000000100000000, 0x0000000100000000)
  eden space 262144K, 100% used [0x00000000eab00000,0x00000000fab00000,0x00000000fab00000)
  from space 43520K, 76% used [0x00000000fd580000,0x00000000ff638608,0x0000000100000000)
  to   space 43520K, 0% used [0x00000000fab00000,0x00000000fab00000,0x00000000fd580000)
 ParOldGen       total 699392K, used 104K [0x00000000c0000000, 0x00000000eab00000, 0x00000000eab00000)
  object space 699392K, 0% used [0x00000000c0000000,0x00000000c001a010,0x00000000eab00000)
 Metaspace       used 36983K, capacity 37642K, committed 37888K, reserved 1083392K
  class space    used 4387K, capacity 4590K, committed 4608K, reserved 1048576K
7515.414: [GC (Allocation Failure) [PSYoungGen: 295649K->27076K(305664K)] 295753K->27188K(1005056K), 0.0240791 secs] [Times: user=0.06 sys=0.00, real=0.02 secs] 
