Java HotSpot(TM) 64-Bit Server VM (25.121-b13) for linux-amd64 JRE (1.8.0_121-b13), built on Dec 12 2016 16:36:53 by "java_re" with gcc 4.3.0 20080428 (Red Hat 4.3.0-8)
Memory: 4k page, physical 8035296k(3896888k free), swap 3999740k(3999740k free)
CommandLine flags: -XX:+HeapDumpOnOutOfMemoryError -XX:HeapDumpPath=../../../instances/tomcat8/logs/tomcat8_java_pid_20171024164543.hprof -XX:InitialHeapSize=1073741824 -XX:+ManagementServer -XX:MaxHeapSize=1073741824 -XX:MaxMetaspaceSize=268435456 -XX:MetaspaceSize=268435456 -XX:+PrintGC -XX:+PrintGCDetails -XX:+PrintGCTimeStamps -XX:+PrintHeapAtGC -XX:+UseCompressedClassPointers -XX:+UseCompressedOops -XX:+UseParallelGC -XX:+UseParallelOldGC 
{Heap before GC invocations=1 (full 0):
 PSYoungGen      total 305664K, used 262144K [0x00000000eab00000, 0x0000000100000000, 0x0000000100000000)
  eden space 262144K, 100% used [0x00000000eab00000,0x00000000fab00000,0x00000000fab00000)
  from space 43520K, 0% used [0x00000000fd580000,0x00000000fd580000,0x0000000100000000)
  to   space 43520K, 0% used [0x00000000fab00000,0x00000000fab00000,0x00000000fd580000)
 ParOldGen       total 699392K, used 0K [0x00000000c0000000, 0x00000000eab00000, 0x00000000eab00000)
  object space 699392K, 0% used [0x00000000c0000000,0x00000000c0000000,0x00000000eab00000)
 Metaspace       used 17578K, capacity 17934K, committed 18048K, reserved 1064960K
  class space    used 1991K, capacity 2127K, committed 2176K, reserved 1048576K
1.921: [GC (Allocation Failure) [PSYoungGen: 262144K->39384K(305664K)] 262144K->39473K(1005056K), 0.0307984 secs] [Times: user=0.08 sys=0.02, real=0.03 secs] 
Heap after GC invocations=1 (full 0):
 PSYoungGen      total 305664K, used 39384K [0x00000000eab00000, 0x0000000100000000, 0x0000000100000000)
  eden space 262144K, 0% used [0x00000000eab00000,0x00000000eab00000,0x00000000fab00000)
  from space 43520K, 90% used [0x00000000fab00000,0x00000000fd1763f0,0x00000000fd580000)
  to   space 43520K, 0% used [0x00000000fd580000,0x00000000fd580000,0x0000000100000000)
 ParOldGen       total 699392K, used 88K [0x00000000c0000000, 0x00000000eab00000, 0x00000000eab00000)
  object space 699392K, 0% used [0x00000000c0000000,0x00000000c0016010,0x00000000eab00000)
 Metaspace       used 17578K, capacity 17934K, committed 18048K, reserved 1064960K
  class space    used 1991K, capacity 2127K, committed 2176K, reserved 1048576K
}
{Heap before GC invocations=2 (full 0):
 PSYoungGen      total 305664K, used 301528K [0x00000000eab00000, 0x0000000100000000, 0x0000000100000000)
  eden space 262144K, 100% used [0x00000000eab00000,0x00000000fab00000,0x00000000fab00000)
  from space 43520K, 90% used [0x00000000fab00000,0x00000000fd1763f0,0x00000000fd580000)
  to   space 43520K, 0% used [0x00000000fd580000,0x00000000fd580000,0x0000000100000000)
 ParOldGen       total 699392K, used 88K [0x00000000c0000000, 0x00000000eab00000, 0x00000000eab00000)
  object space 699392K, 0% used [0x00000000c0000000,0x00000000c0016010,0x00000000eab00000)
 Metaspace       used 25772K, capacity 26218K, committed 26496K, reserved 1073152K
  class space    used 3018K, capacity 3143K, committed 3200K, reserved 1048576K
3.473: [GC (Allocation Failure) [PSYoungGen: 301528K->34523K(305664K)] 301617K->34627K(1005056K), 0.0357487 secs] [Times: user=0.12 sys=0.01, real=0.03 secs] 
Heap after GC invocations=2 (full 0):
 PSYoungGen      total 305664K, used 34523K [0x00000000eab00000, 0x0000000100000000, 0x0000000100000000)
  eden space 262144K, 0% used [0x00000000eab00000,0x00000000eab00000,0x00000000fab00000)
  from space 43520K, 79% used [0x00000000fd580000,0x00000000ff736eb8,0x0000000100000000)
  to   space 43520K, 0% used [0x00000000fab00000,0x00000000fab00000,0x00000000fd580000)
 ParOldGen       total 699392K, used 104K [0x00000000c0000000, 0x00000000eab00000, 0x00000000eab00000)
  object space 699392K, 0% used [0x00000000c0000000,0x00000000c001a010,0x00000000eab00000)
 Metaspace       used 25772K, capacity 26218K, committed 26496K, reserved 1073152K
  class space    used 3018K, capacity 3143K, committed 3200K, reserved 1048576K
}
{Heap before GC invocations=3 (full 0):
 PSYoungGen      total 305664K, used 296667K [0x00000000eab00000, 0x0000000100000000, 0x0000000100000000)
  eden space 262144K, 100% used [0x00000000eab00000,0x00000000fab00000,0x00000000fab00000)
  from space 43520K, 79% used [0x00000000fd580000,0x00000000ff736eb8,0x0000000100000000)
  to   space 43520K, 0% used [0x00000000fab00000,0x00000000fab00000,0x00000000fd580000)
 ParOldGen       total 699392K, used 104K [0x00000000c0000000, 0x00000000eab00000, 0x00000000eab00000)
  object space 699392K, 0% used [0x00000000c0000000,0x00000000c001a010,0x00000000eab00000)
 Metaspace       used 35076K, capacity 35564K, committed 35840K, reserved 1081344K
  class space    used 4157K, capacity 4350K, committed 4352K, reserved 1048576K
5.240: [GC (Allocation Failure) [PSYoungGen: 296667K->31630K(305664K)] 296771K->31750K(1005056K), 0.0274414 secs] [Times: user=0.08 sys=0.00, real=0.02 secs] 
Heap after GC invocations=3 (full 0):
 PSYoungGen      total 305664K, used 31630K [0x00000000eab00000, 0x0000000100000000, 0x0000000100000000)
  eden space 262144K, 0% used [0x00000000eab00000,0x00000000eab00000,0x00000000fab00000)
  from space 43520K, 72% used [0x00000000fab00000,0x00000000fc9e3850,0x00000000fd580000)
  to   space 43520K, 0% used [0x00000000fd580000,0x00000000fd580000,0x0000000100000000)
 ParOldGen       total 699392K, used 120K [0x00000000c0000000, 0x00000000eab00000, 0x00000000eab00000)
  object space 699392K, 0% used [0x00000000c0000000,0x00000000c001e010,0x00000000eab00000)
 Metaspace       used 35076K, capacity 35564K, committed 35840K, reserved 1081344K
  class space    used 4157K, capacity 4350K, committed 4352K, reserved 1048576K
}
{Heap before GC invocations=4 (full 0):
 PSYoungGen      total 305664K, used 293774K [0x00000000eab00000, 0x0000000100000000, 0x0000000100000000)
  eden space 262144K, 100% used [0x00000000eab00000,0x00000000fab00000,0x00000000fab00000)
  from space 43520K, 72% used [0x00000000fab00000,0x00000000fc9e3850,0x00000000fd580000)
  to   space 43520K, 0% used [0x00000000fd580000,0x00000000fd580000,0x0000000100000000)
 ParOldGen       total 699392K, used 120K [0x00000000c0000000, 0x00000000eab00000, 0x00000000eab00000)
  object space 699392K, 0% used [0x00000000c0000000,0x00000000c001e010,0x00000000eab00000)
 Metaspace       used 35082K, capacity 35564K, committed 35840K, reserved 1081344K
  class space    used 4157K, capacity 4350K, committed 4352K, reserved 1048576K
5.977: [GC (Allocation Failure) [PSYoungGen: 293774K->43498K(305664K)] 293894K->56390K(1005056K), 0.0525913 secs] [Times: user=0.13 sys=0.01, real=0.05 secs] 
Heap after GC invocations=4 (full 0):
 PSYoungGen      total 305664K, used 43498K [0x00000000eab00000, 0x0000000100000000, 0x0000000100000000)
  eden space 262144K, 0% used [0x00000000eab00000,0x00000000eab00000,0x00000000fab00000)
  from space 43520K, 99% used [0x00000000fd580000,0x00000000ffffa9f0,0x0000000100000000)
  to   space 43520K, 0% used [0x00000000fab00000,0x00000000fab00000,0x00000000fd580000)
 ParOldGen       total 699392K, used 12892K [0x00000000c0000000, 0x00000000eab00000, 0x00000000eab00000)
  object space 699392K, 1% used [0x00000000c0000000,0x00000000c0c970c0,0x00000000eab00000)
 Metaspace       used 35082K, capacity 35564K, committed 35840K, reserved 1081344K
  class space    used 4157K, capacity 4350K, committed 4352K, reserved 1048576K
}
{Heap before GC invocations=5 (full 0):
 PSYoungGen      total 305664K, used 305642K [0x00000000eab00000, 0x0000000100000000, 0x0000000100000000)
  eden space 262144K, 100% used [0x00000000eab00000,0x00000000fab00000,0x00000000fab00000)
  from space 43520K, 99% used [0x00000000fd580000,0x00000000ffffa9f0,0x0000000100000000)
  to   space 43520K, 0% used [0x00000000fab00000,0x00000000fab00000,0x00000000fd580000)
 ParOldGen       total 699392K, used 12892K [0x00000000c0000000, 0x00000000eab00000, 0x00000000eab00000)
  object space 699392K, 1% used [0x00000000c0000000,0x00000000c0c970c0,0x00000000eab00000)
 Metaspace       used 40976K, capacity 41592K, committed 41856K, reserved 1085440K
  class space    used 5189K, capacity 5389K, committed 5504K, reserved 1048576K
7.256: [GC (Allocation Failure) [PSYoungGen: 305642K->43509K(305664K)] 318534K->64358K(1005056K), 0.0618544 secs] [Times: user=0.13 sys=0.01, real=0.06 secs] 
Heap after GC invocations=5 (full 0):
 PSYoungGen      total 305664K, used 43509K [0x00000000eab00000, 0x0000000100000000, 0x0000000100000000)
  eden space 262144K, 0% used [0x00000000eab00000,0x00000000eab00000,0x00000000fab00000)
  from space 43520K, 99% used [0x00000000fab00000,0x00000000fd57d6d8,0x00000000fd580000)
  to   space 43520K, 0% used [0x00000000fd580000,0x00000000fd580000,0x0000000100000000)
 ParOldGen       total 699392K, used 20848K [0x00000000c0000000, 0x00000000eab00000, 0x00000000eab00000)
  object space 699392K, 2% used [0x00000000c0000000,0x00000000c145c2a8,0x00000000eab00000)
 Metaspace       used 40976K, capacity 41592K, committed 41856K, reserved 1085440K
  class space    used 5189K, capacity 5389K, committed 5504K, reserved 1048576K
}
{Heap before GC invocations=6 (full 0):
 PSYoungGen      total 305664K, used 305653K [0x00000000eab00000, 0x0000000100000000, 0x0000000100000000)
  eden space 262144K, 100% used [0x00000000eab00000,0x00000000fab00000,0x00000000fab00000)
  from space 43520K, 99% used [0x00000000fab00000,0x00000000fd57d6d8,0x00000000fd580000)
  to   space 43520K, 0% used [0x00000000fd580000,0x00000000fd580000,0x0000000100000000)
 ParOldGen       total 699392K, used 20848K [0x00000000c0000000, 0x00000000eab00000, 0x00000000eab00000)
  object space 699392K, 2% used [0x00000000c0000000,0x00000000c145c2a8,0x00000000eab00000)
 Metaspace       used 43359K, capacity 44022K, committed 44416K, reserved 1087488K
  class space    used 5484K, capacity 5683K, committed 5760K, reserved 1048576K
121.358: [GC (Allocation Failure) [PSYoungGen: 305653K->43504K(271872K)] 326502K->67433K(971264K), 0.0401370 secs] [Times: user=0.13 sys=0.00, real=0.04 secs] 
Heap after GC invocations=6 (full 0):
 PSYoungGen      total 271872K, used 43504K [0x00000000eab00000, 0x0000000100000000, 0x0000000100000000)
  eden space 228352K, 0% used [0x00000000eab00000,0x00000000eab00000,0x00000000f8a00000)
  from space 43520K, 99% used [0x00000000fd580000,0x00000000ffffc198,0x0000000100000000)
  to   space 60416K, 0% used [0x00000000f8a00000,0x00000000f8a00000,0x00000000fc500000)
 ParOldGen       total 699392K, used 23929K [0x00000000c0000000, 0x00000000eab00000, 0x00000000eab00000)
  object space 699392K, 3% used [0x00000000c0000000,0x00000000c175e550,0x00000000eab00000)
 Metaspace       used 43359K, capacity 44022K, committed 44416K, reserved 1087488K
  class space    used 5484K, capacity 5683K, committed 5760K, reserved 1048576K
}
{Heap before GC invocations=7 (full 0):
 PSYoungGen      total 271872K, used 271856K [0x00000000eab00000, 0x0000000100000000, 0x0000000100000000)
  eden space 228352K, 100% used [0x00000000eab00000,0x00000000f8a00000,0x00000000f8a00000)
  from space 43520K, 99% used [0x00000000fd580000,0x00000000ffffc198,0x0000000100000000)
  to   space 60416K, 0% used [0x00000000f8a00000,0x00000000f8a00000,0x00000000fc500000)
 ParOldGen       total 699392K, used 23929K [0x00000000c0000000, 0x00000000eab00000, 0x00000000eab00000)
  object space 699392K, 3% used [0x00000000c0000000,0x00000000c175e550,0x00000000eab00000)
 Metaspace       used 48912K, capacity 49608K, committed 50048K, reserved 1093632K
  class space    used 6221K, capacity 6431K, committed 6528K, reserved 1048576K
122.679: [GC (Allocation Failure) [PSYoungGen: 271856K->31503K(260096K)] 295785K->67086K(959488K), 0.0289599 secs] [Times: user=0.06 sys=0.02, real=0.02 secs] 
Heap after GC invocations=7 (full 0):
 PSYoungGen      total 260096K, used 31503K [0x00000000eab00000, 0x0000000100000000, 0x0000000100000000)
  eden space 228352K, 0% used [0x00000000eab00000,0x00000000eab00000,0x00000000f8a00000)
  from space 31744K, 99% used [0x00000000f8a00000,0x00000000fa8c3ec0,0x00000000fa900000)
  to   space 60928K, 0% used [0x00000000fc480000,0x00000000fc480000,0x0000000100000000)
 ParOldGen       total 699392K, used 35582K [0x00000000c0000000, 0x00000000eab00000, 0x00000000eab00000)
  object space 699392K, 5% used [0x00000000c0000000,0x00000000c22bfaa0,0x00000000eab00000)
 Metaspace       used 48912K, capacity 49608K, committed 50048K, reserved 1093632K
  class space    used 6221K, capacity 6431K, committed 6528K, reserved 1048576K
}
{Heap before GC invocations=8 (full 0):
 PSYoungGen      total 260096K, used 259855K [0x00000000eab00000, 0x0000000100000000, 0x0000000100000000)
  eden space 228352K, 100% used [0x00000000eab00000,0x00000000f8a00000,0x00000000f8a00000)
  from space 31744K, 99% used [0x00000000f8a00000,0x00000000fa8c3ec0,0x00000000fa900000)
  to   space 60928K, 0% used [0x00000000fc480000,0x00000000fc480000,0x0000000100000000)
 ParOldGen       total 699392K, used 35582K [0x00000000c0000000, 0x00000000eab00000, 0x00000000eab00000)
  object space 699392K, 5% used [0x00000000c0000000,0x00000000c22bfaa0,0x00000000eab00000)
 Metaspace       used 58649K, capacity 59390K, committed 59904K, reserved 1101824K
  class space    used 7363K, capacity 7592K, committed 7680K, reserved 1048576K
196.155: [GC (Allocation Failure) [PSYoungGen: 259855K->19309K(284160K)] 295438K->59191K(983552K), 0.0370896 secs] [Times: user=0.09 sys=0.01, real=0.04 secs] 
Heap after GC invocations=8 (full 0):
 PSYoungGen      total 284160K, used 19309K [0x00000000eab00000, 0x0000000100000000, 0x0000000100000000)
  eden space 223232K, 0% used [0x00000000eab00000,0x00000000eab00000,0x00000000f8500000)
  from space 60928K, 31% used [0x00000000fc480000,0x00000000fd75b5e8,0x0000000100000000)
  to   space 62976K, 0% used [0x00000000f8500000,0x00000000f8500000,0x00000000fc280000)
 ParOldGen       total 699392K, used 39881K [0x00000000c0000000, 0x00000000eab00000, 0x00000000eab00000)
  object space 699392K, 5% used [0x00000000c0000000,0x00000000c26f2790,0x00000000eab00000)
 Metaspace       used 58649K, capacity 59390K, committed 59904K, reserved 1101824K
  class space    used 7363K, capacity 7592K, committed 7680K, reserved 1048576K
}
{Heap before GC invocations=9 (full 0):
 PSYoungGen      total 284160K, used 242541K [0x00000000eab00000, 0x0000000100000000, 0x0000000100000000)
  eden space 223232K, 100% used [0x00000000eab00000,0x00000000f8500000,0x00000000f8500000)
  from space 60928K, 31% used [0x00000000fc480000,0x00000000fd75b5e8,0x0000000100000000)
  to   space 62976K, 0% used [0x00000000f8500000,0x00000000f8500000,0x00000000fc280000)
 ParOldGen       total 699392K, used 39881K [0x00000000c0000000, 0x00000000eab00000, 0x00000000eab00000)
  object space 699392K, 5% used [0x00000000c0000000,0x00000000c26f2790,0x00000000eab00000)
 Metaspace       used 68447K, capacity 69540K, committed 69888K, reserved 1110016K
  class space    used 8205K, capacity 8448K, committed 8448K, reserved 1048576K
1393.130: [GC (Allocation Failure) [PSYoungGen: 242541K->21144K(244736K)] 282423K->64644K(944128K), 0.0924767 secs] [Times: user=0.18 sys=0.00, real=0.10 secs] 
Heap after GC invocations=9 (full 0):
 PSYoungGen      total 244736K, used 21144K [0x00000000eab00000, 0x0000000100000000, 0x0000000100000000)
  eden space 223232K, 0% used [0x00000000eab00000,0x00000000eab00000,0x00000000f8500000)
  from space 21504K, 98% used [0x00000000f8500000,0x00000000f99a6088,0x00000000f9a00000)
  to   space 63488K, 0% used [0x00000000fc200000,0x00000000fc200000,0x0000000100000000)
 ParOldGen       total 699392K, used 43500K [0x00000000c0000000, 0x00000000eab00000, 0x00000000eab00000)
  object space 699392K, 6% used [0x00000000c0000000,0x00000000c2a7b210,0x00000000eab00000)
 Metaspace       used 68447K, capacity 69540K, committed 69888K, reserved 1110016K
  class space    used 8205K, capacity 8448K, committed 8448K, reserved 1048576K
}
{Heap before GC invocations=10 (full 0):
 PSYoungGen      total 244736K, used 244376K [0x00000000eab00000, 0x0000000100000000, 0x0000000100000000)
  eden space 223232K, 100% used [0x00000000eab00000,0x00000000f8500000,0x00000000f8500000)
  from space 21504K, 98% used [0x00000000f8500000,0x00000000f99a6088,0x00000000f9a00000)
  to   space 63488K, 0% used [0x00000000fc200000,0x00000000fc200000,0x0000000100000000)
 ParOldGen       total 699392K, used 43500K [0x00000000c0000000, 0x00000000eab00000, 0x00000000eab00000)
  object space 699392K, 6% used [0x00000000c0000000,0x00000000c2a7b210,0x00000000eab00000)
 Metaspace       used 69061K, capacity 70204K, committed 70784K, reserved 1112064K
  class space    used 8223K, capacity 8474K, committed 8576K, reserved 1048576K
2657.698: [GC (Allocation Failure) [PSYoungGen: 244376K->24601K(286208K)] 287876K->72406K(985600K), 0.0243315 secs] [Times: user=0.07 sys=0.00, real=0.03 secs] 
Heap after GC invocations=10 (full 0):
 PSYoungGen      total 286208K, used 24601K [0x00000000eab00000, 0x0000000100000000, 0x0000000100000000)
  eden space 222720K, 0% used [0x00000000eab00000,0x00000000eab00000,0x00000000f8480000)
  from space 63488K, 38% used [0x00000000fc200000,0x00000000fda066d8,0x0000000100000000)
  to   space 62976K, 0% used [0x00000000f8480000,0x00000000f8480000,0x00000000fc200000)
 ParOldGen       total 699392K, used 47804K [0x00000000c0000000, 0x00000000eab00000, 0x00000000eab00000)
  object space 699392K, 6% used [0x00000000c0000000,0x00000000c2eaf2a0,0x00000000eab00000)
 Metaspace       used 69061K, capacity 70204K, committed 70784K, reserved 1112064K
  class space    used 8223K, capacity 8474K, committed 8576K, reserved 1048576K
}
{Heap before GC invocations=11 (full 0):
 PSYoungGen      total 286208K, used 247321K [0x00000000eab00000, 0x0000000100000000, 0x0000000100000000)
  eden space 222720K, 100% used [0x00000000eab00000,0x00000000f8480000,0x00000000f8480000)
  from space 63488K, 38% used [0x00000000fc200000,0x00000000fda066d8,0x0000000100000000)
  to   space 62976K, 0% used [0x00000000f8480000,0x00000000f8480000,0x00000000fc200000)
 ParOldGen       total 699392K, used 47804K [0x00000000c0000000, 0x00000000eab00000, 0x00000000eab00000)
  object space 699392K, 6% used [0x00000000c0000000,0x00000000c2eaf2a0,0x00000000eab00000)
 Metaspace       used 71665K, capacity 72850K, committed 73216K, reserved 1114112K
  class space    used 8587K, capacity 8865K, committed 8960K, reserved 1048576K
2658.647: [GC (Allocation Failure) [PSYoungGen: 247321K->27534K(285696K)] 295126K->78993K(985088K), 0.0194306 secs] [Times: user=0.04 sys=0.00, real=0.02 secs] 
Heap after GC invocations=11 (full 0):
 PSYoungGen      total 285696K, used 27534K [0x00000000eab00000, 0x0000000100000000, 0x0000000100000000)
  eden space 222720K, 0% used [0x00000000eab00000,0x00000000eab00000,0x00000000f8480000)
  from space 62976K, 43% used [0x00000000f8480000,0x00000000f9f638a0,0x00000000fc200000)
  to   space 61952K, 0% used [0x00000000fc380000,0x00000000fc380000,0x0000000100000000)
 ParOldGen       total 699392K, used 51459K [0x00000000c0000000, 0x00000000eab00000, 0x00000000eab00000)
  object space 699392K, 7% used [0x00000000c0000000,0x00000000c3240d38,0x00000000eab00000)
 Metaspace       used 71665K, capacity 72850K, committed 73216K, reserved 1114112K
  class space    used 8587K, capacity 8865K, committed 8960K, reserved 1048576K
}
{Heap before GC invocations=12 (full 0):
 PSYoungGen      total 285696K, used 250254K [0x00000000eab00000, 0x0000000100000000, 0x0000000100000000)
  eden space 222720K, 100% used [0x00000000eab00000,0x00000000f8480000,0x00000000f8480000)
  from space 62976K, 43% used [0x00000000f8480000,0x00000000f9f638a0,0x00000000fc200000)
  to   space 61952K, 0% used [0x00000000fc380000,0x00000000fc380000,0x0000000100000000)
 ParOldGen       total 699392K, used 51459K [0x00000000c0000000, 0x00000000eab00000, 0x00000000eab00000)
  object space 699392K, 7% used [0x00000000c0000000,0x00000000c3240d38,0x00000000eab00000)
 Metaspace       used 81004K, capacity 82250K, committed 82816K, reserved 1122304K
  class space    used 9777K, capacity 10053K, committed 10112K, reserved 1048576K
2660.521: [GC (Allocation Failure) [PSYoungGen: 250254K->13758K(286208K)] 301713K->66670K(985600K), 0.0225665 secs] [Times: user=0.08 sys=0.00, real=0.02 secs] 
Heap after GC invocations=12 (full 0):
 PSYoungGen      total 286208K, used 13758K [0x00000000eab00000, 0x0000000100000000, 0x0000000100000000)
  eden space 224256K, 0% used [0x00000000eab00000,0x00000000eab00000,0x00000000f8600000)
  from space 61952K, 22% used [0x00000000fc380000,0x00000000fd0efba0,0x0000000100000000)
  to   space 62464K, 0% used [0x00000000f8600000,0x00000000f8600000,0x00000000fc300000)
 ParOldGen       total 699392K, used 52911K [0x00000000c0000000, 0x00000000eab00000, 0x00000000eab00000)
  object space 699392K, 7% used [0x00000000c0000000,0x00000000c33abdb8,0x00000000eab00000)
 Metaspace       used 81004K, capacity 82250K, committed 82816K, reserved 1122304K
  class space    used 9777K, capacity 10053K, committed 10112K, reserved 1048576K
}
{Heap before GC invocations=13 (full 0):
 PSYoungGen      total 286208K, used 238014K [0x00000000eab00000, 0x0000000100000000, 0x0000000100000000)
  eden space 224256K, 100% used [0x00000000eab00000,0x00000000f8600000,0x00000000f8600000)
  from space 61952K, 22% used [0x00000000fc380000,0x00000000fd0efba0,0x0000000100000000)
  to   space 62464K, 0% used [0x00000000f8600000,0x00000000f8600000,0x00000000fc300000)
 ParOldGen       total 699392K, used 52911K [0x00000000c0000000, 0x00000000eab00000, 0x00000000eab00000)
  object space 699392K, 7% used [0x00000000c0000000,0x00000000c33abdb8,0x00000000eab00000)
 Metaspace       used 84821K, capacity 86278K, committed 86912K, reserved 1126400K
  class space    used 10180K, capacity 10499K, committed 10624K, reserved 1048576K
2834.232: [GC (Allocation Failure) [PSYoungGen: 238014K->13011K(237568K)] 290926K->68898K(936960K), 0.0152349 secs] [Times: user=0.04 sys=0.00, real=0.01 secs] 
Heap after GC invocations=13 (full 0):
 PSYoungGen      total 237568K, used 13011K [0x00000000eab00000, 0x0000000100000000, 0x0000000100000000)
  eden space 224256K, 0% used [0x00000000eab00000,0x00000000eab00000,0x00000000f8600000)
  from space 13312K, 97% used [0x00000000f8600000,0x00000000f92b4c38,0x00000000f9300000)
  to   space 62976K, 0% used [0x00000000fc280000,0x00000000fc280000,0x0000000100000000)
 ParOldGen       total 699392K, used 55887K [0x00000000c0000000, 0x00000000eab00000, 0x00000000eab00000)
  object space 699392K, 7% used [0x00000000c0000000,0x00000000c3693dc8,0x00000000eab00000)
 Metaspace       used 84821K, capacity 86278K, committed 86912K, reserved 1126400K
  class space    used 10180K, capacity 10499K, committed 10624K, reserved 1048576K
}
{Heap before GC invocations=14 (full 0):
 PSYoungGen      total 237568K, used 237267K [0x00000000eab00000, 0x0000000100000000, 0x0000000100000000)
  eden space 224256K, 100% used [0x00000000eab00000,0x00000000f8600000,0x00000000f8600000)
  from space 13312K, 97% used [0x00000000f8600000,0x00000000f92b4c38,0x00000000f9300000)
  to   space 62976K, 0% used [0x00000000fc280000,0x00000000fc280000,0x0000000100000000)
 ParOldGen       total 699392K, used 55887K [0x00000000c0000000, 0x00000000eab00000, 0x00000000eab00000)
  object space 699392K, 7% used [0x00000000c0000000,0x00000000c3693dc8,0x00000000eab00000)
 Metaspace       used 84832K, capacity 86292K, committed 86912K, reserved 1126400K
  class space    used 10182K, capacity 10501K, committed 10624K, reserved 1048576K
2834.661: [GC (Allocation Failure) [PSYoungGen: 237267K->34209K(288256K)] 293154K->92902K(987648K), 0.0186621 secs] [Times: user=0.04 sys=0.00, real=0.02 secs] 
Heap after GC invocations=14 (full 0):
 PSYoungGen      total 288256K, used 34209K [0x00000000eab00000, 0x0000000100000000, 0x0000000100000000)
  eden space 225280K, 0% used [0x00000000eab00000,0x00000000eab00000,0x00000000f8700000)
  from space 62976K, 54% used [0x00000000fc280000,0x00000000fe3e8670,0x0000000100000000)
  to   space 60928K, 0% used [0x00000000f8700000,0x00000000f8700000,0x00000000fc280000)
 ParOldGen       total 699392K, used 58693K [0x00000000c0000000, 0x00000000eab00000, 0x00000000eab00000)
  object space 699392K, 8% used [0x00000000c0000000,0x00000000c3951518,0x00000000eab00000)
 Metaspace       used 84832K, capacity 86292K, committed 86912K, reserved 1126400K
  class space    used 10182K, capacity 10501K, committed 10624K, reserved 1048576K
}
{Heap before GC invocations=15 (full 0):
 PSYoungGen      total 288256K, used 259489K [0x00000000eab00000, 0x0000000100000000, 0x0000000100000000)
  eden space 225280K, 100% used [0x00000000eab00000,0x00000000f8700000,0x00000000f8700000)
  from space 62976K, 54% used [0x00000000fc280000,0x00000000fe3e8670,0x0000000100000000)
  to   space 60928K, 0% used [0x00000000f8700000,0x00000000f8700000,0x00000000fc280000)
 ParOldGen       total 699392K, used 58693K [0x00000000c0000000, 0x00000000eab00000, 0x00000000eab00000)
  object space 699392K, 8% used [0x00000000c0000000,0x00000000c3951518,0x00000000eab00000)
 Metaspace       used 92695K, capacity 94198K, committed 94592K, reserved 1132544K
  class space    used 11248K, capacity 11598K, committed 11648K, reserved 1048576K
2835.900: [GC (Allocation Failure) [PSYoungGen: 259489K->14362K(286208K)] 318182K->73505K(985600K), 0.0124982 secs] [Times: user=0.04 sys=0.00, real=0.01 secs] 
Heap after GC invocations=15 (full 0):
 PSYoungGen      total 286208K, used 14362K [0x00000000eab00000, 0x0000000100000000, 0x0000000100000000)
  eden space 225280K, 0% used [0x00000000eab00000,0x00000000eab00000,0x00000000f8700000)
  from space 60928K, 23% used [0x00000000f8700000,0x00000000f9506988,0x00000000fc280000)
  to   space 60928K, 0% used [0x00000000fc480000,0x00000000fc480000,0x0000000100000000)
 ParOldGen       total 699392K, used 59143K [0x00000000c0000000, 0x00000000eab00000, 0x00000000eab00000)
  object space 699392K, 8% used [0x00000000c0000000,0x00000000c39c1c18,0x00000000eab00000)
 Metaspace       used 92695K, capacity 94198K, committed 94592K, reserved 1132544K
  class space    used 11248K, capacity 11598K, committed 11648K, reserved 1048576K
}
{Heap before GC invocations=16 (full 0):
 PSYoungGen      total 286208K, used 239642K [0x00000000eab00000, 0x0000000100000000, 0x0000000100000000)
  eden space 225280K, 100% used [0x00000000eab00000,0x00000000f8700000,0x00000000f8700000)
  from space 60928K, 23% used [0x00000000f8700000,0x00000000f9506988,0x00000000fc280000)
  to   space 60928K, 0% used [0x00000000fc480000,0x00000000fc480000,0x0000000100000000)
 ParOldGen       total 699392K, used 59143K [0x00000000c0000000, 0x00000000eab00000, 0x00000000eab00000)
  object space 699392K, 8% used [0x00000000c0000000,0x00000000c39c1c18,0x00000000eab00000)
 Metaspace       used 99736K, capacity 101510K, committed 102016K, reserved 1138688K
  class space    used 12039K, capacity 12382K, committed 12416K, reserved 1048576K
2846.137: [GC (Allocation Failure) [PSYoungGen: 239642K->11173K(288256K)] 298785K->74319K(987648K), 0.0291166 secs] [Times: user=0.09 sys=0.00, real=0.03 secs] 
Heap after GC invocations=16 (full 0):
 PSYoungGen      total 288256K, used 11173K [0x00000000eab00000, 0x0000000100000000, 0x0000000100000000)
  eden space 227328K, 0% used [0x00000000eab00000,0x00000000eab00000,0x00000000f8900000)
  from space 60928K, 18% used [0x00000000fc480000,0x00000000fcf697c0,0x0000000100000000)
  to   space 60928K, 0% used [0x00000000f8900000,0x00000000f8900000,0x00000000fc480000)
 ParOldGen       total 699392K, used 63145K [0x00000000c0000000, 0x00000000eab00000, 0x00000000eab00000)
  object space 699392K, 9% used [0x00000000c0000000,0x00000000c3daa7a8,0x00000000eab00000)
 Metaspace       used 99736K, capacity 101510K, committed 102016K, reserved 1138688K
  class space    used 12039K, capacity 12382K, committed 12416K, reserved 1048576K
}
{Heap before GC invocations=17 (full 0):
 PSYoungGen      total 288256K, used 238501K [0x00000000eab00000, 0x0000000100000000, 0x0000000100000000)
  eden space 227328K, 100% used [0x00000000eab00000,0x00000000f8900000,0x00000000f8900000)
  from space 60928K, 18% used [0x00000000fc480000,0x00000000fcf697c0,0x0000000100000000)
  to   space 60928K, 0% used [0x00000000f8900000,0x00000000f8900000,0x00000000fc480000)
 ParOldGen       total 699392K, used 63145K [0x00000000c0000000, 0x00000000eab00000, 0x00000000eab00000)
  object space 699392K, 9% used [0x00000000c0000000,0x00000000c3daa7a8,0x00000000eab00000)
 Metaspace       used 100018K, capacity 101690K, committed 102400K, reserved 1138688K
  class space    used 12065K, capacity 12418K, committed 12544K, reserved 1048576K
2884.390: [GC (Allocation Failure) [PSYoungGen: 238501K->32248K(288256K)] 301647K->97593K(987648K), 0.0186567 secs] [Times: user=0.03 sys=0.01, real=0.02 secs] 
Heap after GC invocations=17 (full 0):
 PSYoungGen      total 288256K, used 32248K [0x00000000eab00000, 0x0000000100000000, 0x0000000100000000)
  eden space 227328K, 0% used [0x00000000eab00000,0x00000000eab00000,0x00000000f8900000)
  from space 60928K, 52% used [0x00000000f8900000,0x00000000fa87e090,0x00000000fc480000)
  to   space 59392K, 0% used [0x00000000fc600000,0x00000000fc600000,0x0000000100000000)
 ParOldGen       total 699392K, used 65345K [0x00000000c0000000, 0x00000000eab00000, 0x00000000eab00000)
  object space 699392K, 9% used [0x00000000c0000000,0x00000000c3fd0568,0x00000000eab00000)
 Metaspace       used 100018K, capacity 101690K, committed 102400K, reserved 1138688K
  class space    used 12065K, capacity 12418K, committed 12544K, reserved 1048576K
}
{Heap before GC invocations=18 (full 0):
 PSYoungGen      total 288256K, used 259576K [0x00000000eab00000, 0x0000000100000000, 0x0000000100000000)
  eden space 227328K, 100% used [0x00000000eab00000,0x00000000f8900000,0x00000000f8900000)
  from space 60928K, 52% used [0x00000000f8900000,0x00000000fa87e090,0x00000000fc480000)
  to   space 59392K, 0% used [0x00000000fc600000,0x00000000fc600000,0x0000000100000000)
 ParOldGen       total 699392K, used 65345K [0x00000000c0000000, 0x00000000eab00000, 0x00000000eab00000)
  object space 699392K, 9% used [0x00000000c0000000,0x00000000c3fd0568,0x00000000eab00000)
 Metaspace       used 105738K, capacity 107424K, committed 108032K, reserved 1144832K
  class space    used 12837K, capacity 13196K, committed 13312K, reserved 1048576K
2885.397: [GC (Allocation Failure) [PSYoungGen: 259576K->20035K(291328K)] 324921K->86544K(990720K), 0.0121003 secs] [Times: user=0.03 sys=0.00, real=0.01 secs] 
Heap after GC invocations=18 (full 0):
 PSYoungGen      total 291328K, used 20035K [0x00000000eab00000, 0x0000000100000000, 0x0000000100000000)
  eden space 231936K, 0% used [0x00000000eab00000,0x00000000eab00000,0x00000000f8d80000)
  from space 59392K, 33% used [0x00000000fc600000,0x00000000fd990e20,0x0000000100000000)
  to   space 57856K, 0% used [0x00000000f8d80000,0x00000000f8d80000,0x00000000fc600000)
 ParOldGen       total 699392K, used 66508K [0x00000000c0000000, 0x00000000eab00000, 0x00000000eab00000)
  object space 699392K, 9% used [0x00000000c0000000,0x00000000c40f32e0,0x00000000eab00000)
 Metaspace       used 105738K, capacity 107424K, committed 108032K, reserved 1144832K
  class space    used 12837K, capacity 13196K, committed 13312K, reserved 1048576K
}
{Heap before GC invocations=19 (full 0):
 PSYoungGen      total 291328K, used 251971K [0x00000000eab00000, 0x0000000100000000, 0x0000000100000000)
  eden space 231936K, 100% used [0x00000000eab00000,0x00000000f8d80000,0x00000000f8d80000)
  from space 59392K, 33% used [0x00000000fc600000,0x00000000fd990e20,0x0000000100000000)
  to   space 57856K, 0% used [0x00000000f8d80000,0x00000000f8d80000,0x00000000fc600000)
 ParOldGen       total 699392K, used 66508K [0x00000000c0000000, 0x00000000eab00000, 0x00000000eab00000)
  object space 699392K, 9% used [0x00000000c0000000,0x00000000c40f32e0,0x00000000eab00000)
 Metaspace       used 114631K, capacity 116400K, committed 116992K, reserved 1153024K
  class space    used 13901K, capacity 14260K, committed 14336K, reserved 1048576K
2889.105: [GC (Allocation Failure) [PSYoungGen: 251971K->13673K(289792K)] 318480K->83078K(989184K), 0.0289962 secs] [Times: user=0.09 sys=0.00, real=0.03 secs] 
