Java HotSpot(TM) 64-Bit Server VM (25.121-b13) for linux-amd64 JRE (1.8.0_121-b13), built on Dec 12 2016 16:36:53 by "java_re" with gcc 4.3.0 20080428 (Red Hat 4.3.0-8)
Memory: 4k page, physical 8035332k(3622740k free), swap 3999740k(3999740k free)
CommandLine flags: -XX:+HeapDumpOnOutOfMemoryError -XX:HeapDumpPath=../../../instances/tomcat8/logs/tomcat8_java_pid_20170814095520.hprof -XX:InitialHeapSize=1073741824 -XX:+ManagementServer -XX:MaxHeapSize=1073741824 -XX:MaxMetaspaceSize=134217728 -XX:MetaspaceSize=134217728 -XX:+PrintGC -XX:+PrintGCDetails -XX:+PrintGCTimeStamps -XX:+PrintHeapAtGC -XX:+UseCompressedClassPointers -XX:+UseCompressedOops -XX:+UseParallelGC -XX:+UseParallelOldGC 
{Heap before GC invocations=1 (full 0):
 PSYoungGen      total 305664K, used 262144K [0x00000000eab00000, 0x0000000100000000, 0x0000000100000000)
  eden space 262144K, 100% used [0x00000000eab00000,0x00000000fab00000,0x00000000fab00000)
  from space 43520K, 0% used [0x00000000fd580000,0x00000000fd580000,0x0000000100000000)
  to   space 43520K, 0% used [0x00000000fab00000,0x00000000fab00000,0x00000000fd580000)
 ParOldGen       total 699392K, used 0K [0x00000000c0000000, 0x00000000eab00000, 0x00000000eab00000)
  object space 699392K, 0% used [0x00000000c0000000,0x00000000c0000000,0x00000000eab00000)
 Metaspace       used 16689K, capacity 17016K, committed 17152K, reserved 1064960K
  class space    used 1892K, capacity 2030K, committed 2048K, reserved 1048576K
2.225: [GC (Allocation Failure) [PSYoungGen: 262144K->39288K(305664K)] 262144K->39368K(1005056K), 0.0374388 secs] [Times: user=0.10 sys=0.01, real=0.04 secs] 
Heap after GC invocations=1 (full 0):
 PSYoungGen      total 305664K, used 39288K [0x00000000eab00000, 0x0000000100000000, 0x0000000100000000)
  eden space 262144K, 0% used [0x00000000eab00000,0x00000000eab00000,0x00000000fab00000)
  from space 43520K, 90% used [0x00000000fab00000,0x00000000fd15e300,0x00000000fd580000)
  to   space 43520K, 0% used [0x00000000fd580000,0x00000000fd580000,0x0000000100000000)
 ParOldGen       total 699392K, used 80K [0x00000000c0000000, 0x00000000eab00000, 0x00000000eab00000)
  object space 699392K, 0% used [0x00000000c0000000,0x00000000c0014010,0x00000000eab00000)
 Metaspace       used 16689K, capacity 17016K, committed 17152K, reserved 1064960K
  class space    used 1892K, capacity 2030K, committed 2048K, reserved 1048576K
}
{Heap before GC invocations=2 (full 0):
 PSYoungGen      total 305664K, used 301432K [0x00000000eab00000, 0x0000000100000000, 0x0000000100000000)
  eden space 262144K, 100% used [0x00000000eab00000,0x00000000fab00000,0x00000000fab00000)
  from space 43520K, 90% used [0x00000000fab00000,0x00000000fd15e300,0x00000000fd580000)
  to   space 43520K, 0% used [0x00000000fd580000,0x00000000fd580000,0x0000000100000000)
 ParOldGen       total 699392K, used 80K [0x00000000c0000000, 0x00000000eab00000, 0x00000000eab00000)
  object space 699392K, 0% used [0x00000000c0000000,0x00000000c0014010,0x00000000eab00000)
 Metaspace       used 30805K, capacity 31280K, committed 31488K, reserved 1077248K
  class space    used 3681K, capacity 3838K, committed 3840K, reserved 1048576K
5.356: [GC (Allocation Failure) [PSYoungGen: 301432K->29384K(305664K)] 301512K->29488K(1005056K), 0.0293332 secs] [Times: user=0.07 sys=0.00, real=0.03 secs] 
Heap after GC invocations=2 (full 0):
 PSYoungGen      total 305664K, used 29384K [0x00000000eab00000, 0x0000000100000000, 0x0000000100000000)
  eden space 262144K, 0% used [0x00000000eab00000,0x00000000eab00000,0x00000000fab00000)
  from space 43520K, 67% used [0x00000000fd580000,0x00000000ff232230,0x0000000100000000)
  to   space 43520K, 0% used [0x00000000fab00000,0x00000000fab00000,0x00000000fd580000)
 ParOldGen       total 699392K, used 104K [0x00000000c0000000, 0x00000000eab00000, 0x00000000eab00000)
  object space 699392K, 0% used [0x00000000c0000000,0x00000000c001a010,0x00000000eab00000)
 Metaspace       used 30805K, capacity 31280K, committed 31488K, reserved 1077248K
  class space    used 3681K, capacity 3838K, committed 3840K, reserved 1048576K
}
{Heap before GC invocations=3 (full 0):
 PSYoungGen      total 305664K, used 291528K [0x00000000eab00000, 0x0000000100000000, 0x0000000100000000)
  eden space 262144K, 100% used [0x00000000eab00000,0x00000000fab00000,0x00000000fab00000)
  from space 43520K, 67% used [0x00000000fd580000,0x00000000ff232230,0x0000000100000000)
  to   space 43520K, 0% used [0x00000000fab00000,0x00000000fab00000,0x00000000fd580000)
 ParOldGen       total 699392K, used 104K [0x00000000c0000000, 0x00000000eab00000, 0x00000000eab00000)
  object space 699392K, 0% used [0x00000000c0000000,0x00000000c001a010,0x00000000eab00000)
 Metaspace       used 34719K, capacity 35246K, committed 35584K, reserved 1081344K
  class space    used 4160K, capacity 4334K, committed 4352K, reserved 1048576K
463.675: [GC (Allocation Failure) [PSYoungGen: 291528K->36151K(305664K)] 291632K->36271K(1005056K), 0.0861771 secs] [Times: user=0.19 sys=0.00, real=0.09 secs] 
Heap after GC invocations=3 (full 0):
 PSYoungGen      total 305664K, used 36151K [0x00000000eab00000, 0x0000000100000000, 0x0000000100000000)
  eden space 262144K, 0% used [0x00000000eab00000,0x00000000eab00000,0x00000000fab00000)
  from space 43520K, 83% used [0x00000000fab00000,0x00000000fce4dd78,0x00000000fd580000)
  to   space 43520K, 0% used [0x00000000fd580000,0x00000000fd580000,0x0000000100000000)
 ParOldGen       total 699392K, used 120K [0x00000000c0000000, 0x00000000eab00000, 0x00000000eab00000)
  object space 699392K, 0% used [0x00000000c0000000,0x00000000c001e010,0x00000000eab00000)
 Metaspace       used 34719K, capacity 35246K, committed 35584K, reserved 1081344K
  class space    used 4160K, capacity 4334K, committed 4352K, reserved 1048576K
}
{Heap before GC invocations=4 (full 0):
 PSYoungGen      total 305664K, used 298295K [0x00000000eab00000, 0x0000000100000000, 0x0000000100000000)
  eden space 262144K, 100% used [0x00000000eab00000,0x00000000fab00000,0x00000000fab00000)
  from space 43520K, 83% used [0x00000000fab00000,0x00000000fce4dd78,0x00000000fd580000)
  to   space 43520K, 0% used [0x00000000fd580000,0x00000000fd580000,0x0000000100000000)
 ParOldGen       total 699392K, used 120K [0x00000000c0000000, 0x00000000eab00000, 0x00000000eab00000)
  object space 699392K, 0% used [0x00000000c0000000,0x00000000c001e010,0x00000000eab00000)
 Metaspace       used 41533K, capacity 42176K, committed 42624K, reserved 1087488K
  class space    used 5064K, capacity 5247K, committed 5248K, reserved 1048576K
466.863: [GC (Allocation Failure) [PSYoungGen: 298295K->42925K(305664K)] 298415K->43053K(1005056K), 0.0499392 secs] [Times: user=0.13 sys=0.00, real=0.05 secs] 
Heap after GC invocations=4 (full 0):
 PSYoungGen      total 305664K, used 42925K [0x00000000eab00000, 0x0000000100000000, 0x0000000100000000)
  eden space 262144K, 0% used [0x00000000eab00000,0x00000000eab00000,0x00000000fab00000)
  from space 43520K, 98% used [0x00000000fd580000,0x00000000fff6b620,0x0000000100000000)
  to   space 43520K, 0% used [0x00000000fab00000,0x00000000fab00000,0x00000000fd580000)
 ParOldGen       total 699392K, used 128K [0x00000000c0000000, 0x00000000eab00000, 0x00000000eab00000)
  object space 699392K, 0% used [0x00000000c0000000,0x00000000c0020010,0x00000000eab00000)
 Metaspace       used 41533K, capacity 42176K, committed 42624K, reserved 1087488K
  class space    used 5064K, capacity 5247K, committed 5248K, reserved 1048576K
}
{Heap before GC invocations=5 (full 0):
 PSYoungGen      total 305664K, used 305069K [0x00000000eab00000, 0x0000000100000000, 0x0000000100000000)
  eden space 262144K, 100% used [0x00000000eab00000,0x00000000fab00000,0x00000000fab00000)
  from space 43520K, 98% used [0x00000000fd580000,0x00000000fff6b620,0x0000000100000000)
  to   space 43520K, 0% used [0x00000000fab00000,0x00000000fab00000,0x00000000fd580000)
 ParOldGen       total 699392K, used 128K [0x00000000c0000000, 0x00000000eab00000, 0x00000000eab00000)
  object space 699392K, 0% used [0x00000000c0000000,0x00000000c0020010,0x00000000eab00000)
 Metaspace       used 51322K, capacity 51962K, committed 52352K, reserved 1095680K
  class space    used 6062K, capacity 6216K, committed 6272K, reserved 1048576K
792.199: [GC (Allocation Failure) [PSYoungGen: 305069K->39040K(301568K)] 305197K->39176K(1000960K), 0.0330312 secs] [Times: user=0.10 sys=0.01, real=0.04 secs] 
Heap after GC invocations=5 (full 0):
 PSYoungGen      total 301568K, used 39040K [0x00000000eab00000, 0x0000000100000000, 0x0000000100000000)
  eden space 262144K, 0% used [0x00000000eab00000,0x00000000eab00000,0x00000000fab00000)
  from space 39424K, 99% used [0x00000000fab00000,0x00000000fd120020,0x00000000fd180000)
  to   space 46080K, 0% used [0x00000000fd300000,0x00000000fd300000,0x0000000100000000)
 ParOldGen       total 699392K, used 136K [0x00000000c0000000, 0x00000000eab00000, 0x00000000eab00000)
  object space 699392K, 0% used [0x00000000c0000000,0x00000000c0022010,0x00000000eab00000)
 Metaspace       used 51322K, capacity 51962K, committed 52352K, reserved 1095680K
  class space    used 6062K, capacity 6216K, committed 6272K, reserved 1048576K
}
{Heap before GC invocations=6 (full 0):
 PSYoungGen      total 301568K, used 301184K [0x00000000eab00000, 0x0000000100000000, 0x0000000100000000)
  eden space 262144K, 100% used [0x00000000eab00000,0x00000000fab00000,0x00000000fab00000)
  from space 39424K, 99% used [0x00000000fab00000,0x00000000fd120020,0x00000000fd180000)
  to   space 46080K, 0% used [0x00000000fd300000,0x00000000fd300000,0x0000000100000000)
 ParOldGen       total 699392K, used 136K [0x00000000c0000000, 0x00000000eab00000, 0x00000000eab00000)
  object space 699392K, 0% used [0x00000000c0000000,0x00000000c0022010,0x00000000eab00000)
 Metaspace       used 56113K, capacity 56800K, committed 57344K, reserved 1099776K
  class space    used 6700K, capacity 6866K, committed 6912K, reserved 1048576K
794.021: [GC (Allocation Failure) [PSYoungGen: 301184K->46056K(291840K)] 301320K->50412K(991232K), 0.0436007 secs] [Times: user=0.11 sys=0.00, real=0.04 secs] 
Heap after GC invocations=6 (full 0):
 PSYoungGen      total 291840K, used 46056K [0x00000000eab00000, 0x0000000100000000, 0x0000000100000000)
  eden space 245760K, 0% used [0x00000000eab00000,0x00000000eab00000,0x00000000f9b00000)
  from space 46080K, 99% used [0x00000000fd300000,0x00000000ffffa178,0x0000000100000000)
  to   space 51712K, 0% used [0x00000000f9b00000,0x00000000f9b00000,0x00000000fcd80000)
 ParOldGen       total 699392K, used 4355K [0x00000000c0000000, 0x00000000eab00000, 0x00000000eab00000)
  object space 699392K, 0% used [0x00000000c0000000,0x00000000c0440fc0,0x00000000eab00000)
 Metaspace       used 56113K, capacity 56800K, committed 57344K, reserved 1099776K
  class space    used 6700K, capacity 6866K, committed 6912K, reserved 1048576K
}
{Heap before GC invocations=7 (full 0):
 PSYoungGen      total 291840K, used 291816K [0x00000000eab00000, 0x0000000100000000, 0x0000000100000000)
  eden space 245760K, 100% used [0x00000000eab00000,0x00000000f9b00000,0x00000000f9b00000)
  from space 46080K, 99% used [0x00000000fd300000,0x00000000ffffa178,0x0000000100000000)
  to   space 51712K, 0% used [0x00000000f9b00000,0x00000000f9b00000,0x00000000fcd80000)
 ParOldGen       total 699392K, used 4355K [0x00000000c0000000, 0x00000000eab00000, 0x00000000eab00000)
  object space 699392K, 0% used [0x00000000c0000000,0x00000000c0440fc0,0x00000000eab00000)
 Metaspace       used 62014K, capacity 62768K, committed 63232K, reserved 1105920K
  class space    used 7483K, capacity 7676K, committed 7680K, reserved 1048576K
977.997: [GC (Allocation Failure) [PSYoungGen: 291816K->24500K(270336K)] 296172K->42443K(969728K), 0.0493770 secs] [Times: user=0.12 sys=0.00, real=0.05 secs] 
Heap after GC invocations=7 (full 0):
 PSYoungGen      total 270336K, used 24500K [0x00000000eab00000, 0x0000000100000000, 0x0000000100000000)
  eden space 245760K, 0% used [0x00000000eab00000,0x00000000eab00000,0x00000000f9b00000)
  from space 24576K, 99% used [0x00000000f9b00000,0x00000000fb2ed098,0x00000000fb300000)
  to   space 53248K, 0% used [0x00000000fcc00000,0x00000000fcc00000,0x0000000100000000)
 ParOldGen       total 699392K, used 17943K [0x00000000c0000000, 0x00000000eab00000, 0x00000000eab00000)
  object space 699392K, 2% used [0x00000000c0000000,0x00000000c1185c88,0x00000000eab00000)
 Metaspace       used 62014K, capacity 62768K, committed 63232K, reserved 1105920K
  class space    used 7483K, capacity 7676K, committed 7680K, reserved 1048576K
}
{Heap before GC invocations=8 (full 0):
 PSYoungGen      total 270336K, used 270260K [0x00000000eab00000, 0x0000000100000000, 0x0000000100000000)
  eden space 245760K, 100% used [0x00000000eab00000,0x00000000f9b00000,0x00000000f9b00000)
  from space 24576K, 99% used [0x00000000f9b00000,0x00000000fb2ed098,0x00000000fb300000)
  to   space 53248K, 0% used [0x00000000fcc00000,0x00000000fcc00000,0x0000000100000000)
 ParOldGen       total 699392K, used 17943K [0x00000000c0000000, 0x00000000eab00000, 0x00000000eab00000)
  object space 699392K, 2% used [0x00000000c0000000,0x00000000c1185c88,0x00000000eab00000)
 Metaspace       used 66615K, capacity 67374K, committed 67968K, reserved 1110016K
  class space    used 8097K, capacity 8292K, committed 8320K, reserved 1048576K
979.239: [GC (Allocation Failure) [PSYoungGen: 270260K->36866K(297472K)] 288203K->59336K(996864K), 0.0426751 secs] [Times: user=0.08 sys=0.00, real=0.05 secs] 
Heap after GC invocations=8 (full 0):
 PSYoungGen      total 297472K, used 36866K [0x00000000eab00000, 0x0000000100000000, 0x0000000100000000)
  eden space 244224K, 0% used [0x00000000eab00000,0x00000000eab00000,0x00000000f9980000)
  from space 53248K, 69% used [0x00000000fcc00000,0x00000000ff000aa0,0x0000000100000000)
  to   space 51712K, 0% used [0x00000000f9980000,0x00000000f9980000,0x00000000fcc00000)
 ParOldGen       total 699392K, used 22469K [0x00000000c0000000, 0x00000000eab00000, 0x00000000eab00000)
  object space 699392K, 3% used [0x00000000c0000000,0x00000000c15f15c0,0x00000000eab00000)
 Metaspace       used 66615K, capacity 67374K, committed 67968K, reserved 1110016K
  class space    used 8097K, capacity 8292K, committed 8320K, reserved 1048576K
}
{Heap before GC invocations=9 (full 0):
 PSYoungGen      total 297472K, used 281090K [0x00000000eab00000, 0x0000000100000000, 0x0000000100000000)
  eden space 244224K, 100% used [0x00000000eab00000,0x00000000f9980000,0x00000000f9980000)
  from space 53248K, 69% used [0x00000000fcc00000,0x00000000ff000aa0,0x0000000100000000)
  to   space 51712K, 0% used [0x00000000f9980000,0x00000000f9980000,0x00000000fcc00000)
 ParOldGen       total 699392K, used 22469K [0x00000000c0000000, 0x00000000eab00000, 0x00000000eab00000)
  object space 699392K, 3% used [0x00000000c0000000,0x00000000c15f15c0,0x00000000eab00000)
 Metaspace       used 72684K, capacity 73596K, committed 74240K, reserved 1114112K
  class space    used 8905K, capacity 9101K, committed 9216K, reserved 1048576K
1142.194: [GC (Allocation Failure) [PSYoungGen: 281090K->18887K(295936K)] 303560K->45043K(995328K), 0.0307006 secs] [Times: user=0.07 sys=0.01, real=0.03 secs] 
Heap after GC invocations=9 (full 0):
 PSYoungGen      total 295936K, used 18887K [0x00000000eab00000, 0x0000000100000000, 0x0000000100000000)
  eden space 244224K, 0% used [0x00000000eab00000,0x00000000eab00000,0x00000000f9980000)
  from space 51712K, 36% used [0x00000000f9980000,0x00000000fabf1d60,0x00000000fcc00000)
  to   space 53248K, 0% used [0x00000000fcc00000,0x00000000fcc00000,0x0000000100000000)
 ParOldGen       total 699392K, used 26156K [0x00000000c0000000, 0x00000000eab00000, 0x00000000eab00000)
  object space 699392K, 3% used [0x00000000c0000000,0x00000000c198b220,0x00000000eab00000)
 Metaspace       used 72684K, capacity 73596K, committed 74240K, reserved 1114112K
  class space    used 8905K, capacity 9101K, committed 9216K, reserved 1048576K
}
{Heap before GC invocations=10 (full 0):
 PSYoungGen      total 295936K, used 263111K [0x00000000eab00000, 0x0000000100000000, 0x0000000100000000)
  eden space 244224K, 100% used [0x00000000eab00000,0x00000000f9980000,0x00000000f9980000)
  from space 51712K, 36% used [0x00000000f9980000,0x00000000fabf1d60,0x00000000fcc00000)
  to   space 53248K, 0% used [0x00000000fcc00000,0x00000000fcc00000,0x0000000100000000)
 ParOldGen       total 699392K, used 26156K [0x00000000c0000000, 0x00000000eab00000, 0x00000000eab00000)
  object space 699392K, 3% used [0x00000000c0000000,0x00000000c198b220,0x00000000eab00000)
 Metaspace       used 76319K, capacity 77264K, committed 77824K, reserved 1118208K
  class space    used 9398K, capacity 9620K, committed 9728K, reserved 1048576K
1143.586: [GC (Allocation Failure) [PSYoungGen: 263111K->32689K(296960K)] 289267K->62322K(996352K), 0.0522003 secs] [Times: user=0.09 sys=0.00, real=0.05 secs] 
Heap after GC invocations=10 (full 0):
 PSYoungGen      total 296960K, used 32689K [0x00000000eab00000, 0x0000000100000000, 0x0000000100000000)
  eden space 243712K, 0% used [0x00000000eab00000,0x00000000eab00000,0x00000000f9900000)
  from space 53248K, 61% used [0x00000000fcc00000,0x00000000febec590,0x0000000100000000)
  to   space 52224K, 0% used [0x00000000f9900000,0x00000000f9900000,0x00000000fcc00000)
 ParOldGen       total 699392K, used 29632K [0x00000000c0000000, 0x00000000eab00000, 0x00000000eab00000)
  object space 699392K, 4% used [0x00000000c0000000,0x00000000c1cf0338,0x00000000eab00000)
 Metaspace       used 76319K, capacity 77264K, committed 77824K, reserved 1118208K
  class space    used 9398K, capacity 9620K, committed 9728K, reserved 1048576K
}
{Heap before GC invocations=11 (full 0):
 PSYoungGen      total 296960K, used 276401K [0x00000000eab00000, 0x0000000100000000, 0x0000000100000000)
  eden space 243712K, 100% used [0x00000000eab00000,0x00000000f9900000,0x00000000f9900000)
  from space 53248K, 61% used [0x00000000fcc00000,0x00000000febec590,0x0000000100000000)
  to   space 52224K, 0% used [0x00000000f9900000,0x00000000f9900000,0x00000000fcc00000)
 ParOldGen       total 699392K, used 29632K [0x00000000c0000000, 0x00000000eab00000, 0x00000000eab00000)
  object space 699392K, 4% used [0x00000000c0000000,0x00000000c1cf0338,0x00000000eab00000)
 Metaspace       used 83198K, capacity 84244K, committed 84864K, reserved 1124352K
  class space    used 10326K, capacity 10529K, committed 10624K, reserved 1048576K
1252.315: [GC (Allocation Failure) [PSYoungGen: 276401K->15070K(259072K)] 306034K->48151K(958464K), 0.0138284 secs] [Times: user=0.03 sys=0.00, real=0.01 secs] 
Heap after GC invocations=11 (full 0):
 PSYoungGen      total 259072K, used 15070K [0x00000000eab00000, 0x0000000100000000, 0x0000000100000000)
  eden space 243712K, 0% used [0x00000000eab00000,0x00000000eab00000,0x00000000f9900000)
  from space 15360K, 98% used [0x00000000f9900000,0x00000000fa7b7a80,0x00000000fa800000)
  to   space 53760K, 0% used [0x00000000fcb80000,0x00000000fcb80000,0x0000000100000000)
 ParOldGen       total 699392K, used 33081K [0x00000000c0000000, 0x00000000eab00000, 0x00000000eab00000)
  object space 699392K, 4% used [0x00000000c0000000,0x00000000c204e430,0x00000000eab00000)
 Metaspace       used 83198K, capacity 84244K, committed 84864K, reserved 1124352K
  class space    used 10326K, capacity 10529K, committed 10624K, reserved 1048576K
}
{Heap before GC invocations=12 (full 0):
 PSYoungGen      total 259072K, used 258782K [0x00000000eab00000, 0x0000000100000000, 0x0000000100000000)
  eden space 243712K, 100% used [0x00000000eab00000,0x00000000f9900000,0x00000000f9900000)
  from space 15360K, 98% used [0x00000000f9900000,0x00000000fa7b7a80,0x00000000fa800000)
  to   space 53760K, 0% used [0x00000000fcb80000,0x00000000fcb80000,0x0000000100000000)
 ParOldGen       total 699392K, used 33081K [0x00000000c0000000, 0x00000000eab00000, 0x00000000eab00000)
  object space 699392K, 4% used [0x00000000c0000000,0x00000000c204e430,0x00000000eab00000)
 Metaspace       used 86059K, capacity 87114K, committed 87808K, reserved 1126400K
  class space    used 10733K, capacity 10952K, committed 11008K, reserved 1048576K
1253.432: [GC (Allocation Failure) [PSYoungGen: 258782K->30402K(296960K)] 291863K->66885K(996352K), 0.0481043 secs] [Times: user=0.10 sys=0.01, real=0.05 secs] 
Heap after GC invocations=12 (full 0):
 PSYoungGen      total 296960K, used 30402K [0x00000000eab00000, 0x0000000100000000, 0x0000000100000000)
  eden space 243200K, 0% used [0x00000000eab00000,0x00000000eab00000,0x00000000f9880000)
  from space 53760K, 56% used [0x00000000fcb80000,0x00000000fe930928,0x0000000100000000)
  to   space 52224K, 0% used [0x00000000f9880000,0x00000000f9880000,0x00000000fcb80000)
 ParOldGen       total 699392K, used 36483K [0x00000000c0000000, 0x00000000eab00000, 0x00000000eab00000)
  object space 699392K, 5% used [0x00000000c0000000,0x00000000c23a0e50,0x00000000eab00000)
 Metaspace       used 86059K, capacity 87114K, committed 87808K, reserved 1126400K
  class space    used 10733K, capacity 10952K, committed 11008K, reserved 1048576K
}
{Heap before GC invocations=13 (full 0):
 PSYoungGen      total 296960K, used 273602K [0x00000000eab00000, 0x0000000100000000, 0x0000000100000000)
  eden space 243200K, 100% used [0x00000000eab00000,0x00000000f9880000,0x00000000f9880000)
  from space 53760K, 56% used [0x00000000fcb80000,0x00000000fe930928,0x0000000100000000)
  to   space 52224K, 0% used [0x00000000f9880000,0x00000000f9880000,0x00000000fcb80000)
 ParOldGen       total 699392K, used 36483K [0x00000000c0000000, 0x00000000eab00000, 0x00000000eab00000)
  object space 699392K, 5% used [0x00000000c0000000,0x00000000c23a0e50,0x00000000eab00000)
 Metaspace       used 93831K, capacity 94992K, committed 95744K, reserved 1132544K
  class space    used 11769K, capacity 11990K, committed 12032K, reserved 1048576K
1762.326: [GC (Allocation Failure) [PSYoungGen: 273602K->14610K(295424K)] 310085K->51662K(994816K), 0.0155338 secs] [Times: user=0.02 sys=0.02, real=0.02 secs] 
Heap after GC invocations=13 (full 0):
 PSYoungGen      total 295424K, used 14610K [0x00000000eab00000, 0x0000000100000000, 0x0000000100000000)
  eden space 243200K, 0% used [0x00000000eab00000,0x00000000eab00000,0x00000000f9880000)
  from space 52224K, 27% used [0x00000000f9880000,0x00000000fa6c4a18,0x00000000fcb80000)
  to   space 53248K, 0% used [0x00000000fcc00000,0x00000000fcc00000,0x0000000100000000)
 ParOldGen       total 699392K, used 37051K [0x00000000c0000000, 0x00000000eab00000, 0x00000000eab00000)
  object space 699392K, 5% used [0x00000000c0000000,0x00000000c242ee70,0x00000000eab00000)
 Metaspace       used 93831K, capacity 94992K, committed 95744K, reserved 1132544K
  class space    used 11769K, capacity 11990K, committed 12032K, reserved 1048576K
}
{Heap before GC invocations=14 (full 0):
 PSYoungGen      total 295424K, used 257810K [0x00000000eab00000, 0x0000000100000000, 0x0000000100000000)
  eden space 243200K, 100% used [0x00000000eab00000,0x00000000f9880000,0x00000000f9880000)
  from space 52224K, 27% used [0x00000000f9880000,0x00000000fa6c4a18,0x00000000fcb80000)
  to   space 53248K, 0% used [0x00000000fcc00000,0x00000000fcc00000,0x0000000100000000)
 ParOldGen       total 699392K, used 37051K [0x00000000c0000000, 0x00000000eab00000, 0x00000000eab00000)
  object space 699392K, 5% used [0x00000000c0000000,0x00000000c242ee70,0x00000000eab00000)
 Metaspace       used 96163K, capacity 97342K, committed 98176K, reserved 1134592K
  class space    used 12096K, capacity 12347K, committed 12416K, reserved 1048576K
1763.023: [GC (Allocation Failure) [PSYoungGen: 257810K->30444K(297984K)] 294862K->71159K(997376K), 0.0324056 secs] [Times: user=0.04 sys=0.01, real=0.03 secs] 
Heap after GC invocations=14 (full 0):
 PSYoungGen      total 297984K, used 30444K [0x00000000eab00000, 0x0000000100000000, 0x0000000100000000)
  eden space 244736K, 0% used [0x00000000eab00000,0x00000000eab00000,0x00000000f9a00000)
  from space 53248K, 57% used [0x00000000fcc00000,0x00000000fe9bb298,0x0000000100000000)
  to   space 51200K, 0% used [0x00000000f9a00000,0x00000000f9a00000,0x00000000fcc00000)
 ParOldGen       total 699392K, used 40714K [0x00000000c0000000, 0x00000000eab00000, 0x00000000eab00000)
  object space 699392K, 5% used [0x00000000c0000000,0x00000000c27c2a40,0x00000000eab00000)
 Metaspace       used 96163K, capacity 97342K, committed 98176K, reserved 1134592K
  class space    used 12096K, capacity 12347K, committed 12416K, reserved 1048576K
}
{Heap before GC invocations=15 (full 0):
 PSYoungGen      total 297984K, used 275180K [0x00000000eab00000, 0x0000000100000000, 0x0000000100000000)
  eden space 244736K, 100% used [0x00000000eab00000,0x00000000f9a00000,0x00000000f9a00000)
  from space 53248K, 57% used [0x00000000fcc00000,0x00000000fe9bb298,0x0000000100000000)
  to   space 51200K, 0% used [0x00000000f9a00000,0x00000000f9a00000,0x00000000fcc00000)
 ParOldGen       total 699392K, used 40714K [0x00000000c0000000, 0x00000000eab00000, 0x00000000eab00000)
  object space 699392K, 5% used [0x00000000c0000000,0x00000000c27c2a40,0x00000000eab00000)
 Metaspace       used 104243K, capacity 105474K, committed 106112K, reserved 1142784K
  class space    used 13187K, capacity 13410K, committed 13440K, reserved 1048576K
1977.573: [GC (Allocation Failure) [PSYoungGen: 275180K->12579K(295936K)] 315895K->53718K(995328K), 0.0136212 secs] [Times: user=0.03 sys=0.00, real=0.01 secs] 
Heap after GC invocations=15 (full 0):
 PSYoungGen      total 295936K, used 12579K [0x00000000eab00000, 0x0000000100000000, 0x0000000100000000)
  eden space 244736K, 0% used [0x00000000eab00000,0x00000000eab00000,0x00000000f9a00000)
  from space 51200K, 24% used [0x00000000f9a00000,0x00000000fa648e70,0x00000000fcc00000)
  to   space 52224K, 0% used [0x00000000fcd00000,0x00000000fcd00000,0x0000000100000000)
 ParOldGen       total 699392K, used 41138K [0x00000000c0000000, 0x00000000eab00000, 0x00000000eab00000)
  object space 699392K, 5% used [0x00000000c0000000,0x00000000c282ca60,0x00000000eab00000)
 Metaspace       used 104243K, capacity 105474K, committed 106112K, reserved 1142784K
  class space    used 13187K, capacity 13410K, committed 13440K, reserved 1048576K
}
{Heap before GC invocations=16 (full 0):
 PSYoungGen      total 295936K, used 257314K [0x00000000eab00000, 0x0000000100000000, 0x0000000100000000)
  eden space 244736K, 99% used [0x00000000eab00000,0x00000000f99ffa10,0x00000000f9a00000)
  from space 51200K, 24% used [0x00000000f9a00000,0x00000000fa648e70,0x00000000fcc00000)
  to   space 52224K, 0% used [0x00000000fcd00000,0x00000000fcd00000,0x0000000100000000)
 ParOldGen       total 699392K, used 41138K [0x00000000c0000000, 0x00000000eab00000, 0x00000000eab00000)
  object space 699392K, 5% used [0x00000000c0000000,0x00000000c282ca60,0x00000000eab00000)
 Metaspace       used 106060K, capacity 107308K, committed 108160K, reserved 1144832K
  class space    used 13446K, capacity 13677K, committed 13696K, reserved 1048576K
1979.140: [GC (Allocation Failure) [PSYoungGen: 257314K->32061K(297984K)] 298452K->76519K(997376K), 0.0306302 secs] [Times: user=0.05 sys=0.00, real=0.02 secs] 
Heap after GC invocations=16 (full 0):
 PSYoungGen      total 297984K, used 32061K [0x00000000eab00000, 0x0000000100000000, 0x0000000100000000)
  eden space 245760K, 0% used [0x00000000eab00000,0x00000000eab00000,0x00000000f9b00000)
  from space 52224K, 61% used [0x00000000fcd00000,0x00000000fec4f7c8,0x0000000100000000)
  to   space 51200K, 0% used [0x00000000f9b00000,0x00000000f9b00000,0x00000000fcd00000)
 ParOldGen       total 699392K, used 44457K [0x00000000c0000000, 0x00000000eab00000, 0x00000000eab00000)
  object space 699392K, 6% used [0x00000000c0000000,0x00000000c2b6a738,0x00000000eab00000)
 Metaspace       used 106060K, capacity 107308K, committed 108160K, reserved 1144832K
  class space    used 13446K, capacity 13677K, committed 13696K, reserved 1048576K
}
{Heap before GC invocations=17 (full 0):
 PSYoungGen      total 297984K, used 277821K [0x00000000eab00000, 0x0000000100000000, 0x0000000100000000)
  eden space 245760K, 100% used [0x00000000eab00000,0x00000000f9b00000,0x00000000f9b00000)
  from space 52224K, 61% used [0x00000000fcd00000,0x00000000fec4f7c8,0x0000000100000000)
  to   space 51200K, 0% used [0x00000000f9b00000,0x00000000f9b00000,0x00000000fcd00000)
 ParOldGen       total 699392K, used 44457K [0x00000000c0000000, 0x00000000eab00000, 0x00000000eab00000)
  object space 699392K, 6% used [0x00000000c0000000,0x00000000c2b6a738,0x00000000eab00000)
 Metaspace       used 114747K, capacity 116104K, committed 117120K, reserved 1150976K
  class space    used 14614K, capacity 14872K, committed 14976K, reserved 1048576K
2035.724: [GC (Allocation Failure) [PSYoungGen: 277821K->14165K(296960K)] 322279K->60077K(996352K), 0.0388176 secs] [Times: user=0.11 sys=0.00, real=0.04 secs] 
Heap after GC invocations=17 (full 0):
 PSYoungGen      total 296960K, used 14165K [0x00000000eab00000, 0x0000000100000000, 0x0000000100000000)
  eden space 245760K, 0% used [0x00000000eab00000,0x00000000eab00000,0x00000000f9b00000)
  from space 51200K, 27% used [0x00000000f9b00000,0x00000000fa8d57c8,0x00000000fcd00000)
  to   space 51712K, 0% used [0x00000000fcd80000,0x00000000fcd80000,0x0000000100000000)
 ParOldGen       total 699392K, used 45911K [0x00000000c0000000, 0x00000000eab00000, 0x00000000eab00000)
  object space 699392K, 6% used [0x00000000c0000000,0x00000000c2cd5cf0,0x00000000eab00000)
 Metaspace       used 114747K, capacity 116104K, committed 117120K, reserved 1150976K
  class space    used 14614K, capacity 14872K, committed 14976K, reserved 1048576K
}
{Heap before GC invocations=18 (full 0):
 PSYoungGen      total 296960K, used 259925K [0x00000000eab00000, 0x0000000100000000, 0x0000000100000000)
  eden space 245760K, 100% used [0x00000000eab00000,0x00000000f9b00000,0x00000000f9b00000)
  from space 51200K, 27% used [0x00000000f9b00000,0x00000000fa8d57c8,0x00000000fcd00000)
  to   space 51712K, 0% used [0x00000000fcd80000,0x00000000fcd80000,0x0000000100000000)
 ParOldGen       total 699392K, used 45911K [0x00000000c0000000, 0x00000000eab00000, 0x00000000eab00000)
  object space 699392K, 6% used [0x00000000c0000000,0x00000000c2cd5cf0,0x00000000eab00000)
 Metaspace       used 116247K, capacity 117700K, committed 118528K, reserved 1153024K
  class space    used 14817K, capacity 15078K, committed 15104K, reserved 1048576K
2062.343: [GC (Allocation Failure) [PSYoungGen: 259925K->32630K(297984K)] 305837K->82035K(997376K), 0.0258589 secs] [Times: user=0.05 sys=0.01, real=0.02 secs] 
Heap after GC invocations=18 (full 0):
 PSYoungGen      total 297984K, used 32630K [0x00000000eab00000, 0x0000000100000000, 0x0000000100000000)
  eden space 246272K, 0% used [0x00000000eab00000,0x00000000eab00000,0x00000000f9b80000)
  from space 51712K, 63% used [0x00000000fcd80000,0x00000000fed5d960,0x0000000100000000)
  to   space 51200K, 0% used [0x00000000f9b80000,0x00000000f9b80000,0x00000000fcd80000)
 ParOldGen       total 699392K, used 49405K [0x00000000c0000000, 0x00000000eab00000, 0x00000000eab00000)
  object space 699392K, 7% used [0x00000000c0000000,0x00000000c303f600,0x00000000eab00000)
 Metaspace       used 116247K, capacity 117700K, committed 118528K, reserved 1153024K
  class space    used 14817K, capacity 15078K, committed 15104K, reserved 1048576K
}
{Heap before GC invocations=19 (full 0):
 PSYoungGen      total 297984K, used 278801K [0x00000000eab00000, 0x0000000100000000, 0x0000000100000000)
  eden space 246272K, 99% used [0x00000000eab00000,0x00000000f9b66bc0,0x00000000f9b80000)
  from space 51712K, 63% used [0x00000000fcd80000,0x00000000fed5d960,0x0000000100000000)
  to   space 51200K, 0% used [0x00000000f9b80000,0x00000000f9b80000,0x00000000fcd80000)
 ParOldGen       total 699392K, used 49405K [0x00000000c0000000, 0x00000000eab00000, 0x00000000eab00000)
  object space 699392K, 7% used [0x00000000c0000000,0x00000000c303f600,0x00000000eab00000)
 Metaspace       used 125191K, capacity 126708K, committed 127744K, reserved 1161216K
  class space    used 16030K, capacity 16303K, committed 16384K, reserved 1048576K
2080.493: [GC (Allocation Failure) [PSYoungGen: 278801K->14139K(297472K)] 328206K->64923K(996864K), 0.0536842 secs] [Times: user=0.06 sys=0.01, real=0.05 secs] 
Heap after GC invocations=19 (full 0):
 PSYoungGen      total 297472K, used 14139K [0x00000000eab00000, 0x0000000100000000, 0x0000000100000000)
  eden space 246272K, 0% used [0x00000000eab00000,0x00000000eab00000,0x00000000f9b80000)
  from space 51200K, 27% used [0x00000000f9b80000,0x00000000fa94eee8,0x00000000fcd80000)
  to   space 51200K, 0% used [0x00000000fce00000,0x00000000fce00000,0x0000000100000000)
 ParOldGen       total 699392K, used 50783K [0x00000000c0000000, 0x00000000eab00000, 0x00000000eab00000)
  object space 699392K, 7% used [0x00000000c0000000,0x00000000c3197e08,0x00000000eab00000)
 Metaspace       used 125191K, capacity 126708K, committed 127744K, reserved 1161216K
  class space    used 16030K, capacity 16303K, committed 16384K, reserved 1048576K
}
{Heap before GC invocations=20 (full 0):
 PSYoungGen      total 297472K, used 260411K [0x00000000eab00000, 0x0000000100000000, 0x0000000100000000)
  eden space 246272K, 100% used [0x00000000eab00000,0x00000000f9b80000,0x00000000f9b80000)
  from space 51200K, 27% used [0x00000000f9b80000,0x00000000fa94eee8,0x00000000fcd80000)
  to   space 51200K, 0% used [0x00000000fce00000,0x00000000fce00000,0x0000000100000000)
 ParOldGen       total 699392K, used 50783K [0x00000000c0000000, 0x00000000eab00000, 0x00000000eab00000)
  object space 699392K, 7% used [0x00000000c0000000,0x00000000c3197e08,0x00000000eab00000)
 Metaspace       used 127022K, capacity 128740K, committed 129792K, reserved 1163264K
  class space    used 16247K, capacity 16544K, committed 16640K, reserved 1048576K
2306.981: [GC (Allocation Failure) [PSYoungGen: 260411K->25687K(300032K)] 311195K->79873K(999424K), 0.0249009 secs] [Times: user=0.04 sys=0.02, real=0.02 secs] 
Heap after GC invocations=20 (full 0):
 PSYoungGen      total 300032K, used 25687K [0x00000000eab00000, 0x0000000100000000, 0x0000000100000000)
  eden space 248832K, 0% used [0x00000000eab00000,0x00000000eab00000,0x00000000f9e00000)
  from space 51200K, 50% used [0x00000000fce00000,0x00000000fe715fd0,0x0000000100000000)
  to   space 49152K, 0% used [0x00000000f9e00000,0x00000000f9e00000,0x00000000fce00000)
 ParOldGen       total 699392K, used 54185K [0x00000000c0000000, 0x00000000eab00000, 0x00000000eab00000)
  object space 699392K, 7% used [0x00000000c0000000,0x00000000c34ea6b8,0x00000000eab00000)
 Metaspace       used 127022K, capacity 128740K, committed 129792K, reserved 1163264K
  class space    used 16247K, capacity 16544K, committed 16640K, reserved 1048576K
}
{Heap before GC invocations=21 (full 0):
 PSYoungGen      total 300032K, used 126384K [0x00000000eab00000, 0x0000000100000000, 0x0000000100000000)
  eden space 248832K, 40% used [0x00000000eab00000,0x00000000f0d56140,0x00000000f9e00000)
  from space 51200K, 50% used [0x00000000fce00000,0x00000000fe715fd0,0x0000000100000000)
  to   space 49152K, 0% used [0x00000000f9e00000,0x00000000f9e00000,0x00000000fce00000)
 ParOldGen       total 699392K, used 54185K [0x00000000c0000000, 0x00000000eab00000, 0x00000000eab00000)
  object space 699392K, 7% used [0x00000000c0000000,0x00000000c34ea6b8,0x00000000eab00000)
 Metaspace       used 128440K, capacity 130158K, committed 131072K, reserved 1163264K
  class space    used 16445K, capacity 16741K, committed 16768K, reserved 1048576K
2307.437: [GC (Metadata GC Threshold) [PSYoungGen: 126384K->12685K(297984K)] 180569K->68419K(997376K), 0.0148457 secs] [Times: user=0.03 sys=0.01, real=0.02 secs] 
Heap after GC invocations=21 (full 0):
 PSYoungGen      total 297984K, used 12685K [0x00000000eab00000, 0x0000000100000000, 0x0000000100000000)
  eden space 248832K, 0% used [0x00000000eab00000,0x00000000eab00000,0x00000000f9e00000)
  from space 49152K, 25% used [0x00000000f9e00000,0x00000000faa634a8,0x00000000fce00000)
  to   space 49152K, 0% used [0x00000000fd000000,0x00000000fd000000,0x0000000100000000)
 ParOldGen       total 699392K, used 55734K [0x00000000c0000000, 0x00000000eab00000, 0x00000000eab00000)
  object space 699392K, 7% used [0x00000000c0000000,0x00000000c366d9d0,0x00000000eab00000)
 Metaspace       used 128440K, capacity 130158K, committed 131072K, reserved 1163264K
  class space    used 16445K, capacity 16741K, committed 16768K, reserved 1048576K
}
{Heap before GC invocations=22 (full 1):
 PSYoungGen      total 297984K, used 12685K [0x00000000eab00000, 0x0000000100000000, 0x0000000100000000)
  eden space 248832K, 0% used [0x00000000eab00000,0x00000000eab00000,0x00000000f9e00000)
  from space 49152K, 25% used [0x00000000f9e00000,0x00000000faa634a8,0x00000000fce00000)
  to   space 49152K, 0% used [0x00000000fd000000,0x00000000fd000000,0x0000000100000000)
 ParOldGen       total 699392K, used 55734K [0x00000000c0000000, 0x00000000eab00000, 0x00000000eab00000)
  object space 699392K, 7% used [0x00000000c0000000,0x00000000c366d9d0,0x00000000eab00000)
 Metaspace       used 128440K, capacity 130158K, committed 131072K, reserved 1163264K
  class space    used 16445K, capacity 16741K, committed 16768K, reserved 1048576K
2307.452: [Full GC (Metadata GC Threshold) [PSYoungGen: 12685K->0K(297984K)] [ParOldGen: 55734K->44271K(699392K)] 68419K->44271K(997376K), [Metaspace: 128440K->87241K(1157120K)], 0.3183039 secs] [Times: user=0.57 sys=0.01, real=0.31 secs] 
Heap after GC invocations=22 (full 1):
 PSYoungGen      total 297984K, used 0K [0x00000000eab00000, 0x0000000100000000, 0x0000000100000000)
  eden space 248832K, 0% used [0x00000000eab00000,0x00000000eab00000,0x00000000f9e00000)
  from space 49152K, 0% used [0x00000000f9e00000,0x00000000f9e00000,0x00000000fce00000)
  to   space 49152K, 0% used [0x00000000fd000000,0x00000000fd000000,0x0000000100000000)
 ParOldGen       total 699392K, used 44271K [0x00000000c0000000, 0x00000000eab00000, 0x00000000eab00000)
  object space 699392K, 6% used [0x00000000c0000000,0x00000000c2b3be48,0x00000000eab00000)
 Metaspace       used 87241K, capacity 88056K, committed 124928K, reserved 1157120K
  class space    used 10756K, capacity 10996K, committed 16768K, reserved 1048576K
}
{Heap before GC invocations=23 (full 1):
 PSYoungGen      total 297984K, used 248832K [0x00000000eab00000, 0x0000000100000000, 0x0000000100000000)
  eden space 248832K, 100% used [0x00000000eab00000,0x00000000f9e00000,0x00000000f9e00000)
  from space 49152K, 0% used [0x00000000f9e00000,0x00000000f9e00000,0x00000000fce00000)
  to   space 49152K, 0% used [0x00000000fd000000,0x00000000fd000000,0x0000000100000000)
 ParOldGen       total 699392K, used 44271K [0x00000000c0000000, 0x00000000eab00000, 0x00000000eab00000)
  object space 699392K, 6% used [0x00000000c0000000,0x00000000c2b3be48,0x00000000eab00000)
 Metaspace       used 96100K, capacity 97052K, committed 124928K, reserved 1157120K
  class space    used 11973K, capacity 12219K, committed 16768K, reserved 1048576K
2347.347: [GC (Allocation Failure) [PSYoungGen: 248832K->14780K(300544K)] 293103K->59060K(999936K), 0.0147069 secs] [Times: user=0.03 sys=0.00, real=0.02 secs] 
Heap after GC invocations=23 (full 1):
 PSYoungGen      total 300544K, used 14780K [0x00000000eab00000, 0x0000000100000000, 0x0000000100000000)
  eden space 251392K, 0% used [0x00000000eab00000,0x00000000eab00000,0x00000000fa080000)
  from space 49152K, 30% used [0x00000000fd000000,0x00000000fde6f3a8,0x0000000100000000)
  to   space 48640K, 0% used [0x00000000fa080000,0x00000000fa080000,0x00000000fd000000)
 ParOldGen       total 699392K, used 44279K [0x00000000c0000000, 0x00000000eab00000, 0x00000000eab00000)
  object space 699392K, 6% used [0x00000000c0000000,0x00000000c2b3de48,0x00000000eab00000)
 Metaspace       used 96100K, capacity 97052K, committed 124928K, reserved 1157120K
  class space    used 11973K, capacity 12219K, committed 16768K, reserved 1048576K
}
{Heap before GC invocations=24 (full 1):
 PSYoungGen      total 300544K, used 266172K [0x00000000eab00000, 0x0000000100000000, 0x0000000100000000)
  eden space 251392K, 100% used [0x00000000eab00000,0x00000000fa080000,0x00000000fa080000)
  from space 49152K, 30% used [0x00000000fd000000,0x00000000fde6f3a8,0x0000000100000000)
  to   space 48640K, 0% used [0x00000000fa080000,0x00000000fa080000,0x00000000fd000000)
 ParOldGen       total 699392K, used 44279K [0x00000000c0000000, 0x00000000eab00000, 0x00000000eab00000)
  object space 699392K, 6% used [0x00000000c0000000,0x00000000c2b3de48,0x00000000eab00000)
 Metaspace       used 97649K, capacity 98586K, committed 124928K, reserved 1157120K
  class space    used 12187K, capacity 12452K, committed 16768K, reserved 1048576K
2386.934: [GC (Allocation Failure) [PSYoungGen: 266172K->32933K(300032K)] 310452K->80983K(999424K), 0.0361076 secs] [Times: user=0.06 sys=0.00, real=0.03 secs] 
Heap after GC invocations=24 (full 1):
 PSYoungGen      total 300032K, used 32933K [0x00000000eab00000, 0x0000000100000000, 0x0000000100000000)
  eden space 251392K, 0% used [0x00000000eab00000,0x00000000eab00000,0x00000000fa080000)
  from space 48640K, 67% used [0x00000000fa080000,0x00000000fc0a9768,0x00000000fd000000)
  to   space 49152K, 0% used [0x00000000fd000000,0x00000000fd000000,0x0000000100000000)
 ParOldGen       total 699392K, used 48049K [0x00000000c0000000, 0x00000000eab00000, 0x00000000eab00000)
  object space 699392K, 6% used [0x00000000c0000000,0x00000000c2eec7e8,0x00000000eab00000)
 Metaspace       used 97649K, capacity 98586K, committed 124928K, reserved 1157120K
  class space    used 12187K, capacity 12452K, committed 16768K, reserved 1048576K
}
{Heap before GC invocations=25 (full 1):
 PSYoungGen      total 300032K, used 284325K [0x00000000eab00000, 0x0000000100000000, 0x0000000100000000)
  eden space 251392K, 100% used [0x00000000eab00000,0x00000000fa080000,0x00000000fa080000)
  from space 48640K, 67% used [0x00000000fa080000,0x00000000fc0a9768,0x00000000fd000000)
  to   space 49152K, 0% used [0x00000000fd000000,0x00000000fd000000,0x0000000100000000)
 ParOldGen       total 699392K, used 48049K [0x00000000c0000000, 0x00000000eab00000, 0x00000000eab00000)
  object space 699392K, 6% used [0x00000000c0000000,0x00000000c2eec7e8,0x00000000eab00000)
 Metaspace       used 106573K, capacity 107626K, committed 124928K, reserved 1157120K
  class space    used 13394K, capacity 13645K, committed 16768K, reserved 1048576K
2588.235: [GC (Allocation Failure) [PSYoungGen: 284325K->12566K(300032K)] 332375K->61008K(999424K), 0.0229886 secs] [Times: user=0.04 sys=0.00, real=0.02 secs] 
Heap after GC invocations=25 (full 1):
 PSYoungGen      total 300032K, used 12566K [0x00000000eab00000, 0x0000000100000000, 0x0000000100000000)
  eden space 250880K, 0% used [0x00000000eab00000,0x00000000eab00000,0x00000000fa000000)
  from space 49152K, 25% used [0x00000000fd000000,0x00000000fdc45b18,0x0000000100000000)
  to   space 49152K, 0% used [0x00000000fa000000,0x00000000fa000000,0x00000000fd000000)
 ParOldGen       total 699392K, used 48442K [0x00000000c0000000, 0x00000000eab00000, 0x00000000eab00000)
  object space 699392K, 6% used [0x00000000c0000000,0x00000000c2f4e818,0x00000000eab00000)
 Metaspace       used 106573K, capacity 107626K, committed 124928K, reserved 1157120K
  class space    used 13394K, capacity 13645K, committed 16768K, reserved 1048576K
}
{Heap before GC invocations=26 (full 1):
 PSYoungGen      total 300032K, used 263446K [0x00000000eab00000, 0x0000000100000000, 0x0000000100000000)
  eden space 250880K, 100% used [0x00000000eab00000,0x00000000fa000000,0x00000000fa000000)
  from space 49152K, 25% used [0x00000000fd000000,0x00000000fdc45b18,0x0000000100000000)
  to   space 49152K, 0% used [0x00000000fa000000,0x00000000fa000000,0x00000000fd000000)
 ParOldGen       total 699392K, used 48442K [0x00000000c0000000, 0x00000000eab00000, 0x00000000eab00000)
  object space 699392K, 6% used [0x00000000c0000000,0x00000000c2f4e818,0x00000000eab00000)
 Metaspace       used 108770K, capacity 109838K, committed 124928K, reserved 1157120K
  class space    used 13699K, capacity 13975K, committed 16768K, reserved 1048576K
2589.109: [GC (Allocation Failure) [PSYoungGen: 263446K->33142K(284160K)] 311888K->85019K(983552K), 0.0284006 secs] [Times: user=0.04 sys=0.00, real=0.03 secs] 
Heap after GC invocations=26 (full 1):
 PSYoungGen      total 284160K, used 33142K [0x00000000eab00000, 0x0000000100000000, 0x0000000100000000)
  eden space 250880K, 0% used [0x00000000eab00000,0x00000000eab00000,0x00000000fa000000)
  from space 33280K, 99% used [0x00000000fa000000,0x00000000fc05dbb8,0x00000000fc080000)
  to   space 50176K, 0% used [0x00000000fcf00000,0x00000000fcf00000,0x0000000100000000)
 ParOldGen       total 699392K, used 51876K [0x00000000c0000000, 0x00000000eab00000, 0x00000000eab00000)
  object space 699392K, 7% used [0x00000000c0000000,0x00000000c32a9108,0x00000000eab00000)
 Metaspace       used 108770K, capacity 109838K, committed 124928K, reserved 1157120K
  class space    used 13699K, capacity 13975K, committed 16768K, reserved 1048576K
}
{Heap before GC invocations=27 (full 1):
 PSYoungGen      total 284160K, used 284022K [0x00000000eab00000, 0x0000000100000000, 0x0000000100000000)
  eden space 250880K, 100% used [0x00000000eab00000,0x00000000fa000000,0x00000000fa000000)
  from space 33280K, 99% used [0x00000000fa000000,0x00000000fc05dbb8,0x00000000fc080000)
  to   space 50176K, 0% used [0x00000000fcf00000,0x00000000fcf00000,0x0000000100000000)
 ParOldGen       total 699392K, used 51876K [0x00000000c0000000, 0x00000000eab00000, 0x00000000eab00000)
  object space 699392K, 7% used [0x00000000c0000000,0x00000000c32a9108,0x00000000eab00000)
 Metaspace       used 116985K, capacity 118130K, committed 124928K, reserved 1157120K
  class space    used 14812K, capacity 15070K, committed 16768K, reserved 1048576K
2787.281: [GC (Allocation Failure) [PSYoungGen: 284022K->14802K(300032K)] 335899K->67211K(999424K), 0.0114037 secs] [Times: user=0.03 sys=0.00, real=0.01 secs] 
Heap after GC invocations=27 (full 1):
 PSYoungGen      total 300032K, used 14802K [0x00000000eab00000, 0x0000000100000000, 0x0000000100000000)
  eden space 249856K, 0% used [0x00000000eab00000,0x00000000eab00000,0x00000000f9f00000)
  from space 50176K, 29% used [0x00000000fcf00000,0x00000000fdd74b40,0x0000000100000000)
  to   space 49152K, 0% used [0x00000000f9f00000,0x00000000f9f00000,0x00000000fcf00000)
 ParOldGen       total 699392K, used 52408K [0x00000000c0000000, 0x00000000eab00000, 0x00000000eab00000)
  object space 699392K, 7% used [0x00000000c0000000,0x00000000c332e2f8,0x00000000eab00000)
 Metaspace       used 116985K, capacity 118130K, committed 124928K, reserved 1157120K
  class space    used 14812K, capacity 15070K, committed 16768K, reserved 1048576K
}
{Heap before GC invocations=28 (full 1):
 PSYoungGen      total 300032K, used 264658K [0x00000000eab00000, 0x0000000100000000, 0x0000000100000000)
  eden space 249856K, 100% used [0x00000000eab00000,0x00000000f9f00000,0x00000000f9f00000)
  from space 50176K, 29% used [0x00000000fcf00000,0x00000000fdd74b40,0x0000000100000000)
  to   space 49152K, 0% used [0x00000000f9f00000,0x00000000f9f00000,0x00000000fcf00000)
 ParOldGen       total 699392K, used 52408K [0x00000000c0000000, 0x00000000eab00000, 0x00000000eab00000)
  object space 699392K, 7% used [0x00000000c0000000,0x00000000c332e2f8,0x00000000eab00000)
 Metaspace       used 119313K, capacity 120502K, committed 124928K, reserved 1157120K
  class space    used 15142K, capacity 15432K, committed 16768K, reserved 1048576K
2787.929: [GC (Allocation Failure) [PSYoungGen: 264658K->30978K(299008K)] 317067K->87075K(998400K), 0.0302645 secs] [Times: user=0.05 sys=0.00, real=0.03 secs] 
Heap after GC invocations=28 (full 1):
 PSYoungGen      total 299008K, used 30978K [0x00000000eab00000, 0x0000000100000000, 0x0000000100000000)
  eden space 249856K, 0% used [0x00000000eab00000,0x00000000eab00000,0x00000000f9f00000)
  from space 49152K, 63% used [0x00000000f9f00000,0x00000000fbd40b78,0x00000000fcf00000)
  to   space 49152K, 0% used [0x00000000fd000000,0x00000000fd000000,0x0000000100000000)
 ParOldGen       total 699392K, used 56097K [0x00000000c0000000, 0x00000000eab00000, 0x00000000eab00000)
  object space 699392K, 8% used [0x00000000c0000000,0x00000000c36c8450,0x00000000eab00000)
 Metaspace       used 119313K, capacity 120502K, committed 124928K, reserved 1157120K
  class space    used 15142K, capacity 15432K, committed 16768K, reserved 1048576K
}
{Heap before GC invocations=29 (full 1):
 PSYoungGen      total 299008K, used 280834K [0x00000000eab00000, 0x0000000100000000, 0x0000000100000000)
  eden space 249856K, 100% used [0x00000000eab00000,0x00000000f9f00000,0x00000000f9f00000)
  from space 49152K, 63% used [0x00000000f9f00000,0x00000000fbd40b78,0x00000000fcf00000)
  to   space 49152K, 0% used [0x00000000fd000000,0x00000000fd000000,0x0000000100000000)
 ParOldGen       total 699392K, used 56097K [0x00000000c0000000, 0x00000000eab00000, 0x00000000eab00000)
  object space 699392K, 8% used [0x00000000c0000000,0x00000000c36c8450,0x00000000eab00000)
 Metaspace       used 127420K, capacity 128760K, committed 129920K, reserved 1163264K
  class space    used 16243K, capacity 16517K, committed 16768K, reserved 1048576K
2872.054: [GC (Allocation Failure) [PSYoungGen: 280834K->14905K(300544K)] 336931K->71426K(999936K), 0.0176943 secs] [Times: user=0.03 sys=0.00, real=0.01 secs] 
Heap after GC invocations=29 (full 1):
 PSYoungGen      total 300544K, used 14905K [0x00000000eab00000, 0x0000000100000000, 0x0000000100000000)
  eden space 251392K, 0% used [0x00000000eab00000,0x00000000eab00000,0x00000000fa080000)
  from space 49152K, 30% used [0x00000000fd000000,0x00000000fde8e738,0x0000000100000000)
  to   space 48640K, 0% used [0x00000000fa080000,0x00000000fa080000,0x00000000fd000000)
 ParOldGen       total 699392K, used 56521K [0x00000000c0000000, 0x00000000eab00000, 0x00000000eab00000)
  object space 699392K, 8% used [0x00000000c0000000,0x00000000c3732470,0x00000000eab00000)
 Metaspace       used 127420K, capacity 128760K, committed 129920K, reserved 1163264K
  class space    used 16243K, capacity 16517K, committed 16768K, reserved 1048576K
}
{Heap before GC invocations=30 (full 1):
 PSYoungGen      total 300544K, used 244065K [0x00000000eab00000, 0x0000000100000000, 0x0000000100000000)
  eden space 251392K, 91% used [0x00000000eab00000,0x00000000f8ac9e58,0x00000000fa080000)
  from space 49152K, 30% used [0x00000000fd000000,0x00000000fde8e738,0x0000000100000000)
  to   space 48640K, 0% used [0x00000000fa080000,0x00000000fa080000,0x00000000fd000000)
 ParOldGen       total 699392K, used 56521K [0x00000000c0000000, 0x00000000eab00000, 0x00000000eab00000)
  object space 699392K, 8% used [0x00000000c0000000,0x00000000c3732470,0x00000000eab00000)
 Metaspace       used 128791K, capacity 130128K, committed 131072K, reserved 1163264K
  class space    used 16432K, capacity 16716K, committed 16768K, reserved 1048576K
2872.683: [GC (Metadata GC Threshold) [PSYoungGen: 244065K->29482K(300032K)] 300586K->89733K(999424K), 0.0261601 secs] [Times: user=0.04 sys=0.02, real=0.02 secs] 
Heap after GC invocations=30 (full 1):
 PSYoungGen      total 300032K, used 29482K [0x00000000eab00000, 0x0000000100000000, 0x0000000100000000)
  eden space 251392K, 0% used [0x00000000eab00000,0x00000000eab00000,0x00000000fa080000)
  from space 48640K, 60% used [0x00000000fa080000,0x00000000fbd4ab68,0x00000000fd000000)
  to   space 48128K, 0% used [0x00000000fd100000,0x00000000fd100000,0x0000000100000000)
 ParOldGen       total 699392K, used 60250K [0x00000000c0000000, 0x00000000eab00000, 0x00000000eab00000)
  object space 699392K, 8% used [0x00000000c0000000,0x00000000c3ad69f0,0x00000000eab00000)
 Metaspace       used 128791K, capacity 130128K, committed 131072K, reserved 1163264K
  class space    used 16432K, capacity 16716K, committed 16768K, reserved 1048576K
}
{Heap before GC invocations=31 (full 2):
 PSYoungGen      total 300032K, used 29482K [0x00000000eab00000, 0x0000000100000000, 0x0000000100000000)
  eden space 251392K, 0% used [0x00000000eab00000,0x00000000eab00000,0x00000000fa080000)
  from space 48640K, 60% used [0x00000000fa080000,0x00000000fbd4ab68,0x00000000fd000000)
  to   space 48128K, 0% used [0x00000000fd100000,0x00000000fd100000,0x0000000100000000)
 ParOldGen       total 699392K, used 60250K [0x00000000c0000000, 0x00000000eab00000, 0x00000000eab00000)
  object space 699392K, 8% used [0x00000000c0000000,0x00000000c3ad69f0,0x00000000eab00000)
 Metaspace       used 128791K, capacity 130128K, committed 131072K, reserved 1163264K
  class space    used 16432K, capacity 16716K, committed 16768K, reserved 1048576K
2872.709: [Full GC (Metadata GC Threshold) [PSYoungGen: 29482K->0K(300032K)] [ParOldGen: 60250K->56004K(699392K)] 89733K->56004K(999424K), [Metaspace: 128791K->76406K(1144832K)], 0.1682768 secs] [Times: user=0.34 sys=0.00, real=0.17 secs] 
Heap after GC invocations=31 (full 2):
 PSYoungGen      total 300032K, used 0K [0x00000000eab00000, 0x0000000100000000, 0x0000000100000000)
  eden space 251392K, 0% used [0x00000000eab00000,0x00000000eab00000,0x00000000fa080000)
  from space 48640K, 0% used [0x00000000fa080000,0x00000000fa080000,0x00000000fd000000)
  to   space 48128K, 0% used [0x00000000fd100000,0x00000000fd100000,0x0000000100000000)
 ParOldGen       total 699392K, used 56004K [0x00000000c0000000, 0x00000000eab00000, 0x00000000eab00000)
  object space 699392K, 8% used [0x00000000c0000000,0x00000000c36b1378,0x00000000eab00000)
 Metaspace       used 76406K, capacity 77164K, committed 112640K, reserved 1144832K
  class space    used 9187K, capacity 9374K, committed 16768K, reserved 1048576K
}
{Heap before GC invocations=32 (full 2):
 PSYoungGen      total 300032K, used 251392K [0x00000000eab00000, 0x0000000100000000, 0x0000000100000000)
  eden space 251392K, 100% used [0x00000000eab00000,0x00000000fa080000,0x00000000fa080000)
  from space 48640K, 0% used [0x00000000fa080000,0x00000000fa080000,0x00000000fd000000)
  to   space 48128K, 0% used [0x00000000fd100000,0x00000000fd100000,0x0000000100000000)
 ParOldGen       total 699392K, used 56004K [0x00000000c0000000, 0x00000000eab00000, 0x00000000eab00000)
  object space 699392K, 8% used [0x00000000c0000000,0x00000000c36b1378,0x00000000eab00000)
 Metaspace       used 85354K, capacity 86300K, committed 112640K, reserved 1144832K
  class space    used 10415K, capacity 10599K, committed 16768K, reserved 1048576K
2949.036: [GC (Allocation Failure) [PSYoungGen: 251392K->12604K(301568K)] 307396K->68617K(1000960K), 0.0177665 secs] [Times: user=0.03 sys=0.00, real=0.02 secs] 
Heap after GC invocations=32 (full 2):
 PSYoungGen      total 301568K, used 12604K [0x00000000eab00000, 0x0000000100000000, 0x0000000100000000)
  eden space 253440K, 0% used [0x00000000eab00000,0x00000000eab00000,0x00000000fa280000)
  from space 48128K, 26% used [0x00000000fd100000,0x00000000fdd4f398,0x0000000100000000)
  to   space 47616K, 0% used [0x00000000fa280000,0x00000000fa280000,0x00000000fd100000)
 ParOldGen       total 699392K, used 56012K [0x00000000c0000000, 0x00000000eab00000, 0x00000000eab00000)
  object space 699392K, 8% used [0x00000000c0000000,0x00000000c36b3378,0x00000000eab00000)
 Metaspace       used 85354K, capacity 86300K, committed 112640K, reserved 1144832K
  class space    used 10415K, capacity 10599K, committed 16768K, reserved 1048576K
}
{Heap before GC invocations=33 (full 2):
 PSYoungGen      total 301568K, used 266044K [0x00000000eab00000, 0x0000000100000000, 0x0000000100000000)
  eden space 253440K, 100% used [0x00000000eab00000,0x00000000fa280000,0x00000000fa280000)
  from space 48128K, 26% used [0x00000000fd100000,0x00000000fdd4f398,0x0000000100000000)
  to   space 47616K, 0% used [0x00000000fa280000,0x00000000fa280000,0x00000000fd100000)
 ParOldGen       total 699392K, used 56012K [0x00000000c0000000, 0x00000000eab00000, 0x00000000eab00000)
  object space 699392K, 8% used [0x00000000c0000000,0x00000000c36b3378,0x00000000eab00000)
 Metaspace       used 87593K, capacity 88588K, committed 112640K, reserved 1144832K
  class space    used 10725K, capacity 10931K, committed 16768K, reserved 1048576K
2949.905: [GC (Allocation Failure) [PSYoungGen: 266044K->33516K(287232K)] 322057K->93304K(986624K), 0.0345126 secs] [Times: user=0.08 sys=0.00, real=0.04 secs] 
Heap after GC invocations=33 (full 2):
 PSYoungGen      total 287232K, used 33516K [0x00000000eab00000, 0x0000000100000000, 0x0000000100000000)
  eden space 253440K, 0% used [0x00000000eab00000,0x00000000eab00000,0x00000000fa280000)
  from space 33792K, 99% used [0x00000000fa280000,0x00000000fc33b3f8,0x00000000fc380000)
  to   space 49152K, 0% used [0x00000000fd000000,0x00000000fd000000,0x0000000100000000)
 ParOldGen       total 699392K, used 59787K [0x00000000c0000000, 0x00000000eab00000, 0x00000000eab00000)
  object space 699392K, 8% used [0x00000000c0000000,0x00000000c3a62cc8,0x00000000eab00000)
 Metaspace       used 87593K, capacity 88588K, committed 112640K, reserved 1144832K
  class space    used 10725K, capacity 10931K, committed 16768K, reserved 1048576K
}
{Heap before GC invocations=34 (full 2):
 PSYoungGen      total 287232K, used 286956K [0x00000000eab00000, 0x0000000100000000, 0x0000000100000000)
  eden space 253440K, 100% used [0x00000000eab00000,0x00000000fa280000,0x00000000fa280000)
  from space 33792K, 99% used [0x00000000fa280000,0x00000000fc33b3f8,0x00000000fc380000)
  to   space 49152K, 0% used [0x00000000fd000000,0x00000000fd000000,0x0000000100000000)
 ParOldGen       total 699392K, used 59787K [0x00000000c0000000, 0x00000000eab00000, 0x00000000eab00000)
  object space 699392K, 8% used [0x00000000c0000000,0x00000000c3a62cc8,0x00000000eab00000)
 Metaspace       used 94979K, capacity 95944K, committed 112640K, reserved 1144832K
  class space    used 11744K, capacity 11966K, committed 16768K, reserved 1048576K
2979.413: [GC (Allocation Failure) [PSYoungGen: 286956K->17891K(301568K)] 346744K->78158K(1000960K), 0.0172376 secs] [Times: user=0.03 sys=0.00, real=0.01 secs] 
Heap after GC invocations=34 (full 2):
 PSYoungGen      total 301568K, used 17891K [0x00000000eab00000, 0x0000000100000000, 0x0000000100000000)
  eden space 252416K, 0% used [0x00000000eab00000,0x00000000eab00000,0x00000000fa180000)
  from space 49152K, 36% used [0x00000000fd000000,0x00000000fe178db0,0x0000000100000000)
  to   space 47616K, 0% used [0x00000000fa180000,0x00000000fa180000,0x00000000fd000000)
 ParOldGen       total 699392K, used 60267K [0x00000000c0000000, 0x00000000eab00000, 0x00000000eab00000)
  object space 699392K, 8% used [0x00000000c0000000,0x00000000c3adacf8,0x00000000eab00000)
 Metaspace       used 94979K, capacity 95944K, committed 112640K, reserved 1144832K
  class space    used 11744K, capacity 11966K, committed 16768K, reserved 1048576K
}
{Heap before GC invocations=35 (full 2):
 PSYoungGen      total 301568K, used 270307K [0x00000000eab00000, 0x0000000100000000, 0x0000000100000000)
  eden space 252416K, 100% used [0x00000000eab00000,0x00000000fa180000,0x00000000fa180000)
  from space 49152K, 36% used [0x00000000fd000000,0x00000000fe178db0,0x0000000100000000)
  to   space 47616K, 0% used [0x00000000fa180000,0x00000000fa180000,0x00000000fd000000)
 ParOldGen       total 699392K, used 60267K [0x00000000c0000000, 0x00000000eab00000, 0x00000000eab00000)
  object space 699392K, 8% used [0x00000000c0000000,0x00000000c3adacf8,0x00000000eab00000)
 Metaspace       used 99526K, capacity 100576K, committed 112640K, reserved 1144832K
  class space    used 12362K, capacity 12613K, committed 16768K, reserved 1048576K
2980.410: [GC (Allocation Failure) [PSYoungGen: 270307K->29880K(300032K)] 330574K->93457K(999424K), 0.0399104 secs] [Times: user=0.05 sys=0.03, real=0.04 secs] 
Heap after GC invocations=35 (full 2):
 PSYoungGen      total 300032K, used 29880K [0x00000000eab00000, 0x0000000100000000, 0x0000000100000000)
  eden space 252416K, 0% used [0x00000000eab00000,0x00000000eab00000,0x00000000fa180000)
  from space 47616K, 62% used [0x00000000fa180000,0x00000000fbeae370,0x00000000fd000000)
  to   space 47616K, 0% used [0x00000000fd180000,0x00000000fd180000,0x0000000100000000)
 ParOldGen       total 699392K, used 63576K [0x00000000c0000000, 0x00000000eab00000, 0x00000000eab00000)
  object space 699392K, 9% used [0x00000000c0000000,0x00000000c3e16188,0x00000000eab00000)
 Metaspace       used 99526K, capacity 100576K, committed 112640K, reserved 1144832K
  class space    used 12362K, capacity 12613K, committed 16768K, reserved 1048576K
}
{Heap before GC invocations=36 (full 2):
 PSYoungGen      total 300032K, used 282296K [0x00000000eab00000, 0x0000000100000000, 0x0000000100000000)
  eden space 252416K, 100% used [0x00000000eab00000,0x00000000fa180000,0x00000000fa180000)
  from space 47616K, 62% used [0x00000000fa180000,0x00000000fbeae370,0x00000000fd000000)
  to   space 47616K, 0% used [0x00000000fd180000,0x00000000fd180000,0x0000000100000000)
 ParOldGen       total 699392K, used 63576K [0x00000000c0000000, 0x00000000eab00000, 0x00000000eab00000)
  object space 699392K, 9% used [0x00000000c0000000,0x00000000c3e16188,0x00000000eab00000)
 Metaspace       used 105395K, capacity 106514K, committed 112896K, reserved 1144832K
  class space    used 13169K, capacity 13402K, committed 16768K, reserved 1048576K
3081.510: [GC (Allocation Failure) [PSYoungGen: 282296K->17200K(302592K)] 345873K->81716K(1001984K), 0.0113788 secs] [Times: user=0.03 sys=0.00, real=0.02 secs] 
Heap after GC invocations=36 (full 2):
 PSYoungGen      total 302592K, used 17200K [0x00000000eab00000, 0x0000000100000000, 0x0000000100000000)
  eden space 254976K, 0% used [0x00000000eab00000,0x00000000eab00000,0x00000000fa400000)
  from space 47616K, 36% used [0x00000000fd180000,0x00000000fe24c030,0x0000000100000000)
  to   space 46592K, 0% used [0x00000000fa400000,0x00000000fa400000,0x00000000fd180000)
 ParOldGen       total 699392K, used 64516K [0x00000000c0000000, 0x00000000eab00000, 0x00000000eab00000)
  object space 699392K, 9% used [0x00000000c0000000,0x00000000c3f012c0,0x00000000eab00000)
 Metaspace       used 105395K, capacity 106514K, committed 112896K, reserved 1144832K
  class space    used 13169K, capacity 13402K, committed 16768K, reserved 1048576K
}
{Heap before GC invocations=37 (full 2):
 PSYoungGen      total 302592K, used 272176K [0x00000000eab00000, 0x0000000100000000, 0x0000000100000000)
  eden space 254976K, 100% used [0x00000000eab00000,0x00000000fa400000,0x00000000fa400000)
  from space 47616K, 36% used [0x00000000fd180000,0x00000000fe24c030,0x0000000100000000)
  to   space 46592K, 0% used [0x00000000fa400000,0x00000000fa400000,0x00000000fd180000)
 ParOldGen       total 699392K, used 64516K [0x00000000c0000000, 0x00000000eab00000, 0x00000000eab00000)
  object space 699392K, 9% used [0x00000000c0000000,0x00000000c3f012c0,0x00000000eab00000)
 Metaspace       used 110037K, capacity 111210K, committed 114816K, reserved 1146880K
  class space    used 13803K, capacity 14049K, committed 16768K, reserved 1048576K
3082.457: [GC (Allocation Failure) [PSYoungGen: 272176K->29804K(301568K)] 336692K->97618K(1000960K), 0.0292461 secs] [Times: user=0.04 sys=0.02, real=0.03 secs] 
Heap after GC invocations=37 (full 2):
 PSYoungGen      total 301568K, used 29804K [0x00000000eab00000, 0x0000000100000000, 0x0000000100000000)
  eden space 254976K, 0% used [0x00000000eab00000,0x00000000eab00000,0x00000000fa400000)
  from space 46592K, 63% used [0x00000000fa400000,0x00000000fc11b108,0x00000000fd180000)
  to   space 46592K, 0% used [0x00000000fd280000,0x00000000fd280000,0x0000000100000000)
 ParOldGen       total 699392K, used 67813K [0x00000000c0000000, 0x00000000eab00000, 0x00000000eab00000)
  object space 699392K, 9% used [0x00000000c0000000,0x00000000c42397f0,0x00000000eab00000)
 Metaspace       used 110037K, capacity 111210K, committed 114816K, reserved 1146880K
  class space    used 13803K, capacity 14049K, committed 16768K, reserved 1048576K
}
{Heap before GC invocations=38 (full 2):
 PSYoungGen      total 301568K, used 284780K [0x00000000eab00000, 0x0000000100000000, 0x0000000100000000)
  eden space 254976K, 100% used [0x00000000eab00000,0x00000000fa400000,0x00000000fa400000)
  from space 46592K, 63% used [0x00000000fa400000,0x00000000fc11b108,0x00000000fd180000)
  to   space 46592K, 0% used [0x00000000fd280000,0x00000000fd280000,0x0000000100000000)
 ParOldGen       total 699392K, used 67813K [0x00000000c0000000, 0x00000000eab00000, 0x00000000eab00000)
  object space 699392K, 9% used [0x00000000c0000000,0x00000000c42397f0,0x00000000eab00000)
 Metaspace       used 115739K, capacity 116948K, committed 119936K, reserved 1153024K
  class space    used 14587K, capacity 14826K, committed 16768K, reserved 1048576K
3699.306: [GC (Allocation Failure) [PSYoungGen: 284780K->18539K(303616K)] 352594K->87405K(1003008K), 0.0170733 secs] [Times: user=0.03 sys=0.00, real=0.02 secs] 
Heap after GC invocations=38 (full 2):
 PSYoungGen      total 303616K, used 18539K [0x00000000eab00000, 0x0000000100000000, 0x0000000100000000)
  eden space 257024K, 0% used [0x00000000eab00000,0x00000000eab00000,0x00000000fa600000)
  from space 46592K, 39% used [0x00000000fd280000,0x00000000fe49acd0,0x0000000100000000)
  to   space 45568K, 0% used [0x00000000fa600000,0x00000000fa600000,0x00000000fd280000)
 ParOldGen       total 699392K, used 68866K [0x00000000c0000000, 0x00000000eab00000, 0x00000000eab00000)
  object space 699392K, 9% used [0x00000000c0000000,0x00000000c4340928,0x00000000eab00000)
 Metaspace       used 115739K, capacity 116948K, committed 119936K, reserved 1153024K
  class space    used 14587K, capacity 14826K, committed 16768K, reserved 1048576K
}
{Heap before GC invocations=39 (full 2):
 PSYoungGen      total 303616K, used 275563K [0x00000000eab00000, 0x0000000100000000, 0x0000000100000000)
  eden space 257024K, 100% used [0x00000000eab00000,0x00000000fa600000,0x00000000fa600000)
  from space 46592K, 39% used [0x00000000fd280000,0x00000000fe49acd0,0x0000000100000000)
  to   space 45568K, 0% used [0x00000000fa600000,0x00000000fa600000,0x00000000fd280000)
 ParOldGen       total 699392K, used 68866K [0x00000000c0000000, 0x00000000eab00000, 0x00000000eab00000)
  object space 699392K, 9% used [0x00000000c0000000,0x00000000c4340928,0x00000000eab00000)
 Metaspace       used 121005K, capacity 122252K, committed 124544K, reserved 1157120K
  class space    used 15309K, capacity 15569K, committed 16768K, reserved 1048576K
3700.564: [GC (Allocation Failure) [PSYoungGen: 275563K->28706K(302592K)] 344429K->100654K(1001984K), 0.0557644 secs] [Times: user=0.08 sys=0.02, real=0.06 secs] 
Heap after GC invocations=39 (full 2):
 PSYoungGen      total 302592K, used 28706K [0x00000000eab00000, 0x0000000100000000, 0x0000000100000000)
  eden space 257024K, 0% used [0x00000000eab00000,0x00000000eab00000,0x00000000fa600000)
  from space 45568K, 62% used [0x00000000fa600000,0x00000000fc208aa8,0x00000000fd280000)
  to   space 45056K, 0% used [0x00000000fd400000,0x00000000fd400000,0x0000000100000000)
 ParOldGen       total 699392K, used 71947K [0x00000000c0000000, 0x00000000eab00000, 0x00000000eab00000)
  object space 699392K, 10% used [0x00000000c0000000,0x00000000c4642e18,0x00000000eab00000)
 Metaspace       used 121005K, capacity 122252K, committed 124544K, reserved 1157120K
  class space    used 15309K, capacity 15569K, committed 16768K, reserved 1048576K
}
{Heap before GC invocations=40 (full 2):
 PSYoungGen      total 302592K, used 285730K [0x00000000eab00000, 0x0000000100000000, 0x0000000100000000)
  eden space 257024K, 100% used [0x00000000eab00000,0x00000000fa600000,0x00000000fa600000)
  from space 45568K, 62% used [0x00000000fa600000,0x00000000fc208aa8,0x00000000fd280000)
  to   space 45056K, 0% used [0x00000000fd400000,0x00000000fd400000,0x0000000100000000)
 ParOldGen       total 699392K, used 71947K [0x00000000c0000000, 0x00000000eab00000, 0x00000000eab00000)
  object space 699392K, 10% used [0x00000000c0000000,0x00000000c4642e18,0x00000000eab00000)
 Metaspace       used 125368K, capacity 126610K, committed 128128K, reserved 1161216K
  class space    used 15912K, capacity 16184K, committed 16768K, reserved 1048576K
4079.874: [GC (Allocation Failure) [PSYoungGen: 285730K->23607K(306176K)] 357678K->96815K(1005568K), 0.0155528 secs] [Times: user=0.03 sys=0.00, real=0.01 secs] 
Heap after GC invocations=40 (full 2):
 PSYoungGen      total 306176K, used 23607K [0x00000000eab00000, 0x0000000100000000, 0x0000000100000000)
  eden space 261120K, 0% used [0x00000000eab00000,0x00000000eab00000,0x00000000faa00000)
  from space 45056K, 52% used [0x00000000fd400000,0x00000000feb0dd60,0x0000000100000000)
  to   space 43008K, 0% used [0x00000000faa00000,0x00000000faa00000,0x00000000fd400000)
 ParOldGen       total 699392K, used 73207K [0x00000000c0000000, 0x00000000eab00000, 0x00000000eab00000)
  object space 699392K, 10% used [0x00000000c0000000,0x00000000c477df60,0x00000000eab00000)
 Metaspace       used 125368K, capacity 126610K, committed 128128K, reserved 1161216K
  class space    used 15912K, capacity 16184K, committed 16768K, reserved 1048576K
}
{Heap before GC invocations=41 (full 2):
 PSYoungGen      total 306176K, used 192155K [0x00000000eab00000, 0x0000000100000000, 0x0000000100000000)
  eden space 261120K, 64% used [0x00000000eab00000,0x00000000f4f99148,0x00000000faa00000)
  from space 45056K, 52% used [0x00000000fd400000,0x00000000feb0dd60,0x0000000100000000)
  to   space 43008K, 0% used [0x00000000faa00000,0x00000000faa00000,0x00000000fd400000)
 ParOldGen       total 699392K, used 73207K [0x00000000c0000000, 0x00000000eab00000, 0x00000000eab00000)
  object space 699392K, 10% used [0x00000000c0000000,0x00000000c477df60,0x00000000eab00000)
 Metaspace       used 128741K, capacity 130044K, committed 131072K, reserved 1163264K
  class space    used 16374K, capacity 16669K, committed 16768K, reserved 1048576K
4080.554: [GC (Metadata GC Threshold) [PSYoungGen: 192155K->19922K(304128K)] 265363K->95699K(1003520K), 0.0223436 secs] [Times: user=0.04 sys=0.00, real=0.02 secs] 
Heap after GC invocations=41 (full 2):
 PSYoungGen      total 304128K, used 19922K [0x00000000eab00000, 0x0000000100000000, 0x0000000100000000)
  eden space 261120K, 0% used [0x00000000eab00000,0x00000000eab00000,0x00000000faa00000)
  from space 43008K, 46% used [0x00000000faa00000,0x00000000fbd74a68,0x00000000fd400000)
  to   space 41984K, 0% used [0x00000000fd700000,0x00000000fd700000,0x0000000100000000)
 ParOldGen       total 699392K, used 75776K [0x00000000c0000000, 0x00000000eab00000, 0x00000000eab00000)
  object space 699392K, 10% used [0x00000000c0000000,0x00000000c4a003e0,0x00000000eab00000)
 Metaspace       used 128741K, capacity 130044K, committed 131072K, reserved 1163264K
  class space    used 16374K, capacity 16669K, committed 16768K, reserved 1048576K
}
{Heap before GC invocations=42 (full 3):
 PSYoungGen      total 304128K, used 19922K [0x00000000eab00000, 0x0000000100000000, 0x0000000100000000)
  eden space 261120K, 0% used [0x00000000eab00000,0x00000000eab00000,0x00000000faa00000)
  from space 43008K, 46% used [0x00000000faa00000,0x00000000fbd74a68,0x00000000fd400000)
  to   space 41984K, 0% used [0x00000000fd700000,0x00000000fd700000,0x0000000100000000)
 ParOldGen       total 699392K, used 75776K [0x00000000c0000000, 0x00000000eab00000, 0x00000000eab00000)
  object space 699392K, 10% used [0x00000000c0000000,0x00000000c4a003e0,0x00000000eab00000)
 Metaspace       used 128741K, capacity 130044K, committed 131072K, reserved 1163264K
  class space    used 16374K, capacity 16669K, committed 16768K, reserved 1048576K
4080.576: [Full GC (Metadata GC Threshold) [PSYoungGen: 19922K->0K(304128K)] [ParOldGen: 75776K->49948K(699392K)] 95699K->49948K(1003520K), [Metaspace: 128741K->87726K(1161216K)], 0.3098564 secs] [Times: user=0.60 sys=0.00, real=0.31 secs] 
Heap after GC invocations=42 (full 3):
 PSYoungGen      total 304128K, used 0K [0x00000000eab00000, 0x0000000100000000, 0x0000000100000000)
  eden space 261120K, 0% used [0x00000000eab00000,0x00000000eab00000,0x00000000faa00000)
  from space 43008K, 0% used [0x00000000faa00000,0x00000000faa00000,0x00000000fd400000)
  to   space 41984K, 0% used [0x00000000fd700000,0x00000000fd700000,0x0000000100000000)
 ParOldGen       total 699392K, used 49948K [0x00000000c0000000, 0x00000000eab00000, 0x00000000eab00000)
  object space 699392K, 7% used [0x00000000c0000000,0x00000000c30c72c0,0x00000000eab00000)
 Metaspace       used 87726K, capacity 88598K, committed 129024K, reserved 1161216K
  class space    used 10700K, capacity 10969K, committed 16768K, reserved 1048576K
}
{Heap before GC invocations=43 (full 3):
 PSYoungGen      total 304128K, used 261120K [0x00000000eab00000, 0x0000000100000000, 0x0000000100000000)
  eden space 261120K, 100% used [0x00000000eab00000,0x00000000faa00000,0x00000000faa00000)
  from space 43008K, 0% used [0x00000000faa00000,0x00000000faa00000,0x00000000fd400000)
  to   space 41984K, 0% used [0x00000000fd700000,0x00000000fd700000,0x0000000100000000)
 ParOldGen       total 699392K, used 49948K [0x00000000c0000000, 0x00000000eab00000, 0x00000000eab00000)
  object space 699392K, 7% used [0x00000000c0000000,0x00000000c30c72c0,0x00000000eab00000)
 Metaspace       used 94715K, capacity 95714K, committed 129024K, reserved 1161216K
  class space    used 11663K, capacity 11943K, committed 16768K, reserved 1048576K
4149.404: [GC (Allocation Failure) [PSYoungGen: 261120K->18394K(308224K)] 311068K->68351K(1007616K), 0.0285602 secs] [Times: user=0.04 sys=0.00, real=0.03 secs] 
Heap after GC invocations=43 (full 3):
 PSYoungGen      total 308224K, used 18394K [0x00000000eab00000, 0x0000000100000000, 0x0000000100000000)
  eden space 266240K, 0% used [0x00000000eab00000,0x00000000eab00000,0x00000000faf00000)
  from space 41984K, 43% used [0x00000000fd700000,0x00000000fe8f6a50,0x0000000100000000)
  to   space 40960K, 0% used [0x00000000faf00000,0x00000000faf00000,0x00000000fd700000)
 ParOldGen       total 699392K, used 49956K [0x00000000c0000000, 0x00000000eab00000, 0x00000000eab00000)
  object space 699392K, 7% used [0x00000000c0000000,0x00000000c30c92c0,0x00000000eab00000)
 Metaspace       used 94715K, capacity 95714K, committed 129024K, reserved 1161216K
  class space    used 11663K, capacity 11943K, committed 16768K, reserved 1048576K
}
{Heap before GC invocations=44 (full 3):
 PSYoungGen      total 308224K, used 284634K [0x00000000eab00000, 0x0000000100000000, 0x0000000100000000)
  eden space 266240K, 100% used [0x00000000eab00000,0x00000000faf00000,0x00000000faf00000)
  from space 41984K, 43% used [0x00000000fd700000,0x00000000fe8f6a50,0x0000000100000000)
  to   space 40960K, 0% used [0x00000000faf00000,0x00000000faf00000,0x00000000fd700000)
 ParOldGen       total 699392K, used 49956K [0x00000000c0000000, 0x00000000eab00000, 0x00000000eab00000)
  object space 699392K, 7% used [0x00000000c0000000,0x00000000c30c92c0,0x00000000eab00000)
 Metaspace       used 99370K, capacity 100406K, committed 129024K, reserved 1161216K
  class space    used 12302K, capacity 12590K, committed 16768K, reserved 1048576K
4150.922: [GC (Allocation Failure) [PSYoungGen: 284634K->30215K(307200K)] 334591K->84058K(1006592K), 0.0266895 secs] [Times: user=0.05 sys=0.00, real=0.02 secs] 
Heap after GC invocations=44 (full 3):
 PSYoungGen      total 307200K, used 30215K [0x00000000eab00000, 0x0000000100000000, 0x0000000100000000)
  eden space 266240K, 0% used [0x00000000eab00000,0x00000000eab00000,0x00000000faf00000)
  from space 40960K, 73% used [0x00000000faf00000,0x00000000fcc81d60,0x00000000fd700000)
  to   space 41984K, 0% used [0x00000000fd700000,0x00000000fd700000,0x0000000100000000)
 ParOldGen       total 699392K, used 53842K [0x00000000c0000000, 0x00000000eab00000, 0x00000000eab00000)
  object space 699392K, 7% used [0x00000000c0000000,0x00000000c3494ac8,0x00000000eab00000)
 Metaspace       used 99370K, capacity 100406K, committed 129024K, reserved 1161216K
  class space    used 12302K, capacity 12590K, committed 16768K, reserved 1048576K
}
{Heap before GC invocations=45 (full 3):
 PSYoungGen      total 307200K, used 296455K [0x00000000eab00000, 0x0000000100000000, 0x0000000100000000)
  eden space 266240K, 100% used [0x00000000eab00000,0x00000000faf00000,0x00000000faf00000)
  from space 40960K, 73% used [0x00000000faf00000,0x00000000fcc81d60,0x00000000fd700000)
  to   space 41984K, 0% used [0x00000000fd700000,0x00000000fd700000,0x0000000100000000)
 ParOldGen       total 699392K, used 53842K [0x00000000c0000000, 0x00000000eab00000, 0x00000000eab00000)
  object space 699392K, 7% used [0x00000000c0000000,0x00000000c3494ac8,0x00000000eab00000)
 Metaspace       used 105045K, capacity 106148K, committed 129024K, reserved 1161216K
  class space    used 13082K, capacity 13367K, committed 16768K, reserved 1048576K
4290.201: [GC (Allocation Failure) [PSYoungGen: 296455K->21190K(308736K)] 350298K->76105K(1008128K), 0.0293948 secs] [Times: user=0.04 sys=0.00, real=0.02 secs] 
Heap after GC invocations=45 (full 3):
 PSYoungGen      total 308736K, used 21190K [0x00000000eab00000, 0x0000000100000000, 0x0000000100000000)
  eden space 266752K, 0% used [0x00000000eab00000,0x00000000eab00000,0x00000000faf80000)
  from space 41984K, 50% used [0x00000000fd700000,0x00000000febb1b00,0x0000000100000000)
  to   space 40448K, 0% used [0x00000000faf80000,0x00000000faf80000,0x00000000fd700000)
 ParOldGen       total 699392K, used 54914K [0x00000000c0000000, 0x00000000eab00000, 0x00000000eab00000)
  object space 699392K, 7% used [0x00000000c0000000,0x00000000c35a0af8,0x00000000eab00000)
 Metaspace       used 105045K, capacity 106148K, committed 129024K, reserved 1161216K
  class space    used 13082K, capacity 13367K, committed 16768K, reserved 1048576K
}
{Heap before GC invocations=46 (full 3):
 PSYoungGen      total 308736K, used 287942K [0x00000000eab00000, 0x0000000100000000, 0x0000000100000000)
  eden space 266752K, 100% used [0x00000000eab00000,0x00000000faf80000,0x00000000faf80000)
  from space 41984K, 50% used [0x00000000fd700000,0x00000000febb1b00,0x0000000100000000)
  to   space 40448K, 0% used [0x00000000faf80000,0x00000000faf80000,0x00000000fd700000)
 ParOldGen       total 699392K, used 54914K [0x00000000c0000000, 0x00000000eab00000, 0x00000000eab00000)
  object space 699392K, 7% used [0x00000000c0000000,0x00000000c35a0af8,0x00000000eab00000)
 Metaspace       used 111559K, capacity 112766K, committed 129024K, reserved 1161216K
  class space    used 13976K, capacity 14271K, committed 16768K, reserved 1048576K
4291.982: [GC (Allocation Failure) [PSYoungGen: 287942K->28307K(307200K)] 342857K->86307K(1006592K), 0.0616032 secs] [Times: user=0.09 sys=0.00, real=0.06 secs] 
Heap after GC invocations=46 (full 3):
 PSYoungGen      total 307200K, used 28307K [0x00000000eab00000, 0x0000000100000000, 0x0000000100000000)
  eden space 266752K, 0% used [0x00000000eab00000,0x00000000eab00000,0x00000000faf80000)
  from space 40448K, 69% used [0x00000000faf80000,0x00000000fcb24c18,0x00000000fd700000)
  to   space 40448K, 0% used [0x00000000fd880000,0x00000000fd880000,0x0000000100000000)
 ParOldGen       total 699392K, used 57999K [0x00000000c0000000, 0x00000000eab00000, 0x00000000eab00000)
  object space 699392K, 8% used [0x00000000c0000000,0x00000000c38a3ff8,0x00000000eab00000)
 Metaspace       used 111559K, capacity 112766K, committed 129024K, reserved 1161216K
  class space    used 13976K, capacity 14271K, committed 16768K, reserved 1048576K
}
{Heap before GC invocations=47 (full 3):
 PSYoungGen      total 307200K, used 295059K [0x00000000eab00000, 0x0000000100000000, 0x0000000100000000)
  eden space 266752K, 100% used [0x00000000eab00000,0x00000000faf80000,0x00000000faf80000)
  from space 40448K, 69% used [0x00000000faf80000,0x00000000fcb24c18,0x00000000fd700000)
  to   space 40448K, 0% used [0x00000000fd880000,0x00000000fd880000,0x0000000100000000)
 ParOldGen       total 699392K, used 57999K [0x00000000c0000000, 0x00000000eab00000, 0x00000000eab00000)
  object space 699392K, 8% used [0x00000000c0000000,0x00000000c38a3ff8,0x00000000eab00000)
 Metaspace       used 115400K, capacity 116674K, committed 129024K, reserved 1161216K
  class space    used 14506K, capacity 14823K, committed 16768K, reserved 1048576K
4522.958: [GC (Allocation Failure) [PSYoungGen: 295059K->24874K(309760K)] 353059K->84685K(1009152K), 0.0172097 secs] [Times: user=0.03 sys=0.00, real=0.02 secs] 
Heap after GC invocations=47 (full 3):
 PSYoungGen      total 309760K, used 24874K [0x00000000eab00000, 0x0000000100000000, 0x0000000100000000)
  eden space 269312K, 0% used [0x00000000eab00000,0x00000000eab00000,0x00000000fb200000)
  from space 40448K, 61% used [0x00000000fd880000,0x00000000ff0cabc8,0x0000000100000000)
  to   space 39424K, 0% used [0x00000000fb200000,0x00000000fb200000,0x00000000fd880000)
 ParOldGen       total 699392K, used 59810K [0x00000000c0000000, 0x00000000eab00000, 0x00000000eab00000)
  object space 699392K, 8% used [0x00000000c0000000,0x00000000c3a68848,0x00000000eab00000)
 Metaspace       used 115400K, capacity 116674K, committed 129024K, reserved 1161216K
  class space    used 14506K, capacity 14823K, committed 16768K, reserved 1048576K
}
{Heap before GC invocations=48 (full 3):
 PSYoungGen      total 309760K, used 294186K [0x00000000eab00000, 0x0000000100000000, 0x0000000100000000)
  eden space 269312K, 100% used [0x00000000eab00000,0x00000000fb200000,0x00000000fb200000)
  from space 40448K, 61% used [0x00000000fd880000,0x00000000ff0cabc8,0x0000000100000000)
  to   space 39424K, 0% used [0x00000000fb200000,0x00000000fb200000,0x00000000fd880000)
 ParOldGen       total 699392K, used 59810K [0x00000000c0000000, 0x00000000eab00000, 0x00000000eab00000)
  object space 699392K, 8% used [0x00000000c0000000,0x00000000c3a68848,0x00000000eab00000)
 Metaspace       used 123277K, capacity 124614K, committed 129024K, reserved 1161216K
  class space    used 15614K, capacity 15952K, committed 16768K, reserved 1048576K
4524.615: [GC (Allocation Failure) [PSYoungGen: 294186K->24766K(308736K)] 353997K->87000K(1008128K), 0.0242114 secs] [Times: user=0.05 sys=0.00, real=0.03 secs] 
Heap after GC invocations=48 (full 3):
 PSYoungGen      total 308736K, used 24766K [0x00000000eab00000, 0x0000000100000000, 0x0000000100000000)
  eden space 269312K, 0% used [0x00000000eab00000,0x00000000eab00000,0x00000000fb200000)
  from space 39424K, 62% used [0x00000000fb200000,0x00000000fca2fb70,0x00000000fd880000)
  to   space 37888K, 0% used [0x00000000fdb00000,0x00000000fdb00000,0x0000000100000000)
 ParOldGen       total 699392K, used 62233K [0x00000000c0000000, 0x00000000eab00000, 0x00000000eab00000)
  object space 699392K, 8% used [0x00000000c0000000,0x00000000c3cc6558,0x00000000eab00000)
 Metaspace       used 123277K, capacity 124614K, committed 129024K, reserved 1161216K
  class space    used 15614K, capacity 15952K, committed 16768K, reserved 1048576K
}
{Heap before GC invocations=49 (full 3):
 PSYoungGen      total 308736K, used 294078K [0x00000000eab00000, 0x0000000100000000, 0x0000000100000000)
  eden space 269312K, 100% used [0x00000000eab00000,0x00000000fb200000,0x00000000fb200000)
  from space 39424K, 62% used [0x00000000fb200000,0x00000000fca2fb70,0x00000000fd880000)
  to   space 37888K, 0% used [0x00000000fdb00000,0x00000000fdb00000,0x0000000100000000)
 ParOldGen       total 699392K, used 62233K [0x00000000c0000000, 0x00000000eab00000, 0x00000000eab00000)
  object space 699392K, 8% used [0x00000000c0000000,0x00000000c3cc6558,0x00000000eab00000)
 Metaspace       used 125764K, capacity 127154K, committed 129024K, reserved 1161216K
  class space    used 15934K, capacity 16281K, committed 16768K, reserved 1048576K
4659.824: [GC (Allocation Failure) [PSYoungGen: 294078K->29989K(309248K)] 356312K->94704K(1008640K), 0.0175026 secs] [Times: user=0.03 sys=0.00, real=0.02 secs] 
Heap after GC invocations=49 (full 3):
 PSYoungGen      total 309248K, used 29989K [0x00000000eab00000, 0x0000000100000000, 0x0000000100000000)
  eden space 271360K, 0% used [0x00000000eab00000,0x00000000eab00000,0x00000000fb400000)
  from space 37888K, 79% used [0x00000000fdb00000,0x00000000ff849520,0x0000000100000000)
  to   space 38912K, 0% used [0x00000000fb400000,0x00000000fb400000,0x00000000fda00000)
 ParOldGen       total 699392K, used 64715K [0x00000000c0000000, 0x00000000eab00000, 0x00000000eab00000)
  object space 699392K, 9% used [0x00000000c0000000,0x00000000c3f32da8,0x00000000eab00000)
 Metaspace       used 125764K, capacity 127154K, committed 129024K, reserved 1161216K
  class space    used 15934K, capacity 16281K, committed 16768K, reserved 1048576K
}
{Heap before GC invocations=50 (full 3):
 PSYoungGen      total 309248K, used 129098K [0x00000000eab00000, 0x0000000100000000, 0x0000000100000000)
  eden space 271360K, 36% used [0x00000000eab00000,0x00000000f0bc9670,0x00000000fb400000)
  from space 37888K, 79% used [0x00000000fdb00000,0x00000000ff849520,0x0000000100000000)
  to   space 38912K, 0% used [0x00000000fb400000,0x00000000fb400000,0x00000000fda00000)
 ParOldGen       total 699392K, used 64715K [0x00000000c0000000, 0x00000000eab00000, 0x00000000eab00000)
  object space 699392K, 9% used [0x00000000c0000000,0x00000000c3f32da8,0x00000000eab00000)
 Metaspace       used 128618K, capacity 130076K, committed 131072K, reserved 1163264K
  class space    used 16342K, capacity 16702K, committed 16768K, reserved 1048576K
4660.623: [GC (Metadata GC Threshold) [PSYoungGen: 129098K->11422K(283136K)] 193814K->77997K(982528K), 0.0137493 secs] [Times: user=0.03 sys=0.00, real=0.01 secs] 
Heap after GC invocations=50 (full 3):
 PSYoungGen      total 283136K, used 11422K [0x00000000eab00000, 0x0000000100000000, 0x0000000100000000)
  eden space 271360K, 0% used [0x00000000eab00000,0x00000000eab00000,0x00000000fb400000)
  from space 11776K, 96% used [0x00000000fb400000,0x00000000fbf27a78,0x00000000fbf80000)
  to   space 39936K, 0% used [0x00000000fd900000,0x00000000fd900000,0x0000000100000000)
 ParOldGen       total 699392K, used 66574K [0x00000000c0000000, 0x00000000eab00000, 0x00000000eab00000)
  object space 699392K, 9% used [0x00000000c0000000,0x00000000c4103ab8,0x00000000eab00000)
 Metaspace       used 128618K, capacity 130076K, committed 131072K, reserved 1163264K
  class space    used 16342K, capacity 16702K, committed 16768K, reserved 1048576K
}
{Heap before GC invocations=51 (full 4):
 PSYoungGen      total 283136K, used 11422K [0x00000000eab00000, 0x0000000100000000, 0x0000000100000000)
  eden space 271360K, 0% used [0x00000000eab00000,0x00000000eab00000,0x00000000fb400000)
  from space 11776K, 96% used [0x00000000fb400000,0x00000000fbf27a78,0x00000000fbf80000)
  to   space 39936K, 0% used [0x00000000fd900000,0x00000000fd900000,0x0000000100000000)
 ParOldGen       total 699392K, used 66574K [0x00000000c0000000, 0x00000000eab00000, 0x00000000eab00000)
  object space 699392K, 9% used [0x00000000c0000000,0x00000000c4103ab8,0x00000000eab00000)
 Metaspace       used 128618K, capacity 130076K, committed 131072K, reserved 1163264K
  class space    used 16342K, capacity 16702K, committed 16768K, reserved 1048576K
4660.636: [Full GC (Metadata GC Threshold) [PSYoungGen: 11422K->0K(283136K)] [ParOldGen: 66574K->39135K(699392K)] 77997K->39135K(982528K), [Metaspace: 128618K->78765K(1153024K)], 0.1672154 secs] [Times: user=0.30 sys=0.01, real=0.17 secs] 
Heap after GC invocations=51 (full 4):
 PSYoungGen      total 283136K, used 0K [0x00000000eab00000, 0x0000000100000000, 0x0000000100000000)
  eden space 271360K, 0% used [0x00000000eab00000,0x00000000eab00000,0x00000000fb400000)
  from space 11776K, 0% used [0x00000000fb400000,0x00000000fb400000,0x00000000fbf80000)
  to   space 39936K, 0% used [0x00000000fd900000,0x00000000fd900000,0x0000000100000000)
 ParOldGen       total 699392K, used 39135K [0x00000000c0000000, 0x00000000eab00000, 0x00000000eab00000)
  object space 699392K, 5% used [0x00000000c0000000,0x00000000c2637c98,0x00000000eab00000)
 Metaspace       used 78765K, capacity 79728K, committed 120832K, reserved 1153024K
  class space    used 9441K, capacity 9716K, committed 16768K, reserved 1048576K
}
{Heap before GC invocations=52 (full 4):
 PSYoungGen      total 283136K, used 271360K [0x00000000eab00000, 0x0000000100000000, 0x0000000100000000)
  eden space 271360K, 100% used [0x00000000eab00000,0x00000000fb400000,0x00000000fb400000)
  from space 11776K, 0% used [0x00000000fb400000,0x00000000fb400000,0x00000000fbf80000)
  to   space 39936K, 0% used [0x00000000fd900000,0x00000000fd900000,0x0000000100000000)
 ParOldGen       total 699392K, used 39135K [0x00000000c0000000, 0x00000000eab00000, 0x00000000eab00000)
  object space 699392K, 5% used [0x00000000c0000000,0x00000000c2637c98,0x00000000eab00000)
 Metaspace       used 86236K, capacity 87258K, committed 120832K, reserved 1153024K
  class space    used 10455K, capacity 10749K, committed 16768K, reserved 1048576K
4725.632: [GC (Allocation Failure) [PSYoungGen: 271360K->20058K(310272K)] 310495K->59193K(1009664K), 0.0128390 secs] [Times: user=0.02 sys=0.00, real=0.01 secs] 
Heap after GC invocations=52 (full 4):
 PSYoungGen      total 310272K, used 20058K [0x00000000eab00000, 0x0000000100000000, 0x0000000100000000)
  eden space 270336K, 0% used [0x00000000eab00000,0x00000000eab00000,0x00000000fb300000)
  from space 39936K, 50% used [0x00000000fd900000,0x00000000fec96930,0x0000000100000000)
  to   space 38912K, 0% used [0x00000000fb300000,0x00000000fb300000,0x00000000fd900000)
 ParOldGen       total 699392K, used 39135K [0x00000000c0000000, 0x00000000eab00000, 0x00000000eab00000)
  object space 699392K, 5% used [0x00000000c0000000,0x00000000c2637c98,0x00000000eab00000)
 Metaspace       used 86236K, capacity 87258K, committed 120832K, reserved 1153024K
  class space    used 10455K, capacity 10749K, committed 16768K, reserved 1048576K
}
{Heap before GC invocations=53 (full 4):
 PSYoungGen      total 310272K, used 290394K [0x00000000eab00000, 0x0000000100000000, 0x0000000100000000)
  eden space 270336K, 100% used [0x00000000eab00000,0x00000000fb300000,0x00000000fb300000)
  from space 39936K, 50% used [0x00000000fd900000,0x00000000fec96930,0x0000000100000000)
  to   space 38912K, 0% used [0x00000000fb300000,0x00000000fb300000,0x00000000fd900000)
 ParOldGen       total 699392K, used 39135K [0x00000000c0000000, 0x00000000eab00000, 0x00000000eab00000)
  object space 699392K, 5% used [0x00000000c0000000,0x00000000c2637c98,0x00000000eab00000)
 Metaspace       used 91028K, capacity 92114K, committed 120832K, reserved 1153024K
  class space    used 11112K, capacity 11428K, committed 16768K, reserved 1048576K
4726.587: [GC (Allocation Failure) [PSYoungGen: 290394K->29546K(309248K)] 329529K->72630K(1008640K), 0.0272507 secs] [Times: user=0.04 sys=0.00, real=0.03 secs] 
Heap after GC invocations=53 (full 4):
 PSYoungGen      total 309248K, used 29546K [0x00000000eab00000, 0x0000000100000000, 0x0000000100000000)
  eden space 270336K, 0% used [0x00000000eab00000,0x00000000eab00000,0x00000000fb300000)
  from space 38912K, 75% used [0x00000000fb300000,0x00000000fcfda988,0x00000000fd900000)
  to   space 39424K, 0% used [0x00000000fd980000,0x00000000fd980000,0x0000000100000000)
 ParOldGen       total 699392K, used 43084K [0x00000000c0000000, 0x00000000eab00000, 0x00000000eab00000)
  object space 699392K, 6% used [0x00000000c0000000,0x00000000c2a131d8,0x00000000eab00000)
 Metaspace       used 91028K, capacity 92114K, committed 120832K, reserved 1153024K
  class space    used 11112K, capacity 11428K, committed 16768K, reserved 1048576K
}
{Heap before GC invocations=54 (full 4):
 PSYoungGen      total 309248K, used 299882K [0x00000000eab00000, 0x0000000100000000, 0x0000000100000000)
  eden space 270336K, 100% used [0x00000000eab00000,0x00000000fb300000,0x00000000fb300000)
  from space 38912K, 75% used [0x00000000fb300000,0x00000000fcfda988,0x00000000fd900000)
  to   space 39424K, 0% used [0x00000000fd980000,0x00000000fd980000,0x0000000100000000)
 ParOldGen       total 699392K, used 43084K [0x00000000c0000000, 0x00000000eab00000, 0x00000000eab00000)
  object space 699392K, 6% used [0x00000000c0000000,0x00000000c2a131d8,0x00000000eab00000)
 Metaspace       used 96576K, capacity 97738K, committed 120832K, reserved 1153024K
  class space    used 11882K, capacity 12207K, committed 16768K, reserved 1048576K
5096.376: [GC (Allocation Failure) [PSYoungGen: 299882K->21636K(310784K)] 342966K->65861K(1010176K), 0.0141053 secs] [Times: user=0.03 sys=0.00, real=0.01 secs] 
Heap after GC invocations=54 (full 4):
 PSYoungGen      total 310784K, used 21636K [0x00000000eab00000, 0x0000000100000000, 0x0000000100000000)
  eden space 271360K, 0% used [0x00000000eab00000,0x00000000eab00000,0x00000000fb400000)
  from space 39424K, 54% used [0x00000000fd980000,0x00000000feea1120,0x0000000100000000)
  to   space 38400K, 0% used [0x00000000fb400000,0x00000000fb400000,0x00000000fd980000)
 ParOldGen       total 699392K, used 44224K [0x00000000c0000000, 0x00000000eab00000, 0x00000000eab00000)
  object space 699392K, 6% used [0x00000000c0000000,0x00000000c2b30310,0x00000000eab00000)
 Metaspace       used 96576K, capacity 97738K, committed 120832K, reserved 1153024K
  class space    used 11882K, capacity 12207K, committed 16768K, reserved 1048576K
}
{Heap before GC invocations=55 (full 4):
 PSYoungGen      total 310784K, used 292996K [0x00000000eab00000, 0x0000000100000000, 0x0000000100000000)
  eden space 271360K, 100% used [0x00000000eab00000,0x00000000fb400000,0x00000000fb400000)
  from space 39424K, 54% used [0x00000000fd980000,0x00000000feea1120,0x0000000100000000)
  to   space 38400K, 0% used [0x00000000fb400000,0x00000000fb400000,0x00000000fd980000)
 ParOldGen       total 699392K, used 44224K [0x00000000c0000000, 0x00000000eab00000, 0x00000000eab00000)
  object space 699392K, 6% used [0x00000000c0000000,0x00000000c2b30310,0x00000000eab00000)
 Metaspace       used 103310K, capacity 104538K, committed 120832K, reserved 1153024K
  class space    used 12818K, capacity 13173K, committed 16768K, reserved 1048576K
5098.115: [GC (Allocation Failure) [PSYoungGen: 292996K->28375K(309760K)] 337221K->75658K(1009152K), 0.0494247 secs] [Times: user=0.06 sys=0.00, real=0.05 secs] 
Heap after GC invocations=55 (full 4):
 PSYoungGen      total 309760K, used 28375K [0x00000000eab00000, 0x0000000100000000, 0x0000000100000000)
  eden space 271360K, 0% used [0x00000000eab00000,0x00000000eab00000,0x00000000fb400000)
  from space 38400K, 73% used [0x00000000fb400000,0x00000000fcfb5da0,0x00000000fd980000)
  to   space 38912K, 0% used [0x00000000fda00000,0x00000000fda00000,0x0000000100000000)
 ParOldGen       total 699392K, used 47283K [0x00000000c0000000, 0x00000000eab00000, 0x00000000eab00000)
  object space 699392K, 6% used [0x00000000c0000000,0x00000000c2e2cc20,0x00000000eab00000)
 Metaspace       used 103310K, capacity 104538K, committed 120832K, reserved 1153024K
  class space    used 12818K, capacity 13173K, committed 16768K, reserved 1048576K
}
{Heap before GC invocations=56 (full 4):
 PSYoungGen      total 309760K, used 299735K [0x00000000eab00000, 0x0000000100000000, 0x0000000100000000)
  eden space 271360K, 100% used [0x00000000eab00000,0x00000000fb400000,0x00000000fb400000)
  from space 38400K, 73% used [0x00000000fb400000,0x00000000fcfb5da0,0x00000000fd980000)
  to   space 38912K, 0% used [0x00000000fda00000,0x00000000fda00000,0x0000000100000000)
 ParOldGen       total 699392K, used 47283K [0x00000000c0000000, 0x00000000eab00000, 0x00000000eab00000)
  object space 699392K, 6% used [0x00000000c0000000,0x00000000c2e2cc20,0x00000000eab00000)
 Metaspace       used 106885K, capacity 108134K, committed 120832K, reserved 1153024K
  class space    used 13312K, capacity 13661K, committed 16768K, reserved 1048576K
5131.367: [GC (Allocation Failure) [PSYoungGen: 299735K->28636K(310272K)] 347018K->77845K(1009664K), 0.0412874 secs] [Times: user=0.05 sys=0.00, real=0.04 secs] 
Heap after GC invocations=56 (full 4):
 PSYoungGen      total 310272K, used 28636K [0x00000000eab00000, 0x0000000100000000, 0x0000000100000000)
  eden space 271360K, 0% used [0x00000000eab00000,0x00000000eab00000,0x00000000fb400000)
  from space 38912K, 73% used [0x00000000fda00000,0x00000000ff5f71e8,0x0000000100000000)
  to   space 38912K, 0% used [0x00000000fb400000,0x00000000fb400000,0x00000000fda00000)
 ParOldGen       total 699392K, used 49209K [0x00000000c0000000, 0x00000000eab00000, 0x00000000eab00000)
  object space 699392K, 7% used [0x00000000c0000000,0x00000000c300e578,0x00000000eab00000)
 Metaspace       used 106885K, capacity 108134K, committed 120832K, reserved 1153024K
  class space    used 13312K, capacity 13661K, committed 16768K, reserved 1048576K
}
{Heap before GC invocations=57 (full 4):
 PSYoungGen      total 310272K, used 299996K [0x00000000eab00000, 0x0000000100000000, 0x0000000100000000)
  eden space 271360K, 100% used [0x00000000eab00000,0x00000000fb400000,0x00000000fb400000)
  from space 38912K, 73% used [0x00000000fda00000,0x00000000ff5f71e8,0x0000000100000000)
  to   space 38912K, 0% used [0x00000000fb400000,0x00000000fb400000,0x00000000fda00000)
 ParOldGen       total 699392K, used 49209K [0x00000000c0000000, 0x00000000eab00000, 0x00000000eab00000)
  object space 699392K, 7% used [0x00000000c0000000,0x00000000c300e578,0x00000000eab00000)
 Metaspace       used 116009K, capacity 117314K, committed 120832K, reserved 1153024K
  class space    used 14581K, capacity 14949K, committed 16768K, reserved 1048576K
5132.984: [GC (Allocation Failure) [PSYoungGen: 299996K->22390K(310272K)] 349205K->73847K(1009664K), 0.0158890 secs] [Times: user=0.03 sys=0.00, real=0.02 secs] 
Heap after GC invocations=57 (full 4):
 PSYoungGen      total 310272K, used 22390K [0x00000000eab00000, 0x0000000100000000, 0x0000000100000000)
  eden space 271360K, 0% used [0x00000000eab00000,0x00000000eab00000,0x00000000fb400000)
  from space 38912K, 57% used [0x00000000fb400000,0x00000000fc9dda70,0x00000000fda00000)
  to   space 37888K, 0% used [0x00000000fdb00000,0x00000000fdb00000,0x0000000100000000)
 ParOldGen       total 699392K, used 51456K [0x00000000c0000000, 0x00000000eab00000, 0x00000000eab00000)
  object space 699392K, 7% used [0x00000000c0000000,0x00000000c3240238,0x00000000eab00000)
 Metaspace       used 116009K, capacity 117314K, committed 120832K, reserved 1153024K
  class space    used 14581K, capacity 14949K, committed 16768K, reserved 1048576K
}
{Heap before GC invocations=58 (full 4):
 PSYoungGen      total 310272K, used 293750K [0x00000000eab00000, 0x0000000100000000, 0x0000000100000000)
  eden space 271360K, 100% used [0x00000000eab00000,0x00000000fb400000,0x00000000fb400000)
  from space 38912K, 57% used [0x00000000fb400000,0x00000000fc9dda70,0x00000000fda00000)
  to   space 37888K, 0% used [0x00000000fdb00000,0x00000000fdb00000,0x0000000100000000)
 ParOldGen       total 699392K, used 51456K [0x00000000c0000000, 0x00000000eab00000, 0x00000000eab00000)
  object space 699392K, 7% used [0x00000000c0000000,0x00000000c3240238,0x00000000eab00000)
 Metaspace       used 117350K, capacity 118758K, committed 121472K, reserved 1155072K
  class space    used 14772K, capacity 15151K, committed 16768K, reserved 1048576K
5156.391: [GC (Allocation Failure) [PSYoungGen: 293750K->32396K(308224K)] 345207K->86703K(1007616K), 0.0281795 secs] [Times: user=0.08 sys=0.00, real=0.03 secs] 
Heap after GC invocations=58 (full 4):
 PSYoungGen      total 308224K, used 32396K [0x00000000eab00000, 0x0000000100000000, 0x0000000100000000)
  eden space 270336K, 0% used [0x00000000eab00000,0x00000000eab00000,0x00000000fb300000)
  from space 37888K, 85% used [0x00000000fdb00000,0x00000000ffaa3398,0x0000000100000000)
  to   space 39424K, 0% used [0x00000000fb300000,0x00000000fb300000,0x00000000fd980000)
 ParOldGen       total 699392K, used 54306K [0x00000000c0000000, 0x00000000eab00000, 0x00000000eab00000)
  object space 699392K, 7% used [0x00000000c0000000,0x00000000c3508a88,0x00000000eab00000)
 Metaspace       used 117350K, capacity 118758K, committed 121472K, reserved 1155072K
  class space    used 14772K, capacity 15151K, committed 16768K, reserved 1048576K
}
{Heap before GC invocations=59 (full 4):
 PSYoungGen      total 308224K, used 302732K [0x00000000eab00000, 0x0000000100000000, 0x0000000100000000)
  eden space 270336K, 100% used [0x00000000eab00000,0x00000000fb300000,0x00000000fb300000)
  from space 37888K, 85% used [0x00000000fdb00000,0x00000000ffaa3398,0x0000000100000000)
  to   space 39424K, 0% used [0x00000000fb300000,0x00000000fb300000,0x00000000fd980000)
 ParOldGen       total 699392K, used 54306K [0x00000000c0000000, 0x00000000eab00000, 0x00000000eab00000)
  object space 699392K, 7% used [0x00000000c0000000,0x00000000c3508a88,0x00000000eab00000)
 Metaspace       used 127390K, capacity 128848K, committed 130176K, reserved 1163264K
  class space    used 16154K, capacity 16566K, committed 16768K, reserved 1048576K
5160.865: [GC (Allocation Failure) [PSYoungGen: 302732K->17015K(309760K)] 357039K->72857K(1009152K), 0.0400852 secs] [Times: user=0.09 sys=0.00, real=0.04 secs] 
Heap after GC invocations=59 (full 4):
 PSYoungGen      total 309760K, used 17015K [0x00000000eab00000, 0x0000000100000000, 0x0000000100000000)
  eden space 270336K, 0% used [0x00000000eab00000,0x00000000eab00000,0x00000000fb300000)
  from space 39424K, 43% used [0x00000000fb300000,0x00000000fc39def0,0x00000000fd980000)
  to   space 39424K, 0% used [0x00000000fd980000,0x00000000fd980000,0x0000000100000000)
 ParOldGen       total 699392K, used 55841K [0x00000000c0000000, 0x00000000eab00000, 0x00000000eab00000)
  object space 699392K, 7% used [0x00000000c0000000,0x00000000c3688728,0x00000000eab00000)
 Metaspace       used 127390K, capacity 128848K, committed 130176K, reserved 1163264K
  class space    used 16154K, capacity 16566K, committed 16768K, reserved 1048576K
}
{Heap before GC invocations=60 (full 4):
 PSYoungGen      total 309760K, used 263039K [0x00000000eab00000, 0x0000000100000000, 0x0000000100000000)
  eden space 270336K, 91% used [0x00000000eab00000,0x00000000f9b41e48,0x00000000fb300000)
  from space 39424K, 43% used [0x00000000fb300000,0x00000000fc39def0,0x00000000fd980000)
  to   space 39424K, 0% used [0x00000000fd980000,0x00000000fd980000,0x0000000100000000)
 ParOldGen       total 699392K, used 55841K [0x00000000c0000000, 0x00000000eab00000, 0x00000000eab00000)
  object space 699392K, 7% used [0x00000000c0000000,0x00000000c3688728,0x00000000eab00000)
 Metaspace       used 128558K, capacity 130062K, committed 131072K, reserved 1163264K
  class space    used 16317K, capacity 16736K, committed 16768K, reserved 1048576K
5276.486: [GC (Metadata GC Threshold) [PSYoungGen: 263039K->32497K(306688K)] 318881K->91929K(1006080K), 0.0365878 secs] [Times: user=0.06 sys=0.00, real=0.04 secs] 
Heap after GC invocations=60 (full 4):
 PSYoungGen      total 306688K, used 32497K [0x00000000eab00000, 0x0000000100000000, 0x0000000100000000)
  eden space 267264K, 0% used [0x00000000eab00000,0x00000000eab00000,0x00000000fb000000)
  from space 39424K, 82% used [0x00000000fd980000,0x00000000ff93c668,0x0000000100000000)
  to   space 40960K, 0% used [0x00000000fb000000,0x00000000fb000000,0x00000000fd800000)
 ParOldGen       total 699392K, used 59431K [0x00000000c0000000, 0x00000000eab00000, 0x00000000eab00000)
  object space 699392K, 8% used [0x00000000c0000000,0x00000000c3a09fc8,0x00000000eab00000)
 Metaspace       used 128558K, capacity 130062K, committed 131072K, reserved 1163264K
  class space    used 16317K, capacity 16736K, committed 16768K, reserved 1048576K
}
{Heap before GC invocations=61 (full 5):
 PSYoungGen      total 306688K, used 32497K [0x00000000eab00000, 0x0000000100000000, 0x0000000100000000)
  eden space 267264K, 0% used [0x00000000eab00000,0x00000000eab00000,0x00000000fb000000)
  from space 39424K, 82% used [0x00000000fd980000,0x00000000ff93c668,0x0000000100000000)
  to   space 40960K, 0% used [0x00000000fb000000,0x00000000fb000000,0x00000000fd800000)
 ParOldGen       total 699392K, used 59431K [0x00000000c0000000, 0x00000000eab00000, 0x00000000eab00000)
  object space 699392K, 8% used [0x00000000c0000000,0x00000000c3a09fc8,0x00000000eab00000)
 Metaspace       used 128558K, capacity 130062K, committed 131072K, reserved 1163264K
  class space    used 16317K, capacity 16736K, committed 16768K, reserved 1048576K
5276.522: [Full GC (Metadata GC Threshold) [PSYoungGen: 32497K->0K(306688K)] [ParOldGen: 59431K->61846K(699392K)] 91929K->61846K(1006080K), [Metaspace: 128558K->87551K(1163264K)], 0.2897030 secs] [Times: user=0.48 sys=0.00, real=0.29 secs] 
Heap after GC invocations=61 (full 5):
 PSYoungGen      total 306688K, used 0K [0x00000000eab00000, 0x0000000100000000, 0x0000000100000000)
  eden space 267264K, 0% used [0x00000000eab00000,0x00000000eab00000,0x00000000fb000000)
  from space 39424K, 0% used [0x00000000fd980000,0x00000000fd980000,0x0000000100000000)
  to   space 40960K, 0% used [0x00000000fb000000,0x00000000fb000000,0x00000000fd800000)
 ParOldGen       total 699392K, used 61846K [0x00000000c0000000, 0x00000000eab00000, 0x00000000eab00000)
  object space 699392K, 8% used [0x00000000c0000000,0x00000000c3c658e0,0x00000000eab00000)
 Metaspace       used 87551K, capacity 88556K, committed 131072K, reserved 1163264K
  class space    used 10626K, capacity 10946K, committed 16768K, reserved 1048576K
}
{Heap before GC invocations=62 (full 5):
 PSYoungGen      total 306688K, used 267264K [0x00000000eab00000, 0x0000000100000000, 0x0000000100000000)
  eden space 267264K, 100% used [0x00000000eab00000,0x00000000fb000000,0x00000000fb000000)
  from space 39424K, 0% used [0x00000000fd980000,0x00000000fd980000,0x0000000100000000)
  to   space 40960K, 0% used [0x00000000fb000000,0x00000000fb000000,0x00000000fd800000)
 ParOldGen       total 699392K, used 61846K [0x00000000c0000000, 0x00000000eab00000, 0x00000000eab00000)
  object space 699392K, 8% used [0x00000000c0000000,0x00000000c3c658e0,0x00000000eab00000)
 Metaspace       used 97012K, capacity 98070K, committed 131072K, reserved 1163264K
  class space    used 11931K, capacity 12234K, committed 16768K, reserved 1048576K
5364.987: [GC (Allocation Failure) [PSYoungGen: 267264K->13890K(281600K)] 329110K->75744K(980992K), 0.0181767 secs] [Times: user=0.03 sys=0.00, real=0.02 secs] 
Heap after GC invocations=62 (full 5):
 PSYoungGen      total 281600K, used 13890K [0x00000000eab00000, 0x0000000100000000, 0x0000000100000000)
  eden space 267264K, 0% used [0x00000000eab00000,0x00000000eab00000,0x00000000fb000000)
  from space 14336K, 96% used [0x00000000fb000000,0x00000000fbd90ae0,0x00000000fbe00000)
  to   space 41472K, 0% used [0x00000000fd780000,0x00000000fd780000,0x0000000100000000)
 ParOldGen       total 699392K, used 61854K [0x00000000c0000000, 0x00000000eab00000, 0x00000000eab00000)
  object space 699392K, 8% used [0x00000000c0000000,0x00000000c3c678e0,0x00000000eab00000)
 Metaspace       used 97012K, capacity 98070K, committed 131072K, reserved 1163264K
  class space    used 11931K, capacity 12234K, committed 16768K, reserved 1048576K
}
{Heap before GC invocations=63 (full 5):
 PSYoungGen      total 281600K, used 281154K [0x00000000eab00000, 0x0000000100000000, 0x0000000100000000)
  eden space 267264K, 100% used [0x00000000eab00000,0x00000000fb000000,0x00000000fb000000)
  from space 14336K, 96% used [0x00000000fb000000,0x00000000fbd90ae0,0x00000000fbe00000)
  to   space 41472K, 0% used [0x00000000fd780000,0x00000000fd780000,0x0000000100000000)
 ParOldGen       total 699392K, used 61854K [0x00000000c0000000, 0x00000000eab00000, 0x00000000eab00000)
  object space 699392K, 8% used [0x00000000c0000000,0x00000000c3c678e0,0x00000000eab00000)
 Metaspace       used 99855K, capacity 100948K, committed 131072K, reserved 1163264K
  class space    used 12340K, capacity 12659K, committed 16768K, reserved 1048576K
5365.865: [GC (Allocation Failure) [PSYoungGen: 281154K->34825K(303616K)] 343008K->100689K(1003008K), 0.0266360 secs] [Times: user=0.05 sys=0.00, real=0.03 secs] 
Heap after GC invocations=63 (full 5):
 PSYoungGen      total 303616K, used 34825K [0x00000000eab00000, 0x0000000100000000, 0x0000000100000000)
  eden space 262144K, 0% used [0x00000000eab00000,0x00000000eab00000,0x00000000fab00000)
  from space 41472K, 83% used [0x00000000fd780000,0x00000000ff9825f8,0x0000000100000000)
  to   space 43520K, 0% used [0x00000000fab00000,0x00000000fab00000,0x00000000fd580000)
 ParOldGen       total 699392K, used 65864K [0x00000000c0000000, 0x00000000eab00000, 0x00000000eab00000)
  object space 699392K, 9% used [0x00000000c0000000,0x00000000c4052160,0x00000000eab00000)
 Metaspace       used 99855K, capacity 100948K, committed 131072K, reserved 1163264K
  class space    used 12340K, capacity 12659K, committed 16768K, reserved 1048576K
}
{Heap before GC invocations=64 (full 5):
 PSYoungGen      total 303616K, used 296969K [0x00000000eab00000, 0x0000000100000000, 0x0000000100000000)
  eden space 262144K, 100% used [0x00000000eab00000,0x00000000fab00000,0x00000000fab00000)
  from space 41472K, 83% used [0x00000000fd780000,0x00000000ff9825f8,0x0000000100000000)
  to   space 43520K, 0% used [0x00000000fab00000,0x00000000fab00000,0x00000000fd580000)
 ParOldGen       total 699392K, used 65864K [0x00000000c0000000, 0x00000000eab00000, 0x00000000eab00000)
  object space 699392K, 9% used [0x00000000c0000000,0x00000000c4052160,0x00000000eab00000)
 Metaspace       used 107475K, capacity 108606K, committed 131072K, reserved 1163264K
  class space    used 13377K, capacity 13692K, committed 16768K, reserved 1048576K
5684.144: [GC (Allocation Failure) [PSYoungGen: 296969K->16307K(305664K)] 362833K->82831K(1005056K), 0.0110425 secs] [Times: user=0.03 sys=0.00, real=0.01 secs] 
Heap after GC invocations=64 (full 5):
 PSYoungGen      total 305664K, used 16307K [0x00000000eab00000, 0x0000000100000000, 0x0000000100000000)
  eden space 262144K, 0% used [0x00000000eab00000,0x00000000eab00000,0x00000000fab00000)
  from space 43520K, 37% used [0x00000000fab00000,0x00000000fbaecd78,0x00000000fd580000)
  to   space 43520K, 0% used [0x00000000fd580000,0x00000000fd580000,0x0000000100000000)
 ParOldGen       total 699392K, used 66524K [0x00000000c0000000, 0x00000000eab00000, 0x00000000eab00000)
  object space 699392K, 9% used [0x00000000c0000000,0x00000000c40f7170,0x00000000eab00000)
 Metaspace       used 107475K, capacity 108606K, committed 131072K, reserved 1163264K
  class space    used 13377K, capacity 13692K, committed 16768K, reserved 1048576K
}
{Heap before GC invocations=65 (full 5):
 PSYoungGen      total 305664K, used 278451K [0x00000000eab00000, 0x0000000100000000, 0x0000000100000000)
  eden space 262144K, 100% used [0x00000000eab00000,0x00000000fab00000,0x00000000fab00000)
  from space 43520K, 37% used [0x00000000fab00000,0x00000000fbaecd78,0x00000000fd580000)
  to   space 43520K, 0% used [0x00000000fd580000,0x00000000fd580000,0x0000000100000000)
 ParOldGen       total 699392K, used 66524K [0x00000000c0000000, 0x00000000eab00000, 0x00000000eab00000)
  object space 699392K, 9% used [0x00000000c0000000,0x00000000c40f7170,0x00000000eab00000)
 Metaspace       used 111951K, capacity 113174K, committed 131072K, reserved 1163264K
  class space    used 13994K, capacity 14339K, committed 16768K, reserved 1048576K
5685.183: [GC (Allocation Failure) [PSYoungGen: 278451K->32074K(303616K)] 344975K->102207K(1003008K), 0.0360104 secs] [Times: user=0.06 sys=0.00, real=0.03 secs] 
Heap after GC invocations=65 (full 5):
 PSYoungGen      total 303616K, used 32074K [0x00000000eab00000, 0x0000000100000000, 0x0000000100000000)
  eden space 260096K, 0% used [0x00000000eab00000,0x00000000eab00000,0x00000000fa900000)
  from space 43520K, 73% used [0x00000000fd580000,0x00000000ff4d2a08,0x0000000100000000)
  to   space 44544K, 0% used [0x00000000fa900000,0x00000000fa900000,0x00000000fd480000)
 ParOldGen       total 699392K, used 70133K [0x00000000c0000000, 0x00000000eab00000, 0x00000000eab00000)
  object space 699392K, 10% used [0x00000000c0000000,0x00000000c447d560,0x00000000eab00000)
 Metaspace       used 111951K, capacity 113174K, committed 131072K, reserved 1163264K
  class space    used 13994K, capacity 14339K, committed 16768K, reserved 1048576K
}
{Heap before GC invocations=66 (full 5):
 PSYoungGen      total 303616K, used 292170K [0x00000000eab00000, 0x0000000100000000, 0x0000000100000000)
  eden space 260096K, 100% used [0x00000000eab00000,0x00000000fa900000,0x00000000fa900000)
  from space 43520K, 73% used [0x00000000fd580000,0x00000000ff4d2a08,0x0000000100000000)
  to   space 44544K, 0% used [0x00000000fa900000,0x00000000fa900000,0x00000000fd480000)
 ParOldGen       total 699392K, used 70133K [0x00000000c0000000, 0x00000000eab00000, 0x00000000eab00000)
  object space 699392K, 10% used [0x00000000c0000000,0x00000000c447d560,0x00000000eab00000)
 Metaspace       used 117923K, capacity 119136K, committed 131072K, reserved 1163264K
  class space    used 14823K, capacity 15148K, committed 16768K, reserved 1048576K
6055.989: [GC (Allocation Failure) [PSYoungGen: 292170K->16409K(304640K)] 362303K->87455K(1004032K), 0.0111610 secs] [Times: user=0.02 sys=0.00, real=0.02 secs] 
Heap after GC invocations=66 (full 5):
 PSYoungGen      total 304640K, used 16409K [0x00000000eab00000, 0x0000000100000000, 0x0000000100000000)
  eden space 260096K, 0% used [0x00000000eab00000,0x00000000eab00000,0x00000000fa900000)
  from space 44544K, 36% used [0x00000000fa900000,0x00000000fb9065f0,0x00000000fd480000)
  to   space 44032K, 0% used [0x00000000fd500000,0x00000000fd500000,0x0000000100000000)
 ParOldGen       total 699392K, used 71046K [0x00000000c0000000, 0x00000000eab00000, 0x00000000eab00000)
  object space 699392K, 10% used [0x00000000c0000000,0x00000000c45618f0,0x00000000eab00000)
 Metaspace       used 117923K, capacity 119136K, committed 131072K, reserved 1163264K
  class space    used 14823K, capacity 15148K, committed 16768K, reserved 1048576K
}
{Heap before GC invocations=67 (full 5):
 PSYoungGen      total 304640K, used 276505K [0x00000000eab00000, 0x0000000100000000, 0x0000000100000000)
  eden space 260096K, 100% used [0x00000000eab00000,0x00000000fa900000,0x00000000fa900000)
  from space 44544K, 36% used [0x00000000fa900000,0x00000000fb9065f0,0x00000000fd480000)
  to   space 44032K, 0% used [0x00000000fd500000,0x00000000fd500000,0x0000000100000000)
 ParOldGen       total 699392K, used 71046K [0x00000000c0000000, 0x00000000eab00000, 0x00000000eab00000)
  object space 699392K, 10% used [0x00000000c0000000,0x00000000c45618f0,0x00000000eab00000)
 Metaspace       used 122561K, capacity 123832K, committed 131072K, reserved 1163264K
  class space    used 15458K, capacity 15795K, committed 16768K, reserved 1048576K
6057.356: [GC (Allocation Failure) [PSYoungGen: 276505K->30479K(304128K)] 347551K->104798K(1003520K), 0.0344274 secs] [Times: user=0.09 sys=0.00, real=0.03 secs] 
Heap after GC invocations=67 (full 5):
 PSYoungGen      total 304128K, used 30479K [0x00000000eab00000, 0x0000000100000000, 0x0000000100000000)
  eden space 260096K, 0% used [0x00000000eab00000,0x00000000eab00000,0x00000000fa900000)
  from space 44032K, 69% used [0x00000000fd500000,0x00000000ff2c3d50,0x0000000100000000)
  to   space 44544K, 0% used [0x00000000fa900000,0x00000000fa900000,0x00000000fd480000)
 ParOldGen       total 699392K, used 74319K [0x00000000c0000000, 0x00000000eab00000, 0x00000000eab00000)
  object space 699392K, 10% used [0x00000000c0000000,0x00000000c4893ce0,0x00000000eab00000)
 Metaspace       used 122561K, capacity 123832K, committed 131072K, reserved 1163264K
  class space    used 15458K, capacity 15795K, committed 16768K, reserved 1048576K
}
{Heap before GC invocations=68 (full 5):
 PSYoungGen      total 304128K, used 290575K [0x00000000eab00000, 0x0000000100000000, 0x0000000100000000)
  eden space 260096K, 100% used [0x00000000eab00000,0x00000000fa900000,0x00000000fa900000)
  from space 44032K, 69% used [0x00000000fd500000,0x00000000ff2c3d50,0x0000000100000000)
  to   space 44544K, 0% used [0x00000000fa900000,0x00000000fa900000,0x00000000fd480000)
 ParOldGen       total 699392K, used 74319K [0x00000000c0000000, 0x00000000eab00000, 0x00000000eab00000)
  object space 699392K, 10% used [0x00000000c0000000,0x00000000c4893ce0,0x00000000eab00000)
 Metaspace       used 128375K, capacity 129602K, committed 131072K, reserved 1163264K
  class space    used 16268K, capacity 16604K, committed 16768K, reserved 1048576K
8617.632: [GC (Allocation Failure) [PSYoungGen: 290575K->15719K(304640K)] 364894K->91104K(1004032K), 0.0117482 secs] [Times: user=0.02 sys=0.01, real=0.01 secs] 
Heap after GC invocations=68 (full 5):
 PSYoungGen      total 304640K, used 15719K [0x00000000eab00000, 0x0000000100000000, 0x0000000100000000)
  eden space 260096K, 0% used [0x00000000eab00000,0x00000000eab00000,0x00000000fa900000)
  from space 44544K, 35% used [0x00000000fa900000,0x00000000fb859d38,0x00000000fd480000)
  to   space 44032K, 0% used [0x00000000fd500000,0x00000000fd500000,0x0000000100000000)
 ParOldGen       total 699392K, used 75385K [0x00000000c0000000, 0x00000000eab00000, 0x00000000eab00000)
  object space 699392K, 10% used [0x00000000c0000000,0x00000000c499e440,0x00000000eab00000)
 Metaspace       used 128375K, capacity 129602K, committed 131072K, reserved 1163264K
  class space    used 16268K, capacity 16604K, committed 16768K, reserved 1048576K
}
{Heap before GC invocations=69 (full 5):
 PSYoungGen      total 304640K, used 196745K [0x00000000eab00000, 0x0000000100000000, 0x0000000100000000)
  eden space 260096K, 69% used [0x00000000eab00000,0x00000000f5bc8760,0x00000000fa900000)
  from space 44544K, 35% used [0x00000000fa900000,0x00000000fb859d38,0x00000000fd480000)
  to   space 44032K, 0% used [0x00000000fd500000,0x00000000fd500000,0x0000000100000000)
 ParOldGen       total 699392K, used 75385K [0x00000000c0000000, 0x00000000eab00000, 0x00000000eab00000)
  object space 699392K, 10% used [0x00000000c0000000,0x00000000c499e440,0x00000000eab00000)
 Metaspace       used 128767K, capacity 130004K, committed 131072K, reserved 1163264K
  class space    used 16323K, capacity 16674K, committed 16768K, reserved 1048576K
8618.021: [GC (Metadata GC Threshold) [PSYoungGen: 196745K->24631K(307200K)] 272130K->103180K(1006592K), 0.0297079 secs] [Times: user=0.04 sys=0.01, real=0.02 secs] 
Heap after GC invocations=69 (full 5):
 PSYoungGen      total 307200K, used 24631K [0x00000000eab00000, 0x0000000100000000, 0x0000000100000000)
  eden space 263168K, 0% used [0x00000000eab00000,0x00000000eab00000,0x00000000fac00000)
  from space 44032K, 55% used [0x00000000fd500000,0x00000000fed0dc80,0x0000000100000000)
  to   space 41984K, 0% used [0x00000000fac00000,0x00000000fac00000,0x00000000fd500000)
 ParOldGen       total 699392K, used 78549K [0x00000000c0000000, 0x00000000eab00000, 0x00000000eab00000)
  object space 699392K, 11% used [0x00000000c0000000,0x00000000c4cb5458,0x00000000eab00000)
 Metaspace       used 128767K, capacity 130004K, committed 131072K, reserved 1163264K
  class space    used 16323K, capacity 16674K, committed 16768K, reserved 1048576K
}
{Heap before GC invocations=70 (full 6):
 PSYoungGen      total 307200K, used 24631K [0x00000000eab00000, 0x0000000100000000, 0x0000000100000000)
  eden space 263168K, 0% used [0x00000000eab00000,0x00000000eab00000,0x00000000fac00000)
  from space 44032K, 55% used [0x00000000fd500000,0x00000000fed0dc80,0x0000000100000000)
  to   space 41984K, 0% used [0x00000000fac00000,0x00000000fac00000,0x00000000fd500000)
 ParOldGen       total 699392K, used 78549K [0x00000000c0000000, 0x00000000eab00000, 0x00000000eab00000)
  object space 699392K, 11% used [0x00000000c0000000,0x00000000c4cb5458,0x00000000eab00000)
 Metaspace       used 128767K, capacity 130004K, committed 131072K, reserved 1163264K
  class space    used 16323K, capacity 16674K, committed 16768K, reserved 1048576K
8618.050: [Full GC (Metadata GC Threshold) [PSYoungGen: 24631K->0K(307200K)] [ParOldGen: 78549K->51781K(699392K)] 103180K->51781K(1006592K), [Metaspace: 128767K->77287K(1155072K)], 0.1691241 secs] [Times: user=0.32 sys=0.01, real=0.18 secs] 
Heap after GC invocations=70 (full 6):
 PSYoungGen      total 307200K, used 0K [0x00000000eab00000, 0x0000000100000000, 0x0000000100000000)
  eden space 263168K, 0% used [0x00000000eab00000,0x00000000eab00000,0x00000000fac00000)
  from space 44032K, 0% used [0x00000000fd500000,0x00000000fd500000,0x0000000100000000)
  to   space 41984K, 0% used [0x00000000fac00000,0x00000000fac00000,0x00000000fd500000)
 ParOldGen       total 699392K, used 51781K [0x00000000c0000000, 0x00000000eab00000, 0x00000000eab00000)
  object space 699392K, 7% used [0x00000000c0000000,0x00000000c32916e8,0x00000000eab00000)
 Metaspace       used 77287K, capacity 77856K, committed 122880K, reserved 1155072K
  class space    used 9170K, capacity 9372K, committed 16768K, reserved 1048576K
}
{Heap before GC invocations=71 (full 6):
 PSYoungGen      total 307200K, used 263168K [0x00000000eab00000, 0x0000000100000000, 0x0000000100000000)
  eden space 263168K, 100% used [0x00000000eab00000,0x00000000fac00000,0x00000000fac00000)
  from space 44032K, 0% used [0x00000000fd500000,0x00000000fd500000,0x0000000100000000)
  to   space 41984K, 0% used [0x00000000fac00000,0x00000000fac00000,0x00000000fd500000)
 ParOldGen       total 699392K, used 51781K [0x00000000c0000000, 0x00000000eab00000, 0x00000000eab00000)
  object space 699392K, 7% used [0x00000000c0000000,0x00000000c32916e8,0x00000000eab00000)
 Metaspace       used 87176K, capacity 87868K, committed 122880K, reserved 1155072K
  class space    used 10540K, capacity 10758K, committed 16768K, reserved 1048576K
8621.108: [GC (Allocation Failure) [PSYoungGen: 263168K->16674K(305152K)] 314949K->68464K(1004544K), 0.0260902 secs] [Times: user=0.06 sys=0.00, real=0.03 secs] 
Heap after GC invocations=71 (full 6):
 PSYoungGen      total 305152K, used 16674K [0x00000000eab00000, 0x0000000100000000, 0x0000000100000000)
  eden space 263168K, 0% used [0x00000000eab00000,0x00000000eab00000,0x00000000fac00000)
  from space 41984K, 39% used [0x00000000fac00000,0x00000000fbc48a88,0x00000000fd500000)
  to   space 41472K, 0% used [0x00000000fd780000,0x00000000fd780000,0x0000000100000000)
 ParOldGen       total 699392K, used 51789K [0x00000000c0000000, 0x00000000eab00000, 0x00000000eab00000)
  object space 699392K, 7% used [0x00000000c0000000,0x00000000c32936e8,0x00000000eab00000)
 Metaspace       used 87176K, capacity 87868K, committed 122880K, reserved 1155072K
  class space    used 10540K, capacity 10758K, committed 16768K, reserved 1048576K
}
{Heap before GC invocations=72 (full 6):
 PSYoungGen      total 305152K, used 279842K [0x00000000eab00000, 0x0000000100000000, 0x0000000100000000)
  eden space 263168K, 100% used [0x00000000eab00000,0x00000000fac00000,0x00000000fac00000)
  from space 41984K, 39% used [0x00000000fac00000,0x00000000fbc48a88,0x00000000fd500000)
  to   space 41472K, 0% used [0x00000000fd780000,0x00000000fd780000,0x0000000100000000)
 ParOldGen       total 699392K, used 51789K [0x00000000c0000000, 0x00000000eab00000, 0x00000000eab00000)
  object space 699392K, 7% used [0x00000000c0000000,0x00000000c32936e8,0x00000000eab00000)
 Metaspace       used 88910K, capacity 89706K, committed 122880K, reserved 1155072K
  class space    used 10780K, capacity 11000K, committed 16768K, reserved 1048576K
8671.970: [GC (Allocation Failure) [PSYoungGen: 279842K->33396K(303616K)] 331632K->89433K(1003008K), 0.0251486 secs] [Times: user=0.05 sys=0.00, real=0.03 secs] 
Heap after GC invocations=72 (full 6):
 PSYoungGen      total 303616K, used 33396K [0x00000000eab00000, 0x0000000100000000, 0x0000000100000000)
  eden space 262144K, 0% used [0x00000000eab00000,0x00000000eab00000,0x00000000fab00000)
  from space 41472K, 80% used [0x00000000fd780000,0x00000000ff81d328,0x0000000100000000)
  to   space 43520K, 0% used [0x00000000fab00000,0x00000000fab00000,0x00000000fd580000)
 ParOldGen       total 699392K, used 56037K [0x00000000c0000000, 0x00000000eab00000, 0x00000000eab00000)
  object space 699392K, 8% used [0x00000000c0000000,0x00000000c36b9438,0x00000000eab00000)
 Metaspace       used 88910K, capacity 89706K, committed 122880K, reserved 1155072K
  class space    used 10780K, capacity 11000K, committed 16768K, reserved 1048576K
}
{Heap before GC invocations=73 (full 6):
 PSYoungGen      total 303616K, used 295540K [0x00000000eab00000, 0x0000000100000000, 0x0000000100000000)
  eden space 262144K, 100% used [0x00000000eab00000,0x00000000fab00000,0x00000000fab00000)
  from space 41472K, 80% used [0x00000000fd780000,0x00000000ff81d328,0x0000000100000000)
  to   space 43520K, 0% used [0x00000000fab00000,0x00000000fab00000,0x00000000fd580000)
 ParOldGen       total 699392K, used 56037K [0x00000000c0000000, 0x00000000eab00000, 0x00000000eab00000)
  object space 699392K, 8% used [0x00000000c0000000,0x00000000c36b9438,0x00000000eab00000)
 Metaspace       used 97810K, capacity 98592K, committed 122880K, reserved 1155072K
  class space    used 12011K, capacity 12226K, committed 16768K, reserved 1048576K
8819.575: [GC (Allocation Failure) [PSYoungGen: 295540K->14184K(305664K)] 351577K->71971K(1005056K), 0.0333588 secs] [Times: user=0.09 sys=0.00, real=0.03 secs] 
Heap after GC invocations=73 (full 6):
 PSYoungGen      total 305664K, used 14184K [0x00000000eab00000, 0x0000000100000000, 0x0000000100000000)
  eden space 262144K, 0% used [0x00000000eab00000,0x00000000eab00000,0x00000000fab00000)
  from space 43520K, 32% used [0x00000000fab00000,0x00000000fb8da318,0x00000000fd580000)
  to   space 43520K, 0% used [0x00000000fd580000,0x00000000fd580000,0x0000000100000000)
 ParOldGen       total 699392K, used 57786K [0x00000000c0000000, 0x00000000eab00000, 0x00000000eab00000)
  object space 699392K, 8% used [0x00000000c0000000,0x00000000c386eb40,0x00000000eab00000)
 Metaspace       used 97810K, capacity 98592K, committed 122880K, reserved 1155072K
  class space    used 12011K, capacity 12226K, committed 16768K, reserved 1048576K
}
{Heap before GC invocations=74 (full 6):
 PSYoungGen      total 305664K, used 276328K [0x00000000eab00000, 0x0000000100000000, 0x0000000100000000)
  eden space 262144K, 100% used [0x00000000eab00000,0x00000000fab00000,0x00000000fab00000)
  from space 43520K, 32% used [0x00000000fab00000,0x00000000fb8da318,0x00000000fd580000)
  to   space 43520K, 0% used [0x00000000fd580000,0x00000000fd580000,0x0000000100000000)
 ParOldGen       total 699392K, used 57786K [0x00000000c0000000, 0x00000000eab00000, 0x00000000eab00000)
  object space 699392K, 8% used [0x00000000c0000000,0x00000000c386eb40,0x00000000eab00000)
 Metaspace       used 100152K, capacity 100958K, committed 122880K, reserved 1155072K
  class space    used 12343K, capacity 12587K, committed 16768K, reserved 1048576K
8831.753: [GC (Allocation Failure) [PSYoungGen: 276328K->34059K(301568K)] 334115K->95340K(1000960K), 0.0296617 secs] [Times: user=0.04 sys=0.00, real=0.03 secs] 
Heap after GC invocations=74 (full 6):
 PSYoungGen      total 301568K, used 34059K [0x00000000eab00000, 0x0000000100000000, 0x0000000100000000)
  eden space 258048K, 0% used [0x00000000eab00000,0x00000000eab00000,0x00000000fa700000)
  from space 43520K, 78% used [0x00000000fd580000,0x00000000ff6c2eb8,0x0000000100000000)
  to   space 45568K, 0% used [0x00000000fa700000,0x00000000fa700000,0x00000000fd380000)
 ParOldGen       total 699392K, used 61280K [0x00000000c0000000, 0x00000000eab00000, 0x00000000eab00000)
  object space 699392K, 8% used [0x00000000c0000000,0x00000000c3bd83d8,0x00000000eab00000)
 Metaspace       used 100152K, capacity 100958K, committed 122880K, reserved 1155072K
  class space    used 12343K, capacity 12587K, committed 16768K, reserved 1048576K
}
{Heap before GC invocations=75 (full 6):
 PSYoungGen      total 301568K, used 292107K [0x00000000eab00000, 0x0000000100000000, 0x0000000100000000)
  eden space 258048K, 100% used [0x00000000eab00000,0x00000000fa700000,0x00000000fa700000)
  from space 43520K, 78% used [0x00000000fd580000,0x00000000ff6c2eb8,0x0000000100000000)
  to   space 45568K, 0% used [0x00000000fa700000,0x00000000fa700000,0x00000000fd380000)
 ParOldGen       total 699392K, used 61280K [0x00000000c0000000, 0x00000000eab00000, 0x00000000eab00000)
  object space 699392K, 8% used [0x00000000c0000000,0x00000000c3bd83d8,0x00000000eab00000)
 Metaspace       used 108131K, capacity 109006K, committed 122880K, reserved 1155072K
  class space    used 13438K, capacity 13685K, committed 16768K, reserved 1048576K
9006.631: [GC (Allocation Failure) [PSYoungGen: 292107K->15726K(303616K)] 353388K->77517K(1003008K), 0.0181721 secs] [Times: user=0.04 sys=0.01, real=0.02 secs] 
Heap after GC invocations=75 (full 6):
 PSYoungGen      total 303616K, used 15726K [0x00000000eab00000, 0x0000000100000000, 0x0000000100000000)
  eden space 258048K, 0% used [0x00000000eab00000,0x00000000eab00000,0x00000000fa700000)
  from space 45568K, 34% used [0x00000000fa700000,0x00000000fb65ba38,0x00000000fd380000)
  to   space 44544K, 0% used [0x00000000fd480000,0x00000000fd480000,0x0000000100000000)
 ParOldGen       total 699392K, used 61791K [0x00000000c0000000, 0x00000000eab00000, 0x00000000eab00000)
  object space 699392K, 8% used [0x00000000c0000000,0x00000000c3c57c50,0x00000000eab00000)
 Metaspace       used 108131K, capacity 109006K, committed 122880K, reserved 1155072K
  class space    used 13438K, capacity 13685K, committed 16768K, reserved 1048576K
}
{Heap before GC invocations=76 (full 6):
 PSYoungGen      total 303616K, used 273774K [0x00000000eab00000, 0x0000000100000000, 0x0000000100000000)
  eden space 258048K, 100% used [0x00000000eab00000,0x00000000fa700000,0x00000000fa700000)
  from space 45568K, 34% used [0x00000000fa700000,0x00000000fb65ba38,0x00000000fd380000)
  to   space 44544K, 0% used [0x00000000fd480000,0x00000000fd480000,0x0000000100000000)
 ParOldGen       total 699392K, used 61791K [0x00000000c0000000, 0x00000000eab00000, 0x00000000eab00000)
  object space 699392K, 8% used [0x00000000c0000000,0x00000000c3c57c50,0x00000000eab00000)
 Metaspace       used 111686K, capacity 112614K, committed 122880K, reserved 1155072K
  class space    used 13931K, capacity 14204K, committed 16768K, reserved 1048576K
9007.943: [GC (Allocation Failure) [PSYoungGen: 273774K->32330K(301568K)] 335565K->97750K(1000960K), 0.0227180 secs] [Times: user=0.06 sys=0.00, real=0.02 secs] 
Heap after GC invocations=76 (full 6):
 PSYoungGen      total 301568K, used 32330K [0x00000000eab00000, 0x0000000100000000, 0x0000000100000000)
  eden space 257024K, 0% used [0x00000000eab00000,0x00000000eab00000,0x00000000fa600000)
  from space 44544K, 72% used [0x00000000fd480000,0x00000000ff412970,0x0000000100000000)
  to   space 46080K, 0% used [0x00000000fa600000,0x00000000fa600000,0x00000000fd300000)
 ParOldGen       total 699392K, used 65420K [0x00000000c0000000, 0x00000000eab00000, 0x00000000eab00000)
  object space 699392K, 9% used [0x00000000c0000000,0x00000000c3fe3150,0x00000000eab00000)
 Metaspace       used 111686K, capacity 112614K, committed 122880K, reserved 1155072K
  class space    used 13931K, capacity 14204K, committed 16768K, reserved 1048576K
}
{Heap before GC invocations=77 (full 6):
 PSYoungGen      total 301568K, used 289354K [0x00000000eab00000, 0x0000000100000000, 0x0000000100000000)
  eden space 257024K, 100% used [0x00000000eab00000,0x00000000fa600000,0x00000000fa600000)
  from space 44544K, 72% used [0x00000000fd480000,0x00000000ff412970,0x0000000100000000)
  to   space 46080K, 0% used [0x00000000fa600000,0x00000000fa600000,0x00000000fd300000)
 ParOldGen       total 699392K, used 65420K [0x00000000c0000000, 0x00000000eab00000, 0x00000000eab00000)
  object space 699392K, 9% used [0x00000000c0000000,0x00000000c3fe3150,0x00000000eab00000)
 Metaspace       used 118423K, capacity 119536K, committed 122880K, reserved 1155072K
  class space    used 14863K, capacity 15141K, committed 16768K, reserved 1048576K
9213.784: [GC (Allocation Failure) [PSYoungGen: 289354K->17176K(303104K)] 354774K->83288K(1002496K), 0.0111351 secs] [Times: user=0.02 sys=0.00, real=0.01 secs] 
Heap after GC invocations=77 (full 6):
 PSYoungGen      total 303104K, used 17176K [0x00000000eab00000, 0x0000000100000000, 0x0000000100000000)
  eden space 257024K, 0% used [0x00000000eab00000,0x00000000eab00000,0x00000000fa600000)
  from space 46080K, 37% used [0x00000000fa600000,0x00000000fb6c6120,0x00000000fd300000)
  to   space 45056K, 0% used [0x00000000fd400000,0x00000000fd400000,0x0000000100000000)
 ParOldGen       total 699392K, used 66112K [0x00000000c0000000, 0x00000000eab00000, 0x00000000eab00000)
  object space 699392K, 9% used [0x00000000c0000000,0x00000000c4090278,0x00000000eab00000)
 Metaspace       used 118423K, capacity 119536K, committed 122880K, reserved 1155072K
  class space    used 14863K, capacity 15141K, committed 16768K, reserved 1048576K
}
{Heap before GC invocations=78 (full 6):
 PSYoungGen      total 303104K, used 274200K [0x00000000eab00000, 0x0000000100000000, 0x0000000100000000)
  eden space 257024K, 100% used [0x00000000eab00000,0x00000000fa600000,0x00000000fa600000)
  from space 46080K, 37% used [0x00000000fa600000,0x00000000fb6c6120,0x00000000fd300000)
  to   space 45056K, 0% used [0x00000000fd400000,0x00000000fd400000,0x0000000100000000)
 ParOldGen       total 699392K, used 66112K [0x00000000c0000000, 0x00000000eab00000, 0x00000000eab00000)
  object space 699392K, 9% used [0x00000000c0000000,0x00000000c4090278,0x00000000eab00000)
 Metaspace       used 122953K, capacity 124104K, committed 126336K, reserved 1159168K
  class space    used 15484K, capacity 15788K, committed 16768K, reserved 1048576K
9214.628: [GC (Allocation Failure) [PSYoungGen: 274200K->30236K(303104K)] 340312K->99726K(1002496K), 0.0240409 secs] [Times: user=0.06 sys=0.00, real=0.03 secs] 
Heap after GC invocations=78 (full 6):
 PSYoungGen      total 303104K, used 30236K [0x00000000eab00000, 0x0000000100000000, 0x0000000100000000)
  eden space 258048K, 0% used [0x00000000eab00000,0x00000000eab00000,0x00000000fa700000)
  from space 45056K, 67% used [0x00000000fd400000,0x00000000ff1872e0,0x0000000100000000)
  to   space 45568K, 0% used [0x00000000fa700000,0x00000000fa700000,0x00000000fd380000)
 ParOldGen       total 699392K, used 69489K [0x00000000c0000000, 0x00000000eab00000, 0x00000000eab00000)
  object space 699392K, 9% used [0x00000000c0000000,0x00000000c43dc788,0x00000000eab00000)
 Metaspace       used 122953K, capacity 124104K, committed 126336K, reserved 1159168K
  class space    used 15484K, capacity 15788K, committed 16768K, reserved 1048576K
}
{Heap before GC invocations=79 (full 6):
 PSYoungGen      total 303104K, used 288284K [0x00000000eab00000, 0x0000000100000000, 0x0000000100000000)
  eden space 258048K, 100% used [0x00000000eab00000,0x00000000fa700000,0x00000000fa700000)
  from space 45056K, 67% used [0x00000000fd400000,0x00000000ff1872e0,0x0000000100000000)
  to   space 45568K, 0% used [0x00000000fa700000,0x00000000fa700000,0x00000000fd380000)
 ParOldGen       total 699392K, used 69489K [0x00000000c0000000, 0x00000000eab00000, 0x00000000eab00000)
  object space 699392K, 9% used [0x00000000c0000000,0x00000000c43dc788,0x00000000eab00000)
 Metaspace       used 127964K, capacity 129120K, committed 130432K, reserved 1163264K
  class space    used 16192K, capacity 16497K, committed 16768K, reserved 1048576K
9489.540: [GC (Allocation Failure) [PSYoungGen: 288284K->21910K(303616K)] 357774K->92364K(1003008K), 0.0129854 secs] [Times: user=0.03 sys=0.00, real=0.01 secs] 
Heap after GC invocations=79 (full 6):
 PSYoungGen      total 303616K, used 21910K [0x00000000eab00000, 0x0000000100000000, 0x0000000100000000)
  eden space 258048K, 0% used [0x00000000eab00000,0x00000000eab00000,0x00000000fa700000)
  from space 45568K, 48% used [0x00000000fa700000,0x00000000fbc659f0,0x00000000fd380000)
  to   space 43520K, 0% used [0x00000000fd580000,0x00000000fd580000,0x0000000100000000)
 ParOldGen       total 699392K, used 70454K [0x00000000c0000000, 0x00000000eab00000, 0x00000000eab00000)
  object space 699392K, 10% used [0x00000000c0000000,0x00000000c44cd8c0,0x00000000eab00000)
 Metaspace       used 127964K, capacity 129120K, committed 130432K, reserved 1163264K
  class space    used 16192K, capacity 16497K, committed 16768K, reserved 1048576K
}
{Heap before GC invocations=80 (full 6):
 PSYoungGen      total 303616K, used 165991K [0x00000000eab00000, 0x0000000100000000, 0x0000000100000000)
  eden space 258048K, 55% used [0x00000000eab00000,0x00000000f37b45b0,0x00000000fa700000)
  from space 45568K, 48% used [0x00000000fa700000,0x00000000fbc659f0,0x00000000fd380000)
  to   space 43520K, 0% used [0x00000000fd580000,0x00000000fd580000,0x0000000100000000)
 ParOldGen       total 699392K, used 70454K [0x00000000c0000000, 0x00000000eab00000, 0x00000000eab00000)
  object space 699392K, 10% used [0x00000000c0000000,0x00000000c44cd8c0,0x00000000eab00000)
 Metaspace       used 128717K, capacity 129874K, committed 131072K, reserved 1163264K
  class space    used 16291K, capacity 16599K, committed 16768K, reserved 1048576K
9489.878: [GC (Metadata GC Threshold) [PSYoungGen: 165991K->18041K(306176K)] 236446K->91307K(1005568K), 0.0152934 secs] [Times: user=0.04 sys=0.00, real=0.02 secs] 
Heap after GC invocations=80 (full 6):
 PSYoungGen      total 306176K, used 18041K [0x00000000eab00000, 0x0000000100000000, 0x0000000100000000)
  eden space 262656K, 0% used [0x00000000eab00000,0x00000000eab00000,0x00000000fab80000)
  from space 43520K, 41% used [0x00000000fd580000,0x00000000fe71e628,0x0000000100000000)
  to   space 43008K, 0% used [0x00000000fab80000,0x00000000fab80000,0x00000000fd580000)
 ParOldGen       total 699392K, used 73266K [0x00000000c0000000, 0x00000000eab00000, 0x00000000eab00000)
  object space 699392K, 10% used [0x00000000c0000000,0x00000000c478c978,0x00000000eab00000)
 Metaspace       used 128717K, capacity 129874K, committed 131072K, reserved 1163264K
  class space    used 16291K, capacity 16599K, committed 16768K, reserved 1048576K
}
{Heap before GC invocations=81 (full 7):
 PSYoungGen      total 306176K, used 18041K [0x00000000eab00000, 0x0000000100000000, 0x0000000100000000)
  eden space 262656K, 0% used [0x00000000eab00000,0x00000000eab00000,0x00000000fab80000)
  from space 43520K, 41% used [0x00000000fd580000,0x00000000fe71e628,0x0000000100000000)
  to   space 43008K, 0% used [0x00000000fab80000,0x00000000fab80000,0x00000000fd580000)
 ParOldGen       total 699392K, used 73266K [0x00000000c0000000, 0x00000000eab00000, 0x00000000eab00000)
  object space 699392K, 10% used [0x00000000c0000000,0x00000000c478c978,0x00000000eab00000)
 Metaspace       used 128717K, capacity 129874K, committed 131072K, reserved 1163264K
  class space    used 16291K, capacity 16599K, committed 16768K, reserved 1048576K
9489.894: [Full GC (Metadata GC Threshold) [PSYoungGen: 18041K->0K(306176K)] [ParOldGen: 73266K->49434K(699392K)] 91307K->49434K(1005568K), [Metaspace: 128717K->87018K(1163264K)], 0.1902665 secs] [Times: user=0.36 sys=0.00, real=0.19 secs] 
Heap after GC invocations=81 (full 7):
 PSYoungGen      total 306176K, used 0K [0x00000000eab00000, 0x0000000100000000, 0x0000000100000000)
  eden space 262656K, 0% used [0x00000000eab00000,0x00000000eab00000,0x00000000fab80000)
  from space 43520K, 0% used [0x00000000fd580000,0x00000000fd580000,0x0000000100000000)
  to   space 43008K, 0% used [0x00000000fab80000,0x00000000fab80000,0x00000000fd580000)
 ParOldGen       total 699392K, used 49434K [0x00000000c0000000, 0x00000000eab00000, 0x00000000eab00000)
  object space 699392K, 7% used [0x00000000c0000000,0x00000000c3046bc8,0x00000000eab00000)
 Metaspace       used 87018K, capacity 87746K, committed 131072K, reserved 1163264K
  class space    used 10485K, capacity 10731K, committed 16768K, reserved 1048576K
}
{Heap before GC invocations=82 (full 7):
 PSYoungGen      total 306176K, used 262656K [0x00000000eab00000, 0x0000000100000000, 0x0000000100000000)
  eden space 262656K, 100% used [0x00000000eab00000,0x00000000fab80000,0x00000000fab80000)
  from space 43520K, 0% used [0x00000000fd580000,0x00000000fd580000,0x0000000100000000)
  to   space 43008K, 0% used [0x00000000fab80000,0x00000000fab80000,0x00000000fd580000)
 ParOldGen       total 699392K, used 49434K [0x00000000c0000000, 0x00000000eab00000, 0x00000000eab00000)
  object space 699392K, 7% used [0x00000000c0000000,0x00000000c3046bc8,0x00000000eab00000)
 Metaspace       used 98130K, capacity 98968K, committed 131072K, reserved 1163264K
  class space    used 11973K, capacity 12245K, committed 16768K, reserved 1048576K
9496.653: [GC (Allocation Failure) [PSYoungGen: 262656K->16704K(305664K)] 312090K->66147K(1005056K), 0.0184117 secs] [Times: user=0.04 sys=0.00, real=0.01 secs] 
Heap after GC invocations=82 (full 7):
 PSYoungGen      total 305664K, used 16704K [0x00000000eab00000, 0x0000000100000000, 0x0000000100000000)
  eden space 262656K, 0% used [0x00000000eab00000,0x00000000eab00000,0x00000000fab80000)
  from space 43008K, 38% used [0x00000000fab80000,0x00000000fbbd0318,0x00000000fd580000)
  to   space 41984K, 0% used [0x00000000fd700000,0x00000000fd700000,0x0000000100000000)
 ParOldGen       total 699392K, used 49442K [0x00000000c0000000, 0x00000000eab00000, 0x00000000eab00000)
  object space 699392K, 7% used [0x00000000c0000000,0x00000000c3048bc8,0x00000000eab00000)
 Metaspace       used 98130K, capacity 98968K, committed 131072K, reserved 1163264K
  class space    used 11973K, capacity 12245K, committed 16768K, reserved 1048576K
}
{Heap before GC invocations=83 (full 7):
 PSYoungGen      total 305664K, used 279360K [0x00000000eab00000, 0x0000000100000000, 0x0000000100000000)
  eden space 262656K, 100% used [0x00000000eab00000,0x00000000fab80000,0x00000000fab80000)
  from space 43008K, 38% used [0x00000000fab80000,0x00000000fbbd0318,0x00000000fd580000)
  to   space 41984K, 0% used [0x00000000fd700000,0x00000000fd700000,0x0000000100000000)
 ParOldGen       total 699392K, used 49442K [0x00000000c0000000, 0x00000000eab00000, 0x00000000eab00000)
  object space 699392K, 7% used [0x00000000c0000000,0x00000000c3048bc8,0x00000000eab00000)
 Metaspace       used 100113K, capacity 100950K, committed 131072K, reserved 1163264K
  class space    used 12226K, capacity 12542K, committed 16768K, reserved 1048576K
9722.139: [GC (Allocation Failure) [PSYoungGen: 279360K->33287K(303104K)] 328803K->86721K(1002496K), 0.0316243 secs] [Times: user=0.09 sys=0.00, real=0.03 secs] 
Heap after GC invocations=83 (full 7):
 PSYoungGen      total 303104K, used 33287K [0x00000000eab00000, 0x0000000100000000, 0x0000000100000000)
  eden space 261120K, 0% used [0x00000000eab00000,0x00000000eab00000,0x00000000faa00000)
  from space 41984K, 79% used [0x00000000fd700000,0x00000000ff781fa0,0x0000000100000000)
  to   space 44032K, 0% used [0x00000000faa00000,0x00000000faa00000,0x00000000fd500000)
 ParOldGen       total 699392K, used 53433K [0x00000000c0000000, 0x00000000eab00000, 0x00000000eab00000)
  object space 699392K, 7% used [0x00000000c0000000,0x00000000c342e538,0x00000000eab00000)
 Metaspace       used 100113K, capacity 100950K, committed 131072K, reserved 1163264K
  class space    used 12226K, capacity 12542K, committed 16768K, reserved 1048576K
}
{Heap before GC invocations=84 (full 7):
 PSYoungGen      total 303104K, used 294407K [0x00000000eab00000, 0x0000000100000000, 0x0000000100000000)
  eden space 261120K, 100% used [0x00000000eab00000,0x00000000faa00000,0x00000000faa00000)
  from space 41984K, 79% used [0x00000000fd700000,0x00000000ff781fa0,0x0000000100000000)
  to   space 44032K, 0% used [0x00000000faa00000,0x00000000faa00000,0x00000000fd500000)
 ParOldGen       total 699392K, used 53433K [0x00000000c0000000, 0x00000000eab00000, 0x00000000eab00000)
  object space 699392K, 7% used [0x00000000c0000000,0x00000000c342e538,0x00000000eab00000)
 Metaspace       used 110456K, capacity 111334K, committed 131072K, reserved 1163264K
  class space    used 13616K, capacity 13927K, committed 16768K, reserved 1048576K
9756.075: [GC (Allocation Failure) [PSYoungGen: 294407K->16202K(305152K)] 347841K->71367K(1004544K), 0.0170543 secs] [Times: user=0.04 sys=0.00, real=0.02 secs] 
Heap after GC invocations=84 (full 7):
 PSYoungGen      total 305152K, used 16202K [0x00000000eab00000, 0x0000000100000000, 0x0000000100000000)
  eden space 261120K, 0% used [0x00000000eab00000,0x00000000eab00000,0x00000000faa00000)
  from space 44032K, 36% used [0x00000000faa00000,0x00000000fb9d2a70,0x00000000fd500000)
  to   space 43520K, 0% used [0x00000000fd580000,0x00000000fd580000,0x0000000100000000)
 ParOldGen       total 699392K, used 55165K [0x00000000c0000000, 0x00000000eab00000, 0x00000000eab00000)
  object space 699392K, 7% used [0x00000000c0000000,0x00000000c35df4e8,0x00000000eab00000)
 Metaspace       used 110456K, capacity 111334K, committed 131072K, reserved 1163264K
  class space    used 13616K, capacity 13927K, committed 16768K, reserved 1048576K
}
{Heap before GC invocations=85 (full 7):
 PSYoungGen      total 305152K, used 277322K [0x00000000eab00000, 0x0000000100000000, 0x0000000100000000)
  eden space 261120K, 100% used [0x00000000eab00000,0x00000000faa00000,0x00000000faa00000)
  from space 44032K, 36% used [0x00000000faa00000,0x00000000fb9d2a70,0x00000000fd500000)
  to   space 43520K, 0% used [0x00000000fd580000,0x00000000fd580000,0x0000000100000000)
 ParOldGen       total 699392K, used 55165K [0x00000000c0000000, 0x00000000eab00000, 0x00000000eab00000)
  object space 699392K, 7% used [0x00000000c0000000,0x00000000c35df4e8,0x00000000eab00000)
 Metaspace       used 111243K, capacity 112192K, committed 131072K, reserved 1163264K
  class space    used 13695K, capacity 13996K, committed 16768K, reserved 1048576K
9931.890: [GC (Allocation Failure) [PSYoungGen: 277322K->37161K(299520K)] 332487K->96060K(998912K), 0.0215836 secs] [Times: user=0.03 sys=0.00, real=0.03 secs] 
Heap after GC invocations=85 (full 7):
 PSYoungGen      total 299520K, used 37161K [0x00000000eab00000, 0x0000000100000000, 0x0000000100000000)
  eden space 256000K, 0% used [0x00000000eab00000,0x00000000eab00000,0x00000000fa500000)
  from space 43520K, 85% used [0x00000000fd580000,0x00000000ff9ca400,0x0000000100000000)
  to   space 46592K, 0% used [0x00000000fa500000,0x00000000fa500000,0x00000000fd280000)
 ParOldGen       total 699392K, used 58899K [0x00000000c0000000, 0x00000000eab00000, 0x00000000eab00000)
  object space 699392K, 8% used [0x00000000c0000000,0x00000000c3984dd8,0x00000000eab00000)
 Metaspace       used 111243K, capacity 112192K, committed 131072K, reserved 1163264K
  class space    used 13695K, capacity 13996K, committed 16768K, reserved 1048576K
}
{Heap before GC invocations=86 (full 7):
 PSYoungGen      total 299520K, used 293161K [0x00000000eab00000, 0x0000000100000000, 0x0000000100000000)
  eden space 256000K, 100% used [0x00000000eab00000,0x00000000fa500000,0x00000000fa500000)
  from space 43520K, 85% used [0x00000000fd580000,0x00000000ff9ca400,0x0000000100000000)
  to   space 46592K, 0% used [0x00000000fa500000,0x00000000fa500000,0x00000000fd280000)
 ParOldGen       total 699392K, used 58899K [0x00000000c0000000, 0x00000000eab00000, 0x00000000eab00000)
  object space 699392K, 8% used [0x00000000c0000000,0x00000000c3984dd8,0x00000000eab00000)
 Metaspace       used 123205K, capacity 124180K, committed 131072K, reserved 1163264K
  class space    used 15264K, capacity 15576K, committed 16768K, reserved 1048576K
9934.267: [GC (Allocation Failure) [PSYoungGen: 293161K->18401K(302592K)] 352060K->78135K(1001984K), 0.0409108 secs] [Times: user=0.06 sys=0.01, real=0.04 secs] 
Heap after GC invocations=86 (full 7):
 PSYoungGen      total 302592K, used 18401K [0x00000000eab00000, 0x0000000100000000, 0x0000000100000000)
  eden space 256000K, 0% used [0x00000000eab00000,0x00000000eab00000,0x00000000fa500000)
  from space 46592K, 39% used [0x00000000fa500000,0x00000000fb6f8728,0x00000000fd280000)
  to   space 45568K, 0% used [0x00000000fd380000,0x00000000fd380000,0x0000000100000000)
 ParOldGen       total 699392K, used 59733K [0x00000000c0000000, 0x00000000eab00000, 0x00000000eab00000)
  object space 699392K, 8% used [0x00000000c0000000,0x00000000c3a55688,0x00000000eab00000)
 Metaspace       used 123205K, capacity 124180K, committed 131072K, reserved 1163264K
  class space    used 15264K, capacity 15576K, committed 16768K, reserved 1048576K
}
{Heap before GC invocations=87 (full 7):
 PSYoungGen      total 302592K, used 274401K [0x00000000eab00000, 0x0000000100000000, 0x0000000100000000)
  eden space 256000K, 100% used [0x00000000eab00000,0x00000000fa500000,0x00000000fa500000)
  from space 46592K, 39% used [0x00000000fa500000,0x00000000fb6f8728,0x00000000fd280000)
  to   space 45568K, 0% used [0x00000000fd380000,0x00000000fd380000,0x0000000100000000)
 ParOldGen       total 699392K, used 59733K [0x00000000c0000000, 0x00000000eab00000, 0x00000000eab00000)
  object space 699392K, 8% used [0x00000000c0000000,0x00000000c3a55688,0x00000000eab00000)
 Metaspace       used 126647K, capacity 127746K, committed 131072K, reserved 1163264K
  class space    used 15654K, capacity 15980K, committed 16768K, reserved 1048576K
10186.167: [GC (Allocation Failure) [PSYoungGen: 274401K->29867K(303616K)] 334135K->93009K(1003008K), 0.0189562 secs] [Times: user=0.03 sys=0.01, real=0.02 secs] 
Heap after GC invocations=87 (full 7):
 PSYoungGen      total 303616K, used 29867K [0x00000000eab00000, 0x0000000100000000, 0x0000000100000000)
  eden space 258048K, 0% used [0x00000000eab00000,0x00000000eab00000,0x00000000fa700000)
  from space 45568K, 65% used [0x00000000fd380000,0x00000000ff0aada0,0x0000000100000000)
  to   space 45568K, 0% used [0x00000000fa700000,0x00000000fa700000,0x00000000fd380000)
 ParOldGen       total 699392K, used 63141K [0x00000000c0000000, 0x00000000eab00000, 0x00000000eab00000)
  object space 699392K, 9% used [0x00000000c0000000,0x00000000c3da96b8,0x00000000eab00000)
 Metaspace       used 126647K, capacity 127746K, committed 131072K, reserved 1163264K
  class space    used 15654K, capacity 15980K, committed 16768K, reserved 1048576K
}
{Heap before GC invocations=88 (full 7):
 PSYoungGen      total 303616K, used 143820K [0x00000000eab00000, 0x0000000100000000, 0x0000000100000000)
  eden space 258048K, 44% used [0x00000000eab00000,0x00000000f1a48638,0x00000000fa700000)
  from space 45568K, 65% used [0x00000000fd380000,0x00000000ff0aada0,0x0000000100000000)
  to   space 45568K, 0% used [0x00000000fa700000,0x00000000fa700000,0x00000000fd380000)
 ParOldGen       total 699392K, used 63141K [0x00000000c0000000, 0x00000000eab00000, 0x00000000eab00000)
  object space 699392K, 9% used [0x00000000c0000000,0x00000000c3da96b8,0x00000000eab00000)
 Metaspace       used 128220K, capacity 129324K, committed 131072K, reserved 1163264K
  class space    used 15876K, capacity 16209K, committed 16768K, reserved 1048576K
10186.586: [GC (Metadata GC Threshold) [PSYoungGen: 143820K->15518K(303616K)] 206962K->80475K(1003008K), 0.0122358 secs] [Times: user=0.02 sys=0.00, real=0.01 secs] 
Heap after GC invocations=88 (full 7):
 PSYoungGen      total 303616K, used 15518K [0x00000000eab00000, 0x0000000100000000, 0x0000000100000000)
  eden space 258048K, 0% used [0x00000000eab00000,0x00000000eab00000,0x00000000fa700000)
  from space 45568K, 34% used [0x00000000fa700000,0x00000000fb627978,0x00000000fd380000)
  to   space 45056K, 0% used [0x00000000fd400000,0x00000000fd400000,0x0000000100000000)
 ParOldGen       total 699392K, used 64956K [0x00000000c0000000, 0x00000000eab00000, 0x00000000eab00000)
  object space 699392K, 9% used [0x00000000c0000000,0x00000000c3f6f3d8,0x00000000eab00000)
 Metaspace       used 128220K, capacity 129324K, committed 131072K, reserved 1163264K
  class space    used 15876K, capacity 16209K, committed 16768K, reserved 1048576K
}
{Heap before GC invocations=89 (full 8):
 PSYoungGen      total 303616K, used 15518K [0x00000000eab00000, 0x0000000100000000, 0x0000000100000000)
  eden space 258048K, 0% used [0x00000000eab00000,0x00000000eab00000,0x00000000fa700000)
  from space 45568K, 34% used [0x00000000fa700000,0x00000000fb627978,0x00000000fd380000)
  to   space 45056K, 0% used [0x00000000fd400000,0x00000000fd400000,0x0000000100000000)
 ParOldGen       total 699392K, used 64956K [0x00000000c0000000, 0x00000000eab00000, 0x00000000eab00000)
  object space 699392K, 9% used [0x00000000c0000000,0x00000000c3f6f3d8,0x00000000eab00000)
 Metaspace       used 128220K, capacity 129324K, committed 131072K, reserved 1163264K
  class space    used 15876K, capacity 16209K, committed 16768K, reserved 1048576K
10186.598: [Full GC (Metadata GC Threshold) [PSYoungGen: 15518K->0K(303616K)] [ParOldGen: 64956K->41782K(699392K)] 80475K->41782K(1003008K), [Metaspace: 128220K->77403K(1157120K)], 0.1708198 secs] [Times: user=0.32 sys=0.00, real=0.17 secs] 
Heap after GC invocations=89 (full 8):
 PSYoungGen      total 303616K, used 0K [0x00000000eab00000, 0x0000000100000000, 0x0000000100000000)
  eden space 258048K, 0% used [0x00000000eab00000,0x00000000eab00000,0x00000000fa700000)
  from space 45568K, 0% used [0x00000000fa700000,0x00000000fa700000,0x00000000fd380000)
  to   space 45056K, 0% used [0x00000000fd400000,0x00000000fd400000,0x0000000100000000)
 ParOldGen       total 699392K, used 41782K [0x00000000c0000000, 0x00000000eab00000, 0x00000000eab00000)
  object space 699392K, 5% used [0x00000000c0000000,0x00000000c28cdb10,0x00000000eab00000)
 Metaspace       used 77403K, capacity 78068K, committed 124928K, reserved 1157120K
  class space    used 8808K, capacity 9030K, committed 16768K, reserved 1048576K
}
{Heap before GC invocations=90 (full 8):
 PSYoungGen      total 303616K, used 258048K [0x00000000eab00000, 0x0000000100000000, 0x0000000100000000)
  eden space 258048K, 100% used [0x00000000eab00000,0x00000000fa700000,0x00000000fa700000)
  from space 45568K, 0% used [0x00000000fa700000,0x00000000fa700000,0x00000000fd380000)
  to   space 45056K, 0% used [0x00000000fd400000,0x00000000fd400000,0x0000000100000000)
 ParOldGen       total 699392K, used 41782K [0x00000000c0000000, 0x00000000eab00000, 0x00000000eab00000)
  object space 699392K, 5% used [0x00000000c0000000,0x00000000c28cdb10,0x00000000eab00000)
 Metaspace       used 88188K, capacity 88908K, committed 124928K, reserved 1157120K
  class space    used 10206K, capacity 10442K, committed 16768K, reserved 1048576K
10192.402: [GC (Allocation Failure) [PSYoungGen: 258048K->16388K(305152K)] 299830K->58179K(1004544K), 0.0239564 secs] [Times: user=0.04 sys=0.00, real=0.02 secs] 
Heap after GC invocations=90 (full 8):
 PSYoungGen      total 305152K, used 16388K [0x00000000eab00000, 0x0000000100000000, 0x0000000100000000)
  eden space 260096K, 0% used [0x00000000eab00000,0x00000000eab00000,0x00000000fa900000)
  from space 45056K, 36% used [0x00000000fd400000,0x00000000fe401208,0x0000000100000000)
  to   space 44032K, 0% used [0x00000000fa900000,0x00000000fa900000,0x00000000fd400000)
 ParOldGen       total 699392K, used 41790K [0x00000000c0000000, 0x00000000eab00000, 0x00000000eab00000)
  object space 699392K, 5% used [0x00000000c0000000,0x00000000c28cfb10,0x00000000eab00000)
 Metaspace       used 88188K, capacity 88908K, committed 124928K, reserved 1157120K
  class space    used 10206K, capacity 10442K, committed 16768K, reserved 1048576K
}
{Heap before GC invocations=91 (full 8):
 PSYoungGen      total 305152K, used 276484K [0x00000000eab00000, 0x0000000100000000, 0x0000000100000000)
  eden space 260096K, 100% used [0x00000000eab00000,0x00000000fa900000,0x00000000fa900000)
  from space 45056K, 36% used [0x00000000fd400000,0x00000000fe401208,0x0000000100000000)
  to   space 44032K, 0% used [0x00000000fa900000,0x00000000fa900000,0x00000000fd400000)
 ParOldGen       total 699392K, used 41790K [0x00000000c0000000, 0x00000000eab00000, 0x00000000eab00000)
  object space 699392K, 5% used [0x00000000c0000000,0x00000000c28cfb10,0x00000000eab00000)
 Metaspace       used 88905K, capacity 89688K, committed 124928K, reserved 1157120K
  class space    used 10297K, capacity 10547K, committed 16768K, reserved 1048576K
10233.283: [GC (Allocation Failure) [PSYoungGen: 276484K->38213K(298496K)] 318275K->83860K(997888K), 0.0568082 secs] [Times: user=0.04 sys=0.01, real=0.06 secs] 
Heap after GC invocations=91 (full 8):
 PSYoungGen      total 298496K, used 38213K [0x00000000eab00000, 0x0000000100000000, 0x0000000100000000)
  eden space 260096K, 0% used [0x00000000eab00000,0x00000000eab00000,0x00000000fa900000)
  from space 38400K, 99% used [0x00000000fa900000,0x00000000fce516a0,0x00000000fce80000)
  to   space 47616K, 0% used [0x00000000fd180000,0x00000000fd180000,0x0000000100000000)
 ParOldGen       total 699392K, used 45647K [0x00000000c0000000, 0x00000000eab00000, 0x00000000eab00000)
  object space 699392K, 6% used [0x00000000c0000000,0x00000000c2c93c00,0x00000000eab00000)
 Metaspace       used 88905K, capacity 89688K, committed 124928K, reserved 1157120K
  class space    used 10297K, capacity 10547K, committed 16768K, reserved 1048576K
}
{Heap before GC invocations=92 (full 8):
 PSYoungGen      total 298496K, used 298309K [0x00000000eab00000, 0x0000000100000000, 0x0000000100000000)
  eden space 260096K, 100% used [0x00000000eab00000,0x00000000fa900000,0x00000000fa900000)
  from space 38400K, 99% used [0x00000000fa900000,0x00000000fce516a0,0x00000000fce80000)
  to   space 47616K, 0% used [0x00000000fd180000,0x00000000fd180000,0x0000000100000000)
 ParOldGen       total 699392K, used 45647K [0x00000000c0000000, 0x00000000eab00000, 0x00000000eab00000)
  object space 699392K, 6% used [0x00000000c0000000,0x00000000c2c93c00,0x00000000eab00000)
 Metaspace       used 100693K, capacity 101536K, committed 124928K, reserved 1157120K
  class space    used 11844K, capacity 12125K, committed 16768K, reserved 1048576K
10235.698: [GC (Allocation Failure) [PSYoungGen: 298309K->19467K(303104K)] 343956K->66185K(1002496K), 0.0390138 secs] [Times: user=0.06 sys=0.00, real=0.04 secs] 
Heap after GC invocations=92 (full 8):
 PSYoungGen      total 303104K, used 19467K [0x00000000eab00000, 0x0000000100000000, 0x0000000100000000)
  eden space 255488K, 0% used [0x00000000eab00000,0x00000000eab00000,0x00000000fa480000)
  from space 47616K, 40% used [0x00000000fd180000,0x00000000fe482c68,0x0000000100000000)
  to   space 46080K, 0% used [0x00000000fa480000,0x00000000fa480000,0x00000000fd180000)
 ParOldGen       total 699392K, used 46718K [0x00000000c0000000, 0x00000000eab00000, 0x00000000eab00000)
  object space 699392K, 6% used [0x00000000c0000000,0x00000000c2d9f8d0,0x00000000eab00000)
 Metaspace       used 100693K, capacity 101536K, committed 124928K, reserved 1157120K
  class space    used 11844K, capacity 12125K, committed 16768K, reserved 1048576K
}
{Heap before GC invocations=93 (full 8):
 PSYoungGen      total 303104K, used 274955K [0x00000000eab00000, 0x0000000100000000, 0x0000000100000000)
  eden space 255488K, 100% used [0x00000000eab00000,0x00000000fa480000,0x00000000fa480000)
  from space 47616K, 40% used [0x00000000fd180000,0x00000000fe482c68,0x0000000100000000)
  to   space 46080K, 0% used [0x00000000fa480000,0x00000000fa480000,0x00000000fd180000)
 ParOldGen       total 699392K, used 46718K [0x00000000c0000000, 0x00000000eab00000, 0x00000000eab00000)
  object space 699392K, 6% used [0x00000000c0000000,0x00000000c2d9f8d0,0x00000000eab00000)
 Metaspace       used 101975K, capacity 102918K, committed 124928K, reserved 1157120K
  class space    used 12006K, capacity 12261K, committed 16768K, reserved 1048576K
10321.599: [GC (Allocation Failure) [PSYoungGen: 274955K->28738K(301568K)] 321673K->78540K(1000960K), 0.0200293 secs] [Times: user=0.04 sys=0.00, real=0.02 secs] 
Heap after GC invocations=93 (full 8):
 PSYoungGen      total 301568K, used 28738K [0x00000000eab00000, 0x0000000100000000, 0x0000000100000000)
  eden space 255488K, 0% used [0x00000000eab00000,0x00000000eab00000,0x00000000fa480000)
  from space 46080K, 62% used [0x00000000fa480000,0x00000000fc0908c0,0x00000000fd180000)
  to   space 45568K, 0% used [0x00000000fd380000,0x00000000fd380000,0x0000000100000000)
 ParOldGen       total 699392K, used 49802K [0x00000000c0000000, 0x00000000eab00000, 0x00000000eab00000)
  object space 699392K, 7% used [0x00000000c0000000,0x00000000c30a2a08,0x00000000eab00000)
 Metaspace       used 101975K, capacity 102918K, committed 124928K, reserved 1157120K
  class space    used 12006K, capacity 12261K, committed 16768K, reserved 1048576K
}
{Heap before GC invocations=94 (full 8):
 PSYoungGen      total 301568K, used 284226K [0x00000000eab00000, 0x0000000100000000, 0x0000000100000000)
  eden space 255488K, 100% used [0x00000000eab00000,0x00000000fa480000,0x00000000fa480000)
  from space 46080K, 62% used [0x00000000fa480000,0x00000000fc0908c0,0x00000000fd180000)
  to   space 45568K, 0% used [0x00000000fd380000,0x00000000fd380000,0x0000000100000000)
 ParOldGen       total 699392K, used 49802K [0x00000000c0000000, 0x00000000eab00000, 0x00000000eab00000)
  object space 699392K, 7% used [0x00000000c0000000,0x00000000c30a2a08,0x00000000eab00000)
 Metaspace       used 109776K, capacity 110748K, committed 124928K, reserved 1157120K
  class space    used 13085K, capacity 13356K, committed 16768K, reserved 1048576K
10323.417: [GC (Allocation Failure) [PSYoungGen: 284226K->24185K(305664K)] 334028K->75649K(1005056K), 0.0333489 secs] [Times: user=0.06 sys=0.00, real=0.03 secs] 
Heap after GC invocations=94 (full 8):
 PSYoungGen      total 305664K, used 24185K [0x00000000eab00000, 0x0000000100000000, 0x0000000100000000)
  eden space 260096K, 0% used [0x00000000eab00000,0x00000000eab00000,0x00000000fa900000)
  from space 45568K, 53% used [0x00000000fd380000,0x00000000feb1e670,0x0000000100000000)
  to   space 43520K, 0% used [0x00000000fa900000,0x00000000fa900000,0x00000000fd380000)
 ParOldGen       total 699392K, used 51464K [0x00000000c0000000, 0x00000000eab00000, 0x00000000eab00000)
  object space 699392K, 7% used [0x00000000c0000000,0x00000000c32420f8,0x00000000eab00000)
 Metaspace       used 109776K, capacity 110748K, committed 124928K, reserved 1157120K
  class space    used 13085K, capacity 13356K, committed 16768K, reserved 1048576K
}
{Heap before GC invocations=95 (full 8):
 PSYoungGen      total 305664K, used 284281K [0x00000000eab00000, 0x0000000100000000, 0x0000000100000000)
  eden space 260096K, 100% used [0x00000000eab00000,0x00000000fa900000,0x00000000fa900000)
  from space 45568K, 53% used [0x00000000fd380000,0x00000000feb1e670,0x0000000100000000)
  to   space 43520K, 0% used [0x00000000fa900000,0x00000000fa900000,0x00000000fd380000)
 ParOldGen       total 699392K, used 51464K [0x00000000c0000000, 0x00000000eab00000, 0x00000000eab00000)
  object space 699392K, 7% used [0x00000000c0000000,0x00000000c32420f8,0x00000000eab00000)
 Metaspace       used 115068K, capacity 116100K, committed 124928K, reserved 1157120K
  class space    used 13721K, capacity 14004K, committed 16768K, reserved 1048576K
10351.860: [GC (Allocation Failure) [PSYoungGen: 284281K->27106K(303616K)] 335745K->80867K(1003008K), 0.0172696 secs] [Times: user=0.03 sys=0.00, real=0.01 secs] 
Heap after GC invocations=95 (full 8):
 PSYoungGen      total 303616K, used 27106K [0x00000000eab00000, 0x0000000100000000, 0x0000000100000000)
  eden space 260096K, 0% used [0x00000000eab00000,0x00000000eab00000,0x00000000fa900000)
  from space 43520K, 62% used [0x00000000fa900000,0x00000000fc378af8,0x00000000fd380000)
  to   space 43008K, 0% used [0x00000000fd600000,0x00000000fd600000,0x0000000100000000)
 ParOldGen       total 699392K, used 53760K [0x00000000c0000000, 0x00000000eab00000, 0x00000000eab00000)
  object space 699392K, 7% used [0x00000000c0000000,0x00000000c3480128,0x00000000eab00000)
 Metaspace       used 115068K, capacity 116100K, committed 124928K, reserved 1157120K
  class space    used 13721K, capacity 14004K, committed 16768K, reserved 1048576K
}
{Heap before GC invocations=96 (full 8):
 PSYoungGen      total 303616K, used 287202K [0x00000000eab00000, 0x0000000100000000, 0x0000000100000000)
  eden space 260096K, 100% used [0x00000000eab00000,0x00000000fa900000,0x00000000fa900000)
  from space 43520K, 62% used [0x00000000fa900000,0x00000000fc378af8,0x00000000fd380000)
  to   space 43008K, 0% used [0x00000000fd600000,0x00000000fd600000,0x0000000100000000)
 ParOldGen       total 699392K, used 53760K [0x00000000c0000000, 0x00000000eab00000, 0x00000000eab00000)
  object space 699392K, 7% used [0x00000000c0000000,0x00000000c3480128,0x00000000eab00000)
 Metaspace       used 121147K, capacity 122238K, committed 125568K, reserved 1159168K
  class space    used 14563K, capacity 14876K, committed 16768K, reserved 1048576K
10353.276: [GC (Allocation Failure) [PSYoungGen: 287202K->27838K(307200K)] 340963K->84056K(1006592K), 0.0207056 secs] [Times: user=0.04 sys=0.00, real=0.02 secs] 
Heap after GC invocations=96 (full 8):
 PSYoungGen      total 307200K, used 27838K [0x00000000eab00000, 0x0000000100000000, 0x0000000100000000)
  eden space 264192K, 0% used [0x00000000eab00000,0x00000000eab00000,0x00000000fad00000)
  from space 43008K, 64% used [0x00000000fd600000,0x00000000ff12f900,0x0000000100000000)
  to   space 41984K, 0% used [0x00000000fad00000,0x00000000fad00000,0x00000000fd600000)
 ParOldGen       total 699392K, used 56218K [0x00000000c0000000, 0x00000000eab00000, 0x00000000eab00000)
  object space 699392K, 8% used [0x00000000c0000000,0x00000000c36e6aa8,0x00000000eab00000)
 Metaspace       used 121147K, capacity 122238K, committed 125568K, reserved 1159168K
  class space    used 14563K, capacity 14876K, committed 16768K, reserved 1048576K
}
{Heap before GC invocations=97 (full 8):
 PSYoungGen      total 307200K, used 187010K [0x00000000eab00000, 0x0000000100000000, 0x0000000100000000)
  eden space 264192K, 60% used [0x00000000eab00000,0x00000000f4670fa0,0x00000000fad00000)
  from space 43008K, 64% used [0x00000000fd600000,0x00000000ff12f900,0x0000000100000000)
  to   space 41984K, 0% used [0x00000000fad00000,0x00000000fad00000,0x00000000fd600000)
 ParOldGen       total 699392K, used 56218K [0x00000000c0000000, 0x00000000eab00000, 0x00000000eab00000)
  object space 699392K, 8% used [0x00000000c0000000,0x00000000c36e6aa8,0x00000000eab00000)
 Metaspace       used 127725K, capacity 128752K, committed 131072K, reserved 1163264K
  class space    used 15383K, capacity 15679K, committed 16768K, reserved 1048576K
10357.492: [GC (Metadata GC Threshold) [PSYoungGen: 187010K->9875K(306176K)] 243228K->69212K(1005568K), 0.0292906 secs] [Times: user=0.06 sys=0.00, real=0.03 secs] 
Heap after GC invocations=97 (full 8):
 PSYoungGen      total 306176K, used 9875K [0x00000000eab00000, 0x0000000100000000, 0x0000000100000000)
  eden space 264192K, 0% used [0x00000000eab00000,0x00000000eab00000,0x00000000fad00000)
  from space 41984K, 23% used [0x00000000fad00000,0x00000000fb6a4e58,0x00000000fd600000)
  to   space 43008K, 0% used [0x00000000fd600000,0x00000000fd600000,0x0000000100000000)
 ParOldGen       total 699392K, used 59336K [0x00000000c0000000, 0x00000000eab00000, 0x00000000eab00000)
  object space 699392K, 8% used [0x00000000c0000000,0x00000000c39f2348,0x00000000eab00000)
 Metaspace       used 127725K, capacity 128752K, committed 131072K, reserved 1163264K
  class space    used 15383K, capacity 15679K, committed 16768K, reserved 1048576K
}
{Heap before GC invocations=98 (full 9):
 PSYoungGen      total 306176K, used 9875K [0x00000000eab00000, 0x0000000100000000, 0x0000000100000000)
  eden space 264192K, 0% used [0x00000000eab00000,0x00000000eab00000,0x00000000fad00000)
  from space 41984K, 23% used [0x00000000fad00000,0x00000000fb6a4e58,0x00000000fd600000)
  to   space 43008K, 0% used [0x00000000fd600000,0x00000000fd600000,0x0000000100000000)
 ParOldGen       total 699392K, used 59336K [0x00000000c0000000, 0x00000000eab00000, 0x00000000eab00000)
  object space 699392K, 8% used [0x00000000c0000000,0x00000000c39f2348,0x00000000eab00000)
 Metaspace       used 127725K, capacity 128752K, committed 131072K, reserved 1163264K
  class space    used 15383K, capacity 15679K, committed 16768K, reserved 1048576K
10357.521: [Full GC (Metadata GC Threshold) [PSYoungGen: 9875K->0K(306176K)] [ParOldGen: 59336K->39580K(699392K)] 69212K->39580K(1005568K), [Metaspace: 127725K->88204K(1163264K)], 0.2765055 secs] [Times: user=0.48 sys=0.00, real=0.27 secs] 
Heap after GC invocations=98 (full 9):
 PSYoungGen      total 306176K, used 0K [0x00000000eab00000, 0x0000000100000000, 0x0000000100000000)
  eden space 264192K, 0% used [0x00000000eab00000,0x00000000eab00000,0x00000000fad00000)
  from space 41984K, 0% used [0x00000000fad00000,0x00000000fad00000,0x00000000fd600000)
  to   space 43008K, 0% used [0x00000000fd600000,0x00000000fd600000,0x0000000100000000)
 ParOldGen       total 699392K, used 39580K [0x00000000c0000000, 0x00000000eab00000, 0x00000000eab00000)
  object space 699392K, 5% used [0x00000000c0000000,0x00000000c26a7160,0x00000000eab00000)
 Metaspace       used 88204K, capacity 88902K, committed 131072K, reserved 1163264K
  class space    used 10204K, capacity 10441K, committed 16768K, reserved 1048576K
}
{Heap before GC invocations=99 (full 9):
 PSYoungGen      total 306176K, used 264192K [0x00000000eab00000, 0x0000000100000000, 0x0000000100000000)
  eden space 264192K, 100% used [0x00000000eab00000,0x00000000fad00000,0x00000000fad00000)
  from space 41984K, 0% used [0x00000000fad00000,0x00000000fad00000,0x00000000fd600000)
  to   space 43008K, 0% used [0x00000000fd600000,0x00000000fd600000,0x0000000100000000)
 ParOldGen       total 699392K, used 39580K [0x00000000c0000000, 0x00000000eab00000, 0x00000000eab00000)
  object space 699392K, 5% used [0x00000000c0000000,0x00000000c26a7160,0x00000000eab00000)
 Metaspace       used 88729K, capacity 89516K, committed 131072K, reserved 1163264K
  class space    used 10262K, capacity 10513K, committed 16768K, reserved 1048576K
10473.773: [GC (Allocation Failure) [PSYoungGen: 264192K->38569K(299008K)] 303772K->78158K(998400K), 0.0183398 secs] [Times: user=0.03 sys=0.01, real=0.01 secs] 
Heap after GC invocations=99 (full 9):
 PSYoungGen      total 299008K, used 38569K [0x00000000eab00000, 0x0000000100000000, 0x0000000100000000)
  eden space 256000K, 0% used [0x00000000eab00000,0x00000000eab00000,0x00000000fa500000)
  from space 43008K, 89% used [0x00000000fd600000,0x00000000ffbaa6d8,0x0000000100000000)
  to   space 46592K, 0% used [0x00000000fa500000,0x00000000fa500000,0x00000000fd280000)
 ParOldGen       total 699392K, used 39588K [0x00000000c0000000, 0x00000000eab00000, 0x00000000eab00000)
  object space 699392K, 5% used [0x00000000c0000000,0x00000000c26a9160,0x00000000eab00000)
 Metaspace       used 88729K, capacity 89516K, committed 131072K, reserved 1163264K
  class space    used 10262K, capacity 10513K, committed 16768K, reserved 1048576K
}
{Heap before GC invocations=100 (full 9):
 PSYoungGen      total 299008K, used 294569K [0x00000000eab00000, 0x0000000100000000, 0x0000000100000000)
  eden space 256000K, 100% used [0x00000000eab00000,0x00000000fa500000,0x00000000fa500000)
  from space 43008K, 89% used [0x00000000fd600000,0x00000000ffbaa6d8,0x0000000100000000)
  to   space 46592K, 0% used [0x00000000fa500000,0x00000000fa500000,0x00000000fd280000)
 ParOldGen       total 699392K, used 39588K [0x00000000c0000000, 0x00000000eab00000, 0x00000000eab00000)
  object space 699392K, 5% used [0x00000000c0000000,0x00000000c26a9160,0x00000000eab00000)
 Metaspace       used 100494K, capacity 101358K, committed 131072K, reserved 1163264K
  class space    used 11807K, capacity 12090K, committed 16768K, reserved 1048576K
10475.494: [GC (Allocation Failure) [PSYoungGen: 294569K->19236K(302592K)] 334158K->60016K(1001984K), 0.0241718 secs] [Times: user=0.04 sys=0.00, real=0.02 secs] 
Heap after GC invocations=100 (full 9):
 PSYoungGen      total 302592K, used 19236K [0x00000000eab00000, 0x0000000100000000, 0x0000000100000000)
  eden space 256000K, 0% used [0x00000000eab00000,0x00000000eab00000,0x00000000fa500000)
  from space 46592K, 41% used [0x00000000fa500000,0x00000000fb7c90c0,0x00000000fd280000)
  to   space 45568K, 0% used [0x00000000fd380000,0x00000000fd380000,0x0000000100000000)
 ParOldGen       total 699392K, used 40780K [0x00000000c0000000, 0x00000000eab00000, 0x00000000eab00000)
  object space 699392K, 5% used [0x00000000c0000000,0x00000000c27d3258,0x00000000eab00000)
 Metaspace       used 100494K, capacity 101358K, committed 131072K, reserved 1163264K
  class space    used 11807K, capacity 12090K, committed 16768K, reserved 1048576K
}
{Heap before GC invocations=101 (full 9):
 PSYoungGen      total 302592K, used 275236K [0x00000000eab00000, 0x0000000100000000, 0x0000000100000000)
  eden space 256000K, 100% used [0x00000000eab00000,0x00000000fa500000,0x00000000fa500000)
  from space 46592K, 41% used [0x00000000fa500000,0x00000000fb7c90c0,0x00000000fd280000)
  to   space 45568K, 0% used [0x00000000fd380000,0x00000000fd380000,0x0000000100000000)
 ParOldGen       total 699392K, used 40780K [0x00000000c0000000, 0x00000000eab00000, 0x00000000eab00000)
  object space 699392K, 5% used [0x00000000c0000000,0x00000000c27d3258,0x00000000eab00000)
 Metaspace       used 101847K, capacity 102826K, committed 131072K, reserved 1163264K
  class space    used 11977K, capacity 12256K, committed 16768K, reserved 1048576K
10514.147: [GC (Allocation Failure) [PSYoungGen: 275236K->31037K(302592K)] 316016K->74861K(1001984K), 0.0337364 secs] [Times: user=0.05 sys=0.00, real=0.04 secs] 
Heap after GC invocations=101 (full 9):
 PSYoungGen      total 302592K, used 31037K [0x00000000eab00000, 0x0000000100000000, 0x0000000100000000)
  eden space 257024K, 0% used [0x00000000eab00000,0x00000000eab00000,0x00000000fa600000)
  from space 45568K, 68% used [0x00000000fd380000,0x00000000ff1cf790,0x0000000100000000)
  to   space 46080K, 0% used [0x00000000fa600000,0x00000000fa600000,0x00000000fd300000)
 ParOldGen       total 699392K, used 43823K [0x00000000c0000000, 0x00000000eab00000, 0x00000000eab00000)
  object space 699392K, 6% used [0x00000000c0000000,0x00000000c2acbc88,0x00000000eab00000)
 Metaspace       used 101847K, capacity 102826K, committed 131072K, reserved 1163264K
  class space    used 11977K, capacity 12256K, committed 16768K, reserved 1048576K
}
{Heap before GC invocations=102 (full 9):
 PSYoungGen      total 302592K, used 288061K [0x00000000eab00000, 0x0000000100000000, 0x0000000100000000)
  eden space 257024K, 100% used [0x00000000eab00000,0x00000000fa600000,0x00000000fa600000)
  from space 45568K, 68% used [0x00000000fd380000,0x00000000ff1cf790,0x0000000100000000)
  to   space 46080K, 0% used [0x00000000fa600000,0x00000000fa600000,0x00000000fd300000)
 ParOldGen       total 699392K, used 43823K [0x00000000c0000000, 0x00000000eab00000, 0x00000000eab00000)
  object space 699392K, 6% used [0x00000000c0000000,0x00000000c2acbc88,0x00000000eab00000)
 Metaspace       used 109831K, capacity 110890K, committed 131072K, reserved 1163264K
  class space    used 13092K, capacity 13385K, committed 16768K, reserved 1048576K
10516.103: [GC (Allocation Failure) [PSYoungGen: 288061K->22190K(303104K)] 331885K->67744K(1002496K), 0.0430450 secs] [Times: user=0.06 sys=0.00, real=0.04 secs] 
Heap after GC invocations=102 (full 9):
 PSYoungGen      total 303104K, used 22190K [0x00000000eab00000, 0x0000000100000000, 0x0000000100000000)
  eden space 257024K, 0% used [0x00000000eab00000,0x00000000eab00000,0x00000000fa600000)
  from space 46080K, 48% used [0x00000000fa600000,0x00000000fbbabb60,0x00000000fd300000)
  to   space 44544K, 0% used [0x00000000fd480000,0x00000000fd480000,0x0000000100000000)
 ParOldGen       total 699392K, used 45553K [0x00000000c0000000, 0x00000000eab00000, 0x00000000eab00000)
  object space 699392K, 6% used [0x00000000c0000000,0x00000000c2c7c6f0,0x00000000eab00000)
 Metaspace       used 109831K, capacity 110890K, committed 131072K, reserved 1163264K
  class space    used 13092K, capacity 13385K, committed 16768K, reserved 1048576K
}
{Heap before GC invocations=103 (full 9):
 PSYoungGen      total 303104K, used 279214K [0x00000000eab00000, 0x0000000100000000, 0x0000000100000000)
  eden space 257024K, 100% used [0x00000000eab00000,0x00000000fa600000,0x00000000fa600000)
  from space 46080K, 48% used [0x00000000fa600000,0x00000000fbbabb60,0x00000000fd300000)
  to   space 44544K, 0% used [0x00000000fd480000,0x00000000fd480000,0x0000000100000000)
 ParOldGen       total 699392K, used 45553K [0x00000000c0000000, 0x00000000eab00000, 0x00000000eab00000)
  object space 699392K, 6% used [0x00000000c0000000,0x00000000c2c7c6f0,0x00000000eab00000)
 Metaspace       used 114976K, capacity 116028K, committed 131072K, reserved 1163264K
  class space    used 13696K, capacity 14003K, committed 16768K, reserved 1048576K
10684.310: [GC (Allocation Failure) [PSYoungGen: 279214K->24871K(306688K)] 324768K->72864K(1006080K), 0.0176814 secs] [Times: user=0.03 sys=0.00, real=0.02 secs] 
Heap after GC invocations=103 (full 9):
 PSYoungGen      total 306688K, used 24871K [0x00000000eab00000, 0x0000000100000000, 0x0000000100000000)
  eden space 262144K, 0% used [0x00000000eab00000,0x00000000eab00000,0x00000000fab00000)
  from space 44544K, 55% used [0x00000000fd480000,0x00000000fecc9cb0,0x0000000100000000)
  to   space 42496K, 0% used [0x00000000fab00000,0x00000000fab00000,0x00000000fd480000)
 ParOldGen       total 699392K, used 47993K [0x00000000c0000000, 0x00000000eab00000, 0x00000000eab00000)
  object space 699392K, 6% used [0x00000000c0000000,0x00000000c2ede720,0x00000000eab00000)
 Metaspace       used 114976K, capacity 116028K, committed 131072K, reserved 1163264K
  class space    used 13696K, capacity 14003K, committed 16768K, reserved 1048576K
}
{Heap before GC invocations=104 (full 9):
 PSYoungGen      total 306688K, used 287015K [0x00000000eab00000, 0x0000000100000000, 0x0000000100000000)
  eden space 262144K, 100% used [0x00000000eab00000,0x00000000fab00000,0x00000000fab00000)
  from space 44544K, 55% used [0x00000000fd480000,0x00000000fecc9cb0,0x0000000100000000)
  to   space 42496K, 0% used [0x00000000fab00000,0x00000000fab00000,0x00000000fd480000)
 ParOldGen       total 699392K, used 47993K [0x00000000c0000000, 0x00000000eab00000, 0x00000000eab00000)
  object space 699392K, 6% used [0x00000000c0000000,0x00000000c2ede720,0x00000000eab00000)
 Metaspace       used 120935K, capacity 121996K, committed 131072K, reserved 1163264K
  class space    used 14523K, capacity 14841K, committed 16768K, reserved 1048576K
10686.198: [GC (Allocation Failure) [PSYoungGen: 287015K->29705K(304640K)] 335008K->80017K(1004032K), 0.0235541 secs] [Times: user=0.05 sys=0.00, real=0.03 secs] 
Heap after GC invocations=104 (full 9):
 PSYoungGen      total 304640K, used 29705K [0x00000000eab00000, 0x0000000100000000, 0x0000000100000000)
  eden space 262144K, 0% used [0x00000000eab00000,0x00000000eab00000,0x00000000fab00000)
  from space 42496K, 69% used [0x00000000fab00000,0x00000000fc802488,0x00000000fd480000)
  to   space 42496K, 0% used [0x00000000fd680000,0x00000000fd680000,0x0000000100000000)
 ParOldGen       total 699392K, used 50312K [0x00000000c0000000, 0x00000000eab00000, 0x00000000eab00000)
  object space 699392K, 7% used [0x00000000c0000000,0x00000000c3122070,0x00000000eab00000)
 Metaspace       used 120935K, capacity 121996K, committed 131072K, reserved 1163264K
  class space    used 14523K, capacity 14841K, committed 16768K, reserved 1048576K
}
{Heap before GC invocations=105 (full 9):
 PSYoungGen      total 304640K, used 191794K [0x00000000eab00000, 0x0000000100000000, 0x0000000100000000)
  eden space 262144K, 61% used [0x00000000eab00000,0x00000000f494a5a0,0x00000000fab00000)
  from space 42496K, 69% used [0x00000000fab00000,0x00000000fc802488,0x00000000fd480000)
  to   space 42496K, 0% used [0x00000000fd680000,0x00000000fd680000,0x0000000100000000)
 ParOldGen       total 699392K, used 50312K [0x00000000c0000000, 0x00000000eab00000, 0x00000000eab00000)
  object space 699392K, 7% used [0x00000000c0000000,0x00000000c3122070,0x00000000eab00000)
 Metaspace       used 127674K, capacity 128734K, committed 131072K, reserved 1163264K
  class space    used 15361K, capacity 15676K, committed 16768K, reserved 1048576K
10697.836: [GC (Metadata GC Threshold) [PSYoungGen: 191794K->10138K(304640K)] 242106K->63517K(1004032K), 0.0358319 secs] [Times: user=0.06 sys=0.00, real=0.04 secs] 
Heap after GC invocations=105 (full 9):
 PSYoungGen      total 304640K, used 10138K [0x00000000eab00000, 0x0000000100000000, 0x0000000100000000)
  eden space 262144K, 0% used [0x00000000eab00000,0x00000000eab00000,0x00000000fab00000)
  from space 42496K, 23% used [0x00000000fd680000,0x00000000fe066af8,0x0000000100000000)
  to   space 43520K, 0% used [0x00000000fab00000,0x00000000fab00000,0x00000000fd580000)
 ParOldGen       total 699392K, used 53378K [0x00000000c0000000, 0x00000000eab00000, 0x00000000eab00000)
  object space 699392K, 7% used [0x00000000c0000000,0x00000000c3420a18,0x00000000eab00000)
 Metaspace       used 127674K, capacity 128734K, committed 131072K, reserved 1163264K
  class space    used 15361K, capacity 15676K, committed 16768K, reserved 1048576K
}
{Heap before GC invocations=106 (full 10):
 PSYoungGen      total 304640K, used 10138K [0x00000000eab00000, 0x0000000100000000, 0x0000000100000000)
  eden space 262144K, 0% used [0x00000000eab00000,0x00000000eab00000,0x00000000fab00000)
  from space 42496K, 23% used [0x00000000fd680000,0x00000000fe066af8,0x0000000100000000)
  to   space 43520K, 0% used [0x00000000fab00000,0x00000000fab00000,0x00000000fd580000)
 ParOldGen       total 699392K, used 53378K [0x00000000c0000000, 0x00000000eab00000, 0x00000000eab00000)
  object space 699392K, 7% used [0x00000000c0000000,0x00000000c3420a18,0x00000000eab00000)
 Metaspace       used 127674K, capacity 128734K, committed 131072K, reserved 1163264K
  class space    used 15361K, capacity 15676K, committed 16768K, reserved 1048576K
10697.872: [Full GC (Metadata GC Threshold) [PSYoungGen: 10138K->0K(304640K)] [ParOldGen: 53378K->39696K(699392K)] 63517K->39696K(1004032K), [Metaspace: 127674K->88519K(1163264K)], 0.3539454 secs] [Times: user=0.57 sys=0.00, real=0.35 secs] 
Heap after GC invocations=106 (full 10):
 PSYoungGen      total 304640K, used 0K [0x00000000eab00000, 0x0000000100000000, 0x0000000100000000)
  eden space 262144K, 0% used [0x00000000eab00000,0x00000000eab00000,0x00000000fab00000)
  from space 42496K, 0% used [0x00000000fd680000,0x00000000fd680000,0x0000000100000000)
  to   space 43520K, 0% used [0x00000000fab00000,0x00000000fab00000,0x00000000fd580000)
 ParOldGen       total 699392K, used 39696K [0x00000000c0000000, 0x00000000eab00000, 0x00000000eab00000)
  object space 699392K, 5% used [0x00000000c0000000,0x00000000c26c4018,0x00000000eab00000)
 Metaspace       used 88519K, capacity 89190K, committed 131072K, reserved 1163264K
  class space    used 10224K, capacity 10473K, committed 16768K, reserved 1048576K
}
{Heap before GC invocations=107 (full 10):
 PSYoungGen      total 304640K, used 262144K [0x00000000eab00000, 0x0000000100000000, 0x0000000100000000)
  eden space 262144K, 100% used [0x00000000eab00000,0x00000000fab00000,0x00000000fab00000)
  from space 42496K, 0% used [0x00000000fd680000,0x00000000fd680000,0x0000000100000000)
  to   space 43520K, 0% used [0x00000000fab00000,0x00000000fab00000,0x00000000fd580000)
 ParOldGen       total 699392K, used 39696K [0x00000000c0000000, 0x00000000eab00000, 0x00000000eab00000)
  object space 699392K, 5% used [0x00000000c0000000,0x00000000c26c4018,0x00000000eab00000)
 Metaspace       used 88951K, capacity 89676K, committed 131072K, reserved 1163264K
  class space    used 10278K, capacity 10545K, committed 16768K, reserved 1048576K
10812.523: [GC (Allocation Failure) [PSYoungGen: 262144K->38340K(294400K)] 301840K->78044K(993792K), 0.0449519 secs] [Times: user=0.07 sys=0.00, real=0.04 secs] 
Heap after GC invocations=107 (full 10):
 PSYoungGen      total 294400K, used 38340K [0x00000000eab00000, 0x0000000100000000, 0x0000000100000000)
  eden space 256000K, 0% used [0x00000000eab00000,0x00000000eab00000,0x00000000fa500000)
  from space 38400K, 99% used [0x00000000fab00000,0x00000000fd0711e8,0x00000000fd080000)
  to   space 47104K, 0% used [0x00000000fd200000,0x00000000fd200000,0x0000000100000000)
 ParOldGen       total 699392K, used 39704K [0x00000000c0000000, 0x00000000eab00000, 0x00000000eab00000)
  object space 699392K, 5% used [0x00000000c0000000,0x00000000c26c6018,0x00000000eab00000)
 Metaspace       used 88951K, capacity 89676K, committed 131072K, reserved 1163264K
  class space    used 10278K, capacity 10545K, committed 16768K, reserved 1048576K
}
{Heap before GC invocations=108 (full 10):
 PSYoungGen      total 294400K, used 294340K [0x00000000eab00000, 0x0000000100000000, 0x0000000100000000)
  eden space 256000K, 100% used [0x00000000eab00000,0x00000000fa500000,0x00000000fa500000)
  from space 38400K, 99% used [0x00000000fab00000,0x00000000fd0711e8,0x00000000fd080000)
  to   space 47104K, 0% used [0x00000000fd200000,0x00000000fd200000,0x0000000100000000)
 ParOldGen       total 699392K, used 39704K [0x00000000c0000000, 0x00000000eab00000, 0x00000000eab00000)
  object space 699392K, 5% used [0x00000000c0000000,0x00000000c26c6018,0x00000000eab00000)
 Metaspace       used 100762K, capacity 101578K, committed 131072K, reserved 1163264K
  class space    used 11829K, capacity 12132K, committed 16768K, reserved 1048576K
10814.917: [GC (Allocation Failure) [PSYoungGen: 294340K->19323K(303616K)] 334044K->60262K(1003008K), 0.0172694 secs] [Times: user=0.03 sys=0.00, real=0.02 secs] 
Heap after GC invocations=108 (full 10):
 PSYoungGen      total 303616K, used 19323K [0x00000000eab00000, 0x0000000100000000, 0x0000000100000000)
  eden space 256512K, 0% used [0x00000000eab00000,0x00000000eab00000,0x00000000fa580000)
  from space 47104K, 41% used [0x00000000fd200000,0x00000000fe4ded20,0x0000000100000000)
  to   space 45568K, 0% used [0x00000000fa580000,0x00000000fa580000,0x00000000fd200000)
 ParOldGen       total 699392K, used 40939K [0x00000000c0000000, 0x00000000eab00000, 0x00000000eab00000)
  object space 699392K, 5% used [0x00000000c0000000,0x00000000c27faec0,0x00000000eab00000)
 Metaspace       used 100762K, capacity 101578K, committed 131072K, reserved 1163264K
  class space    used 11829K, capacity 12132K, committed 16768K, reserved 1048576K
}
{Heap before GC invocations=109 (full 10):
 PSYoungGen      total 303616K, used 275832K [0x00000000eab00000, 0x0000000100000000, 0x0000000100000000)
  eden space 256512K, 99% used [0x00000000eab00000,0x00000000fa57f4c8,0x00000000fa580000)
  from space 47104K, 41% used [0x00000000fd200000,0x00000000fe4ded20,0x0000000100000000)
  to   space 45568K, 0% used [0x00000000fa580000,0x00000000fa580000,0x00000000fd200000)
 ParOldGen       total 699392K, used 40939K [0x00000000c0000000, 0x00000000eab00000, 0x00000000eab00000)
  object space 699392K, 5% used [0x00000000c0000000,0x00000000c27faec0,0x00000000eab00000)
 Metaspace       used 102180K, capacity 103154K, committed 131072K, reserved 1163264K
  class space    used 12015K, capacity 12327K, committed 16768K, reserved 1048576K
10839.946: [GC (Allocation Failure) [PSYoungGen: 275832K->28994K(302080K)] 316772K->72966K(1001472K), 0.0369306 secs] [Times: user=0.06 sys=0.00, real=0.04 secs] 
Heap after GC invocations=109 (full 10):
 PSYoungGen      total 302080K, used 28994K [0x00000000eab00000, 0x0000000100000000, 0x0000000100000000)
  eden space 256512K, 0% used [0x00000000eab00000,0x00000000eab00000,0x00000000fa580000)
  from space 45568K, 63% used [0x00000000fa580000,0x00000000fc1d0930,0x00000000fd200000)
  to   space 45056K, 0% used [0x00000000fd400000,0x00000000fd400000,0x0000000100000000)
 ParOldGen       total 699392K, used 43971K [0x00000000c0000000, 0x00000000eab00000, 0x00000000eab00000)
  object space 699392K, 6% used [0x00000000c0000000,0x00000000c2af0ee0,0x00000000eab00000)
 Metaspace       used 102180K, capacity 103154K, committed 131072K, reserved 1163264K
  class space    used 12015K, capacity 12327K, committed 16768K, reserved 1048576K
}
{Heap before GC invocations=110 (full 10):
 PSYoungGen      total 302080K, used 285506K [0x00000000eab00000, 0x0000000100000000, 0x0000000100000000)
  eden space 256512K, 100% used [0x00000000eab00000,0x00000000fa580000,0x00000000fa580000)
  from space 45568K, 63% used [0x00000000fa580000,0x00000000fc1d0930,0x00000000fd200000)
  to   space 45056K, 0% used [0x00000000fd400000,0x00000000fd400000,0x0000000100000000)
 ParOldGen       total 699392K, used 43971K [0x00000000c0000000, 0x00000000eab00000, 0x00000000eab00000)
  object space 699392K, 6% used [0x00000000c0000000,0x00000000c2af0ee0,0x00000000eab00000)
 Metaspace       used 109877K, capacity 110888K, committed 131072K, reserved 1163264K
  class space    used 13070K, capacity 13390K, committed 16768K, reserved 1048576K
10841.878: [GC (Allocation Failure) [PSYoungGen: 285506K->24104K(305664K)] 329478K->69894K(1005056K), 0.0372921 secs] [Times: user=0.05 sys=0.01, real=0.04 secs] 
Heap after GC invocations=110 (full 10):
 PSYoungGen      total 305664K, used 24104K [0x00000000eab00000, 0x0000000100000000, 0x0000000100000000)
  eden space 260608K, 0% used [0x00000000eab00000,0x00000000eab00000,0x00000000fa980000)
  from space 45056K, 53% used [0x00000000fd400000,0x00000000feb8a370,0x0000000100000000)
  to   space 43520K, 0% used [0x00000000fa980000,0x00000000fa980000,0x00000000fd400000)
 ParOldGen       total 699392K, used 45790K [0x00000000c0000000, 0x00000000eab00000, 0x00000000eab00000)
  object space 699392K, 6% used [0x00000000c0000000,0x00000000c2cb7840,0x00000000eab00000)
 Metaspace       used 109877K, capacity 110888K, committed 131072K, reserved 1163264K
  class space    used 13070K, capacity 13390K, committed 16768K, reserved 1048576K
}
{Heap before GC invocations=111 (full 10):
 PSYoungGen      total 305664K, used 284707K [0x00000000eab00000, 0x0000000100000000, 0x0000000100000000)
  eden space 260608K, 99% used [0x00000000eab00000,0x00000000fa97ec80,0x00000000fa980000)
  from space 45056K, 53% used [0x00000000fd400000,0x00000000feb8a370,0x0000000100000000)
  to   space 43520K, 0% used [0x00000000fa980000,0x00000000fa980000,0x00000000fd400000)
 ParOldGen       total 699392K, used 45790K [0x00000000c0000000, 0x00000000eab00000, 0x00000000eab00000)
  object space 699392K, 6% used [0x00000000c0000000,0x00000000c2cb7840,0x00000000eab00000)
 Metaspace       used 115288K, capacity 116346K, committed 131072K, reserved 1163264K
  class space    used 13733K, capacity 14072K, committed 16768K, reserved 1048576K
11316.943: [GC (Allocation Failure) [PSYoungGen: 284707K->24719K(304128K)] 330498K->72753K(1003520K), 0.0148975 secs] [Times: user=0.03 sys=0.00, real=0.01 secs] 
Heap after GC invocations=111 (full 10):
 PSYoungGen      total 304128K, used 24719K [0x00000000eab00000, 0x0000000100000000, 0x0000000100000000)
  eden space 260608K, 0% used [0x00000000eab00000,0x00000000eab00000,0x00000000fa980000)
  from space 43520K, 56% used [0x00000000fa980000,0x00000000fc1a3e00,0x00000000fd400000)
  to   space 41472K, 0% used [0x00000000fd780000,0x00000000fd780000,0x0000000100000000)
 ParOldGen       total 699392K, used 48034K [0x00000000c0000000, 0x00000000eab00000, 0x00000000eab00000)
  object space 699392K, 6% used [0x00000000c0000000,0x00000000c2ee8968,0x00000000eab00000)
 Metaspace       used 115288K, capacity 116346K, committed 131072K, reserved 1163264K
  class space    used 13733K, capacity 14072K, committed 16768K, reserved 1048576K
}
{Heap before GC invocations=112 (full 10):
 PSYoungGen      total 304128K, used 285327K [0x00000000eab00000, 0x0000000100000000, 0x0000000100000000)
  eden space 260608K, 100% used [0x00000000eab00000,0x00000000fa980000,0x00000000fa980000)
  from space 43520K, 56% used [0x00000000fa980000,0x00000000fc1a3e00,0x00000000fd400000)
  to   space 41472K, 0% used [0x00000000fd780000,0x00000000fd780000,0x0000000100000000)
 ParOldGen       total 699392K, used 48034K [0x00000000c0000000, 0x00000000eab00000, 0x00000000eab00000)
  object space 699392K, 6% used [0x00000000c0000000,0x00000000c2ee8968,0x00000000eab00000)
 Metaspace       used 120775K, capacity 121860K, committed 131072K, reserved 1163264K
  class space    used 14480K, capacity 14845K, committed 16768K, reserved 1048576K
11318.879: [GC (Allocation Failure) [PSYoungGen: 285327K->29665K(306688K)] 333361K->80218K(1006080K), 0.0341515 secs] [Times: user=0.06 sys=0.00, real=0.04 secs] 
Heap after GC invocations=112 (full 10):
 PSYoungGen      total 306688K, used 29665K [0x00000000eab00000, 0x0000000100000000, 0x0000000100000000)
  eden space 265216K, 0% used [0x00000000eab00000,0x00000000eab00000,0x00000000fae00000)
  from space 41472K, 71% used [0x00000000fd780000,0x00000000ff478670,0x0000000100000000)
  to   space 41984K, 0% used [0x00000000fae00000,0x00000000fae00000,0x00000000fd700000)
 ParOldGen       total 699392K, used 50552K [0x00000000c0000000, 0x00000000eab00000, 0x00000000eab00000)
  object space 699392K, 7% used [0x00000000c0000000,0x00000000c315e2b8,0x00000000eab00000)
 Metaspace       used 120775K, capacity 121860K, committed 131072K, reserved 1163264K
  class space    used 14480K, capacity 14845K, committed 16768K, reserved 1048576K
}
{Heap before GC invocations=113 (full 10):
 PSYoungGen      total 306688K, used 199911K [0x00000000eab00000, 0x0000000100000000, 0x0000000100000000)
  eden space 265216K, 64% used [0x00000000eab00000,0x00000000f5141630,0x00000000fae00000)
  from space 41472K, 71% used [0x00000000fd780000,0x00000000ff478670,0x0000000100000000)
  to   space 41984K, 0% used [0x00000000fae00000,0x00000000fae00000,0x00000000fd700000)
 ParOldGen       total 699392K, used 50552K [0x00000000c0000000, 0x00000000eab00000, 0x00000000eab00000)
  object space 699392K, 7% used [0x00000000c0000000,0x00000000c315e2b8,0x00000000eab00000)
 Metaspace       used 127914K, capacity 128988K, committed 131072K, reserved 1163264K
  class space    used 15391K, capacity 15745K, committed 16768K, reserved 1048576K
11320.751: [GC (Metadata GC Threshold) [PSYoungGen: 199911K->10686K(275968K)] 250463K->64060K(975360K), 0.0414785 secs] [Times: user=0.08 sys=0.00, real=0.05 secs] 
Heap after GC invocations=113 (full 10):
 PSYoungGen      total 275968K, used 10686K [0x00000000eab00000, 0x0000000100000000, 0x0000000100000000)
  eden space 265216K, 0% used [0x00000000eab00000,0x00000000eab00000,0x00000000fae00000)
  from space 10752K, 99% used [0x00000000fae00000,0x00000000fb86f898,0x00000000fb880000)
  to   space 42496K, 0% used [0x00000000fd680000,0x00000000fd680000,0x0000000100000000)
 ParOldGen       total 699392K, used 53373K [0x00000000c0000000, 0x00000000eab00000, 0x00000000eab00000)
  object space 699392K, 7% used [0x00000000c0000000,0x00000000c341f7c0,0x00000000eab00000)
 Metaspace       used 127914K, capacity 128988K, committed 131072K, reserved 1163264K
  class space    used 15391K, capacity 15745K, committed 16768K, reserved 1048576K
}
{Heap before GC invocations=114 (full 11):
 PSYoungGen      total 275968K, used 10686K [0x00000000eab00000, 0x0000000100000000, 0x0000000100000000)
  eden space 265216K, 0% used [0x00000000eab00000,0x00000000eab00000,0x00000000fae00000)
  from space 10752K, 99% used [0x00000000fae00000,0x00000000fb86f898,0x00000000fb880000)
  to   space 42496K, 0% used [0x00000000fd680000,0x00000000fd680000,0x0000000100000000)
 ParOldGen       total 699392K, used 53373K [0x00000000c0000000, 0x00000000eab00000, 0x00000000eab00000)
  object space 699392K, 7% used [0x00000000c0000000,0x00000000c341f7c0,0x00000000eab00000)
 Metaspace       used 127914K, capacity 128988K, committed 131072K, reserved 1163264K
  class space    used 15391K, capacity 15745K, committed 16768K, reserved 1048576K
11320.792: [Full GC (Metadata GC Threshold) [PSYoungGen: 10686K->0K(275968K)] [ParOldGen: 53373K->40112K(699392K)] 64060K->40112K(975360K), [Metaspace: 127914K->88678K(1159168K)], 0.4163813 secs] [Times: user=0.73 sys=0.00, real=0.41 secs] 
Heap after GC invocations=114 (full 11):
 PSYoungGen      total 275968K, used 0K [0x00000000eab00000, 0x0000000100000000, 0x0000000100000000)
  eden space 265216K, 0% used [0x00000000eab00000,0x00000000eab00000,0x00000000fae00000)
  from space 10752K, 0% used [0x00000000fae00000,0x00000000fae00000,0x00000000fb880000)
  to   space 42496K, 0% used [0x00000000fd680000,0x00000000fd680000,0x0000000100000000)
 ParOldGen       total 699392K, used 40112K [0x00000000c0000000, 0x00000000eab00000, 0x00000000eab00000)
  object space 699392K, 5% used [0x00000000c0000000,0x00000000c272c150,0x00000000eab00000)
 Metaspace       used 88678K, capacity 89412K, committed 126976K, reserved 1159168K
  class space    used 10239K, capacity 10510K, committed 16768K, reserved 1048576K
}
{Heap before GC invocations=115 (full 11):
 PSYoungGen      total 275968K, used 265213K [0x00000000eab00000, 0x0000000100000000, 0x0000000100000000)
  eden space 265216K, 99% used [0x00000000eab00000,0x00000000fadff7c0,0x00000000fae00000)
  from space 10752K, 0% used [0x00000000fae00000,0x00000000fae00000,0x00000000fb880000)
  to   space 42496K, 0% used [0x00000000fd680000,0x00000000fd680000,0x0000000100000000)
 ParOldGen       total 699392K, used 40112K [0x00000000c0000000, 0x00000000eab00000, 0x00000000eab00000)
  object space 699392K, 5% used [0x00000000c0000000,0x00000000c272c150,0x00000000eab00000)
 Metaspace       used 89167K, capacity 90026K, committed 126976K, reserved 1159168K
  class space    used 10299K, capacity 10582K, committed 16768K, reserved 1048576K
11689.907: [GC (Allocation Failure) [PSYoungGen: 265213K->37931K(299520K)] 305326K->78051K(998912K), 0.0173897 secs] [Times: user=0.03 sys=0.00, real=0.02 secs] 
Heap after GC invocations=115 (full 11):
 PSYoungGen      total 299520K, used 37931K [0x00000000eab00000, 0x0000000100000000, 0x0000000100000000)
  eden space 257024K, 0% used [0x00000000eab00000,0x00000000eab00000,0x00000000fa600000)
  from space 42496K, 89% used [0x00000000fd680000,0x00000000ffb8ad10,0x0000000100000000)
  to   space 46080K, 0% used [0x00000000fa600000,0x00000000fa600000,0x00000000fd300000)
 ParOldGen       total 699392K, used 40120K [0x00000000c0000000, 0x00000000eab00000, 0x00000000eab00000)
  object space 699392K, 5% used [0x00000000c0000000,0x00000000c272e150,0x00000000eab00000)
 Metaspace       used 89167K, capacity 90026K, committed 126976K, reserved 1159168K
  class space    used 10299K, capacity 10582K, committed 16768K, reserved 1048576K
}
{Heap before GC invocations=116 (full 11):
 PSYoungGen      total 299520K, used 294955K [0x00000000eab00000, 0x0000000100000000, 0x0000000100000000)
  eden space 257024K, 100% used [0x00000000eab00000,0x00000000fa600000,0x00000000fa600000)
  from space 42496K, 89% used [0x00000000fd680000,0x00000000ffb8ad10,0x0000000100000000)
  to   space 46080K, 0% used [0x00000000fa600000,0x00000000fa600000,0x00000000fd300000)
 ParOldGen       total 699392K, used 40120K [0x00000000c0000000, 0x00000000eab00000, 0x00000000eab00000)
  object space 699392K, 5% used [0x00000000c0000000,0x00000000c272e150,0x00000000eab00000)
 Metaspace       used 100941K, capacity 101868K, committed 126976K, reserved 1159168K
  class space    used 11844K, capacity 12159K, committed 16768K, reserved 1048576K
11692.553: [GC (Allocation Failure) [PSYoungGen: 294955K->19740K(303104K)] 335075K->61210K(1002496K), 0.0386215 secs] [Times: user=0.08 sys=0.00, real=0.04 secs] 
Heap after GC invocations=116 (full 11):
 PSYoungGen      total 303104K, used 19740K [0x00000000eab00000, 0x0000000100000000, 0x0000000100000000)
  eden space 257024K, 0% used [0x00000000eab00000,0x00000000eab00000,0x00000000fa600000)
  from space 46080K, 42% used [0x00000000fa600000,0x00000000fb947200,0x00000000fd300000)
  to   space 45056K, 0% used [0x00000000fd400000,0x00000000fd400000,0x0000000100000000)
 ParOldGen       total 699392K, used 41469K [0x00000000c0000000, 0x00000000eab00000, 0x00000000eab00000)
  object space 699392K, 5% used [0x00000000c0000000,0x00000000c287f7b8,0x00000000eab00000)
 Metaspace       used 100941K, capacity 101868K, committed 126976K, reserved 1159168K
  class space    used 11844K, capacity 12159K, committed 16768K, reserved 1048576K
}
{Heap before GC invocations=117 (full 11):
 PSYoungGen      total 303104K, used 276764K [0x00000000eab00000, 0x0000000100000000, 0x0000000100000000)
  eden space 257024K, 100% used [0x00000000eab00000,0x00000000fa600000,0x00000000fa600000)
  from space 46080K, 42% used [0x00000000fa600000,0x00000000fb947200,0x00000000fd300000)
  to   space 45056K, 0% used [0x00000000fd400000,0x00000000fd400000,0x0000000100000000)
 ParOldGen       total 699392K, used 41469K [0x00000000c0000000, 0x00000000eab00000, 0x00000000eab00000)
  object space 699392K, 5% used [0x00000000c0000000,0x00000000c287f7b8,0x00000000eab00000)
 Metaspace       used 102215K, capacity 103204K, committed 126976K, reserved 1159168K
  class space    used 12008K, capacity 12325K, committed 16768K, reserved 1048576K
11925.250: [GC (Allocation Failure) [PSYoungGen: 276764K->28899K(304640K)] 318234K->73397K(1004032K), 0.0172910 secs] [Times: user=0.03 sys=0.00, real=0.02 secs] 
Heap after GC invocations=117 (full 11):
 PSYoungGen      total 304640K, used 28899K [0x00000000eab00000, 0x0000000100000000, 0x0000000100000000)
  eden space 259584K, 0% used [0x00000000eab00000,0x00000000eab00000,0x00000000fa880000)
  from space 45056K, 64% used [0x00000000fd400000,0x00000000ff038d78,0x0000000100000000)
  to   space 44544K, 0% used [0x00000000fa880000,0x00000000fa880000,0x00000000fd400000)
 ParOldGen       total 699392K, used 44498K [0x00000000c0000000, 0x00000000eab00000, 0x00000000eab00000)
  object space 699392K, 6% used [0x00000000c0000000,0x00000000c2b748f0,0x00000000eab00000)
 Metaspace       used 102215K, capacity 103204K, committed 126976K, reserved 1159168K
  class space    used 12008K, capacity 12325K, committed 16768K, reserved 1048576K
}
{Heap before GC invocations=118 (full 11):
 PSYoungGen      total 304640K, used 288483K [0x00000000eab00000, 0x0000000100000000, 0x0000000100000000)
  eden space 259584K, 100% used [0x00000000eab00000,0x00000000fa880000,0x00000000fa880000)
  from space 45056K, 64% used [0x00000000fd400000,0x00000000ff038d78,0x0000000100000000)
  to   space 44544K, 0% used [0x00000000fa880000,0x00000000fa880000,0x00000000fd400000)
 ParOldGen       total 699392K, used 44498K [0x00000000c0000000, 0x00000000eab00000, 0x00000000eab00000)
  object space 699392K, 6% used [0x00000000c0000000,0x00000000c2b748f0,0x00000000eab00000)
 Metaspace       used 110007K, capacity 111048K, committed 126976K, reserved 1159168K
  class space    used 13086K, capacity 13422K, committed 16768K, reserved 1048576K
11926.840: [GC (Allocation Failure) [PSYoungGen: 288483K->23942K(304128K)] 332981K->70163K(1003520K), 0.0266779 secs] [Times: user=0.07 sys=0.00, real=0.02 secs] 
Heap after GC invocations=118 (full 11):
 PSYoungGen      total 304128K, used 23942K [0x00000000eab00000, 0x0000000100000000, 0x0000000100000000)
  eden space 259584K, 0% used [0x00000000eab00000,0x00000000eab00000,0x00000000fa880000)
  from space 44544K, 53% used [0x00000000fa880000,0x00000000fbfe19f0,0x00000000fd400000)
  to   space 42496K, 0% used [0x00000000fd680000,0x00000000fd680000,0x0000000100000000)
 ParOldGen       total 699392K, used 46220K [0x00000000c0000000, 0x00000000eab00000, 0x00000000eab00000)
  object space 699392K, 6% used [0x00000000c0000000,0x00000000c2d23258,0x00000000eab00000)
 Metaspace       used 110007K, capacity 111048K, committed 126976K, reserved 1159168K
  class space    used 13086K, capacity 13422K, committed 16768K, reserved 1048576K
}
{Heap before GC invocations=119 (full 11):
 PSYoungGen      total 304128K, used 283526K [0x00000000eab00000, 0x0000000100000000, 0x0000000100000000)
  eden space 259584K, 100% used [0x00000000eab00000,0x00000000fa880000,0x00000000fa880000)
  from space 44544K, 53% used [0x00000000fa880000,0x00000000fbfe19f0,0x00000000fd400000)
  to   space 42496K, 0% used [0x00000000fd680000,0x00000000fd680000,0x0000000100000000)
 ParOldGen       total 699392K, used 46220K [0x00000000c0000000, 0x00000000eab00000, 0x00000000eab00000)
  object space 699392K, 6% used [0x00000000c0000000,0x00000000c2d23258,0x00000000eab00000)
 Metaspace       used 115307K, capacity 116410K, committed 126976K, reserved 1159168K
  class space    used 13721K, capacity 14072K, committed 16768K, reserved 1048576K
12000.330: [GC (Allocation Failure) [PSYoungGen: 283526K->25442K(308224K)] 329747K->73967K(1007616K), 0.0160656 secs] [Times: user=0.03 sys=0.00, real=0.02 secs] 
Heap after GC invocations=119 (full 11):
 PSYoungGen      total 308224K, used 25442K [0x00000000eab00000, 0x0000000100000000, 0x0000000100000000)
  eden space 265728K, 0% used [0x00000000eab00000,0x00000000eab00000,0x00000000fae80000)
  from space 42496K, 59% used [0x00000000fd680000,0x00000000fef58b48,0x0000000100000000)
  to   space 40960K, 0% used [0x00000000fae80000,0x00000000fae80000,0x00000000fd680000)
 ParOldGen       total 699392K, used 48524K [0x00000000c0000000, 0x00000000eab00000, 0x00000000eab00000)
  object space 699392K, 6% used [0x00000000c0000000,0x00000000c2f63288,0x00000000eab00000)
 Metaspace       used 115307K, capacity 116410K, committed 126976K, reserved 1159168K
  class space    used 13721K, capacity 14072K, committed 16768K, reserved 1048576K
}
{Heap before GC invocations=120 (full 11):
 PSYoungGen      total 308224K, used 291170K [0x00000000eab00000, 0x0000000100000000, 0x0000000100000000)
  eden space 265728K, 100% used [0x00000000eab00000,0x00000000fae80000,0x00000000fae80000)
  from space 42496K, 59% used [0x00000000fd680000,0x00000000fef58b48,0x0000000100000000)
  to   space 40960K, 0% used [0x00000000fae80000,0x00000000fae80000,0x00000000fd680000)
 ParOldGen       total 699392K, used 48524K [0x00000000c0000000, 0x00000000eab00000, 0x00000000eab00000)
  object space 699392K, 6% used [0x00000000c0000000,0x00000000c2f63288,0x00000000eab00000)
 Metaspace       used 121508K, capacity 122666K, committed 126976K, reserved 1159168K
  class space    used 14573K, capacity 14942K, committed 16768K, reserved 1048576K
12001.774: [GC (Allocation Failure) [PSYoungGen: 291170K->29623K(306688K)] 339695K->80574K(1006080K), 0.0384318 secs] [Times: user=0.05 sys=0.00, real=0.04 secs] 
Heap after GC invocations=120 (full 11):
 PSYoungGen      total 306688K, used 29623K [0x00000000eab00000, 0x0000000100000000, 0x0000000100000000)
  eden space 265728K, 0% used [0x00000000eab00000,0x00000000eab00000,0x00000000fae80000)
  from space 40960K, 72% used [0x00000000fae80000,0x00000000fcb6de68,0x00000000fd680000)
  to   space 41472K, 0% used [0x00000000fd780000,0x00000000fd780000,0x0000000100000000)
 ParOldGen       total 699392K, used 50951K [0x00000000c0000000, 0x00000000eab00000, 0x00000000eab00000)
  object space 699392K, 7% used [0x00000000c0000000,0x00000000c31c1c30,0x00000000eab00000)
 Metaspace       used 121508K, capacity 122666K, committed 126976K, reserved 1159168K
  class space    used 14573K, capacity 14942K, committed 16768K, reserved 1048576K
}
{Heap before GC invocations=121 (full 11):
 PSYoungGen      total 306688K, used 184774K [0x00000000eab00000, 0x0000000100000000, 0x0000000100000000)
  eden space 265728K, 58% used [0x00000000eab00000,0x00000000f4283bb8,0x00000000fae80000)
  from space 40960K, 72% used [0x00000000fae80000,0x00000000fcb6de68,0x00000000fd680000)
  to   space 41472K, 0% used [0x00000000fd780000,0x00000000fd780000,0x0000000100000000)
 ParOldGen       total 699392K, used 50951K [0x00000000c0000000, 0x00000000eab00000, 0x00000000eab00000)
  object space 699392K, 7% used [0x00000000c0000000,0x00000000c31c1c30,0x00000000eab00000)
 Metaspace       used 127858K, capacity 128988K, committed 131072K, reserved 1163264K
  class space    used 15372K, capacity 15745K, committed 16768K, reserved 1048576K
12008.282: [GC (Metadata GC Threshold) [PSYoungGen: 184774K->9495K(305664K)] 235725K->63593K(1005056K), 0.0217832 secs] [Times: user=0.05 sys=0.00, real=0.02 secs] 
Heap after GC invocations=121 (full 11):
 PSYoungGen      total 305664K, used 9495K [0x00000000eab00000, 0x0000000100000000, 0x0000000100000000)
  eden space 264192K, 0% used [0x00000000eab00000,0x00000000eab00000,0x00000000fad00000)
  from space 41472K, 22% used [0x00000000fd780000,0x00000000fe0c5fb8,0x0000000100000000)
  to   space 42496K, 0% used [0x00000000fad00000,0x00000000fad00000,0x00000000fd680000)
 ParOldGen       total 699392K, used 54097K [0x00000000c0000000, 0x00000000eab00000, 0x00000000eab00000)
  object space 699392K, 7% used [0x00000000c0000000,0x00000000c34d45d8,0x00000000eab00000)
 Metaspace       used 127858K, capacity 128988K, committed 131072K, reserved 1163264K
  class space    used 15372K, capacity 15745K, committed 16768K, reserved 1048576K
}
{Heap before GC invocations=122 (full 12):
 PSYoungGen      total 305664K, used 9495K [0x00000000eab00000, 0x0000000100000000, 0x0000000100000000)
  eden space 264192K, 0% used [0x00000000eab00000,0x00000000eab00000,0x00000000fad00000)
  from space 41472K, 22% used [0x00000000fd780000,0x00000000fe0c5fb8,0x0000000100000000)
  to   space 42496K, 0% used [0x00000000fad00000,0x00000000fad00000,0x00000000fd680000)
 ParOldGen       total 699392K, used 54097K [0x00000000c0000000, 0x00000000eab00000, 0x00000000eab00000)
  object space 699392K, 7% used [0x00000000c0000000,0x00000000c34d45d8,0x00000000eab00000)
 Metaspace       used 127858K, capacity 128988K, committed 131072K, reserved 1163264K
  class space    used 15372K, capacity 15745K, committed 16768K, reserved 1048576K
12008.305: [Full GC (Metadata GC Threshold) [PSYoungGen: 9495K->0K(305664K)] [ParOldGen: 54097K->39284K(699392K)] 63593K->39284K(1005056K), [Metaspace: 127858K->88612K(1163264K)], 0.2631597 secs] [Times: user=0.45 sys=0.01, real=0.26 secs] 
Heap after GC invocations=122 (full 12):
 PSYoungGen      total 305664K, used 0K [0x00000000eab00000, 0x0000000100000000, 0x0000000100000000)
  eden space 264192K, 0% used [0x00000000eab00000,0x00000000eab00000,0x00000000fad00000)
  from space 41472K, 0% used [0x00000000fd780000,0x00000000fd780000,0x0000000100000000)
  to   space 42496K, 0% used [0x00000000fad00000,0x00000000fad00000,0x00000000fd680000)
 ParOldGen       total 699392K, used 39284K [0x00000000c0000000, 0x00000000eab00000, 0x00000000eab00000)
  object space 699392K, 5% used [0x00000000c0000000,0x00000000c265d308,0x00000000eab00000)
 Metaspace       used 88612K, capacity 89412K, committed 131072K, reserved 1163264K
  class space    used 10220K, capacity 10510K, committed 16768K, reserved 1048576K
}
{Heap before GC invocations=123 (full 12):
 PSYoungGen      total 305664K, used 264192K [0x00000000eab00000, 0x0000000100000000, 0x0000000100000000)
  eden space 264192K, 100% used [0x00000000eab00000,0x00000000fad00000,0x00000000fad00000)
  from space 41472K, 0% used [0x00000000fd780000,0x00000000fd780000,0x0000000100000000)
  to   space 42496K, 0% used [0x00000000fad00000,0x00000000fad00000,0x00000000fd680000)
 ParOldGen       total 699392K, used 39284K [0x00000000c0000000, 0x00000000eab00000, 0x00000000eab00000)
  object space 699392K, 5% used [0x00000000c0000000,0x00000000c265d308,0x00000000eab00000)
 Metaspace       used 89146K, capacity 90026K, committed 131072K, reserved 1163264K
  class space    used 10286K, capacity 10582K, committed 16768K, reserved 1048576K
12100.020: [GC (Allocation Failure) [PSYoungGen: 264192K->38655K(296960K)] 303476K->77940K(996352K), 0.0544803 secs] [Times: user=0.06 sys=0.01, real=0.05 secs] 
Heap after GC invocations=123 (full 12):
 PSYoungGen      total 296960K, used 38655K [0x00000000eab00000, 0x0000000100000000, 0x0000000100000000)
  eden space 258048K, 0% used [0x00000000eab00000,0x00000000eab00000,0x00000000fa700000)
  from space 38912K, 99% used [0x00000000fad00000,0x00000000fd2bfef8,0x00000000fd300000)
  to   space 46080K, 0% used [0x00000000fd300000,0x00000000fd300000,0x0000000100000000)
 ParOldGen       total 699392K, used 39284K [0x00000000c0000000, 0x00000000eab00000, 0x00000000eab00000)
  object space 699392K, 5% used [0x00000000c0000000,0x00000000c265d308,0x00000000eab00000)
 Metaspace       used 89146K, capacity 90026K, committed 131072K, reserved 1163264K
  class space    used 10286K, capacity 10582K, committed 16768K, reserved 1048576K
}
{Heap before GC invocations=124 (full 12):
 PSYoungGen      total 296960K, used 296703K [0x00000000eab00000, 0x0000000100000000, 0x0000000100000000)
  eden space 258048K, 100% used [0x00000000eab00000,0x00000000fa700000,0x00000000fa700000)
  from space 38912K, 99% used [0x00000000fad00000,0x00000000fd2bfef8,0x00000000fd300000)
  to   space 46080K, 0% used [0x00000000fd300000,0x00000000fd300000,0x0000000100000000)
 ParOldGen       total 699392K, used 39284K [0x00000000c0000000, 0x00000000eab00000, 0x00000000eab00000)
  object space 699392K, 5% used [0x00000000c0000000,0x00000000c265d308,0x00000000eab00000)
 Metaspace       used 100920K, capacity 101868K, committed 131072K, reserved 1163264K
  class space    used 11832K, capacity 12159K, committed 16768K, reserved 1048576K
12103.136: [GC (Allocation Failure) [PSYoungGen: 296703K->19324K(304128K)] 335988K->60082K(1003520K), 0.0418265 secs] [Times: user=0.07 sys=0.00, real=0.04 secs] 
Heap after GC invocations=124 (full 12):
 PSYoungGen      total 304128K, used 19324K [0x00000000eab00000, 0x0000000100000000, 0x0000000100000000)
  eden space 258048K, 0% used [0x00000000eab00000,0x00000000eab00000,0x00000000fa700000)
  from space 46080K, 41% used [0x00000000fd300000,0x00000000fe5df068,0x0000000100000000)
  to   space 45056K, 0% used [0x00000000fa700000,0x00000000fa700000,0x00000000fd300000)
 ParOldGen       total 699392K, used 40758K [0x00000000c0000000, 0x00000000eab00000, 0x00000000eab00000)
  object space 699392K, 5% used [0x00000000c0000000,0x00000000c27cdab8,0x00000000eab00000)
 Metaspace       used 100920K, capacity 101868K, committed 131072K, reserved 1163264K
  class space    used 11832K, capacity 12159K, committed 16768K, reserved 1048576K
}
{Heap before GC invocations=125 (full 12):
 PSYoungGen      total 304128K, used 277372K [0x00000000eab00000, 0x0000000100000000, 0x0000000100000000)
  eden space 258048K, 100% used [0x00000000eab00000,0x00000000fa700000,0x00000000fa700000)
  from space 46080K, 41% used [0x00000000fd300000,0x00000000fe5df068,0x0000000100000000)
  to   space 45056K, 0% used [0x00000000fa700000,0x00000000fa700000,0x00000000fd300000)
 ParOldGen       total 699392K, used 40758K [0x00000000c0000000, 0x00000000eab00000, 0x00000000eab00000)
  object space 699392K, 5% used [0x00000000c0000000,0x00000000c27cdab8,0x00000000eab00000)
 Metaspace       used 102207K, capacity 103218K, committed 131072K, reserved 1163264K
  class space    used 11998K, capacity 12327K, committed 16768K, reserved 1048576K
12173.386: [GC (Allocation Failure) [PSYoungGen: 277372K->31500K(303104K)] 318130K->75367K(1002496K), 0.0331872 secs] [Times: user=0.05 sys=0.00, real=0.04 secs] 
Heap after GC invocations=125 (full 12):
 PSYoungGen      total 303104K, used 31500K [0x00000000eab00000, 0x0000000100000000, 0x0000000100000000)
  eden space 258048K, 0% used [0x00000000eab00000,0x00000000eab00000,0x00000000fa700000)
  from space 45056K, 69% used [0x00000000fa700000,0x00000000fc5c30b0,0x00000000fd300000)
  to   space 45568K, 0% used [0x00000000fd380000,0x00000000fd380000,0x0000000100000000)
 ParOldGen       total 699392K, used 43866K [0x00000000c0000000, 0x00000000eab00000, 0x00000000eab00000)
  object space 699392K, 6% used [0x00000000c0000000,0x00000000c2ad6bf0,0x00000000eab00000)
 Metaspace       used 102207K, capacity 103218K, committed 131072K, reserved 1163264K
  class space    used 11998K, capacity 12327K, committed 16768K, reserved 1048576K
}
{Heap before GC invocations=126 (full 12):
 PSYoungGen      total 303104K, used 289548K [0x00000000eab00000, 0x0000000100000000, 0x0000000100000000)
  eden space 258048K, 100% used [0x00000000eab00000,0x00000000fa700000,0x00000000fa700000)
  from space 45056K, 69% used [0x00000000fa700000,0x00000000fc5c30b0,0x00000000fd300000)
  to   space 45568K, 0% used [0x00000000fd380000,0x00000000fd380000,0x0000000100000000)
 ParOldGen       total 699392K, used 43866K [0x00000000c0000000, 0x00000000eab00000, 0x00000000eab00000)
  object space 699392K, 6% used [0x00000000c0000000,0x00000000c2ad6bf0,0x00000000eab00000)
 Metaspace       used 110191K, capacity 111272K, committed 131072K, reserved 1163264K
  class space    used 13111K, capacity 13454K, committed 16768K, reserved 1048576K
12175.248: [GC (Allocation Failure) [PSYoungGen: 289548K->22133K(305152K)] 333415K->67750K(1004544K), 0.0372274 secs] [Times: user=0.09 sys=0.00, real=0.04 secs] 
Heap after GC invocations=126 (full 12):
 PSYoungGen      total 305152K, used 22133K [0x00000000eab00000, 0x0000000100000000, 0x0000000100000000)
  eden space 259584K, 0% used [0x00000000eab00000,0x00000000eab00000,0x00000000fa880000)
  from space 45568K, 48% used [0x00000000fd380000,0x00000000fe91d6a8,0x0000000100000000)
  to   space 44032K, 0% used [0x00000000fa880000,0x00000000fa880000,0x00000000fd380000)
 ParOldGen       total 699392K, used 45616K [0x00000000c0000000, 0x00000000eab00000, 0x00000000eab00000)
  object space 699392K, 6% used [0x00000000c0000000,0x00000000c2c8c3a0,0x00000000eab00000)
 Metaspace       used 110191K, capacity 111272K, committed 131072K, reserved 1163264K
  class space    used 13111K, capacity 13454K, committed 16768K, reserved 1048576K
}
{Heap before GC invocations=127 (full 12):
 PSYoungGen      total 305152K, used 281717K [0x00000000eab00000, 0x0000000100000000, 0x0000000100000000)
  eden space 259584K, 100% used [0x00000000eab00000,0x00000000fa880000,0x00000000fa880000)
  from space 45568K, 48% used [0x00000000fd380000,0x00000000fe91d6a8,0x0000000100000000)
  to   space 44032K, 0% used [0x00000000fa880000,0x00000000fa880000,0x00000000fd380000)
 ParOldGen       total 699392K, used 45616K [0x00000000c0000000, 0x00000000eab00000, 0x00000000eab00000)
  object space 699392K, 6% used [0x00000000c0000000,0x00000000c2c8c3a0,0x00000000eab00000)
 Metaspace       used 115280K, capacity 116474K, committed 131072K, reserved 1163264K
  class space    used 13709K, capacity 14072K, committed 16768K, reserved 1048576K
12237.634: [GC (Allocation Failure) [PSYoungGen: 281717K->26725K(303616K)] 327334K->74802K(1003008K), 0.0151286 secs] [Times: user=0.03 sys=0.00, real=0.01 secs] 
Heap after GC invocations=127 (full 12):
 PSYoungGen      total 303616K, used 26725K [0x00000000eab00000, 0x0000000100000000, 0x0000000100000000)
  eden space 259584K, 0% used [0x00000000eab00000,0x00000000eab00000,0x00000000fa880000)
  from space 44032K, 60% used [0x00000000fa880000,0x00000000fc2995e8,0x00000000fd380000)
  to   space 43008K, 0% used [0x00000000fd600000,0x00000000fd600000,0x0000000100000000)
 ParOldGen       total 699392K, used 48077K [0x00000000c0000000, 0x00000000eab00000, 0x00000000eab00000)
  object space 699392K, 6% used [0x00000000c0000000,0x00000000c2ef34d8,0x00000000eab00000)
 Metaspace       used 115280K, capacity 116474K, committed 131072K, reserved 1163264K
  class space    used 13709K, capacity 14072K, committed 16768K, reserved 1048576K
}
{Heap before GC invocations=128 (full 12):
 PSYoungGen      total 303616K, used 286309K [0x00000000eab00000, 0x0000000100000000, 0x0000000100000000)
  eden space 259584K, 100% used [0x00000000eab00000,0x00000000fa880000,0x00000000fa880000)
  from space 44032K, 60% used [0x00000000fa880000,0x00000000fc2995e8,0x00000000fd380000)
  to   space 43008K, 0% used [0x00000000fd600000,0x00000000fd600000,0x0000000100000000)
 ParOldGen       total 699392K, used 48077K [0x00000000c0000000, 0x00000000eab00000, 0x00000000eab00000)
  object space 699392K, 6% used [0x00000000c0000000,0x00000000c2ef34d8,0x00000000eab00000)
 Metaspace       used 121567K, capacity 122794K, committed 131072K, reserved 1163264K
  class space    used 14572K, capacity 14942K, committed 16768K, reserved 1048576K
12238.939: [GC (Allocation Failure) [PSYoungGen: 286309K->28121K(307200K)] 334386K->78481K(1006592K), 0.0316340 secs] [Times: user=0.07 sys=0.00, real=0.03 secs] 
Heap after GC invocations=128 (full 12):
 PSYoungGen      total 307200K, used 28121K [0x00000000eab00000, 0x0000000100000000, 0x0000000100000000)
  eden space 264192K, 0% used [0x00000000eab00000,0x00000000eab00000,0x00000000fad00000)
  from space 43008K, 65% used [0x00000000fd600000,0x00000000ff176628,0x0000000100000000)
  to   space 41984K, 0% used [0x00000000fad00000,0x00000000fad00000,0x00000000fd600000)
 ParOldGen       total 699392K, used 50359K [0x00000000c0000000, 0x00000000eab00000, 0x00000000eab00000)
  object space 699392K, 7% used [0x00000000c0000000,0x00000000c312de80,0x00000000eab00000)
 Metaspace       used 121567K, capacity 122794K, committed 131072K, reserved 1163264K
  class space    used 14572K, capacity 14942K, committed 16768K, reserved 1048576K
}
{Heap before GC invocations=129 (full 12):
 PSYoungGen      total 307200K, used 180700K [0x00000000eab00000, 0x0000000100000000, 0x0000000100000000)
  eden space 264192K, 57% used [0x00000000eab00000,0x00000000f4000a80,0x00000000fad00000)
  from space 43008K, 65% used [0x00000000fd600000,0x00000000ff176628,0x0000000100000000)
  to   space 41984K, 0% used [0x00000000fad00000,0x00000000fad00000,0x00000000fd600000)
 ParOldGen       total 699392K, used 50359K [0x00000000c0000000, 0x00000000eab00000, 0x00000000eab00000)
  object space 699392K, 7% used [0x00000000c0000000,0x00000000c312de80,0x00000000eab00000)
 Metaspace       used 127766K, capacity 128956K, committed 131072K, reserved 1163264K
  class space    used 15346K, capacity 15713K, committed 16768K, reserved 1048576K
12242.865: [GC (Metadata GC Threshold) [PSYoungGen: 180700K->9341K(273920K)] 231059K->62886K(973312K), 0.0235705 secs] [Times: user=0.05 sys=0.00, real=0.02 secs] 
Heap after GC invocations=129 (full 12):
 PSYoungGen      total 273920K, used 9341K [0x00000000eab00000, 0x0000000100000000, 0x0000000100000000)
  eden space 264192K, 0% used [0x00000000eab00000,0x00000000eab00000,0x00000000fad00000)
  from space 9728K, 96% used [0x00000000fad00000,0x00000000fb61f628,0x00000000fb680000)
  to   space 43520K, 0% used [0x00000000fd580000,0x00000000fd580000,0x0000000100000000)
 ParOldGen       total 699392K, used 53545K [0x00000000c0000000, 0x00000000eab00000, 0x00000000eab00000)
  object space 699392K, 7% used [0x00000000c0000000,0x00000000c344a518,0x00000000eab00000)
 Metaspace       used 127766K, capacity 128956K, committed 131072K, reserved 1163264K
  class space    used 15346K, capacity 15713K, committed 16768K, reserved 1048576K
}
{Heap before GC invocations=130 (full 13):
 PSYoungGen      total 273920K, used 9341K [0x00000000eab00000, 0x0000000100000000, 0x0000000100000000)
  eden space 264192K, 0% used [0x00000000eab00000,0x00000000eab00000,0x00000000fad00000)
  from space 9728K, 96% used [0x00000000fad00000,0x00000000fb61f628,0x00000000fb680000)
  to   space 43520K, 0% used [0x00000000fd580000,0x00000000fd580000,0x0000000100000000)
 ParOldGen       total 699392K, used 53545K [0x00000000c0000000, 0x00000000eab00000, 0x00000000eab00000)
  object space 699392K, 7% used [0x00000000c0000000,0x00000000c344a518,0x00000000eab00000)
 Metaspace       used 127766K, capacity 128956K, committed 131072K, reserved 1163264K
  class space    used 15346K, capacity 15713K, committed 16768K, reserved 1048576K
12242.889: [Full GC (Metadata GC Threshold) [PSYoungGen: 9341K->0K(273920K)] [ParOldGen: 53545K->39143K(699392K)] 62886K->39143K(973312K), [Metaspace: 127766K->88565K(1163264K)], 0.2677788 secs] [Times: user=0.44 sys=0.00, real=0.27 secs] 
Heap after GC invocations=130 (full 13):
 PSYoungGen      total 273920K, used 0K [0x00000000eab00000, 0x0000000100000000, 0x0000000100000000)
  eden space 264192K, 0% used [0x00000000eab00000,0x00000000eab00000,0x00000000fad00000)
  from space 9728K, 0% used [0x00000000fad00000,0x00000000fad00000,0x00000000fb680000)
  to   space 43520K, 0% used [0x00000000fd580000,0x00000000fd580000,0x0000000100000000)
 ParOldGen       total 699392K, used 39143K [0x00000000c0000000, 0x00000000eab00000, 0x00000000eab00000)
  object space 699392K, 5% used [0x00000000c0000000,0x00000000c2639e48,0x00000000eab00000)
 Metaspace       used 88565K, capacity 89380K, committed 131072K, reserved 1163264K
  class space    used 10207K, capacity 10478K, committed 16768K, reserved 1048576K
}
{Heap before GC invocations=131 (full 13):
 PSYoungGen      total 273920K, used 264192K [0x00000000eab00000, 0x0000000100000000, 0x0000000100000000)
  eden space 264192K, 100% used [0x00000000eab00000,0x00000000fad00000,0x00000000fad00000)
  from space 9728K, 0% used [0x00000000fad00000,0x00000000fad00000,0x00000000fb680000)
  to   space 43520K, 0% used [0x00000000fd580000,0x00000000fd580000,0x0000000100000000)
 ParOldGen       total 699392K, used 39143K [0x00000000c0000000, 0x00000000eab00000, 0x00000000eab00000)
  object space 699392K, 5% used [0x00000000c0000000,0x00000000c2639e48,0x00000000eab00000)
 Metaspace       used 89182K, capacity 90090K, committed 131072K, reserved 1163264K
  class space    used 10286K, capacity 10582K, committed 16768K, reserved 1048576K
12301.727: [GC (Allocation Failure) [PSYoungGen: 264192K->38756K(299520K)] 303335K->77900K(998912K), 0.0374930 secs] [Times: user=0.05 sys=0.00, real=0.04 secs] 
Heap after GC invocations=131 (full 13):
 PSYoungGen      total 299520K, used 38756K [0x00000000eab00000, 0x0000000100000000, 0x0000000100000000)
  eden space 256000K, 0% used [0x00000000eab00000,0x00000000eab00000,0x00000000fa500000)
  from space 43520K, 89% used [0x00000000fd580000,0x00000000ffb59210,0x0000000100000000)
  to   space 46592K, 0% used [0x00000000fa500000,0x00000000fa500000,0x00000000fd280000)
 ParOldGen       total 699392K, used 39143K [0x00000000c0000000, 0x00000000eab00000, 0x00000000eab00000)
  object space 699392K, 5% used [0x00000000c0000000,0x00000000c2639e48,0x00000000eab00000)
 Metaspace       used 89182K, capacity 90090K, committed 131072K, reserved 1163264K
  class space    used 10286K, capacity 10582K, committed 16768K, reserved 1048576K
}
{Heap before GC invocations=132 (full 13):
 PSYoungGen      total 299520K, used 294756K [0x00000000eab00000, 0x0000000100000000, 0x0000000100000000)
  eden space 256000K, 100% used [0x00000000eab00000,0x00000000fa500000,0x00000000fa500000)
  from space 43520K, 89% used [0x00000000fd580000,0x00000000ffb59210,0x0000000100000000)
  to   space 46592K, 0% used [0x00000000fa500000,0x00000000fa500000,0x00000000fd280000)
 ParOldGen       total 699392K, used 39143K [0x00000000c0000000, 0x00000000eab00000, 0x00000000eab00000)
  object space 699392K, 5% used [0x00000000c0000000,0x00000000c2639e48,0x00000000eab00000)
 Metaspace       used 100950K, capacity 101932K, committed 131072K, reserved 1163264K
  class space    used 11832K, capacity 12159K, committed 16768K, reserved 1048576K
12304.255: [GC (Allocation Failure) [PSYoungGen: 294756K->19371K(302592K)] 333900K->59970K(1001984K), 0.0316407 secs] [Times: user=0.07 sys=0.00, real=0.03 secs] 
Heap after GC invocations=132 (full 13):
 PSYoungGen      total 302592K, used 19371K [0x00000000eab00000, 0x0000000100000000, 0x0000000100000000)
  eden space 256000K, 0% used [0x00000000eab00000,0x00000000eab00000,0x00000000fa500000)
  from space 46592K, 41% used [0x00000000fa500000,0x00000000fb7eacf8,0x00000000fd280000)
  to   space 45568K, 0% used [0x00000000fd380000,0x00000000fd380000,0x0000000100000000)
 ParOldGen       total 699392K, used 40598K [0x00000000c0000000, 0x00000000eab00000, 0x00000000eab00000)
  object space 699392K, 5% used [0x00000000c0000000,0x00000000c27a5bc0,0x00000000eab00000)
 Metaspace       used 100950K, capacity 101932K, committed 131072K, reserved 1163264K
  class space    used 11832K, capacity 12159K, committed 16768K, reserved 1048576K
}
{Heap before GC invocations=133 (full 13):
 PSYoungGen      total 302592K, used 275371K [0x00000000eab00000, 0x0000000100000000, 0x0000000100000000)
  eden space 256000K, 100% used [0x00000000eab00000,0x00000000fa500000,0x00000000fa500000)
  from space 46592K, 41% used [0x00000000fa500000,0x00000000fb7eacf8,0x00000000fd280000)
  to   space 45568K, 0% used [0x00000000fd380000,0x00000000fd380000,0x0000000100000000)
 ParOldGen       total 699392K, used 40598K [0x00000000c0000000, 0x00000000eab00000, 0x00000000eab00000)
  object space 699392K, 5% used [0x00000000c0000000,0x00000000c27a5bc0,0x00000000eab00000)
 Metaspace       used 101557K, capacity 102528K, committed 131072K, reserved 1163264K
  class space    used 11908K, capacity 12227K, committed 16768K, reserved 1048576K
12333.777: [GC (Allocation Failure) [PSYoungGen: 275371K->34321K(300544K)] 315970K->77991K(999936K), 0.0181326 secs] [Times: user=0.04 sys=0.00, real=0.02 secs] 
Heap after GC invocations=133 (full 13):
 PSYoungGen      total 300544K, used 34321K [0x00000000eab00000, 0x0000000100000000, 0x0000000100000000)
  eden space 254976K, 0% used [0x00000000eab00000,0x00000000eab00000,0x00000000fa400000)
  from space 45568K, 75% used [0x00000000fd380000,0x00000000ff504700,0x0000000100000000)
  to   space 47104K, 0% used [0x00000000fa400000,0x00000000fa400000,0x00000000fd200000)
 ParOldGen       total 699392K, used 43669K [0x00000000c0000000, 0x00000000eab00000, 0x00000000eab00000)
  object space 699392K, 6% used [0x00000000c0000000,0x00000000c2aa5508,0x00000000eab00000)
 Metaspace       used 101557K, capacity 102528K, committed 131072K, reserved 1163264K
  class space    used 11908K, capacity 12227K, committed 16768K, reserved 1048576K
}
{Heap before GC invocations=134 (full 13):
 PSYoungGen      total 300544K, used 289297K [0x00000000eab00000, 0x0000000100000000, 0x0000000100000000)
  eden space 254976K, 100% used [0x00000000eab00000,0x00000000fa400000,0x00000000fa400000)
  from space 45568K, 75% used [0x00000000fd380000,0x00000000ff504700,0x0000000100000000)
  to   space 47104K, 0% used [0x00000000fa400000,0x00000000fa400000,0x00000000fd200000)
 ParOldGen       total 699392K, used 43669K [0x00000000c0000000, 0x00000000eab00000, 0x00000000eab00000)
  object space 699392K, 6% used [0x00000000c0000000,0x00000000c2aa5508,0x00000000eab00000)
 Metaspace       used 110336K, capacity 111388K, committed 131072K, reserved 1163264K
  class space    used 13099K, capacity 13451K, committed 16768K, reserved 1048576K
12335.713: [GC (Allocation Failure) [PSYoungGen: 289297K->19339K(302080K)] 332967K->64391K(1001472K), 0.0386537 secs] [Times: user=0.10 sys=0.00, real=0.03 secs] 
Heap after GC invocations=134 (full 13):
 PSYoungGen      total 302080K, used 19339K [0x00000000eab00000, 0x0000000100000000, 0x0000000100000000)
  eden space 254976K, 0% used [0x00000000eab00000,0x00000000eab00000,0x00000000fa400000)
  from space 47104K, 41% used [0x00000000fa400000,0x00000000fb6e2e70,0x00000000fd200000)
  to   space 46080K, 0% used [0x00000000fd300000,0x00000000fd300000,0x0000000100000000)
 ParOldGen       total 699392K, used 45051K [0x00000000c0000000, 0x00000000eab00000, 0x00000000eab00000)
  object space 699392K, 6% used [0x00000000c0000000,0x00000000c2bfedd8,0x00000000eab00000)
 Metaspace       used 110336K, capacity 111388K, committed 131072K, reserved 1163264K
  class space    used 13099K, capacity 13451K, committed 16768K, reserved 1048576K
}
{Heap before GC invocations=135 (full 13):
 PSYoungGen      total 302080K, used 274315K [0x00000000eab00000, 0x0000000100000000, 0x0000000100000000)
  eden space 254976K, 100% used [0x00000000eab00000,0x00000000fa400000,0x00000000fa400000)
  from space 47104K, 41% used [0x00000000fa400000,0x00000000fb6e2e70,0x00000000fd200000)
  to   space 46080K, 0% used [0x00000000fd300000,0x00000000fd300000,0x0000000100000000)
 ParOldGen       total 699392K, used 45051K [0x00000000c0000000, 0x00000000eab00000, 0x00000000eab00000)
  object space 699392K, 6% used [0x00000000c0000000,0x00000000c2bfedd8,0x00000000eab00000)
 Metaspace       used 114706K, capacity 115770K, committed 131072K, reserved 1163264K
  class space    used 13623K, capacity 13970K, committed 16768K, reserved 1048576K
12376.991: [GC (Allocation Failure) [PSYoungGen: 274315K->30360K(303104K)] 319367K->78100K(1002496K), 0.0174653 secs] [Times: user=0.03 sys=0.00, real=0.02 secs] 
Heap after GC invocations=135 (full 13):
 PSYoungGen      total 303104K, used 30360K [0x00000000eab00000, 0x0000000100000000, 0x0000000100000000)
  eden space 257024K, 0% used [0x00000000eab00000,0x00000000eab00000,0x00000000fa600000)
  from space 46080K, 65% used [0x00000000fd300000,0x00000000ff0a63d8,0x0000000100000000)
  to   space 46080K, 0% used [0x00000000fa600000,0x00000000fa600000,0x00000000fd300000)
 ParOldGen       total 699392K, used 47739K [0x00000000c0000000, 0x00000000eab00000, 0x00000000eab00000)
  object space 699392K, 6% used [0x00000000c0000000,0x00000000c2e9edf8,0x00000000eab00000)
 Metaspace       used 114706K, capacity 115770K, committed 131072K, reserved 1163264K
  class space    used 13623K, capacity 13970K, committed 16768K, reserved 1048576K
}
{Heap before GC invocations=136 (full 13):
 PSYoungGen      total 303104K, used 287384K [0x00000000eab00000, 0x0000000100000000, 0x0000000100000000)
  eden space 257024K, 100% used [0x00000000eab00000,0x00000000fa600000,0x00000000fa600000)
  from space 46080K, 65% used [0x00000000fd300000,0x00000000ff0a63d8,0x0000000100000000)
  to   space 46080K, 0% used [0x00000000fa600000,0x00000000fa600000,0x00000000fd300000)
 ParOldGen       total 699392K, used 47739K [0x00000000c0000000, 0x00000000eab00000, 0x00000000eab00000)
  object space 699392K, 6% used [0x00000000c0000000,0x00000000c2e9edf8,0x00000000eab00000)
 Metaspace       used 121612K, capacity 122712K, committed 131072K, reserved 1163264K
  class space    used 14571K, capacity 14938K, committed 16768K, reserved 1048576K
12378.397: [GC (Allocation Failure) [PSYoungGen: 287384K->24621K(303104K)] 335124K->74471K(1002496K), 0.0340439 secs] [Times: user=0.07 sys=0.01, real=0.03 secs] 
Heap after GC invocations=136 (full 13):
 PSYoungGen      total 303104K, used 24621K [0x00000000eab00000, 0x0000000100000000, 0x0000000100000000)
  eden space 257024K, 0% used [0x00000000eab00000,0x00000000eab00000,0x00000000fa600000)
  from space 46080K, 53% used [0x00000000fa600000,0x00000000fbe0b6b8,0x00000000fd300000)
  to   space 44032K, 0% used [0x00000000fd500000,0x00000000fd500000,0x0000000100000000)
 ParOldGen       total 699392K, used 49849K [0x00000000c0000000, 0x00000000eab00000, 0x00000000eab00000)
  object space 699392K, 7% used [0x00000000c0000000,0x00000000c30ae768,0x00000000eab00000)
 Metaspace       used 121612K, capacity 122712K, committed 131072K, reserved 1163264K
  class space    used 14571K, capacity 14938K, committed 16768K, reserved 1048576K
}
{Heap before GC invocations=137 (full 13):
 PSYoungGen      total 303104K, used 281639K [0x00000000eab00000, 0x0000000100000000, 0x0000000100000000)
  eden space 257024K, 99% used [0x00000000eab00000,0x00000000fa5fe750,0x00000000fa600000)
  from space 46080K, 53% used [0x00000000fa600000,0x00000000fbe0b6b8,0x00000000fd300000)
  to   space 44032K, 0% used [0x00000000fd500000,0x00000000fd500000,0x0000000100000000)
 ParOldGen       total 699392K, used 49849K [0x00000000c0000000, 0x00000000eab00000, 0x00000000eab00000)
  object space 699392K, 7% used [0x00000000c0000000,0x00000000c30ae768,0x00000000eab00000)
 Metaspace       used 127807K, capacity 128962K, committed 131072K, reserved 1163264K
  class space    used 15341K, capacity 15715K, committed 16768K, reserved 1048576K
12438.758: [GC (Allocation Failure) [PSYoungGen: 281639K->23337K(306688K)] 331489K->75131K(1006080K), 0.0141071 secs] [Times: user=0.03 sys=0.00, real=0.02 secs] 
Heap after GC invocations=137 (full 13):
 PSYoungGen      total 306688K, used 23337K [0x00000000eab00000, 0x0000000100000000, 0x0000000100000000)
  eden space 262656K, 0% used [0x00000000eab00000,0x00000000eab00000,0x00000000fab80000)
  from space 44032K, 53% used [0x00000000fd500000,0x00000000febca7a8,0x0000000100000000)
  to   space 42496K, 0% used [0x00000000fab80000,0x00000000fab80000,0x00000000fd500000)
 ParOldGen       total 699392K, used 51793K [0x00000000c0000000, 0x00000000eab00000, 0x00000000eab00000)
  object space 699392K, 7% used [0x00000000c0000000,0x00000000c3294798,0x00000000eab00000)
 Metaspace       used 127807K, capacity 128962K, committed 131072K, reserved 1163264K
  class space    used 15341K, capacity 15715K, committed 16768K, reserved 1048576K
}
{Heap before GC invocations=138 (full 13):
 PSYoungGen      total 306688K, used 180213K [0x00000000eab00000, 0x0000000100000000, 0x0000000100000000)
  eden space 262656K, 59% used [0x00000000eab00000,0x00000000f4432cb8,0x00000000fab80000)
  from space 44032K, 53% used [0x00000000fd500000,0x00000000febca7a8,0x0000000100000000)
  to   space 42496K, 0% used [0x00000000fab80000,0x00000000fab80000,0x00000000fd500000)
 ParOldGen       total 699392K, used 51793K [0x00000000c0000000, 0x00000000eab00000, 0x00000000eab00000)
  object space 699392K, 7% used [0x00000000c0000000,0x00000000c3294798,0x00000000eab00000)
 Metaspace       used 127822K, capacity 128976K, committed 131072K, reserved 1163264K
  class space    used 15344K, capacity 15717K, committed 16768K, reserved 1048576K
12439.058: [GC (Metadata GC Threshold) [PSYoungGen: 180213K->22642K(305152K)] 232006K->77191K(1004544K), 0.0132206 secs] [Times: user=0.03 sys=0.00, real=0.02 secs] 
Heap after GC invocations=138 (full 13):
 PSYoungGen      total 305152K, used 22642K [0x00000000eab00000, 0x0000000100000000, 0x0000000100000000)
  eden space 262656K, 0% used [0x00000000eab00000,0x00000000eab00000,0x00000000fab80000)
  from space 42496K, 53% used [0x00000000fab80000,0x00000000fc19c8a0,0x00000000fd500000)
  to   space 41472K, 0% used [0x00000000fd780000,0x00000000fd780000,0x0000000100000000)
 ParOldGen       total 699392K, used 54549K [0x00000000c0000000, 0x00000000eab00000, 0x00000000eab00000)
  object space 699392K, 7% used [0x00000000c0000000,0x00000000c3545500,0x00000000eab00000)
 Metaspace       used 127822K, capacity 128976K, committed 131072K, reserved 1163264K
  class space    used 15344K, capacity 15717K, committed 16768K, reserved 1048576K
}
{Heap before GC invocations=139 (full 14):
 PSYoungGen      total 305152K, used 22642K [0x00000000eab00000, 0x0000000100000000, 0x0000000100000000)
  eden space 262656K, 0% used [0x00000000eab00000,0x00000000eab00000,0x00000000fab80000)
  from space 42496K, 53% used [0x00000000fab80000,0x00000000fc19c8a0,0x00000000fd500000)
  to   space 41472K, 0% used [0x00000000fd780000,0x00000000fd780000,0x0000000100000000)
 ParOldGen       total 699392K, used 54549K [0x00000000c0000000, 0x00000000eab00000, 0x00000000eab00000)
  object space 699392K, 7% used [0x00000000c0000000,0x00000000c3545500,0x00000000eab00000)
 Metaspace       used 127822K, capacity 128976K, committed 131072K, reserved 1163264K
  class space    used 15344K, capacity 15717K, committed 16768K, reserved 1048576K
12439.072: [Full GC (Metadata GC Threshold) [PSYoungGen: 22642K->0K(305152K)] [ParOldGen: 54549K->52030K(699392K)] 77191K->52030K(1004544K), [Metaspace: 127822K->88647K(1159168K)], 0.1647786 secs] [Times: user=0.31 sys=0.00, real=0.16 secs] 
Heap after GC invocations=139 (full 14):
 PSYoungGen      total 305152K, used 0K [0x00000000eab00000, 0x0000000100000000, 0x0000000100000000)
  eden space 262656K, 0% used [0x00000000eab00000,0x00000000eab00000,0x00000000fab80000)
  from space 42496K, 0% used [0x00000000fab80000,0x00000000fab80000,0x00000000fd500000)
  to   space 41472K, 0% used [0x00000000fd780000,0x00000000fd780000,0x0000000100000000)
 ParOldGen       total 699392K, used 52030K [0x00000000c0000000, 0x00000000eab00000, 0x00000000eab00000)
  object space 699392K, 7% used [0x00000000c0000000,0x00000000c32cf990,0x00000000eab00000)
 Metaspace       used 88647K, capacity 89400K, committed 126976K, reserved 1159168K
  class space    used 10204K, capacity 10482K, committed 16768K, reserved 1048576K
}
{Heap before GC invocations=140 (full 14):
 PSYoungGen      total 305152K, used 262656K [0x00000000eab00000, 0x0000000100000000, 0x0000000100000000)
  eden space 262656K, 100% used [0x00000000eab00000,0x00000000fab80000,0x00000000fab80000)
  from space 42496K, 0% used [0x00000000fab80000,0x00000000fab80000,0x00000000fd500000)
  to   space 41472K, 0% used [0x00000000fd780000,0x00000000fd780000,0x0000000100000000)
 ParOldGen       total 699392K, used 52030K [0x00000000c0000000, 0x00000000eab00000, 0x00000000eab00000)
  object space 699392K, 7% used [0x00000000c0000000,0x00000000c32cf990,0x00000000eab00000)
 Metaspace       used 100846K, capacity 101658K, committed 126976K, reserved 1159168K
  class space    used 11808K, capacity 12091K, committed 16768K, reserved 1048576K
12441.793: [GC (Allocation Failure) [PSYoungGen: 262656K->18798K(308224K)] 314686K->70837K(1007616K), 0.0145775 secs] [Times: user=0.04 sys=0.00, real=0.01 secs] 
Heap after GC invocations=140 (full 14):
 PSYoungGen      total 308224K, used 18798K [0x00000000eab00000, 0x0000000100000000, 0x0000000100000000)
  eden space 266752K, 0% used [0x00000000eab00000,0x00000000eab00000,0x00000000faf80000)
  from space 41472K, 45% used [0x00000000fd780000,0x00000000fe9dbb68,0x0000000100000000)
  to   space 40960K, 0% used [0x00000000faf80000,0x00000000faf80000,0x00000000fd780000)
 ParOldGen       total 699392K, used 52038K [0x00000000c0000000, 0x00000000eab00000, 0x00000000eab00000)
  object space 699392K, 7% used [0x00000000c0000000,0x00000000c32d1990,0x00000000eab00000)
 Metaspace       used 100846K, capacity 101658K, committed 126976K, reserved 1159168K
  class space    used 11808K, capacity 12091K, committed 16768K, reserved 1048576K
}
{Heap before GC invocations=141 (full 14):
 PSYoungGen      total 308224K, used 285550K [0x00000000eab00000, 0x0000000100000000, 0x0000000100000000)
  eden space 266752K, 100% used [0x00000000eab00000,0x00000000faf80000,0x00000000faf80000)
  from space 41472K, 45% used [0x00000000fd780000,0x00000000fe9dbb68,0x0000000100000000)
  to   space 40960K, 0% used [0x00000000faf80000,0x00000000faf80000,0x00000000fd780000)
 ParOldGen       total 699392K, used 52038K [0x00000000c0000000, 0x00000000eab00000, 0x00000000eab00000)
  object space 699392K, 7% used [0x00000000c0000000,0x00000000c32d1990,0x00000000eab00000)
 Metaspace       used 101746K, capacity 102582K, committed 126976K, reserved 1159168K
  class space    used 11919K, capacity 12225K, committed 16768K, reserved 1048576K
12617.910: [GC (Allocation Failure) [PSYoungGen: 285550K->34539K(301568K)] 337589K->90215K(1000960K), 0.0214212 secs] [Times: user=0.04 sys=0.00, real=0.03 secs] 
Heap after GC invocations=141 (full 14):
 PSYoungGen      total 301568K, used 34539K [0x00000000eab00000, 0x0000000100000000, 0x0000000100000000)
  eden space 266752K, 0% used [0x00000000eab00000,0x00000000eab00000,0x00000000faf80000)
  from space 34816K, 99% used [0x00000000faf80000,0x00000000fd13afe8,0x00000000fd180000)
  to   space 43008K, 0% used [0x00000000fd600000,0x00000000fd600000,0x0000000100000000)
 ParOldGen       total 699392K, used 55675K [0x00000000c0000000, 0x00000000eab00000, 0x00000000eab00000)
  object space 699392K, 7% used [0x00000000c0000000,0x00000000c365ef20,0x00000000eab00000)
 Metaspace       used 101746K, capacity 102582K, committed 126976K, reserved 1159168K
  class space    used 11919K, capacity 12225K, committed 16768K, reserved 1048576K
}
{Heap before GC invocations=142 (full 14):
 PSYoungGen      total 301568K, used 301291K [0x00000000eab00000, 0x0000000100000000, 0x0000000100000000)
  eden space 266752K, 100% used [0x00000000eab00000,0x00000000faf80000,0x00000000faf80000)
  from space 34816K, 99% used [0x00000000faf80000,0x00000000fd13afe8,0x00000000fd180000)
  to   space 43008K, 0% used [0x00000000fd600000,0x00000000fd600000,0x0000000100000000)
 ParOldGen       total 699392K, used 55675K [0x00000000c0000000, 0x00000000eab00000, 0x00000000eab00000)
  object space 699392K, 7% used [0x00000000c0000000,0x00000000c365ef20,0x00000000eab00000)
 Metaspace       used 112004K, capacity 112898K, committed 126976K, reserved 1159168K
  class space    used 13284K, capacity 13612K, committed 16768K, reserved 1048576K
12620.544: [GC (Allocation Failure) [PSYoungGen: 301291K->21145K(307200K)] 356967K->78124K(1006592K), 0.0183832 secs] [Times: user=0.04 sys=0.00, real=0.02 secs] 
Heap after GC invocations=142 (full 14):
 PSYoungGen      total 307200K, used 21145K [0x00000000eab00000, 0x0000000100000000, 0x0000000100000000)
  eden space 264192K, 0% used [0x00000000eab00000,0x00000000eab00000,0x00000000fad00000)
  from space 43008K, 49% used [0x00000000fd600000,0x00000000feaa6418,0x0000000100000000)
  to   space 41984K, 0% used [0x00000000fad00000,0x00000000fad00000,0x00000000fd600000)
 ParOldGen       total 699392K, used 56979K [0x00000000c0000000, 0x00000000eab00000, 0x00000000eab00000)
  object space 699392K, 8% used [0x00000000c0000000,0x00000000c37a4f18,0x00000000eab00000)
 Metaspace       used 112004K, capacity 112898K, committed 126976K, reserved 1159168K
  class space    used 13284K, capacity 13612K, committed 16768K, reserved 1048576K
}
{Heap before GC invocations=143 (full 14):
 PSYoungGen      total 307200K, used 285337K [0x00000000eab00000, 0x0000000100000000, 0x0000000100000000)
  eden space 264192K, 100% used [0x00000000eab00000,0x00000000fad00000,0x00000000fad00000)
  from space 43008K, 49% used [0x00000000fd600000,0x00000000feaa6418,0x0000000100000000)
  to   space 41984K, 0% used [0x00000000fad00000,0x00000000fad00000,0x00000000fd600000)
 ParOldGen       total 699392K, used 56979K [0x00000000c0000000, 0x00000000eab00000, 0x00000000eab00000)
  object space 699392K, 8% used [0x00000000c0000000,0x00000000c37a4f18,0x00000000eab00000)
 Metaspace       used 114834K, capacity 115834K, committed 126976K, reserved 1159168K
  class space    used 13635K, capacity 13970K, committed 16768K, reserved 1048576K
12913.473: [GC (Allocation Failure) [PSYoungGen: 285337K->31345K(306176K)] 342316K->91185K(1005568K), 0.0177704 secs] [Times: user=0.03 sys=0.00, real=0.01 secs] 
Heap after GC invocations=143 (full 14):
 PSYoungGen      total 306176K, used 31345K [0x00000000eab00000, 0x0000000100000000, 0x0000000100000000)
  eden space 264192K, 0% used [0x00000000eab00000,0x00000000eab00000,0x00000000fad00000)
  from space 41984K, 74% used [0x00000000fad00000,0x00000000fcb9c4c0,0x00000000fd600000)
  to   space 42496K, 0% used [0x00000000fd680000,0x00000000fd680000,0x0000000100000000)
 ParOldGen       total 699392K, used 59840K [0x00000000c0000000, 0x00000000eab00000, 0x00000000eab00000)
  object space 699392K, 8% used [0x00000000c0000000,0x00000000c3a70050,0x00000000eab00000)
 Metaspace       used 114834K, capacity 115834K, committed 126976K, reserved 1159168K
  class space    used 13635K, capacity 13970K, committed 16768K, reserved 1048576K
}
{Heap before GC invocations=144 (full 14):
 PSYoungGen      total 306176K, used 295537K [0x00000000eab00000, 0x0000000100000000, 0x0000000100000000)
  eden space 264192K, 100% used [0x00000000eab00000,0x00000000fad00000,0x00000000fad00000)
  from space 41984K, 74% used [0x00000000fad00000,0x00000000fcb9c4c0,0x00000000fd600000)
  to   space 42496K, 0% used [0x00000000fd680000,0x00000000fd680000,0x0000000100000000)
 ParOldGen       total 699392K, used 59840K [0x00000000c0000000, 0x00000000eab00000, 0x00000000eab00000)
  object space 699392K, 8% used [0x00000000c0000000,0x00000000c3a70050,0x00000000eab00000)
 Metaspace       used 122656K, capacity 123742K, committed 126976K, reserved 1159168K
  class space    used 14717K, capacity 15067K, committed 16768K, reserved 1048576K
12915.270: [GC (Allocation Failure) [PSYoungGen: 295537K->23276K(307712K)] 355377K->85054K(1007104K), 0.0382896 secs] [Times: user=0.07 sys=0.00, real=0.04 secs] 
Heap after GC invocations=144 (full 14):
 PSYoungGen      total 307712K, used 23276K [0x00000000eab00000, 0x0000000100000000, 0x0000000100000000)
  eden space 265216K, 0% used [0x00000000eab00000,0x00000000eab00000,0x00000000fae00000)
  from space 42496K, 54% used [0x00000000fd680000,0x00000000fed3b0a8,0x0000000100000000)
  to   space 41472K, 0% used [0x00000000fae00000,0x00000000fae00000,0x00000000fd680000)
 ParOldGen       total 699392K, used 61778K [0x00000000c0000000, 0x00000000eab00000, 0x00000000eab00000)
  object space 699392K, 8% used [0x00000000c0000000,0x00000000c3c549d8,0x00000000eab00000)
 Metaspace       used 122656K, capacity 123742K, committed 126976K, reserved 1159168K
  class space    used 14717K, capacity 15067K, committed 16768K, reserved 1048576K
}
{Heap before GC invocations=145 (full 14):
 PSYoungGen      total 307712K, used 156576K [0x00000000eab00000, 0x0000000100000000, 0x0000000100000000)
  eden space 265216K, 50% used [0x00000000eab00000,0x00000000f2d2d038,0x00000000fae00000)
  from space 42496K, 54% used [0x00000000fd680000,0x00000000fed3b0a8,0x0000000100000000)
  to   space 41472K, 0% used [0x00000000fae00000,0x00000000fae00000,0x00000000fd680000)
 ParOldGen       total 699392K, used 61778K [0x00000000c0000000, 0x00000000eab00000, 0x00000000eab00000)
  object space 699392K, 8% used [0x00000000c0000000,0x00000000c3c549d8,0x00000000eab00000)
 Metaspace       used 127841K, capacity 128924K, committed 131072K, reserved 1163264K
  class space    used 15338K, capacity 15681K, committed 16768K, reserved 1048576K
12930.392: [GC (Metadata GC Threshold) [PSYoungGen: 156576K->8125K(273408K)] 218354K->73907K(972800K), 0.0161690 secs] [Times: user=0.04 sys=0.00, real=0.01 secs] 
Heap after GC invocations=145 (full 14):
 PSYoungGen      total 273408K, used 8125K [0x00000000eab00000, 0x0000000100000000, 0x0000000100000000)
  eden space 265216K, 0% used [0x00000000eab00000,0x00000000eab00000,0x00000000fae00000)
  from space 8192K, 99% used [0x00000000fae00000,0x00000000fb5ef4f0,0x00000000fb600000)
  to   space 43008K, 0% used [0x00000000fd600000,0x00000000fd600000,0x0000000100000000)
 ParOldGen       total 699392K, used 65781K [0x00000000c0000000, 0x00000000eab00000, 0x00000000eab00000)
  object space 699392K, 9% used [0x00000000c0000000,0x00000000c403d758,0x00000000eab00000)
 Metaspace       used 127841K, capacity 128924K, committed 131072K, reserved 1163264K
  class space    used 15338K, capacity 15681K, committed 16768K, reserved 1048576K
}
{Heap before GC invocations=146 (full 15):
 PSYoungGen      total 273408K, used 8125K [0x00000000eab00000, 0x0000000100000000, 0x0000000100000000)
  eden space 265216K, 0% used [0x00000000eab00000,0x00000000eab00000,0x00000000fae00000)
  from space 8192K, 99% used [0x00000000fae00000,0x00000000fb5ef4f0,0x00000000fb600000)
  to   space 43008K, 0% used [0x00000000fd600000,0x00000000fd600000,0x0000000100000000)
 ParOldGen       total 699392K, used 65781K [0x00000000c0000000, 0x00000000eab00000, 0x00000000eab00000)
  object space 699392K, 9% used [0x00000000c0000000,0x00000000c403d758,0x00000000eab00000)
 Metaspace       used 127841K, capacity 128924K, committed 131072K, reserved 1163264K
  class space    used 15338K, capacity 15681K, committed 16768K, reserved 1048576K
12930.408: [Full GC (Metadata GC Threshold) [PSYoungGen: 8125K->0K(273408K)] [ParOldGen: 65781K->34712K(699392K)] 73907K->34712K(972800K), [Metaspace: 127841K->76231K(1161216K)], 0.3009937 secs] [Times: user=0.49 sys=0.00, real=0.30 secs] 
Heap after GC invocations=146 (full 15):
 PSYoungGen      total 273408K, used 0K [0x00000000eab00000, 0x0000000100000000, 0x0000000100000000)
  eden space 265216K, 0% used [0x00000000eab00000,0x00000000eab00000,0x00000000fae00000)
  from space 8192K, 0% used [0x00000000fae00000,0x00000000fae00000,0x00000000fb600000)
  to   space 43008K, 0% used [0x00000000fd600000,0x00000000fd600000,0x0000000100000000)
 ParOldGen       total 699392K, used 34712K [0x00000000c0000000, 0x00000000eab00000, 0x00000000eab00000)
  object space 699392K, 4% used [0x00000000c0000000,0x00000000c21e6278,0x00000000eab00000)
 Metaspace       used 76231K, capacity 76980K, committed 129024K, reserved 1161216K
  class space    used 8565K, capacity 8803K, committed 16768K, reserved 1048576K
}
{Heap before GC invocations=147 (full 15):
 PSYoungGen      total 273408K, used 265216K [0x00000000eab00000, 0x0000000100000000, 0x0000000100000000)
  eden space 265216K, 100% used [0x00000000eab00000,0x00000000fae00000,0x00000000fae00000)
  from space 8192K, 0% used [0x00000000fae00000,0x00000000fae00000,0x00000000fb600000)
  to   space 43008K, 0% used [0x00000000fd600000,0x00000000fd600000,0x0000000100000000)
 ParOldGen       total 699392K, used 34712K [0x00000000c0000000, 0x00000000eab00000, 0x00000000eab00000)
  object space 699392K, 4% used [0x00000000c0000000,0x00000000c21e6278,0x00000000eab00000)
 Metaspace       used 76541K, capacity 77388K, committed 129024K, reserved 1161216K
  class space    used 8618K, capacity 8875K, committed 16768K, reserved 1048576K
13048.310: [GC (Allocation Failure) [PSYoungGen: 265216K->36963K(301056K)] 299928K->71676K(1000448K), 0.0180976 secs] [Times: user=0.03 sys=0.00, real=0.02 secs] 
Heap after GC invocations=147 (full 15):
 PSYoungGen      total 301056K, used 36963K [0x00000000eab00000, 0x0000000100000000, 0x0000000100000000)
  eden space 258048K, 0% used [0x00000000eab00000,0x00000000eab00000,0x00000000fa700000)
  from space 43008K, 85% used [0x00000000fd600000,0x00000000ffa18f20,0x0000000100000000)
  to   space 45568K, 0% used [0x00000000fa700000,0x00000000fa700000,0x00000000fd380000)
 ParOldGen       total 699392K, used 34712K [0x00000000c0000000, 0x00000000eab00000, 0x00000000eab00000)
  object space 699392K, 4% used [0x00000000c0000000,0x00000000c21e6278,0x00000000eab00000)
 Metaspace       used 76541K, capacity 77388K, committed 129024K, reserved 1161216K
  class space    used 8618K, capacity 8875K, committed 16768K, reserved 1048576K
}
{Heap before GC invocations=148 (full 15):
 PSYoungGen      total 301056K, used 295011K [0x00000000eab00000, 0x0000000100000000, 0x0000000100000000)
  eden space 258048K, 100% used [0x00000000eab00000,0x00000000fa700000,0x00000000fa700000)
  from space 43008K, 85% used [0x00000000fd600000,0x00000000ffa18f20,0x0000000100000000)
  to   space 45568K, 0% used [0x00000000fa700000,0x00000000fa700000,0x00000000fd380000)
 ParOldGen       total 699392K, used 34712K [0x00000000c0000000, 0x00000000eab00000, 0x00000000eab00000)
  object space 699392K, 4% used [0x00000000c0000000,0x00000000c21e6278,0x00000000eab00000)
 Metaspace       used 88565K, capacity 89418K, committed 129024K, reserved 1161216K
  class space    used 10186K, capacity 10448K, committed 16768K, reserved 1048576K
13051.035: [GC (Allocation Failure) [PSYoungGen: 295011K->18279K(303616K)] 329724K->54139K(1003008K), 0.0309299 secs] [Times: user=0.07 sys=0.00, real=0.03 secs] 
Heap after GC invocations=148 (full 15):
 PSYoungGen      total 303616K, used 18279K [0x00000000eab00000, 0x0000000100000000, 0x0000000100000000)
  eden space 258048K, 0% used [0x00000000eab00000,0x00000000eab00000,0x00000000fa700000)
  from space 45568K, 40% used [0x00000000fa700000,0x00000000fb8d9da8,0x00000000fd380000)
  to   space 45056K, 0% used [0x00000000fd400000,0x00000000fd400000,0x0000000100000000)
 ParOldGen       total 699392K, used 35859K [0x00000000c0000000, 0x00000000eab00000, 0x00000000eab00000)
  object space 699392K, 5% used [0x00000000c0000000,0x00000000c2304fc8,0x00000000eab00000)
 Metaspace       used 88565K, capacity 89418K, committed 129024K, reserved 1161216K
  class space    used 10186K, capacity 10448K, committed 16768K, reserved 1048576K
}
{Heap before GC invocations=149 (full 15):
 PSYoungGen      total 303616K, used 276327K [0x00000000eab00000, 0x0000000100000000, 0x0000000100000000)
  eden space 258048K, 100% used [0x00000000eab00000,0x00000000fa700000,0x00000000fa700000)
  from space 45568K, 40% used [0x00000000fa700000,0x00000000fb8d9da8,0x00000000fd380000)
  to   space 45056K, 0% used [0x00000000fd400000,0x00000000fd400000,0x0000000100000000)
 ParOldGen       total 699392K, used 35859K [0x00000000c0000000, 0x00000000eab00000, 0x00000000eab00000)
  object space 699392K, 5% used [0x00000000c0000000,0x00000000c2304fc8,0x00000000eab00000)
 Metaspace       used 89436K, capacity 90352K, committed 129024K, reserved 1161216K
  class space    used 10299K, capacity 10584K, committed 16768K, reserved 1048576K
13094.518: [GC (Allocation Failure) [PSYoungGen: 276327K->33265K(302080K)] 312187K->72605K(1001472K), 0.0206762 secs] [Times: user=0.03 sys=0.00, real=0.02 secs] 
Heap after GC invocations=149 (full 15):
 PSYoungGen      total 302080K, used 33265K [0x00000000eab00000, 0x0000000100000000, 0x0000000100000000)
  eden space 257024K, 0% used [0x00000000eab00000,0x00000000eab00000,0x00000000fa600000)
  from space 45056K, 73% used [0x00000000fd400000,0x00000000ff47c4f8,0x0000000100000000)
  to   space 46080K, 0% used [0x00000000fa600000,0x00000000fa600000,0x00000000fd300000)
 ParOldGen       total 699392K, used 39340K [0x00000000c0000000, 0x00000000eab00000, 0x00000000eab00000)
  object space 699392K, 5% used [0x00000000c0000000,0x00000000c266b008,0x00000000eab00000)
 Metaspace       used 89436K, capacity 90352K, committed 129024K, reserved 1161216K
  class space    used 10299K, capacity 10584K, committed 16768K, reserved 1048576K
}
{Heap before GC invocations=150 (full 15):
 PSYoungGen      total 302080K, used 290289K [0x00000000eab00000, 0x0000000100000000, 0x0000000100000000)
  eden space 257024K, 100% used [0x00000000eab00000,0x00000000fa600000,0x00000000fa600000)
  from space 45056K, 73% used [0x00000000fd400000,0x00000000ff47c4f8,0x0000000100000000)
  to   space 46080K, 0% used [0x00000000fa600000,0x00000000fa600000,0x00000000fd300000)
 ParOldGen       total 699392K, used 39340K [0x00000000c0000000, 0x00000000eab00000, 0x00000000eab00000)
  object space 699392K, 5% used [0x00000000c0000000,0x00000000c266b008,0x00000000eab00000)
 Metaspace       used 98146K, capacity 99148K, committed 129024K, reserved 1161216K
  class space    used 11491K, capacity 11808K, committed 16768K, reserved 1048576K
13096.554: [GC (Allocation Failure) [PSYoungGen: 290289K->20607K(303104K)] 329629K->61241K(1002496K), 0.0262888 secs] [Times: user=0.05 sys=0.00, real=0.03 secs] 
Heap after GC invocations=150 (full 15):
 PSYoungGen      total 303104K, used 20607K [0x00000000eab00000, 0x0000000100000000, 0x0000000100000000)
  eden space 257024K, 0% used [0x00000000eab00000,0x00000000eab00000,0x00000000fa600000)
  from space 46080K, 44% used [0x00000000fa600000,0x00000000fba1fd28,0x00000000fd300000)
  to   space 45056K, 0% used [0x00000000fd400000,0x00000000fd400000,0x0000000100000000)
 ParOldGen       total 699392K, used 40634K [0x00000000c0000000, 0x00000000eab00000, 0x00000000eab00000)
  object space 699392K, 5% used [0x00000000c0000000,0x00000000c27ae908,0x00000000eab00000)
 Metaspace       used 98146K, capacity 99148K, committed 129024K, reserved 1161216K
  class space    used 11491K, capacity 11808K, committed 16768K, reserved 1048576K
}
{Heap before GC invocations=151 (full 15):
 PSYoungGen      total 303104K, used 277631K [0x00000000eab00000, 0x0000000100000000, 0x0000000100000000)
  eden space 257024K, 100% used [0x00000000eab00000,0x00000000fa600000,0x00000000fa600000)
  from space 46080K, 44% used [0x00000000fa600000,0x00000000fba1fd28,0x00000000fd300000)
  to   space 45056K, 0% used [0x00000000fd400000,0x00000000fd400000,0x0000000100000000)
 ParOldGen       total 699392K, used 40634K [0x00000000c0000000, 0x00000000eab00000, 0x00000000eab00000)
  object space 699392K, 5% used [0x00000000c0000000,0x00000000c27ae908,0x00000000eab00000)
 Metaspace       used 102592K, capacity 103608K, committed 129024K, reserved 1161216K
  class space    used 12023K, capacity 12329K, committed 16768K, reserved 1048576K
13517.120: [GC (Allocation Failure) [PSYoungGen: 277631K->27829K(305152K)] 318265K->71143K(1004544K), 0.0174056 secs] [Times: user=0.03 sys=0.00, real=0.01 secs] 
Heap after GC invocations=151 (full 15):
 PSYoungGen      total 305152K, used 27829K [0x00000000eab00000, 0x0000000100000000, 0x0000000100000000)
  eden space 260096K, 0% used [0x00000000eab00000,0x00000000eab00000,0x00000000fa900000)
  from space 45056K, 61% used [0x00000000fd400000,0x00000000fef2d6a8,0x0000000100000000)
  to   space 44032K, 0% used [0x00000000fa900000,0x00000000fa900000,0x00000000fd400000)
 ParOldGen       total 699392K, used 43314K [0x00000000c0000000, 0x00000000eab00000, 0x00000000eab00000)
  object space 699392K, 6% used [0x00000000c0000000,0x00000000c2a4c928,0x00000000eab00000)
 Metaspace       used 102592K, capacity 103608K, committed 129024K, reserved 1161216K
  class space    used 12023K, capacity 12329K, committed 16768K, reserved 1048576K
}
{Heap before GC invocations=152 (full 15):
 PSYoungGen      total 305152K, used 287925K [0x00000000eab00000, 0x0000000100000000, 0x0000000100000000)
  eden space 260096K, 100% used [0x00000000eab00000,0x00000000fa900000,0x00000000fa900000)
  from space 45056K, 61% used [0x00000000fd400000,0x00000000fef2d6a8,0x0000000100000000)
  to   space 44032K, 0% used [0x00000000fa900000,0x00000000fa900000,0x00000000fd400000)
 ParOldGen       total 699392K, used 43314K [0x00000000c0000000, 0x00000000eab00000, 0x00000000eab00000)
  object space 699392K, 6% used [0x00000000c0000000,0x00000000c2a4c928,0x00000000eab00000)
 Metaspace       used 109426K, capacity 110440K, committed 129024K, reserved 1161216K
  class space    used 12956K, capacity 13263K, committed 16768K, reserved 1048576K
13518.572: [GC (Allocation Failure) [PSYoungGen: 287925K->27347K(304128K)] 331239K->72792K(1003520K), 0.0172239 secs] [Times: user=0.03 sys=0.00, real=0.01 secs] 
Heap after GC invocations=152 (full 15):
 PSYoungGen      total 304128K, used 27347K [0x00000000eab00000, 0x0000000100000000, 0x0000000100000000)
  eden space 260096K, 0% used [0x00000000eab00000,0x00000000eab00000,0x00000000fa900000)
  from space 44032K, 62% used [0x00000000fa900000,0x00000000fc3b4c40,0x00000000fd400000)
  to   space 43008K, 0% used [0x00000000fd600000,0x00000000fd600000,0x0000000100000000)
 ParOldGen       total 699392K, used 45445K [0x00000000c0000000, 0x00000000eab00000, 0x00000000eab00000)
  object space 699392K, 6% used [0x00000000c0000000,0x00000000c2c617b8,0x00000000eab00000)
 Metaspace       used 109426K, capacity 110440K, committed 129024K, reserved 1161216K
  class space    used 12956K, capacity 13263K, committed 16768K, reserved 1048576K
}
{Heap before GC invocations=153 (full 15):
 PSYoungGen      total 304128K, used 287443K [0x00000000eab00000, 0x0000000100000000, 0x0000000100000000)
  eden space 260096K, 100% used [0x00000000eab00000,0x00000000fa900000,0x00000000fa900000)
  from space 44032K, 62% used [0x00000000fa900000,0x00000000fc3b4c40,0x00000000fd400000)
  to   space 43008K, 0% used [0x00000000fd600000,0x00000000fd600000,0x0000000100000000)
 ParOldGen       total 699392K, used 45445K [0x00000000c0000000, 0x00000000eab00000, 0x00000000eab00000)
  object space 699392K, 6% used [0x00000000c0000000,0x00000000c2c617b8,0x00000000eab00000)
 Metaspace       used 115721K, capacity 116850K, committed 129024K, reserved 1161216K
  class space    used 13738K, capacity 14072K, committed 16768K, reserved 1048576K
13605.120: [GC (Allocation Failure) [PSYoungGen: 287443K->22294K(307200K)] 332888K->69576K(1006592K), 0.0152611 secs] [Times: user=0.03 sys=0.00, real=0.01 secs] 
Heap after GC invocations=153 (full 15):
 PSYoungGen      total 307200K, used 22294K [0x00000000eab00000, 0x0000000100000000, 0x0000000100000000)
  eden space 264192K, 0% used [0x00000000eab00000,0x00000000eab00000,0x00000000fad00000)
  from space 43008K, 51% used [0x00000000fd600000,0x00000000febc59c8,0x0000000100000000)
  to   space 41984K, 0% used [0x00000000fad00000,0x00000000fad00000,0x00000000fd600000)
 ParOldGen       total 699392K, used 47282K [0x00000000c0000000, 0x00000000eab00000, 0x00000000eab00000)
  object space 699392K, 6% used [0x00000000c0000000,0x00000000c2e2c8e0,0x00000000eab00000)
 Metaspace       used 115721K, capacity 116850K, committed 129024K, reserved 1161216K
  class space    used 13738K, capacity 14072K, committed 16768K, reserved 1048576K
}
{Heap before GC invocations=154 (full 15):
 PSYoungGen      total 307200K, used 286486K [0x00000000eab00000, 0x0000000100000000, 0x0000000100000000)
  eden space 264192K, 100% used [0x00000000eab00000,0x00000000fad00000,0x00000000fad00000)
  from space 43008K, 51% used [0x00000000fd600000,0x00000000febc59c8,0x0000000100000000)
  to   space 41984K, 0% used [0x00000000fad00000,0x00000000fad00000,0x00000000fd600000)
 ParOldGen       total 699392K, used 47282K [0x00000000c0000000, 0x00000000eab00000, 0x00000000eab00000)
  object space 699392K, 6% used [0x00000000c0000000,0x00000000c2e2c8e0,0x00000000eab00000)
 Metaspace       used 120526K, capacity 121706K, committed 129024K, reserved 1161216K
  class space    used 14388K, capacity 14751K, committed 16768K, reserved 1048576K
13606.366: [GC (Allocation Failure) [PSYoungGen: 286486K->31431K(306176K)] 333768K->81607K(1005568K), 0.0327768 secs] [Times: user=0.05 sys=0.00, real=0.03 secs] 
Heap after GC invocations=154 (full 15):
 PSYoungGen      total 306176K, used 31431K [0x00000000eab00000, 0x0000000100000000, 0x0000000100000000)
  eden space 264192K, 0% used [0x00000000eab00000,0x00000000eab00000,0x00000000fad00000)
  from space 41984K, 74% used [0x00000000fad00000,0x00000000fcbb1d88,0x00000000fd600000)
  to   space 42496K, 0% used [0x00000000fd680000,0x00000000fd680000,0x0000000100000000)
 ParOldGen       total 699392K, used 50176K [0x00000000c0000000, 0x00000000eab00000, 0x00000000eab00000)
  object space 699392K, 7% used [0x00000000c0000000,0x00000000c31001c8,0x00000000eab00000)
 Metaspace       used 120526K, capacity 121706K, committed 129024K, reserved 1161216K
  class space    used 14388K, capacity 14751K, committed 16768K, reserved 1048576K
}
{Heap before GC invocations=155 (full 15):
 PSYoungGen      total 306176K, used 185815K [0x00000000eab00000, 0x0000000100000000, 0x0000000100000000)
  eden space 264192K, 58% used [0x00000000eab00000,0x00000000f41c3f48,0x00000000fad00000)
  from space 41984K, 74% used [0x00000000fad00000,0x00000000fcbb1d88,0x00000000fd600000)
  to   space 42496K, 0% used [0x00000000fd680000,0x00000000fd680000,0x0000000100000000)
 ParOldGen       total 699392K, used 50176K [0x00000000c0000000, 0x00000000eab00000, 0x00000000eab00000)
  object space 699392K, 7% used [0x00000000c0000000,0x00000000c31001c8,0x00000000eab00000)
 Metaspace       used 127760K, capacity 128930K, committed 131072K, reserved 1163264K
  class space    used 15318K, capacity 15683K, committed 16768K, reserved 1048576K
13607.864: [GC (Metadata GC Threshold) [PSYoungGen: 185815K->10874K(304640K)] 235991K->63487K(1004032K), 0.0306685 secs] [Times: user=0.05 sys=0.00, real=0.03 secs] 
Heap after GC invocations=155 (full 15):
 PSYoungGen      total 304640K, used 10874K [0x00000000eab00000, 0x0000000100000000, 0x0000000100000000)
  eden space 262144K, 0% used [0x00000000eab00000,0x00000000eab00000,0x00000000fab00000)
  from space 42496K, 25% used [0x00000000fd680000,0x00000000fe11eb30,0x0000000100000000)
  to   space 43520K, 0% used [0x00000000fab00000,0x00000000fab00000,0x00000000fd580000)
 ParOldGen       total 699392K, used 52612K [0x00000000c0000000, 0x00000000eab00000, 0x00000000eab00000)
  object space 699392K, 7% used [0x00000000c0000000,0x00000000c3361248,0x00000000eab00000)
 Metaspace       used 127760K, capacity 128930K, committed 131072K, reserved 1163264K
  class space    used 15318K, capacity 15683K, committed 16768K, reserved 1048576K
}
{Heap before GC invocations=156 (full 16):
 PSYoungGen      total 304640K, used 10874K [0x00000000eab00000, 0x0000000100000000, 0x0000000100000000)
  eden space 262144K, 0% used [0x00000000eab00000,0x00000000eab00000,0x00000000fab00000)
  from space 42496K, 25% used [0x00000000fd680000,0x00000000fe11eb30,0x0000000100000000)
  to   space 43520K, 0% used [0x00000000fab00000,0x00000000fab00000,0x00000000fd580000)
 ParOldGen       total 699392K, used 52612K [0x00000000c0000000, 0x00000000eab00000, 0x00000000eab00000)
  object space 699392K, 7% used [0x00000000c0000000,0x00000000c3361248,0x00000000eab00000)
 Metaspace       used 127760K, capacity 128930K, committed 131072K, reserved 1163264K
  class space    used 15318K, capacity 15683K, committed 16768K, reserved 1048576K
13607.894: [Full GC (Metadata GC Threshold) [PSYoungGen: 10874K->0K(304640K)] [ParOldGen: 52612K->43976K(699392K)] 63487K->43976K(1004032K), [Metaspace: 127760K->101568K(1163264K)], 0.2905794 secs] [Times: user=0.48 sys=0.00, real=0.29 secs] 
Heap after GC invocations=156 (full 16):
 PSYoungGen      total 304640K, used 0K [0x00000000eab00000, 0x0000000100000000, 0x0000000100000000)
  eden space 262144K, 0% used [0x00000000eab00000,0x00000000eab00000,0x00000000fab00000)
  from space 42496K, 0% used [0x00000000fd680000,0x00000000fd680000,0x0000000100000000)
  to   space 43520K, 0% used [0x00000000fab00000,0x00000000fab00000,0x00000000fd580000)
 ParOldGen       total 699392K, used 43976K [0x00000000c0000000, 0x00000000eab00000, 0x00000000eab00000)
  object space 699392K, 6% used [0x00000000c0000000,0x00000000c2af2060,0x00000000eab00000)
 Metaspace       used 101568K, capacity 102406K, committed 131072K, reserved 1163264K
  class space    used 11882K, capacity 12189K, committed 16768K, reserved 1048576K
}
{Heap before GC invocations=157 (full 16):
 PSYoungGen      total 304640K, used 262144K [0x00000000eab00000, 0x0000000100000000, 0x0000000100000000)
  eden space 262144K, 100% used [0x00000000eab00000,0x00000000fab00000,0x00000000fab00000)
  from space 42496K, 0% used [0x00000000fd680000,0x00000000fd680000,0x0000000100000000)
  to   space 43520K, 0% used [0x00000000fab00000,0x00000000fab00000,0x00000000fd580000)
 ParOldGen       total 699392K, used 43976K [0x00000000c0000000, 0x00000000eab00000, 0x00000000eab00000)
  object space 699392K, 6% used [0x00000000c0000000,0x00000000c2af2060,0x00000000eab00000)
 Metaspace       used 102634K, capacity 103522K, committed 131072K, reserved 1163264K
  class space    used 12019K, capacity 12323K, committed 16768K, reserved 1048576K
13648.370: [GC (Allocation Failure) [PSYoungGen: 262144K->34168K(296448K)] 306120K->78153K(995840K), 0.0167491 secs] [Times: user=0.03 sys=0.00, real=0.02 secs] 
Heap after GC invocations=157 (full 16):
 PSYoungGen      total 296448K, used 34168K [0x00000000eab00000, 0x0000000100000000, 0x0000000100000000)
  eden space 262144K, 0% used [0x00000000eab00000,0x00000000eab00000,0x00000000fab00000)
  from space 34304K, 99% used [0x00000000fab00000,0x00000000fcc5e3d0,0x00000000fcc80000)
  to   space 45056K, 0% used [0x00000000fd400000,0x00000000fd400000,0x0000000100000000)
 ParOldGen       total 699392K, used 43984K [0x00000000c0000000, 0x00000000eab00000, 0x00000000eab00000)
  object space 699392K, 6% used [0x00000000c0000000,0x00000000c2af4060,0x00000000eab00000)
 Metaspace       used 102634K, capacity 103522K, committed 131072K, reserved 1163264K
  class space    used 12019K, capacity 12323K, committed 16768K, reserved 1048576K
}
{Heap before GC invocations=158 (full 16):
 PSYoungGen      total 296448K, used 296312K [0x00000000eab00000, 0x0000000100000000, 0x0000000100000000)
  eden space 262144K, 100% used [0x00000000eab00000,0x00000000fab00000,0x00000000fab00000)
  from space 34304K, 99% used [0x00000000fab00000,0x00000000fcc5e3d0,0x00000000fcc80000)
  to   space 45056K, 0% used [0x00000000fd400000,0x00000000fd400000,0x0000000100000000)
 ParOldGen       total 699392K, used 43984K [0x00000000c0000000, 0x00000000eab00000, 0x00000000eab00000)
  object space 699392K, 6% used [0x00000000c0000000,0x00000000c2af4060,0x00000000eab00000)
 Metaspace       used 111460K, capacity 112392K, committed 131072K, reserved 1163264K
  class space    used 13230K, capacity 13549K, committed 16768K, reserved 1048576K
13650.317: [GC (Allocation Failure) [PSYoungGen: 296312K->20110K(305152K)] 340297K->65787K(1004544K), 0.0192982 secs] [Times: user=0.06 sys=0.00, real=0.02 secs] 
Heap after GC invocations=158 (full 16):
 PSYoungGen      total 305152K, used 20110K [0x00000000eab00000, 0x0000000100000000, 0x0000000100000000)
  eden space 260096K, 0% used [0x00000000eab00000,0x00000000eab00000,0x00000000fa900000)
  from space 45056K, 44% used [0x00000000fd400000,0x00000000fe7a3b98,0x0000000100000000)
  to   space 44032K, 0% used [0x00000000fa900000,0x00000000fa900000,0x00000000fd400000)
 ParOldGen       total 699392K, used 45676K [0x00000000c0000000, 0x00000000eab00000, 0x00000000eab00000)
  object space 699392K, 6% used [0x00000000c0000000,0x00000000c2c9b390,0x00000000eab00000)
 Metaspace       used 111460K, capacity 112392K, committed 131072K, reserved 1163264K
  class space    used 13230K, capacity 13549K, committed 16768K, reserved 1048576K
}
{Heap before GC invocations=159 (full 16):
 PSYoungGen      total 305152K, used 280206K [0x00000000eab00000, 0x0000000100000000, 0x0000000100000000)
  eden space 260096K, 100% used [0x00000000eab00000,0x00000000fa900000,0x00000000fa900000)
  from space 45056K, 44% used [0x00000000fd400000,0x00000000fe7a3b98,0x0000000100000000)
  to   space 44032K, 0% used [0x00000000fa900000,0x00000000fa900000,0x00000000fd400000)
 ParOldGen       total 699392K, used 45676K [0x00000000c0000000, 0x00000000eab00000, 0x00000000eab00000)
  object space 699392K, 6% used [0x00000000c0000000,0x00000000c2c9b390,0x00000000eab00000)
 Metaspace       used 117630K, capacity 118650K, committed 131072K, reserved 1163264K
  class space    used 13934K, capacity 14263K, committed 16768K, reserved 1048576K
14285.025: [GC (Allocation Failure) [PSYoungGen: 280206K->30161K(304128K)] 325883K->78546K(1003520K), 0.0179845 secs] [Times: user=0.03 sys=0.00, real=0.02 secs] 
Heap after GC invocations=159 (full 16):
 PSYoungGen      total 304128K, used 30161K [0x00000000eab00000, 0x0000000100000000, 0x0000000100000000)
  eden space 260096K, 0% used [0x00000000eab00000,0x00000000eab00000,0x00000000fa900000)
  from space 44032K, 68% used [0x00000000fa900000,0x00000000fc674570,0x00000000fd400000)
  to   space 44032K, 0% used [0x00000000fd500000,0x00000000fd500000,0x0000000100000000)
 ParOldGen       total 699392K, used 48385K [0x00000000c0000000, 0x00000000eab00000, 0x00000000eab00000)
  object space 699392K, 6% used [0x00000000c0000000,0x00000000c2f404c8,0x00000000eab00000)
 Metaspace       used 117630K, capacity 118650K, committed 131072K, reserved 1163264K
  class space    used 13934K, capacity 14263K, committed 16768K, reserved 1048576K
}
{Heap before GC invocations=160 (full 16):
 PSYoungGen      total 304128K, used 290257K [0x00000000eab00000, 0x0000000100000000, 0x0000000100000000)
  eden space 260096K, 100% used [0x00000000eab00000,0x00000000fa900000,0x00000000fa900000)
  from space 44032K, 68% used [0x00000000fa900000,0x00000000fc674570,0x00000000fd400000)
  to   space 44032K, 0% used [0x00000000fd500000,0x00000000fd500000,0x0000000100000000)
 ParOldGen       total 699392K, used 48385K [0x00000000c0000000, 0x00000000eab00000, 0x00000000eab00000)
  object space 699392K, 6% used [0x00000000c0000000,0x00000000c2f404c8,0x00000000eab00000)
 Metaspace       used 123833K, capacity 124906K, committed 131072K, reserved 1163264K
  class space    used 14785K, capacity 15133K, committed 16768K, reserved 1048576K
14286.416: [GC (Allocation Failure) [PSYoungGen: 290257K->25790K(306688K)] 338642K->76600K(1006080K), 0.0294615 secs] [Times: user=0.07 sys=0.00, real=0.03 secs] 
Heap after GC invocations=160 (full 16):
 PSYoungGen      total 306688K, used 25790K [0x00000000eab00000, 0x0000000100000000, 0x0000000100000000)
  eden space 262656K, 0% used [0x00000000eab00000,0x00000000eab00000,0x00000000fab80000)
  from space 44032K, 58% used [0x00000000fd500000,0x00000000fee2f9d0,0x0000000100000000)
  to   space 42496K, 0% used [0x00000000fab80000,0x00000000fab80000,0x00000000fd500000)
 ParOldGen       total 699392K, used 50810K [0x00000000c0000000, 0x00000000eab00000, 0x00000000eab00000)
  object space 699392K, 7% used [0x00000000c0000000,0x00000000c319ea20,0x00000000eab00000)
 Metaspace       used 123833K, capacity 124906K, committed 131072K, reserved 1163264K
  class space    used 14785K, capacity 15133K, committed 16768K, reserved 1048576K
}
{Heap before GC invocations=161 (full 16):
 PSYoungGen      total 306688K, used 114024K [0x00000000eab00000, 0x0000000100000000, 0x0000000100000000)
  eden space 262656K, 33% used [0x00000000eab00000,0x00000000f012a988,0x00000000fab80000)
  from space 44032K, 58% used [0x00000000fd500000,0x00000000fee2f9d0,0x0000000100000000)
  to   space 42496K, 0% used [0x00000000fab80000,0x00000000fab80000,0x00000000fd500000)
 ParOldGen       total 699392K, used 50810K [0x00000000c0000000, 0x00000000eab00000, 0x00000000eab00000)
  object space 699392K, 7% used [0x00000000c0000000,0x00000000c319ea20,0x00000000eab00000)
 Metaspace       used 127838K, capacity 128892K, committed 131072K, reserved 1163264K
  class space    used 15293K, capacity 15648K, committed 16768K, reserved 1048576K
14287.123: [GC (Metadata GC Threshold) [PSYoungGen: 114024K->5814K(305152K)] 164835K->59987K(1004544K), 0.0215365 secs] [Times: user=0.04 sys=0.00, real=0.02 secs] 
Heap after GC invocations=161 (full 16):
 PSYoungGen      total 305152K, used 5814K [0x00000000eab00000, 0x0000000100000000, 0x0000000100000000)
  eden space 262656K, 0% used [0x00000000eab00000,0x00000000eab00000,0x00000000fab80000)
  from space 42496K, 13% used [0x00000000fab80000,0x00000000fb12dbc0,0x00000000fd500000)
  to   space 44032K, 0% used [0x00000000fd500000,0x00000000fd500000,0x0000000100000000)
 ParOldGen       total 699392K, used 54172K [0x00000000c0000000, 0x00000000eab00000, 0x00000000eab00000)
  object space 699392K, 7% used [0x00000000c0000000,0x00000000c34e70d8,0x00000000eab00000)
 Metaspace       used 127838K, capacity 128892K, committed 131072K, reserved 1163264K
  class space    used 15293K, capacity 15648K, committed 16768K, reserved 1048576K
}
{Heap before GC invocations=162 (full 17):
 PSYoungGen      total 305152K, used 5814K [0x00000000eab00000, 0x0000000100000000, 0x0000000100000000)
  eden space 262656K, 0% used [0x00000000eab00000,0x00000000eab00000,0x00000000fab80000)
  from space 42496K, 13% used [0x00000000fab80000,0x00000000fb12dbc0,0x00000000fd500000)
  to   space 44032K, 0% used [0x00000000fd500000,0x00000000fd500000,0x0000000100000000)
 ParOldGen       total 699392K, used 54172K [0x00000000c0000000, 0x00000000eab00000, 0x00000000eab00000)
  object space 699392K, 7% used [0x00000000c0000000,0x00000000c34e70d8,0x00000000eab00000)
 Metaspace       used 127838K, capacity 128892K, committed 131072K, reserved 1163264K
  class space    used 15293K, capacity 15648K, committed 16768K, reserved 1048576K
14287.144: [Full GC (Metadata GC Threshold) [PSYoungGen: 5814K->0K(305152K)] [ParOldGen: 54172K->32315K(699392K)] 59987K->32315K(1004544K), [Metaspace: 127838K->75484K(1157120K)], 0.1754389 secs] [Times: user=0.30 sys=0.00, real=0.18 secs] 
Heap after GC invocations=162 (full 17):
 PSYoungGen      total 305152K, used 0K [0x00000000eab00000, 0x0000000100000000, 0x0000000100000000)
  eden space 262656K, 0% used [0x00000000eab00000,0x00000000eab00000,0x00000000fab80000)
  from space 42496K, 0% used [0x00000000fab80000,0x00000000fab80000,0x00000000fd500000)
  to   space 44032K, 0% used [0x00000000fd500000,0x00000000fd500000,0x0000000100000000)
 ParOldGen       total 699392K, used 32315K [0x00000000c0000000, 0x00000000eab00000, 0x00000000eab00000)
  object space 699392K, 4% used [0x00000000c0000000,0x00000000c1f8ecc0,0x00000000eab00000)
 Metaspace       used 75484K, capacity 76200K, committed 124928K, reserved 1157120K
  class space    used 8420K, capacity 8672K, committed 16768K, reserved 1048576K
}
{Heap before GC invocations=163 (full 17):
 PSYoungGen      total 305152K, used 262656K [0x00000000eab00000, 0x0000000100000000, 0x0000000100000000)
  eden space 262656K, 100% used [0x00000000eab00000,0x00000000fab80000,0x00000000fab80000)
  from space 42496K, 0% used [0x00000000fab80000,0x00000000fab80000,0x00000000fd500000)
  to   space 44032K, 0% used [0x00000000fd500000,0x00000000fd500000,0x0000000100000000)
 ParOldGen       total 699392K, used 32315K [0x00000000c0000000, 0x00000000eab00000, 0x00000000eab00000)
  object space 699392K, 4% used [0x00000000c0000000,0x00000000c1f8ecc0,0x00000000eab00000)
 Metaspace       used 78360K, capacity 79204K, committed 124928K, reserved 1157120K
  class space    used 8776K, capacity 9030K, committed 16768K, reserved 1048576K
15219.347: [GC (Allocation Failure) [PSYoungGen: 262656K->28348K(305152K)] 294971K->60664K(1004544K), 0.0185206 secs] [Times: user=0.03 sys=0.00, real=0.02 secs] 
Heap after GC invocations=163 (full 17):
 PSYoungGen      total 305152K, used 28348K [0x00000000eab00000, 0x0000000100000000, 0x0000000100000000)
  eden space 261120K, 0% used [0x00000000eab00000,0x00000000eab00000,0x00000000faa00000)
  from space 44032K, 64% used [0x00000000fd500000,0x00000000ff0af3e0,0x0000000100000000)
  to   space 44032K, 0% used [0x00000000faa00000,0x00000000faa00000,0x00000000fd500000)
 ParOldGen       total 699392K, used 32315K [0x00000000c0000000, 0x00000000eab00000, 0x00000000eab00000)
  object space 699392K, 4% used [0x00000000c0000000,0x00000000c1f8ecc0,0x00000000eab00000)
 Metaspace       used 78360K, capacity 79204K, committed 124928K, reserved 1157120K
  class space    used 8776K, capacity 9030K, committed 16768K, reserved 1048576K
}
{Heap before GC invocations=164 (full 17):
 PSYoungGen      total 305152K, used 289468K [0x00000000eab00000, 0x0000000100000000, 0x0000000100000000)
  eden space 261120K, 100% used [0x00000000eab00000,0x00000000faa00000,0x00000000faa00000)
  from space 44032K, 64% used [0x00000000fd500000,0x00000000ff0af3e0,0x0000000100000000)
  to   space 44032K, 0% used [0x00000000faa00000,0x00000000faa00000,0x00000000fd500000)
 ParOldGen       total 699392K, used 32315K [0x00000000c0000000, 0x00000000eab00000, 0x00000000eab00000)
  object space 699392K, 4% used [0x00000000c0000000,0x00000000c1f8ecc0,0x00000000eab00000)
 Metaspace       used 85835K, capacity 86718K, committed 124928K, reserved 1157120K
  class space    used 9805K, capacity 10062K, committed 16768K, reserved 1048576K
15221.089: [GC (Allocation Failure) [PSYoungGen: 289468K->26155K(305152K)] 321784K->60725K(1004544K), 0.0457036 secs] [Times: user=0.06 sys=0.00, real=0.05 secs] 
Heap after GC invocations=164 (full 17):
 PSYoungGen      total 305152K, used 26155K [0x00000000eab00000, 0x0000000100000000, 0x0000000100000000)
  eden space 261120K, 0% used [0x00000000eab00000,0x00000000eab00000,0x00000000faa00000)
  from space 44032K, 59% used [0x00000000faa00000,0x00000000fc38ae48,0x00000000fd500000)
  to   space 43008K, 0% used [0x00000000fd600000,0x00000000fd600000,0x0000000100000000)
 ParOldGen       total 699392K, used 34570K [0x00000000c0000000, 0x00000000eab00000, 0x00000000eab00000)
  object space 699392K, 4% used [0x00000000c0000000,0x00000000c21c2848,0x00000000eab00000)
 Metaspace       used 85835K, capacity 86718K, committed 124928K, reserved 1157120K
  class space    used 9805K, capacity 10062K, committed 16768K, reserved 1048576K
}
{Heap before GC invocations=165 (full 17):
 PSYoungGen      total 305152K, used 287275K [0x00000000eab00000, 0x0000000100000000, 0x0000000100000000)
  eden space 261120K, 100% used [0x00000000eab00000,0x00000000faa00000,0x00000000faa00000)
  from space 44032K, 59% used [0x00000000faa00000,0x00000000fc38ae48,0x00000000fd500000)
  to   space 43008K, 0% used [0x00000000fd600000,0x00000000fd600000,0x0000000100000000)
 ParOldGen       total 699392K, used 34570K [0x00000000c0000000, 0x00000000eab00000, 0x00000000eab00000)
  object space 699392K, 4% used [0x00000000c0000000,0x00000000c21c2848,0x00000000eab00000)
 Metaspace       used 91478K, capacity 92392K, committed 124928K, reserved 1157120K
  class space    used 10493K, capacity 10775K, committed 16768K, reserved 1048576K
15308.902: [GC (Allocation Failure) [PSYoungGen: 287275K->26573K(307200K)] 321845K->63187K(1006592K), 0.0147903 secs] [Times: user=0.03 sys=0.00, real=0.01 secs] 
Heap after GC invocations=165 (full 17):
 PSYoungGen      total 307200K, used 26573K [0x00000000eab00000, 0x0000000100000000, 0x0000000100000000)
  eden space 264192K, 0% used [0x00000000eab00000,0x00000000eab00000,0x00000000fad00000)
  from space 43008K, 61% used [0x00000000fd600000,0x00000000feff3570,0x0000000100000000)
  to   space 41984K, 0% used [0x00000000fad00000,0x00000000fad00000,0x00000000fd600000)
 ParOldGen       total 699392K, used 36614K [0x00000000c0000000, 0x00000000eab00000, 0x00000000eab00000)
  object space 699392K, 5% used [0x00000000c0000000,0x00000000c23c1980,0x00000000eab00000)
 Metaspace       used 91478K, capacity 92392K, committed 124928K, reserved 1157120K
  class space    used 10493K, capacity 10775K, committed 16768K, reserved 1048576K
}
{Heap before GC invocations=166 (full 17):
 PSYoungGen      total 307200K, used 290765K [0x00000000eab00000, 0x0000000100000000, 0x0000000100000000)
  eden space 264192K, 100% used [0x00000000eab00000,0x00000000fad00000,0x00000000fad00000)
  from space 43008K, 61% used [0x00000000fd600000,0x00000000feff3570,0x0000000100000000)
  to   space 41984K, 0% used [0x00000000fad00000,0x00000000fad00000,0x00000000fd600000)
 ParOldGen       total 699392K, used 36614K [0x00000000c0000000, 0x00000000eab00000, 0x00000000eab00000)
  object space 699392K, 5% used [0x00000000c0000000,0x00000000c23c1980,0x00000000eab00000)
 Metaspace       used 96912K, capacity 97888K, committed 124928K, reserved 1157120K
  class space    used 11235K, capacity 11518K, committed 16768K, reserved 1048576K
15310.173: [GC (Allocation Failure) [PSYoungGen: 290765K->27367K(306176K)] 327379K->66595K(1005568K), 0.0194911 secs] [Times: user=0.03 sys=0.00, real=0.02 secs] 
Heap after GC invocations=166 (full 17):
 PSYoungGen      total 306176K, used 27367K [0x00000000eab00000, 0x0000000100000000, 0x0000000100000000)
  eden space 264192K, 0% used [0x00000000eab00000,0x00000000eab00000,0x00000000fad00000)
  from space 41984K, 65% used [0x00000000fad00000,0x00000000fc7b9d28,0x00000000fd600000)
  to   space 41472K, 0% used [0x00000000fd780000,0x00000000fd780000,0x0000000100000000)
 ParOldGen       total 699392K, used 39228K [0x00000000c0000000, 0x00000000eab00000, 0x00000000eab00000)
  object space 699392K, 5% used [0x00000000c0000000,0x00000000c264f2a0,0x00000000eab00000)
 Metaspace       used 96912K, capacity 97888K, committed 124928K, reserved 1157120K
  class space    used 11235K, capacity 11518K, committed 16768K, reserved 1048576K
}
{Heap before GC invocations=167 (full 17):
 PSYoungGen      total 306176K, used 291559K [0x00000000eab00000, 0x0000000100000000, 0x0000000100000000)
  eden space 264192K, 100% used [0x00000000eab00000,0x00000000fad00000,0x00000000fad00000)
  from space 41984K, 65% used [0x00000000fad00000,0x00000000fc7b9d28,0x00000000fd600000)
  to   space 41472K, 0% used [0x00000000fd780000,0x00000000fd780000,0x0000000100000000)
 ParOldGen       total 699392K, used 39228K [0x00000000c0000000, 0x00000000eab00000, 0x00000000eab00000)
  object space 699392K, 5% used [0x00000000c0000000,0x00000000c264f2a0,0x00000000eab00000)
 Metaspace       used 106609K, capacity 107662K, committed 124928K, reserved 1157120K
  class space    used 12408K, capacity 12717K, committed 16768K, reserved 1048576K
15420.334: [GC (Allocation Failure) [PSYoungGen: 291559K->20382K(308736K)] 330787K->61063K(1008128K), 0.0176919 secs] [Times: user=0.03 sys=0.00, real=0.02 secs] 
Heap after GC invocations=167 (full 17):
 PSYoungGen      total 308736K, used 20382K [0x00000000eab00000, 0x0000000100000000, 0x0000000100000000)
  eden space 267264K, 0% used [0x00000000eab00000,0x00000000eab00000,0x00000000fb000000)
  from space 41472K, 49% used [0x00000000fd780000,0x00000000feb67b38,0x0000000100000000)
  to   space 40448K, 0% used [0x00000000fb000000,0x00000000fb000000,0x00000000fd780000)
 ParOldGen       total 699392K, used 40680K [0x00000000c0000000, 0x00000000eab00000, 0x00000000eab00000)
  object space 699392K, 5% used [0x00000000c0000000,0x00000000c27ba3c8,0x00000000eab00000)
 Metaspace       used 106609K, capacity 107662K, committed 124928K, reserved 1157120K
  class space    used 12408K, capacity 12717K, committed 16768K, reserved 1048576K
}
{Heap before GC invocations=168 (full 17):
 PSYoungGen      total 308736K, used 287646K [0x00000000eab00000, 0x0000000100000000, 0x0000000100000000)
  eden space 267264K, 100% used [0x00000000eab00000,0x00000000fb000000,0x00000000fb000000)
  from space 41472K, 49% used [0x00000000fd780000,0x00000000feb67b38,0x0000000100000000)
  to   space 40448K, 0% used [0x00000000fb000000,0x00000000fb000000,0x00000000fd780000)
 ParOldGen       total 699392K, used 40680K [0x00000000c0000000, 0x00000000eab00000, 0x00000000eab00000)
  object space 699392K, 5% used [0x00000000c0000000,0x00000000c27ba3c8,0x00000000eab00000)
 Metaspace       used 110285K, capacity 111398K, committed 124928K, reserved 1157120K
  class space    used 12910K, capacity 13236K, committed 16768K, reserved 1048576K
15421.420: [GC (Allocation Failure) [PSYoungGen: 287646K->34763K(302080K)] 328327K->78952K(1001472K), 0.0387440 secs] [Times: user=0.05 sys=0.00, real=0.03 secs] 
Heap after GC invocations=168 (full 17):
 PSYoungGen      total 302080K, used 34763K [0x00000000eab00000, 0x0000000100000000, 0x0000000100000000)
  eden space 267264K, 0% used [0x00000000eab00000,0x00000000eab00000,0x00000000fb000000)
  from space 34816K, 99% used [0x00000000fb000000,0x00000000fd1f2c00,0x00000000fd200000)
  to   space 42496K, 0% used [0x00000000fd680000,0x00000000fd680000,0x0000000100000000)
 ParOldGen       total 699392K, used 44189K [0x00000000c0000000, 0x00000000eab00000, 0x00000000eab00000)
  object space 699392K, 6% used [0x00000000c0000000,0x00000000c2b274a0,0x00000000eab00000)
 Metaspace       used 110285K, capacity 111398K, committed 124928K, reserved 1157120K
  class space    used 12910K, capacity 13236K, committed 16768K, reserved 1048576K
}
{Heap before GC invocations=169 (full 17):
 PSYoungGen      total 302080K, used 302027K [0x00000000eab00000, 0x0000000100000000, 0x0000000100000000)
  eden space 267264K, 100% used [0x00000000eab00000,0x00000000fb000000,0x00000000fb000000)
  from space 34816K, 99% used [0x00000000fb000000,0x00000000fd1f2c00,0x00000000fd200000)
  to   space 42496K, 0% used [0x00000000fd680000,0x00000000fd680000,0x0000000100000000)
 ParOldGen       total 699392K, used 44189K [0x00000000c0000000, 0x00000000eab00000, 0x00000000eab00000)
  object space 699392K, 6% used [0x00000000c0000000,0x00000000c2b274a0,0x00000000eab00000)
 Metaspace       used 121540K, capacity 122716K, committed 126080K, reserved 1159168K
  class space    used 14318K, capacity 14654K, committed 16768K, reserved 1048576K
15478.003: [GC (Allocation Failure) [PSYoungGen: 302027K->16659K(306688K)] 346216K->62566K(1006080K), 0.0149873 secs] [Times: user=0.03 sys=0.00, real=0.01 secs] 
