Java HotSpot(TM) 64-Bit Server VM (25.121-b13) for linux-amd64 JRE (1.8.0_121-b13), built on Dec 12 2016 16:36:53 by "java_re" with gcc 4.3.0 20080428 (Red Hat 4.3.0-8)
Memory: 4k page, physical 8035336k(2701088k free), swap 3999740k(3996484k free)
CommandLine flags: -XX:+HeapDumpOnOutOfMemoryError -XX:HeapDumpPath=../../../instances/tomcat8/logs/tomcat8_java_pid_20170808180752.hprof -XX:InitialHeapSize=1073741824 -XX:+ManagementServer -XX:MaxHeapSize=1073741824 -XX:MaxMetaspaceSize=134217728 -XX:MetaspaceSize=134217728 -XX:+PrintGC -XX:+PrintGCDetails -XX:+PrintGCTimeStamps -XX:+PrintHeapAtGC -XX:+UseCompressedClassPointers -XX:+UseCompressedOops -XX:+UseParallelGC -XX:+UseParallelOldGC 
{Heap before GC invocations=1 (full 0):
 PSYoungGen      total 305664K, used 262144K [0x00000000eab00000, 0x0000000100000000, 0x0000000100000000)
  eden space 262144K, 100% used [0x00000000eab00000,0x00000000fab00000,0x00000000fab00000)
  from space 43520K, 0% used [0x00000000fd580000,0x00000000fd580000,0x0000000100000000)
  to   space 43520K, 0% used [0x00000000fab00000,0x00000000fab00000,0x00000000fd580000)
 ParOldGen       total 699392K, used 0K [0x00000000c0000000, 0x00000000eab00000, 0x00000000eab00000)
  object space 699392K, 0% used [0x00000000c0000000,0x00000000c0000000,0x00000000eab00000)
 Metaspace       used 16698K, capacity 17000K, committed 17152K, reserved 1064960K
  class space    used 1892K, capacity 2030K, committed 2048K, reserved 1048576K
1.672: [GC (Allocation Failure) [PSYoungGen: 262144K->38119K(305664K)] 262144K->38199K(1005056K), 0.0351463 secs] [Times: user=0.10 sys=0.01, real=0.04 secs] 
Heap after GC invocations=1 (full 0):
 PSYoungGen      total 305664K, used 38119K [0x00000000eab00000, 0x0000000100000000, 0x0000000100000000)
  eden space 262144K, 0% used [0x00000000eab00000,0x00000000eab00000,0x00000000fab00000)
  from space 43520K, 87% used [0x00000000fab00000,0x00000000fd039fa0,0x00000000fd580000)
  to   space 43520K, 0% used [0x00000000fd580000,0x00000000fd580000,0x0000000100000000)
 ParOldGen       total 699392K, used 80K [0x00000000c0000000, 0x00000000eab00000, 0x00000000eab00000)
  object space 699392K, 0% used [0x00000000c0000000,0x00000000c0014010,0x00000000eab00000)
 Metaspace       used 16698K, capacity 17000K, committed 17152K, reserved 1064960K
  class space    used 1892K, capacity 2030K, committed 2048K, reserved 1048576K
}
{Heap before GC invocations=2 (full 0):
 PSYoungGen      total 305664K, used 300263K [0x00000000eab00000, 0x0000000100000000, 0x0000000100000000)
  eden space 262144K, 100% used [0x00000000eab00000,0x00000000fab00000,0x00000000fab00000)
  from space 43520K, 87% used [0x00000000fab00000,0x00000000fd039fa0,0x00000000fd580000)
  to   space 43520K, 0% used [0x00000000fd580000,0x00000000fd580000,0x0000000100000000)
 ParOldGen       total 699392K, used 80K [0x00000000c0000000, 0x00000000eab00000, 0x00000000eab00000)
  object space 699392K, 0% used [0x00000000c0000000,0x00000000c0014010,0x00000000eab00000)
 Metaspace       used 29982K, capacity 30440K, committed 30720K, reserved 1077248K
  class space    used 3573K, capacity 3736K, committed 3840K, reserved 1048576K
3.888: [GC (Allocation Failure) [PSYoungGen: 300263K->29747K(305664K)] 300343K->29843K(1005056K), 0.0357881 secs] [Times: user=0.09 sys=0.02, real=0.03 secs] 
Heap after GC invocations=2 (full 0):
 PSYoungGen      total 305664K, used 29747K [0x00000000eab00000, 0x0000000100000000, 0x0000000100000000)
  eden space 262144K, 0% used [0x00000000eab00000,0x00000000eab00000,0x00000000fab00000)
  from space 43520K, 68% used [0x00000000fd580000,0x00000000ff28ce48,0x0000000100000000)
  to   space 43520K, 0% used [0x00000000fab00000,0x00000000fab00000,0x00000000fd580000)
 ParOldGen       total 699392K, used 96K [0x00000000c0000000, 0x00000000eab00000, 0x00000000eab00000)
  object space 699392K, 0% used [0x00000000c0000000,0x00000000c0018010,0x00000000eab00000)
 Metaspace       used 29982K, capacity 30440K, committed 30720K, reserved 1077248K
  class space    used 3573K, capacity 3736K, committed 3840K, reserved 1048576K
}
{Heap before GC invocations=3 (full 0):
 PSYoungGen      total 305664K, used 291891K [0x00000000eab00000, 0x0000000100000000, 0x0000000100000000)
  eden space 262144K, 100% used [0x00000000eab00000,0x00000000fab00000,0x00000000fab00000)
  from space 43520K, 68% used [0x00000000fd580000,0x00000000ff28ce48,0x0000000100000000)
  to   space 43520K, 0% used [0x00000000fab00000,0x00000000fab00000,0x00000000fd580000)
 ParOldGen       total 699392K, used 96K [0x00000000c0000000, 0x00000000eab00000, 0x00000000eab00000)
  object space 699392K, 0% used [0x00000000c0000000,0x00000000c0018010,0x00000000eab00000)
 Metaspace       used 40008K, capacity 40642K, committed 41088K, reserved 1085440K
  class space    used 4469K, capacity 4623K, committed 4736K, reserved 1048576K
51.758: [GC (Allocation Failure) [PSYoungGen: 291891K->37380K(305664K)] 291987K->37500K(1005056K), 0.0336369 secs] [Times: user=0.12 sys=0.00, real=0.03 secs] 
Heap after GC invocations=3 (full 0):
 PSYoungGen      total 305664K, used 37380K [0x00000000eab00000, 0x0000000100000000, 0x0000000100000000)
  eden space 262144K, 0% used [0x00000000eab00000,0x00000000eab00000,0x00000000fab00000)
  from space 43520K, 85% used [0x00000000fab00000,0x00000000fcf810f8,0x00000000fd580000)
  to   space 43520K, 0% used [0x00000000fd580000,0x00000000fd580000,0x0000000100000000)
 ParOldGen       total 699392K, used 120K [0x00000000c0000000, 0x00000000eab00000, 0x00000000eab00000)
  object space 699392K, 0% used [0x00000000c0000000,0x00000000c001e010,0x00000000eab00000)
 Metaspace       used 40008K, capacity 40642K, committed 41088K, reserved 1085440K
  class space    used 4469K, capacity 4623K, committed 4736K, reserved 1048576K
}
{Heap before GC invocations=4 (full 0):
 PSYoungGen      total 305664K, used 299524K [0x00000000eab00000, 0x0000000100000000, 0x0000000100000000)
  eden space 262144K, 100% used [0x00000000eab00000,0x00000000fab00000,0x00000000fab00000)
  from space 43520K, 85% used [0x00000000fab00000,0x00000000fcf810f8,0x00000000fd580000)
  to   space 43520K, 0% used [0x00000000fd580000,0x00000000fd580000,0x0000000100000000)
 ParOldGen       total 699392K, used 120K [0x00000000c0000000, 0x00000000eab00000, 0x00000000eab00000)
  object space 699392K, 0% used [0x00000000c0000000,0x00000000c001e010,0x00000000eab00000)
 Metaspace       used 46193K, capacity 46878K, committed 47232K, reserved 1091584K
  class space    used 5302K, capacity 5474K, committed 5504K, reserved 1048576K
53.721: [GC (Allocation Failure) [PSYoungGen: 299524K->43508K(305664K)] 299644K->44571K(1005056K), 0.0819938 secs] [Times: user=0.24 sys=0.00, real=0.08 secs] 
Heap after GC invocations=4 (full 0):
 PSYoungGen      total 305664K, used 43508K [0x00000000eab00000, 0x0000000100000000, 0x0000000100000000)
  eden space 262144K, 0% used [0x00000000eab00000,0x00000000eab00000,0x00000000fab00000)
  from space 43520K, 99% used [0x00000000fd580000,0x00000000ffffd178,0x0000000100000000)
  to   space 43520K, 0% used [0x00000000fab00000,0x00000000fab00000,0x00000000fd580000)
 ParOldGen       total 699392K, used 1062K [0x00000000c0000000, 0x00000000eab00000, 0x00000000eab00000)
  object space 699392K, 0% used [0x00000000c0000000,0x00000000c0109ae8,0x00000000eab00000)
 Metaspace       used 46193K, capacity 46878K, committed 47232K, reserved 1091584K
  class space    used 5302K, capacity 5474K, committed 5504K, reserved 1048576K
}
{Heap before GC invocations=5 (full 0):
 PSYoungGen      total 305664K, used 305652K [0x00000000eab00000, 0x0000000100000000, 0x0000000100000000)
  eden space 262144K, 100% used [0x00000000eab00000,0x00000000fab00000,0x00000000fab00000)
  from space 43520K, 99% used [0x00000000fd580000,0x00000000ffffd178,0x0000000100000000)
  to   space 43520K, 0% used [0x00000000fab00000,0x00000000fab00000,0x00000000fd580000)
 ParOldGen       total 699392K, used 1062K [0x00000000c0000000, 0x00000000eab00000, 0x00000000eab00000)
  object space 699392K, 0% used [0x00000000c0000000,0x00000000c0109ae8,0x00000000eab00000)
 Metaspace       used 49238K, capacity 50056K, committed 50432K, reserved 1093632K
  class space    used 5657K, capacity 5841K, committed 5888K, reserved 1048576K
160.399: [GC (Allocation Failure) [PSYoungGen: 305652K->34156K(296448K)] 306715K->35226K(995840K), 0.0314197 secs] [Times: user=0.10 sys=0.00, real=0.03 secs] 
Heap after GC invocations=5 (full 0):
 PSYoungGen      total 296448K, used 34156K [0x00000000eab00000, 0x0000000100000000, 0x0000000100000000)
  eden space 262144K, 0% used [0x00000000eab00000,0x00000000eab00000,0x00000000fab00000)
  from space 34304K, 99% used [0x00000000fab00000,0x00000000fcc5b100,0x00000000fcc80000)
  to   space 46592K, 0% used [0x00000000fd280000,0x00000000fd280000,0x0000000100000000)
 ParOldGen       total 699392K, used 1070K [0x00000000c0000000, 0x00000000eab00000, 0x00000000eab00000)
  object space 699392K, 0% used [0x00000000c0000000,0x00000000c010bae8,0x00000000eab00000)
 Metaspace       used 49238K, capacity 50056K, committed 50432K, reserved 1093632K
  class space    used 5657K, capacity 5841K, committed 5888K, reserved 1048576K
}
{Heap before GC invocations=6 (full 0):
 PSYoungGen      total 296448K, used 296300K [0x00000000eab00000, 0x0000000100000000, 0x0000000100000000)
  eden space 262144K, 100% used [0x00000000eab00000,0x00000000fab00000,0x00000000fab00000)
  from space 34304K, 99% used [0x00000000fab00000,0x00000000fcc5b100,0x00000000fcc80000)
  to   space 46592K, 0% used [0x00000000fd280000,0x00000000fd280000,0x0000000100000000)
 ParOldGen       total 699392K, used 1070K [0x00000000c0000000, 0x00000000eab00000, 0x00000000eab00000)
  object space 699392K, 0% used [0x00000000c0000000,0x00000000c010bae8,0x00000000eab00000)
 Metaspace       used 55379K, capacity 56184K, committed 56448K, reserved 1099776K
  class space    used 6488K, capacity 6684K, committed 6784K, reserved 1048576K
162.329: [GC (Allocation Failure) [PSYoungGen: 296300K->46567K(294400K)] 297370K->48068K(993792K), 0.0501326 secs] [Times: user=0.17 sys=0.00, real=0.05 secs] 
Heap after GC invocations=6 (full 0):
 PSYoungGen      total 294400K, used 46567K [0x00000000eab00000, 0x0000000100000000, 0x0000000100000000)
  eden space 247808K, 0% used [0x00000000eab00000,0x00000000eab00000,0x00000000f9d00000)
  from space 46592K, 99% used [0x00000000fd280000,0x00000000ffff9cf0,0x0000000100000000)
  to   space 50688K, 0% used [0x00000000f9d00000,0x00000000f9d00000,0x00000000fce80000)
 ParOldGen       total 699392K, used 1501K [0x00000000c0000000, 0x00000000eab00000, 0x00000000eab00000)
  object space 699392K, 0% used [0x00000000c0000000,0x00000000c01775f8,0x00000000eab00000)
 Metaspace       used 55379K, capacity 56184K, committed 56448K, reserved 1099776K
  class space    used 6488K, capacity 6684K, committed 6784K, reserved 1048576K
}
{Heap before GC invocations=7 (full 0):
 PSYoungGen      total 294400K, used 294375K [0x00000000eab00000, 0x0000000100000000, 0x0000000100000000)
  eden space 247808K, 100% used [0x00000000eab00000,0x00000000f9d00000,0x00000000f9d00000)
  from space 46592K, 99% used [0x00000000fd280000,0x00000000ffff9cf0,0x0000000100000000)
  to   space 50688K, 0% used [0x00000000f9d00000,0x00000000f9d00000,0x00000000fce80000)
 ParOldGen       total 699392K, used 1501K [0x00000000c0000000, 0x00000000eab00000, 0x00000000eab00000)
  object space 699392K, 0% used [0x00000000c0000000,0x00000000c01775f8,0x00000000eab00000)
 Metaspace       used 58134K, capacity 59112K, committed 59392K, reserved 1101824K
  class space    used 6835K, capacity 7052K, committed 7168K, reserved 1048576K
349.368: [GC (Allocation Failure) [PSYoungGen: 294375K->23189K(271360K)] 295876K->37623K(970752K), 0.0306724 secs] [Times: user=0.04 sys=0.05, real=0.03 secs] 
Heap after GC invocations=7 (full 0):
 PSYoungGen      total 271360K, used 23189K [0x00000000eab00000, 0x0000000100000000, 0x0000000100000000)
  eden space 247808K, 0% used [0x00000000eab00000,0x00000000eab00000,0x00000000f9d00000)
  from space 23552K, 98% used [0x00000000f9d00000,0x00000000fb3a5578,0x00000000fb400000)
  to   space 52736K, 0% used [0x00000000fcc80000,0x00000000fcc80000,0x0000000100000000)
 ParOldGen       total 699392K, used 14434K [0x00000000c0000000, 0x00000000eab00000, 0x00000000eab00000)
  object space 699392K, 2% used [0x00000000c0000000,0x00000000c0e189a8,0x00000000eab00000)
 Metaspace       used 58134K, capacity 59112K, committed 59392K, reserved 1101824K
  class space    used 6835K, capacity 7052K, committed 7168K, reserved 1048576K
}
{Heap before GC invocations=8 (full 0):
 PSYoungGen      total 271360K, used 270997K [0x00000000eab00000, 0x0000000100000000, 0x0000000100000000)
  eden space 247808K, 100% used [0x00000000eab00000,0x00000000f9d00000,0x00000000f9d00000)
  from space 23552K, 98% used [0x00000000f9d00000,0x00000000fb3a5578,0x00000000fb400000)
  to   space 52736K, 0% used [0x00000000fcc80000,0x00000000fcc80000,0x0000000100000000)
 ParOldGen       total 699392K, used 14434K [0x00000000c0000000, 0x00000000eab00000, 0x00000000eab00000)
  object space 699392K, 2% used [0x00000000c0000000,0x00000000c0e189a8,0x00000000eab00000)
 Metaspace       used 64181K, capacity 65228K, committed 65536K, reserved 1107968K
  class space    used 7658K, capacity 7893K, committed 7936K, reserved 1048576K
350.667: [GC (Allocation Failure) [PSYoungGen: 270997K->31464K(297472K)] 285431K->50440K(996864K), 0.0268811 secs] [Times: user=0.06 sys=0.00, real=0.02 secs] 
Heap after GC invocations=8 (full 0):
 PSYoungGen      total 297472K, used 31464K [0x00000000eab00000, 0x0000000100000000, 0x0000000100000000)
  eden space 244736K, 0% used [0x00000000eab00000,0x00000000eab00000,0x00000000f9a00000)
  from space 52736K, 59% used [0x00000000fcc80000,0x00000000feb3a218,0x0000000100000000)
  to   space 51712K, 0% used [0x00000000f9a00000,0x00000000f9a00000,0x00000000fcc80000)
 ParOldGen       total 699392K, used 18975K [0x00000000c0000000, 0x00000000eab00000, 0x00000000eab00000)
  object space 699392K, 2% used [0x00000000c0000000,0x00000000c1287e78,0x00000000eab00000)
 Metaspace       used 64181K, capacity 65228K, committed 65536K, reserved 1107968K
  class space    used 7658K, capacity 7893K, committed 7936K, reserved 1048576K
}
{Heap before GC invocations=9 (full 0):
 PSYoungGen      total 297472K, used 276200K [0x00000000eab00000, 0x0000000100000000, 0x0000000100000000)
  eden space 244736K, 100% used [0x00000000eab00000,0x00000000f9a00000,0x00000000f9a00000)
  from space 52736K, 59% used [0x00000000fcc80000,0x00000000feb3a218,0x0000000100000000)
  to   space 51712K, 0% used [0x00000000f9a00000,0x00000000f9a00000,0x00000000fcc80000)
 ParOldGen       total 699392K, used 18975K [0x00000000c0000000, 0x00000000eab00000, 0x00000000eab00000)
  object space 699392K, 2% used [0x00000000c0000000,0x00000000c1287e78,0x00000000eab00000)
 Metaspace       used 69431K, capacity 70620K, committed 71040K, reserved 1112064K
  class space    used 8231K, capacity 8486K, committed 8576K, reserved 1048576K
1250.689: [GC (Allocation Failure) [PSYoungGen: 276200K->14817K(259584K)] 295176K->36066K(958976K), 0.0322984 secs] [Times: user=0.08 sys=0.00, real=0.03 secs] 
Heap after GC invocations=9 (full 0):
 PSYoungGen      total 259584K, used 14817K [0x00000000eab00000, 0x0000000100000000, 0x0000000100000000)
  eden space 244736K, 0% used [0x00000000eab00000,0x00000000eab00000,0x00000000f9a00000)
  from space 14848K, 99% used [0x00000000f9a00000,0x00000000fa878518,0x00000000fa880000)
  to   space 53760K, 0% used [0x00000000fcb80000,0x00000000fcb80000,0x0000000100000000)
 ParOldGen       total 699392K, used 21249K [0x00000000c0000000, 0x00000000eab00000, 0x00000000eab00000)
  object space 699392K, 3% used [0x00000000c0000000,0x00000000c14c06a8,0x00000000eab00000)
 Metaspace       used 69431K, capacity 70620K, committed 71040K, reserved 1112064K
  class space    used 8231K, capacity 8486K, committed 8576K, reserved 1048576K
}
{Heap before GC invocations=10 (full 0):
 PSYoungGen      total 259584K, used 259553K [0x00000000eab00000, 0x0000000100000000, 0x0000000100000000)
  eden space 244736K, 100% used [0x00000000eab00000,0x00000000f9a00000,0x00000000f9a00000)
  from space 14848K, 99% used [0x00000000f9a00000,0x00000000fa878518,0x00000000fa880000)
  to   space 53760K, 0% used [0x00000000fcb80000,0x00000000fcb80000,0x0000000100000000)
 ParOldGen       total 699392K, used 21249K [0x00000000c0000000, 0x00000000eab00000, 0x00000000eab00000)
  object space 699392K, 3% used [0x00000000c0000000,0x00000000c14c06a8,0x00000000eab00000)
 Metaspace       used 73842K, capacity 75092K, committed 75520K, reserved 1116160K
  class space    used 8821K, capacity 9101K, committed 9216K, reserved 1048576K
1252.376: [GC (Allocation Failure) [PSYoungGen: 259553K->32992K(297472K)] 280802K->56484K(996864K), 0.0395816 secs] [Times: user=0.10 sys=0.00, real=0.04 secs] 
Heap after GC invocations=10 (full 0):
 PSYoungGen      total 297472K, used 32992K [0x00000000eab00000, 0x0000000100000000, 0x0000000100000000)
  eden space 243712K, 0% used [0x00000000eab00000,0x00000000eab00000,0x00000000f9900000)
  from space 53760K, 61% used [0x00000000fcb80000,0x00000000febb81a0,0x0000000100000000)
  to   space 51712K, 0% used [0x00000000f9900000,0x00000000f9900000,0x00000000fcb80000)
 ParOldGen       total 699392K, used 23491K [0x00000000c0000000, 0x00000000eab00000, 0x00000000eab00000)
  object space 699392K, 3% used [0x00000000c0000000,0x00000000c16f0ed8,0x00000000eab00000)
 Metaspace       used 73842K, capacity 75092K, committed 75520K, reserved 1116160K
  class space    used 8821K, capacity 9101K, committed 9216K, reserved 1048576K
}
Heap
 PSYoungGen      total 297472K, used 273340K [0x00000000eab00000, 0x0000000100000000, 0x0000000100000000)
  eden space 243712K, 98% used [0x00000000eab00000,0x00000000f95b7220,0x00000000f9900000)
  from space 53760K, 61% used [0x00000000fcb80000,0x00000000febb81a0,0x0000000100000000)
  to   space 51712K, 0% used [0x00000000f9900000,0x00000000f9900000,0x00000000fcb80000)
 ParOldGen       total 699392K, used 23491K [0x00000000c0000000, 0x00000000eab00000, 0x00000000eab00000)
  object space 699392K, 3% used [0x00000000c0000000,0x00000000c16f0ed8,0x00000000eab00000)
 Metaspace       used 78541K, capacity 79876K, committed 80128K, reserved 1120256K
  class space    used 9446K, capacity 9726K, committed 9728K, reserved 1048576K
