Java HotSpot(TM) 64-Bit Server VM (24.80-b11) for linux-amd64 JRE (1.7.0_80-b15), built on Apr 10 2015 19:53:14 by "java_re" with gcc 4.3.0 20080428 (Red Hat 4.3.0-8)
Memory: 4k page, physical 8035296k(1213360k free), swap 3999740k(3994440k free)
CommandLine flags: -XX:+HeapDumpOnOutOfMemoryError -XX:HeapDumpPath=../../../instances/tomcat8/logs/tomcat8_java_pid_20170919143943.hprof -XX:InitialHeapSize=1073741824 -XX:+ManagementServer -XX:MaxHeapSize=1073741824 -XX:MaxPermSize=268435456 -XX:PermSize=268435456 -XX:+PrintGC -XX:+PrintGCDetails -XX:+PrintGCTimeStamps -XX:+PrintHeapAtGC -XX:+UseCompressedOops -XX:+UseParallelGC -XX:+UseParallelOldGC 
{Heap before GC invocations=1 (full 0):
 PSYoungGen      total 306176K, used 262656K [0x00000000eaa80000, 0x0000000100000000, 0x0000000100000000)
  eden space 262656K, 100% used [0x00000000eaa80000,0x00000000fab00000,0x00000000fab00000)
  from space 43520K, 0% used [0x00000000fd580000,0x00000000fd580000,0x0000000100000000)
  to   space 43520K, 0% used [0x00000000fab00000,0x00000000fab00000,0x00000000fd580000)
 ParOldGen       total 699392K, used 0K [0x00000000bff80000, 0x00000000eaa80000, 0x00000000eaa80000)
  object space 699392K, 0% used [0x00000000bff80000,0x00000000bff80000,0x00000000eaa80000)
 PSPermGen       total 262144K, used 16466K [0x00000000aff80000, 0x00000000bff80000, 0x00000000bff80000)
  object space 262144K, 6% used [0x00000000aff80000,0x00000000b0f94bb0,0x00000000bff80000)
2.367: [GC [PSYoungGen: 262656K->37434K(306176K)] 262656K->37506K(1005568K), 0.0378010 secs] [Times: user=0.05 sys=0.03, real=0.03 secs] 
Heap after GC invocations=1 (full 0):
 PSYoungGen      total 306176K, used 37434K [0x00000000eaa80000, 0x0000000100000000, 0x0000000100000000)
  eden space 262656K, 0% used [0x00000000eaa80000,0x00000000eaa80000,0x00000000fab00000)
  from space 43520K, 86% used [0x00000000fab00000,0x00000000fcf8e868,0x00000000fd580000)
  to   space 43520K, 0% used [0x00000000fd580000,0x00000000fd580000,0x0000000100000000)
 ParOldGen       total 699392K, used 72K [0x00000000bff80000, 0x00000000eaa80000, 0x00000000eaa80000)
  object space 699392K, 0% used [0x00000000bff80000,0x00000000bff92010,0x00000000eaa80000)
 PSPermGen       total 262144K, used 16466K [0x00000000aff80000, 0x00000000bff80000, 0x00000000bff80000)
  object space 262144K, 6% used [0x00000000aff80000,0x00000000b0f94bb0,0x00000000bff80000)
}
{Heap before GC invocations=2 (full 0):
 PSYoungGen      total 306176K, used 300090K [0x00000000eaa80000, 0x0000000100000000, 0x0000000100000000)
  eden space 262656K, 100% used [0x00000000eaa80000,0x00000000fab00000,0x00000000fab00000)
  from space 43520K, 86% used [0x00000000fab00000,0x00000000fcf8e868,0x00000000fd580000)
  to   space 43520K, 0% used [0x00000000fd580000,0x00000000fd580000,0x0000000100000000)
 ParOldGen       total 699392K, used 72K [0x00000000bff80000, 0x00000000eaa80000, 0x00000000eaa80000)
  object space 699392K, 0% used [0x00000000bff80000,0x00000000bff92010,0x00000000eaa80000)
 PSPermGen       total 262144K, used 21859K [0x00000000aff80000, 0x00000000bff80000, 0x00000000bff80000)
  object space 262144K, 8% used [0x00000000aff80000,0x00000000b14d8c58,0x00000000bff80000)
4.674: [GC [PSYoungGen: 300090K->41089K(306176K)] 300162K->41169K(1005568K), 0.0477240 secs] [Times: user=0.11 sys=0.03, real=0.05 secs] 
Heap after GC invocations=2 (full 0):
 PSYoungGen      total 306176K, used 41089K [0x00000000eaa80000, 0x0000000100000000, 0x0000000100000000)
  eden space 262656K, 0% used [0x00000000eaa80000,0x00000000eaa80000,0x00000000fab00000)
  from space 43520K, 94% used [0x00000000fd580000,0x00000000ffda0528,0x0000000100000000)
  to   space 43520K, 0% used [0x00000000fab00000,0x00000000fab00000,0x00000000fd580000)
 ParOldGen       total 699392K, used 80K [0x00000000bff80000, 0x00000000eaa80000, 0x00000000eaa80000)
  object space 699392K, 0% used [0x00000000bff80000,0x00000000bff94010,0x00000000eaa80000)
 PSPermGen       total 262144K, used 21859K [0x00000000aff80000, 0x00000000bff80000, 0x00000000bff80000)
  object space 262144K, 8% used [0x00000000aff80000,0x00000000b14d8c58,0x00000000bff80000)
}
{Heap before GC invocations=3 (full 0):
 PSYoungGen      total 306176K, used 303745K [0x00000000eaa80000, 0x0000000100000000, 0x0000000100000000)
  eden space 262656K, 100% used [0x00000000eaa80000,0x00000000fab00000,0x00000000fab00000)
  from space 43520K, 94% used [0x00000000fd580000,0x00000000ffda0528,0x0000000100000000)
  to   space 43520K, 0% used [0x00000000fab00000,0x00000000fab00000,0x00000000fd580000)
 ParOldGen       total 699392K, used 80K [0x00000000bff80000, 0x00000000eaa80000, 0x00000000eaa80000)
  object space 699392K, 0% used [0x00000000bff80000,0x00000000bff94010,0x00000000eaa80000)
 PSPermGen       total 262144K, used 21871K [0x00000000aff80000, 0x00000000bff80000, 0x00000000bff80000)
  object space 262144K, 8% used [0x00000000aff80000,0x00000000b14dbd98,0x00000000bff80000)
5.642: [GC [PSYoungGen: 303745K->43515K(306176K)] 303825K->51651K(1005568K), 0.0315850 secs] [Times: user=0.06 sys=0.00, real=0.03 secs] 
