Java HotSpot(TM) 64-Bit Server VM (25.121-b13) for linux-amd64 JRE (1.8.0_121-b13), built on Dec 12 2016 16:36:53 by "java_re" with gcc 4.3.0 20080428 (Red Hat 4.3.0-8)
Memory: 4k page, physical 8034884k(2968740k free), swap 5416956k(5416912k free)
CommandLine flags: -XX:+HeapDumpOnOutOfMemoryError -XX:HeapDumpPath=../../../instances/tomcat8/logs/tomcat8_java_pid_20171113151441.hprof -XX:InitialHeapSize=1073741824 -XX:+ManagementServer -XX:MaxHeapSize=1073741824 -XX:MaxMetaspaceSize=268435456 -XX:MetaspaceSize=268435456 -XX:+PrintGC -XX:+PrintGCDetails -XX:+PrintGCTimeStamps -XX:+PrintHeapAtGC -XX:+UseCompressedClassPointers -XX:+UseCompressedOops -XX:+UseParallelGC -XX:+UseParallelOldGC 
{Heap before GC invocations=1 (full 0):
 PSYoungGen      total 305664K, used 262144K [0x00000000eab00000, 0x0000000100000000, 0x0000000100000000)
  eden space 262144K, 100% used [0x00000000eab00000,0x00000000fab00000,0x00000000fab00000)
  from space 43520K, 0% used [0x00000000fd580000,0x00000000fd580000,0x0000000100000000)
  to   space 43520K, 0% used [0x00000000fab00000,0x00000000fab00000,0x00000000fd580000)
 ParOldGen       total 699392K, used 0K [0x00000000c0000000, 0x00000000eab00000, 0x00000000eab00000)
  object space 699392K, 0% used [0x00000000c0000000,0x00000000c0000000,0x00000000eab00000)
 Metaspace       used 17537K, capacity 17894K, committed 18048K, reserved 1064960K
  class space    used 1982K, capacity 2091K, committed 2176K, reserved 1048576K
2.158: [GC (Allocation Failure) [PSYoungGen: 262144K->36799K(305664K)] 262144K->36887K(1005056K), 0.0302066 secs] [Times: user=0.08 sys=0.00, real=0.04 secs] 
Heap after GC invocations=1 (full 0):
 PSYoungGen      total 305664K, used 36799K [0x00000000eab00000, 0x0000000100000000, 0x0000000100000000)
  eden space 262144K, 0% used [0x00000000eab00000,0x00000000eab00000,0x00000000fab00000)
  from space 43520K, 84% used [0x00000000fab00000,0x00000000fceefd60,0x00000000fd580000)
  to   space 43520K, 0% used [0x00000000fd580000,0x00000000fd580000,0x0000000100000000)
 ParOldGen       total 699392K, used 88K [0x00000000c0000000, 0x00000000eab00000, 0x00000000eab00000)
  object space 699392K, 0% used [0x00000000c0000000,0x00000000c0016010,0x00000000eab00000)
 Metaspace       used 17537K, capacity 17894K, committed 18048K, reserved 1064960K
  class space    used 1982K, capacity 2091K, committed 2176K, reserved 1048576K
}
{Heap before GC invocations=2 (full 0):
 PSYoungGen      total 305664K, used 298943K [0x00000000eab00000, 0x0000000100000000, 0x0000000100000000)
  eden space 262144K, 100% used [0x00000000eab00000,0x00000000fab00000,0x00000000fab00000)
  from space 43520K, 84% used [0x00000000fab00000,0x00000000fceefd60,0x00000000fd580000)
  to   space 43520K, 0% used [0x00000000fd580000,0x00000000fd580000,0x0000000100000000)
 ParOldGen       total 699392K, used 88K [0x00000000c0000000, 0x00000000eab00000, 0x00000000eab00000)
  object space 699392K, 0% used [0x00000000c0000000,0x00000000c0016010,0x00000000eab00000)
 Metaspace       used 24820K, capacity 25196K, committed 25344K, reserved 1071104K
  class space    used 2899K, capacity 3013K, committed 3072K, reserved 1048576K
3.861: [GC (Allocation Failure) [PSYoungGen: 298943K->36852K(305664K)] 299031K->36956K(1005056K), 0.0294512 secs] [Times: user=0.09 sys=0.01, real=0.03 secs] 
Heap after GC invocations=2 (full 0):
 PSYoungGen      total 305664K, used 36852K [0x00000000eab00000, 0x0000000100000000, 0x0000000100000000)
  eden space 262144K, 0% used [0x00000000eab00000,0x00000000eab00000,0x00000000fab00000)
  from space 43520K, 84% used [0x00000000fd580000,0x00000000ff97d128,0x0000000100000000)
  to   space 43520K, 0% used [0x00000000fab00000,0x00000000fab00000,0x00000000fd580000)
 ParOldGen       total 699392K, used 104K [0x00000000c0000000, 0x00000000eab00000, 0x00000000eab00000)
  object space 699392K, 0% used [0x00000000c0000000,0x00000000c001a010,0x00000000eab00000)
 Metaspace       used 24820K, capacity 25196K, committed 25344K, reserved 1071104K
  class space    used 2899K, capacity 3013K, committed 3072K, reserved 1048576K
}
{Heap before GC invocations=3 (full 0):
 PSYoungGen      total 305664K, used 298996K [0x00000000eab00000, 0x0000000100000000, 0x0000000100000000)
  eden space 262144K, 100% used [0x00000000eab00000,0x00000000fab00000,0x00000000fab00000)
  from space 43520K, 84% used [0x00000000fd580000,0x00000000ff97d128,0x0000000100000000)
  to   space 43520K, 0% used [0x00000000fab00000,0x00000000fab00000,0x00000000fd580000)
 ParOldGen       total 699392K, used 104K [0x00000000c0000000, 0x00000000eab00000, 0x00000000eab00000)
  object space 699392K, 0% used [0x00000000c0000000,0x00000000c001a010,0x00000000eab00000)
 Metaspace       used 35020K, capacity 35476K, committed 35840K, reserved 1081344K
  class space    used 4156K, capacity 4317K, committed 4352K, reserved 1048576K
5.508: [GC (Allocation Failure) [PSYoungGen: 298996K->30343K(305664K)] 299100K->30463K(1005056K), 0.0334761 secs] [Times: user=0.10 sys=0.00, real=0.03 secs] 
Heap after GC invocations=3 (full 0):
 PSYoungGen      total 305664K, used 30343K [0x00000000eab00000, 0x0000000100000000, 0x0000000100000000)
  eden space 262144K, 0% used [0x00000000eab00000,0x00000000eab00000,0x00000000fab00000)
  from space 43520K, 69% used [0x00000000fab00000,0x00000000fc8a1cb0,0x00000000fd580000)
  to   space 43520K, 0% used [0x00000000fd580000,0x00000000fd580000,0x0000000100000000)
 ParOldGen       total 699392K, used 120K [0x00000000c0000000, 0x00000000eab00000, 0x00000000eab00000)
  object space 699392K, 0% used [0x00000000c0000000,0x00000000c001e010,0x00000000eab00000)
 Metaspace       used 35020K, capacity 35476K, committed 35840K, reserved 1081344K
  class space    used 4156K, capacity 4317K, committed 4352K, reserved 1048576K
}
{Heap before GC invocations=4 (full 0):
 PSYoungGen      total 305664K, used 292487K [0x00000000eab00000, 0x0000000100000000, 0x0000000100000000)
  eden space 262144K, 100% used [0x00000000eab00000,0x00000000fab00000,0x00000000fab00000)
  from space 43520K, 69% used [0x00000000fab00000,0x00000000fc8a1cb0,0x00000000fd580000)
  to   space 43520K, 0% used [0x00000000fd580000,0x00000000fd580000,0x0000000100000000)
 ParOldGen       total 699392K, used 120K [0x00000000c0000000, 0x00000000eab00000, 0x00000000eab00000)
  object space 699392K, 0% used [0x00000000c0000000,0x00000000c001e010,0x00000000eab00000)
 Metaspace       used 35736K, capacity 36230K, committed 36480K, reserved 1081344K
  class space    used 4256K, capacity 4422K, committed 4480K, reserved 1048576K
6.561: [GC (Allocation Failure) [PSYoungGen: 292487K->43504K(305664K)] 292607K->56684K(1005056K), 0.0392432 secs] [Times: user=0.11 sys=0.01, real=0.04 secs] 
Heap after GC invocations=4 (full 0):
 PSYoungGen      total 305664K, used 43504K [0x00000000eab00000, 0x0000000100000000, 0x0000000100000000)
  eden space 262144K, 0% used [0x00000000eab00000,0x00000000eab00000,0x00000000fab00000)
  from space 43520K, 99% used [0x00000000fd580000,0x00000000ffffc0c8,0x0000000100000000)
  to   space 43520K, 0% used [0x00000000fab00000,0x00000000fab00000,0x00000000fd580000)
 ParOldGen       total 699392K, used 13180K [0x00000000c0000000, 0x00000000eab00000, 0x00000000eab00000)
  object space 699392K, 1% used [0x00000000c0000000,0x00000000c0cdf308,0x00000000eab00000)
 Metaspace       used 35736K, capacity 36230K, committed 36480K, reserved 1081344K
  class space    used 4256K, capacity 4422K, committed 4480K, reserved 1048576K
}
{Heap before GC invocations=5 (full 0):
 PSYoungGen      total 305664K, used 305648K [0x00000000eab00000, 0x0000000100000000, 0x0000000100000000)
  eden space 262144K, 100% used [0x00000000eab00000,0x00000000fab00000,0x00000000fab00000)
  from space 43520K, 99% used [0x00000000fd580000,0x00000000ffffc0c8,0x0000000100000000)
  to   space 43520K, 0% used [0x00000000fab00000,0x00000000fab00000,0x00000000fd580000)
 ParOldGen       total 699392K, used 13180K [0x00000000c0000000, 0x00000000eab00000, 0x00000000eab00000)
  object space 699392K, 1% used [0x00000000c0000000,0x00000000c0cdf308,0x00000000eab00000)
 Metaspace       used 40239K, capacity 40718K, committed 41216K, reserved 1085440K
  class space    used 5114K, capacity 5272K, committed 5376K, reserved 1048576K
7.637: [GC (Allocation Failure) [PSYoungGen: 305648K->43495K(305664K)] 318828K->64402K(1005056K), 0.0325435 secs] [Times: user=0.10 sys=0.00, real=0.04 secs] 
Heap after GC invocations=5 (full 0):
 PSYoungGen      total 305664K, used 43495K [0x00000000eab00000, 0x0000000100000000, 0x0000000100000000)
  eden space 262144K, 0% used [0x00000000eab00000,0x00000000eab00000,0x00000000fab00000)
  from space 43520K, 99% used [0x00000000fab00000,0x00000000fd579d10,0x00000000fd580000)
  to   space 43520K, 0% used [0x00000000fd580000,0x00000000fd580000,0x0000000100000000)
 ParOldGen       total 699392K, used 20907K [0x00000000c0000000, 0x00000000eab00000, 0x00000000eab00000)
  object space 699392K, 2% used [0x00000000c0000000,0x00000000c146ac48,0x00000000eab00000)
 Metaspace       used 40239K, capacity 40718K, committed 41216K, reserved 1085440K
  class space    used 5114K, capacity 5272K, committed 5376K, reserved 1048576K
}
Heap
 PSYoungGen      total 305664K, used 241653K [0x00000000eab00000, 0x0000000100000000, 0x0000000100000000)
  eden space 262144K, 75% used [0x00000000eab00000,0x00000000f6c83990,0x00000000fab00000)
  from space 43520K, 99% used [0x00000000fab00000,0x00000000fd579d10,0x00000000fd580000)
  to   space 43520K, 0% used [0x00000000fd580000,0x00000000fd580000,0x0000000100000000)
 ParOldGen       total 699392K, used 20907K [0x00000000c0000000, 0x00000000eab00000, 0x00000000eab00000)
  object space 699392K, 2% used [0x00000000c0000000,0x00000000c146ac48,0x00000000eab00000)
 Metaspace       used 42622K, capacity 43318K, committed 43520K, reserved 1087488K
  class space    used 5400K, capacity 5589K, committed 5632K, reserved 1048576K
