Java HotSpot(TM) 64-Bit Server VM (25.121-b13) for linux-amd64 JRE (1.8.0_121-b13), built on Dec 12 2016 16:36:53 by "java_re" with gcc 4.3.0 20080428 (Red Hat 4.3.0-8)
Memory: 4k page, physical 8035336k(2518844k free), swap 3999740k(3999740k free)
CommandLine flags: -XX:+HeapDumpOnOutOfMemoryError -XX:HeapDumpPath=../../../instances/tomcat8/logs/tomcat8_java_pid_20170808100543.hprof -XX:InitialHeapSize=1073741824 -XX:+ManagementServer -XX:MaxHeapSize=1073741824 -XX:MaxMetaspaceSize=134217728 -XX:MetaspaceSize=134217728 -XX:+PrintGC -XX:+PrintGCDetails -XX:+PrintGCTimeStamps -XX:+PrintHeapAtGC -XX:+UseCompressedClassPointers -XX:+UseCompressedOops -XX:+UseParallelGC -XX:+UseParallelOldGC 
{Heap before GC invocations=1 (full 0):
 PSYoungGen      total 305664K, used 262144K [0x00000000eab00000, 0x0000000100000000, 0x0000000100000000)
  eden space 262144K, 100% used [0x00000000eab00000,0x00000000fab00000,0x00000000fab00000)
  from space 43520K, 0% used [0x00000000fd580000,0x00000000fd580000,0x0000000100000000)
  to   space 43520K, 0% used [0x00000000fab00000,0x00000000fab00000,0x00000000fd580000)
 ParOldGen       total 699392K, used 0K [0x00000000c0000000, 0x00000000eab00000, 0x00000000eab00000)
  object space 699392K, 0% used [0x00000000c0000000,0x00000000c0000000,0x00000000eab00000)
 Metaspace       used 16722K, capacity 17064K, committed 17152K, reserved 1064960K
  class space    used 1892K, capacity 2030K, committed 2048K, reserved 1048576K
2.511: [GC (Allocation Failure) [PSYoungGen: 262144K->38103K(305664K)] 262144K->38183K(1005056K), 0.0383238 secs] [Times: user=0.08 sys=0.01, real=0.04 secs] 
Heap after GC invocations=1 (full 0):
 PSYoungGen      total 305664K, used 38103K [0x00000000eab00000, 0x0000000100000000, 0x0000000100000000)
  eden space 262144K, 0% used [0x00000000eab00000,0x00000000eab00000,0x00000000fab00000)
  from space 43520K, 87% used [0x00000000fab00000,0x00000000fd035d70,0x00000000fd580000)
  to   space 43520K, 0% used [0x00000000fd580000,0x00000000fd580000,0x0000000100000000)
 ParOldGen       total 699392K, used 80K [0x00000000c0000000, 0x00000000eab00000, 0x00000000eab00000)
  object space 699392K, 0% used [0x00000000c0000000,0x00000000c0014010,0x00000000eab00000)
 Metaspace       used 16722K, capacity 17064K, committed 17152K, reserved 1064960K
  class space    used 1892K, capacity 2030K, committed 2048K, reserved 1048576K
}
{Heap before GC invocations=2 (full 0):
 PSYoungGen      total 305664K, used 300247K [0x00000000eab00000, 0x0000000100000000, 0x0000000100000000)
  eden space 262144K, 100% used [0x00000000eab00000,0x00000000fab00000,0x00000000fab00000)
  from space 43520K, 87% used [0x00000000fab00000,0x00000000fd035d70,0x00000000fd580000)
  to   space 43520K, 0% used [0x00000000fd580000,0x00000000fd580000,0x0000000100000000)
 ParOldGen       total 699392K, used 80K [0x00000000c0000000, 0x00000000eab00000, 0x00000000eab00000)
  object space 699392K, 0% used [0x00000000c0000000,0x00000000c0014010,0x00000000eab00000)
 Metaspace       used 30065K, capacity 30568K, committed 30976K, reserved 1077248K
  class space    used 3583K, capacity 3736K, committed 3840K, reserved 1048576K
5.287: [GC (Allocation Failure) [PSYoungGen: 300247K->29578K(305664K)] 300327K->29674K(1005056K), 0.0498140 secs] [Times: user=0.15 sys=0.00, real=0.05 secs] 
