Java HotSpot(TM) 64-Bit Server VM (24.80-b11) for linux-amd64 JRE (1.7.0_80-b15), built on Apr 10 2015 19:53:14 by "java_re" with gcc 4.3.0 20080428 (Red Hat 4.3.0-8)
Memory: 4k page, physical 8035296k(1592948k free), swap 3999740k(3994712k free)
CommandLine flags: -XX:+HeapDumpOnOutOfMemoryError -XX:HeapDumpPath=../../../instances/tomcat8/logs/tomcat8_java_pid_20170919153550.hprof -XX:InitialHeapSize=1073741824 -XX:+ManagementServer -XX:MaxHeapSize=1073741824 -XX:MaxPermSize=268435456 -XX:PermSize=268435456 -XX:+PrintGC -XX:+PrintGCDetails -XX:+PrintGCTimeStamps -XX:+PrintHeapAtGC -XX:+UseCompressedOops -XX:+UseParallelGC -XX:+UseParallelOldGC 
{Heap before GC invocations=1 (full 0):
 PSYoungGen      total 306176K, used 262656K [0x00000000eaa80000, 0x0000000100000000, 0x0000000100000000)
  eden space 262656K, 100% used [0x00000000eaa80000,0x00000000fab00000,0x00000000fab00000)
  from space 43520K, 0% used [0x00000000fd580000,0x00000000fd580000,0x0000000100000000)
  to   space 43520K, 0% used [0x00000000fab00000,0x00000000fab00000,0x00000000fd580000)
 ParOldGen       total 699392K, used 0K [0x00000000bff80000, 0x00000000eaa80000, 0x00000000eaa80000)
  object space 699392K, 0% used [0x00000000bff80000,0x00000000bff80000,0x00000000eaa80000)
 PSPermGen       total 262144K, used 16467K [0x00000000aff80000, 0x00000000bff80000, 0x00000000bff80000)
  object space 262144K, 6% used [0x00000000aff80000,0x00000000b0f94c78,0x00000000bff80000)
2.402: [GC [PSYoungGen: 262656K->37444K(306176K)] 262656K->37516K(1005568K), 0.0251610 secs] [Times: user=0.05 sys=0.01, real=0.02 secs] 
Heap after GC invocations=1 (full 0):
 PSYoungGen      total 306176K, used 37444K [0x00000000eaa80000, 0x0000000100000000, 0x0000000100000000)
  eden space 262656K, 0% used [0x00000000eaa80000,0x00000000eaa80000,0x00000000fab00000)
  from space 43520K, 86% used [0x00000000fab00000,0x00000000fcf913b8,0x00000000fd580000)
  to   space 43520K, 0% used [0x00000000fd580000,0x00000000fd580000,0x0000000100000000)
 ParOldGen       total 699392K, used 72K [0x00000000bff80000, 0x00000000eaa80000, 0x00000000eaa80000)
  object space 699392K, 0% used [0x00000000bff80000,0x00000000bff92010,0x00000000eaa80000)
 PSPermGen       total 262144K, used 16467K [0x00000000aff80000, 0x00000000bff80000, 0x00000000bff80000)
  object space 262144K, 6% used [0x00000000aff80000,0x00000000b0f94c78,0x00000000bff80000)
}
{Heap before GC invocations=2 (full 0):
 PSYoungGen      total 306176K, used 300100K [0x00000000eaa80000, 0x0000000100000000, 0x0000000100000000)
  eden space 262656K, 100% used [0x00000000eaa80000,0x00000000fab00000,0x00000000fab00000)
  from space 43520K, 86% used [0x00000000fab00000,0x00000000fcf913b8,0x00000000fd580000)
  to   space 43520K, 0% used [0x00000000fd580000,0x00000000fd580000,0x0000000100000000)
 ParOldGen       total 699392K, used 72K [0x00000000bff80000, 0x00000000eaa80000, 0x00000000eaa80000)
  object space 699392K, 0% used [0x00000000bff80000,0x00000000bff92010,0x00000000eaa80000)
 PSPermGen       total 262144K, used 21863K [0x00000000aff80000, 0x00000000bff80000, 0x00000000bff80000)
  object space 262144K, 8% used [0x00000000aff80000,0x00000000b14d9cd8,0x00000000bff80000)
4.812: [GC [PSYoungGen: 300100K->40216K(306176K)] 300172K->40296K(1005568K), 0.0450650 secs] [Times: user=0.11 sys=0.03, real=0.05 secs] 
Heap after GC invocations=2 (full 0):
 PSYoungGen      total 306176K, used 40216K [0x00000000eaa80000, 0x0000000100000000, 0x0000000100000000)
  eden space 262656K, 0% used [0x00000000eaa80000,0x00000000eaa80000,0x00000000fab00000)
  from space 43520K, 92% used [0x00000000fd580000,0x00000000ffcc6360,0x0000000100000000)
  to   space 43520K, 0% used [0x00000000fab00000,0x00000000fab00000,0x00000000fd580000)
 ParOldGen       total 699392K, used 80K [0x00000000bff80000, 0x00000000eaa80000, 0x00000000eaa80000)
  object space 699392K, 0% used [0x00000000bff80000,0x00000000bff94010,0x00000000eaa80000)
 PSPermGen       total 262144K, used 21863K [0x00000000aff80000, 0x00000000bff80000, 0x00000000bff80000)
  object space 262144K, 8% used [0x00000000aff80000,0x00000000b14d9cd8,0x00000000bff80000)
}
{Heap before GC invocations=3 (full 0):
 PSYoungGen      total 306176K, used 302872K [0x00000000eaa80000, 0x0000000100000000, 0x0000000100000000)
  eden space 262656K, 100% used [0x00000000eaa80000,0x00000000fab00000,0x00000000fab00000)
  from space 43520K, 92% used [0x00000000fd580000,0x00000000ffcc6360,0x0000000100000000)
  to   space 43520K, 0% used [0x00000000fab00000,0x00000000fab00000,0x00000000fd580000)
 ParOldGen       total 699392K, used 80K [0x00000000bff80000, 0x00000000eaa80000, 0x00000000eaa80000)
  object space 699392K, 0% used [0x00000000bff80000,0x00000000bff94010,0x00000000eaa80000)
 PSPermGen       total 262144K, used 21875K [0x00000000aff80000, 0x00000000bff80000, 0x00000000bff80000)
  object space 262144K, 8% used [0x00000000aff80000,0x00000000b14dcf88,0x00000000bff80000)
5.623: [GC [PSYoungGen: 302872K->43490K(306176K)] 302952K->52567K(1005568K), 0.0343680 secs] [Times: user=0.10 sys=0.00, real=0.03 secs] 
Heap after GC invocations=3 (full 0):
 PSYoungGen      total 306176K, used 43490K [0x00000000eaa80000, 0x0000000100000000, 0x0000000100000000)
  eden space 262656K, 0% used [0x00000000eaa80000,0x00000000eaa80000,0x00000000fab00000)
  from space 43520K, 99% used [0x00000000fab00000,0x00000000fd578aa8,0x00000000fd580000)
  to   space 43520K, 0% used [0x00000000fd580000,0x00000000fd580000,0x0000000100000000)
 ParOldGen       total 699392K, used 9077K [0x00000000bff80000, 0x00000000eaa80000, 0x00000000eaa80000)
  object space 699392K, 1% used [0x00000000bff80000,0x00000000c085d508,0x00000000eaa80000)
 PSPermGen       total 262144K, used 21875K [0x00000000aff80000, 0x00000000bff80000, 0x00000000bff80000)
  object space 262144K, 8% used [0x00000000aff80000,0x00000000b14dcf88,0x00000000bff80000)
}
{Heap before GC invocations=4 (full 0):
 PSYoungGen      total 306176K, used 306146K [0x00000000eaa80000, 0x0000000100000000, 0x0000000100000000)
  eden space 262656K, 100% used [0x00000000eaa80000,0x00000000fab00000,0x00000000fab00000)
  from space 43520K, 99% used [0x00000000fab00000,0x00000000fd578aa8,0x00000000fd580000)
  to   space 43520K, 0% used [0x00000000fd580000,0x00000000fd580000,0x0000000100000000)
 ParOldGen       total 699392K, used 9077K [0x00000000bff80000, 0x00000000eaa80000, 0x00000000eaa80000)
  object space 699392K, 1% used [0x00000000bff80000,0x00000000c085d508,0x00000000eaa80000)
 PSPermGen       total 262144K, used 32679K [0x00000000aff80000, 0x00000000bff80000, 0x00000000bff80000)
  object space 262144K, 12% used [0x00000000aff80000,0x00000000b1f69d70,0x00000000bff80000)
1459.347: [GC [PSYoungGen: 306146K->42799K(306176K)] 315223K->51884K(1005568K), 0.0586770 secs] [Times: user=0.14 sys=0.01, real=0.06 secs] 
Heap after GC invocations=4 (full 0):
 PSYoungGen      total 306176K, used 42799K [0x00000000eaa80000, 0x0000000100000000, 0x0000000100000000)
  eden space 262656K, 0% used [0x00000000eaa80000,0x00000000eaa80000,0x00000000fab00000)
  from space 43520K, 98% used [0x00000000fd580000,0x00000000fff4bcc0,0x0000000100000000)
  to   space 43520K, 0% used [0x00000000fab00000,0x00000000fab00000,0x00000000fd580000)
 ParOldGen       total 699392K, used 9085K [0x00000000bff80000, 0x00000000eaa80000, 0x00000000eaa80000)
  object space 699392K, 1% used [0x00000000bff80000,0x00000000c085f508,0x00000000eaa80000)
 PSPermGen       total 262144K, used 32679K [0x00000000aff80000, 0x00000000bff80000, 0x00000000bff80000)
  object space 262144K, 12% used [0x00000000aff80000,0x00000000b1f69d70,0x00000000bff80000)
}
Heap
 PSYoungGen      total 306176K, used 161083K [0x00000000eaa80000, 0x0000000100000000, 0x0000000100000000)
  eden space 262656K, 45% used [0x00000000eaa80000,0x00000000f1e03138,0x00000000fab00000)
  from space 43520K, 98% used [0x00000000fd580000,0x00000000fff4bcc0,0x0000000100000000)
  to   space 43520K, 0% used [0x00000000fab00000,0x00000000fab00000,0x00000000fd580000)
 ParOldGen       total 699392K, used 9085K [0x00000000bff80000, 0x00000000eaa80000, 0x00000000eaa80000)
  object space 699392K, 1% used [0x00000000bff80000,0x00000000c085f508,0x00000000eaa80000)
 PSPermGen       total 262144K, used 33017K [0x00000000aff80000, 0x00000000bff80000, 0x00000000bff80000)
  object space 262144K, 12% used [0x00000000aff80000,0x00000000b1fbe760,0x00000000bff80000)
