Java HotSpot(TM) 64-Bit Server VM (25.121-b13) for linux-amd64 JRE (1.8.0_121-b13), built on Dec 12 2016 16:36:53 by "java_re" with gcc 4.3.0 20080428 (Red Hat 4.3.0-8)
Memory: 4k page, physical 8035332k(4980216k free), swap 3999740k(3999740k free)
CommandLine flags: -XX:+HeapDumpOnOutOfMemoryError -XX:HeapDumpPath=../../../instances/tomcat8/logs/tomcat8_java_pid_20170815185158.hprof -XX:InitialHeapSize=1073741824 -XX:+ManagementServer -XX:MaxHeapSize=1073741824 -XX:MaxMetaspaceSize=134217728 -XX:MetaspaceSize=134217728 -XX:+PrintGC -XX:+PrintGCDetails -XX:+PrintGCTimeStamps -XX:+PrintHeapAtGC -XX:+UseCompressedClassPointers -XX:+UseCompressedOops -XX:+UseParallelGC -XX:+UseParallelOldGC 
{Heap before GC invocations=1 (full 0):
 PSYoungGen      total 305664K, used 262144K [0x00000000eab00000, 0x0000000100000000, 0x0000000100000000)
  eden space 262144K, 100% used [0x00000000eab00000,0x00000000fab00000,0x00000000fab00000)
  from space 43520K, 0% used [0x00000000fd580000,0x00000000fd580000,0x0000000100000000)
  to   space 43520K, 0% used [0x00000000fab00000,0x00000000fab00000,0x00000000fd580000)
 ParOldGen       total 699392K, used 0K [0x00000000c0000000, 0x00000000eab00000, 0x00000000eab00000)
  object space 699392K, 0% used [0x00000000c0000000,0x00000000c0000000,0x00000000eab00000)
 Metaspace       used 16692K, capacity 17016K, committed 17152K, reserved 1064960K
  class space    used 1892K, capacity 2030K, committed 2048K, reserved 1048576K
1.594: [GC (Allocation Failure) [PSYoungGen: 262144K->37752K(305664K)] 262144K->37832K(1005056K), 0.0267869 secs] [Times: user=0.04 sys=0.04, real=0.03 secs] 
Heap after GC invocations=1 (full 0):
 PSYoungGen      total 305664K, used 37752K [0x00000000eab00000, 0x0000000100000000, 0x0000000100000000)
  eden space 262144K, 0% used [0x00000000eab00000,0x00000000eab00000,0x00000000fab00000)
  from space 43520K, 86% used [0x00000000fab00000,0x00000000fcfde108,0x00000000fd580000)
  to   space 43520K, 0% used [0x00000000fd580000,0x00000000fd580000,0x0000000100000000)
 ParOldGen       total 699392K, used 80K [0x00000000c0000000, 0x00000000eab00000, 0x00000000eab00000)
  object space 699392K, 0% used [0x00000000c0000000,0x00000000c0014010,0x00000000eab00000)
 Metaspace       used 16692K, capacity 17016K, committed 17152K, reserved 1064960K
  class space    used 1892K, capacity 2030K, committed 2048K, reserved 1048576K
}
{Heap before GC invocations=2 (full 0):
 PSYoungGen      total 305664K, used 299896K [0x00000000eab00000, 0x0000000100000000, 0x0000000100000000)
  eden space 262144K, 100% used [0x00000000eab00000,0x00000000fab00000,0x00000000fab00000)
  from space 43520K, 86% used [0x00000000fab00000,0x00000000fcfde108,0x00000000fd580000)
  to   space 43520K, 0% used [0x00000000fd580000,0x00000000fd580000,0x0000000100000000)
 ParOldGen       total 699392K, used 80K [0x00000000c0000000, 0x00000000eab00000, 0x00000000eab00000)
  object space 699392K, 0% used [0x00000000c0000000,0x00000000c0014010,0x00000000eab00000)
 Metaspace       used 28414K, capacity 28858K, committed 29184K, reserved 1075200K
  class space    used 3384K, capacity 3527K, committed 3584K, reserved 1048576K
3.399: [GC (Allocation Failure) [PSYoungGen: 299896K->33878K(305664K)] 299976K->33982K(1005056K), 0.0265432 secs] [Times: user=0.04 sys=0.03, real=0.03 secs] 
Heap after GC invocations=2 (full 0):
 PSYoungGen      total 305664K, used 33878K [0x00000000eab00000, 0x0000000100000000, 0x0000000100000000)
  eden space 262144K, 0% used [0x00000000eab00000,0x00000000eab00000,0x00000000fab00000)
  from space 43520K, 77% used [0x00000000fd580000,0x00000000ff6959b8,0x0000000100000000)
  to   space 43520K, 0% used [0x00000000fab00000,0x00000000fab00000,0x00000000fd580000)
 ParOldGen       total 699392K, used 104K [0x00000000c0000000, 0x00000000eab00000, 0x00000000eab00000)
  object space 699392K, 0% used [0x00000000c0000000,0x00000000c001a010,0x00000000eab00000)
 Metaspace       used 28414K, capacity 28858K, committed 29184K, reserved 1075200K
  class space    used 3384K, capacity 3527K, committed 3584K, reserved 1048576K
}
{Heap before GC invocations=3 (full 0):
 PSYoungGen      total 305664K, used 296022K [0x00000000eab00000, 0x0000000100000000, 0x0000000100000000)
  eden space 262144K, 100% used [0x00000000eab00000,0x00000000fab00000,0x00000000fab00000)
  from space 43520K, 77% used [0x00000000fd580000,0x00000000ff6959b8,0x0000000100000000)
  to   space 43520K, 0% used [0x00000000fab00000,0x00000000fab00000,0x00000000fd580000)
 ParOldGen       total 699392K, used 104K [0x00000000c0000000, 0x00000000eab00000, 0x00000000eab00000)
  object space 699392K, 0% used [0x00000000c0000000,0x00000000c001a010,0x00000000eab00000)
 Metaspace       used 41027K, capacity 41624K, committed 41984K, reserved 1085440K
  class space    used 4822K, capacity 5008K, committed 5120K, reserved 1048576K
1031.332: [GC (Allocation Failure) [PSYoungGen: 296022K->31181K(305664K)] 296126K->31301K(1005056K), 0.0279837 secs] [Times: user=0.06 sys=0.00, real=0.03 secs] 
Heap after GC invocations=3 (full 0):
 PSYoungGen      total 305664K, used 31181K [0x00000000eab00000, 0x0000000100000000, 0x0000000100000000)
  eden space 262144K, 0% used [0x00000000eab00000,0x00000000eab00000,0x00000000fab00000)
  from space 43520K, 71% used [0x00000000fab00000,0x00000000fc973540,0x00000000fd580000)
  to   space 43520K, 0% used [0x00000000fd580000,0x00000000fd580000,0x0000000100000000)
 ParOldGen       total 699392K, used 120K [0x00000000c0000000, 0x00000000eab00000, 0x00000000eab00000)
  object space 699392K, 0% used [0x00000000c0000000,0x00000000c001e010,0x00000000eab00000)
 Metaspace       used 41027K, capacity 41624K, committed 41984K, reserved 1085440K
  class space    used 4822K, capacity 5008K, committed 5120K, reserved 1048576K
}
{Heap before GC invocations=4 (full 0):
 PSYoungGen      total 305664K, used 293325K [0x00000000eab00000, 0x0000000100000000, 0x0000000100000000)
  eden space 262144K, 100% used [0x00000000eab00000,0x00000000fab00000,0x00000000fab00000)
  from space 43520K, 71% used [0x00000000fab00000,0x00000000fc973540,0x00000000fd580000)
  to   space 43520K, 0% used [0x00000000fd580000,0x00000000fd580000,0x0000000100000000)
 ParOldGen       total 699392K, used 120K [0x00000000c0000000, 0x00000000eab00000, 0x00000000eab00000)
  object space 699392K, 0% used [0x00000000c0000000,0x00000000c001e010,0x00000000eab00000)
 Metaspace       used 41287K, capacity 41902K, committed 42240K, reserved 1087488K
  class space    used 4864K, capacity 5052K, committed 5120K, reserved 1048576K
1032.581: [GC (Allocation Failure) [PSYoungGen: 293325K->43519K(305664K)] 293445K->49706K(1005056K), 0.1386848 secs] [Times: user=0.22 sys=0.00, real=0.13 secs] 
Heap after GC invocations=4 (full 0):
 PSYoungGen      total 305664K, used 43519K [0x00000000eab00000, 0x0000000100000000, 0x0000000100000000)
  eden space 262144K, 0% used [0x00000000eab00000,0x00000000eab00000,0x00000000fab00000)
  from space 43520K, 99% used [0x00000000fd580000,0x00000000fffffcd8,0x0000000100000000)
  to   space 43520K, 0% used [0x00000000fab00000,0x00000000fab00000,0x00000000fd580000)
 ParOldGen       total 699392K, used 6187K [0x00000000c0000000, 0x00000000eab00000, 0x00000000eab00000)
  object space 699392K, 0% used [0x00000000c0000000,0x00000000c060ae78,0x00000000eab00000)
 Metaspace       used 41287K, capacity 41902K, committed 42240K, reserved 1087488K
  class space    used 4864K, capacity 5052K, committed 5120K, reserved 1048576K
}
{Heap before GC invocations=5 (full 0):
 PSYoungGen      total 305664K, used 305663K [0x00000000eab00000, 0x0000000100000000, 0x0000000100000000)
  eden space 262144K, 100% used [0x00000000eab00000,0x00000000fab00000,0x00000000fab00000)
  from space 43520K, 99% used [0x00000000fd580000,0x00000000fffffcd8,0x0000000100000000)
  to   space 43520K, 0% used [0x00000000fab00000,0x00000000fab00000,0x00000000fd580000)
 ParOldGen       total 699392K, used 6187K [0x00000000c0000000, 0x00000000eab00000, 0x00000000eab00000)
  object space 699392K, 0% used [0x00000000c0000000,0x00000000c060ae78,0x00000000eab00000)
 Metaspace       used 53525K, capacity 54166K, committed 54528K, reserved 1097728K
  class space    used 6437K, capacity 6632K, committed 6656K, reserved 1048576K
1035.836: [GC (Allocation Failure) [PSYoungGen: 305663K->35358K(297984K)] 311850K->41553K(997376K), 0.0559257 secs] [Times: user=0.19 sys=0.00, real=0.05 secs] 
Heap after GC invocations=5 (full 0):
 PSYoungGen      total 297984K, used 35358K [0x00000000eab00000, 0x0000000100000000, 0x0000000100000000)
  eden space 262144K, 0% used [0x00000000eab00000,0x00000000eab00000,0x00000000fab00000)
  from space 35840K, 98% used [0x00000000fab00000,0x00000000fcd87810,0x00000000fce00000)
  to   space 49152K, 0% used [0x00000000fd000000,0x00000000fd000000,0x0000000100000000)
 ParOldGen       total 699392K, used 6195K [0x00000000c0000000, 0x00000000eab00000, 0x00000000eab00000)
  object space 699392K, 0% used [0x00000000c0000000,0x00000000c060ce78,0x00000000eab00000)
 Metaspace       used 53525K, capacity 54166K, committed 54528K, reserved 1097728K
  class space    used 6437K, capacity 6632K, committed 6656K, reserved 1048576K
}
{Heap before GC invocations=6 (full 0):
 PSYoungGen      total 297984K, used 297502K [0x00000000eab00000, 0x0000000100000000, 0x0000000100000000)
  eden space 262144K, 100% used [0x00000000eab00000,0x00000000fab00000,0x00000000fab00000)
  from space 35840K, 98% used [0x00000000fab00000,0x00000000fcd87810,0x00000000fce00000)
  to   space 49152K, 0% used [0x00000000fd000000,0x00000000fd000000,0x0000000100000000)
 ParOldGen       total 699392K, used 6195K [0x00000000c0000000, 0x00000000eab00000, 0x00000000eab00000)
  object space 699392K, 0% used [0x00000000c0000000,0x00000000c060ce78,0x00000000eab00000)
 Metaspace       used 63163K, capacity 63902K, committed 64384K, reserved 1105920K
  class space    used 7326K, capacity 7491K, committed 7552K, reserved 1048576K
1321.473: [GC (Allocation Failure) [PSYoungGen: 297502K->48651K(291840K)] 303697K->54854K(991232K), 0.0363456 secs] [Times: user=0.12 sys=0.00, real=0.03 secs] 
Heap after GC invocations=6 (full 0):
 PSYoungGen      total 291840K, used 48651K [0x00000000eab00000, 0x0000000100000000, 0x0000000100000000)
  eden space 242688K, 0% used [0x00000000eab00000,0x00000000eab00000,0x00000000f9800000)
  from space 49152K, 98% used [0x00000000fd000000,0x00000000fff82ce0,0x0000000100000000)
  to   space 53248K, 0% used [0x00000000f9800000,0x00000000f9800000,0x00000000fcc00000)
 ParOldGen       total 699392K, used 6203K [0x00000000c0000000, 0x00000000eab00000, 0x00000000eab00000)
  object space 699392K, 0% used [0x00000000c0000000,0x00000000c060ee78,0x00000000eab00000)
 Metaspace       used 63163K, capacity 63902K, committed 64384K, reserved 1105920K
  class space    used 7326K, capacity 7491K, committed 7552K, reserved 1048576K
}
{Heap before GC invocations=7 (full 0):
 PSYoungGen      total 291840K, used 291339K [0x00000000eab00000, 0x0000000100000000, 0x0000000100000000)
  eden space 242688K, 100% used [0x00000000eab00000,0x00000000f9800000,0x00000000f9800000)
  from space 49152K, 98% used [0x00000000fd000000,0x00000000fff82ce0,0x0000000100000000)
  to   space 53248K, 0% used [0x00000000f9800000,0x00000000f9800000,0x00000000fcc00000)
 ParOldGen       total 699392K, used 6203K [0x00000000c0000000, 0x00000000eab00000, 0x00000000eab00000)
  object space 699392K, 0% used [0x00000000c0000000,0x00000000c060ee78,0x00000000eab00000)
 Metaspace       used 68228K, capacity 69030K, committed 69632K, reserved 1110016K
  class space    used 7990K, capacity 8173K, committed 8192K, reserved 1048576K
1322.711: [GC (Allocation Failure) [PSYoungGen: 291339K->38127K(295936K)] 297542K->55708K(995328K), 0.0501225 secs] [Times: user=0.12 sys=0.02, real=0.06 secs] 
Heap after GC invocations=7 (full 0):
 PSYoungGen      total 295936K, used 38127K [0x00000000eab00000, 0x0000000100000000, 0x0000000100000000)
  eden space 242688K, 0% used [0x00000000eab00000,0x00000000eab00000,0x00000000f9800000)
  from space 53248K, 71% used [0x00000000f9800000,0x00000000fbd3bc10,0x00000000fcc00000)
  to   space 51712K, 0% used [0x00000000fcd80000,0x00000000fcd80000,0x0000000100000000)
 ParOldGen       total 699392K, used 17581K [0x00000000c0000000, 0x00000000eab00000, 0x00000000eab00000)
  object space 699392K, 2% used [0x00000000c0000000,0x00000000c112b708,0x00000000eab00000)
 Metaspace       used 68228K, capacity 69030K, committed 69632K, reserved 1110016K
  class space    used 7990K, capacity 8173K, committed 8192K, reserved 1048576K
}
{Heap before GC invocations=8 (full 0):
 PSYoungGen      total 295936K, used 280815K [0x00000000eab00000, 0x0000000100000000, 0x0000000100000000)
  eden space 242688K, 100% used [0x00000000eab00000,0x00000000f9800000,0x00000000f9800000)
  from space 53248K, 71% used [0x00000000f9800000,0x00000000fbd3bc10,0x00000000fcc00000)
  to   space 51712K, 0% used [0x00000000fcd80000,0x00000000fcd80000,0x0000000100000000)
 ParOldGen       total 699392K, used 17581K [0x00000000c0000000, 0x00000000eab00000, 0x00000000eab00000)
  object space 699392K, 2% used [0x00000000c0000000,0x00000000c112b708,0x00000000eab00000)
 Metaspace       used 78631K, capacity 79566K, committed 80128K, reserved 1120256K
  class space    used 9238K, capacity 9434K, committed 9472K, reserved 1048576K
1416.492: [GC (Allocation Failure) [PSYoungGen: 280815K->23273K(294400K)] 298396K->45162K(993792K), 0.0312784 secs] [Times: user=0.06 sys=0.02, real=0.04 secs] 
Heap after GC invocations=8 (full 0):
 PSYoungGen      total 294400K, used 23273K [0x00000000eab00000, 0x0000000100000000, 0x0000000100000000)
  eden space 242688K, 0% used [0x00000000eab00000,0x00000000eab00000,0x00000000f9800000)
  from space 51712K, 45% used [0x00000000fcd80000,0x00000000fe43a678,0x0000000100000000)
  to   space 53248K, 0% used [0x00000000f9800000,0x00000000f9800000,0x00000000fcc00000)
 ParOldGen       total 699392K, used 21888K [0x00000000c0000000, 0x00000000eab00000, 0x00000000eab00000)
  object space 699392K, 3% used [0x00000000c0000000,0x00000000c15602f0,0x00000000eab00000)
 Metaspace       used 78631K, capacity 79566K, committed 80128K, reserved 1120256K
  class space    used 9238K, capacity 9434K, committed 9472K, reserved 1048576K
}
{Heap before GC invocations=9 (full 0):
 PSYoungGen      total 294400K, used 265961K [0x00000000eab00000, 0x0000000100000000, 0x0000000100000000)
  eden space 242688K, 100% used [0x00000000eab00000,0x00000000f9800000,0x00000000f9800000)
  from space 51712K, 45% used [0x00000000fcd80000,0x00000000fe43a678,0x0000000100000000)
  to   space 53248K, 0% used [0x00000000f9800000,0x00000000f9800000,0x00000000fcc00000)
 ParOldGen       total 699392K, used 21888K [0x00000000c0000000, 0x00000000eab00000, 0x00000000eab00000)
  object space 699392K, 3% used [0x00000000c0000000,0x00000000c15602f0,0x00000000eab00000)
 Metaspace       used 78731K, capacity 79686K, committed 80256K, reserved 1120256K
  class space    used 9259K, capacity 9474K, committed 9600K, reserved 1048576K
1417.154: [GC (Allocation Failure) [PSYoungGen: 265961K->37788K(295936K)] 287850K->65847K(995328K), 0.0347312 secs] [Times: user=0.12 sys=0.00, real=0.03 secs] 
Heap after GC invocations=9 (full 0):
 PSYoungGen      total 295936K, used 37788K [0x00000000eab00000, 0x0000000100000000, 0x0000000100000000)
  eden space 242688K, 0% used [0x00000000eab00000,0x00000000eab00000,0x00000000f9800000)
  from space 53248K, 70% used [0x00000000f9800000,0x00000000fbce7208,0x00000000fcc00000)
  to   space 51712K, 0% used [0x00000000fcd80000,0x00000000fcd80000,0x0000000100000000)
 ParOldGen       total 699392K, used 28058K [0x00000000c0000000, 0x00000000eab00000, 0x00000000eab00000)
  object space 699392K, 4% used [0x00000000c0000000,0x00000000c1b66aa8,0x00000000eab00000)
 Metaspace       used 78731K, capacity 79686K, committed 80256K, reserved 1120256K
  class space    used 9259K, capacity 9474K, committed 9600K, reserved 1048576K
}
{Heap before GC invocations=10 (full 0):
 PSYoungGen      total 295936K, used 280476K [0x00000000eab00000, 0x0000000100000000, 0x0000000100000000)
  eden space 242688K, 100% used [0x00000000eab00000,0x00000000f9800000,0x00000000f9800000)
  from space 53248K, 70% used [0x00000000f9800000,0x00000000fbce7208,0x00000000fcc00000)
  to   space 51712K, 0% used [0x00000000fcd80000,0x00000000fcd80000,0x0000000100000000)
 ParOldGen       total 699392K, used 28058K [0x00000000c0000000, 0x00000000eab00000, 0x00000000eab00000)
  object space 699392K, 4% used [0x00000000c0000000,0x00000000c1b66aa8,0x00000000eab00000)
 Metaspace       used 90565K, capacity 91562K, committed 92288K, reserved 1130496K
  class space    used 10787K, capacity 11016K, committed 11136K, reserved 1048576K
1419.909: [GC (Allocation Failure) [PSYoungGen: 280476K->18222K(293376K)] 308535K->50877K(992768K), 0.0386984 secs] [Times: user=0.11 sys=0.00, real=0.04 secs] 
Heap after GC invocations=10 (full 0):
 PSYoungGen      total 293376K, used 18222K [0x00000000eab00000, 0x0000000100000000, 0x0000000100000000)
  eden space 241664K, 0% used [0x00000000eab00000,0x00000000eab00000,0x00000000f9700000)
  from space 51712K, 35% used [0x00000000fcd80000,0x00000000fdf4baa8,0x0000000100000000)
  to   space 53760K, 0% used [0x00000000f9700000,0x00000000f9700000,0x00000000fcb80000)
 ParOldGen       total 699392K, used 32655K [0x00000000c0000000, 0x00000000eab00000, 0x00000000eab00000)
  object space 699392K, 4% used [0x00000000c0000000,0x00000000c1fe3c48,0x00000000eab00000)
 Metaspace       used 90565K, capacity 91562K, committed 92288K, reserved 1130496K
  class space    used 10787K, capacity 11016K, committed 11136K, reserved 1048576K
}
{Heap before GC invocations=11 (full 0):
 PSYoungGen      total 293376K, used 259886K [0x00000000eab00000, 0x0000000100000000, 0x0000000100000000)
  eden space 241664K, 100% used [0x00000000eab00000,0x00000000f9700000,0x00000000f9700000)
  from space 51712K, 35% used [0x00000000fcd80000,0x00000000fdf4baa8,0x0000000100000000)
  to   space 53760K, 0% used [0x00000000f9700000,0x00000000f9700000,0x00000000fcb80000)
 ParOldGen       total 699392K, used 32655K [0x00000000c0000000, 0x00000000eab00000, 0x00000000eab00000)
  object space 699392K, 4% used [0x00000000c0000000,0x00000000c1fe3c48,0x00000000eab00000)
 Metaspace       used 93998K, capacity 95032K, committed 95616K, reserved 1134592K
  class space    used 11149K, capacity 11377K, committed 11392K, reserved 1048576K
1556.840: [GC (Allocation Failure) [PSYoungGen: 259886K->28008K(295424K)] 292541K->63792K(994816K), 0.0273593 secs] [Times: user=0.05 sys=0.00, real=0.03 secs] 
Heap after GC invocations=11 (full 0):
 PSYoungGen      total 295424K, used 28008K [0x00000000eab00000, 0x0000000100000000, 0x0000000100000000)
  eden space 241664K, 0% used [0x00000000eab00000,0x00000000eab00000,0x00000000f9700000)
  from space 53760K, 52% used [0x00000000f9700000,0x00000000fb25a3e0,0x00000000fcb80000)
  to   space 53248K, 0% used [0x00000000fcc00000,0x00000000fcc00000,0x0000000100000000)
 ParOldGen       total 699392K, used 35783K [0x00000000c0000000, 0x00000000eab00000, 0x00000000eab00000)
  object space 699392K, 5% used [0x00000000c0000000,0x00000000c22f1c68,0x00000000eab00000)
 Metaspace       used 93998K, capacity 95032K, committed 95616K, reserved 1134592K
  class space    used 11149K, capacity 11377K, committed 11392K, reserved 1048576K
}
{Heap before GC invocations=12 (full 0):
 PSYoungGen      total 295424K, used 269672K [0x00000000eab00000, 0x0000000100000000, 0x0000000100000000)
  eden space 241664K, 100% used [0x00000000eab00000,0x00000000f9700000,0x00000000f9700000)
  from space 53760K, 52% used [0x00000000f9700000,0x00000000fb25a3e0,0x00000000fcb80000)
  to   space 53248K, 0% used [0x00000000fcc00000,0x00000000fcc00000,0x0000000100000000)
 ParOldGen       total 699392K, used 35783K [0x00000000c0000000, 0x00000000eab00000, 0x00000000eab00000)
  object space 699392K, 5% used [0x00000000c0000000,0x00000000c22f1c68,0x00000000eab00000)
 Metaspace       used 100013K, capacity 101106K, committed 101888K, reserved 1138688K
  class space    used 11979K, capacity 12249K, committed 12288K, reserved 1048576K
1558.993: [GC (Allocation Failure) [PSYoungGen: 269672K->24141K(295936K)] 305456K->61907K(995328K), 0.0452649 secs] [Times: user=0.10 sys=0.00, real=0.04 secs] 
Heap after GC invocations=12 (full 0):
 PSYoungGen      total 295936K, used 24141K [0x00000000eab00000, 0x0000000100000000, 0x0000000100000000)
  eden space 242688K, 0% used [0x00000000eab00000,0x00000000eab00000,0x00000000f9800000)
  from space 53248K, 45% used [0x00000000fcc00000,0x00000000fe3935a0,0x0000000100000000)
  to   space 53248K, 0% used [0x00000000f9800000,0x00000000f9800000,0x00000000fcc00000)
 ParOldGen       total 699392K, used 37765K [0x00000000c0000000, 0x00000000eab00000, 0x00000000eab00000)
  object space 699392K, 5% used [0x00000000c0000000,0x00000000c24e1660,0x00000000eab00000)
 Metaspace       used 100013K, capacity 101106K, committed 101888K, reserved 1138688K
  class space    used 11979K, capacity 12249K, committed 12288K, reserved 1048576K
}
{Heap before GC invocations=13 (full 0):
 PSYoungGen      total 295936K, used 266829K [0x00000000eab00000, 0x0000000100000000, 0x0000000100000000)
  eden space 242688K, 100% used [0x00000000eab00000,0x00000000f9800000,0x00000000f9800000)
  from space 53248K, 45% used [0x00000000fcc00000,0x00000000fe3935a0,0x0000000100000000)
  to   space 53248K, 0% used [0x00000000f9800000,0x00000000f9800000,0x00000000fcc00000)
 ParOldGen       total 699392K, used 37765K [0x00000000c0000000, 0x00000000eab00000, 0x00000000eab00000)
  object space 699392K, 5% used [0x00000000c0000000,0x00000000c24e1660,0x00000000eab00000)
 Metaspace       used 106466K, capacity 107646K, committed 108416K, reserved 1144832K
  class space    used 12775K, capacity 13057K, committed 13184K, reserved 1048576K
1569.280: [GC (Allocation Failure) [PSYoungGen: 266829K->20829K(295936K)] 304595K->60269K(995328K), 0.0148521 secs] [Times: user=0.04 sys=0.00, real=0.02 secs] 
Heap after GC invocations=13 (full 0):
 PSYoungGen      total 295936K, used 20829K [0x00000000eab00000, 0x0000000100000000, 0x0000000100000000)
  eden space 242688K, 0% used [0x00000000eab00000,0x00000000eab00000,0x00000000f9800000)
  from space 53248K, 39% used [0x00000000f9800000,0x00000000fac576c8,0x00000000fcc00000)
  to   space 53248K, 0% used [0x00000000fcc00000,0x00000000fcc00000,0x0000000100000000)
 ParOldGen       total 699392K, used 39439K [0x00000000c0000000, 0x00000000eab00000, 0x00000000eab00000)
  object space 699392K, 5% used [0x00000000c0000000,0x00000000c2683ea0,0x00000000eab00000)
 Metaspace       used 106466K, capacity 107646K, committed 108416K, reserved 1144832K
  class space    used 12775K, capacity 13057K, committed 13184K, reserved 1048576K
}
{Heap before GC invocations=14 (full 0):
 PSYoungGen      total 295936K, used 263517K [0x00000000eab00000, 0x0000000100000000, 0x0000000100000000)
  eden space 242688K, 100% used [0x00000000eab00000,0x00000000f9800000,0x00000000f9800000)
  from space 53248K, 39% used [0x00000000f9800000,0x00000000fac576c8,0x00000000fcc00000)
  to   space 53248K, 0% used [0x00000000fcc00000,0x00000000fcc00000,0x0000000100000000)
 ParOldGen       total 699392K, used 39439K [0x00000000c0000000, 0x00000000eab00000, 0x00000000eab00000)
  object space 699392K, 5% used [0x00000000c0000000,0x00000000c2683ea0,0x00000000eab00000)
 Metaspace       used 110563K, capacity 111732K, committed 112512K, reserved 1148928K
  class space    used 13323K, capacity 13608K, committed 13696K, reserved 1048576K
1570.883: [GC (Allocation Failure) [PSYoungGen: 263517K->31163K(297472K)] 302957K->73265K(996864K), 0.0237179 secs] [Times: user=0.05 sys=0.00, real=0.02 secs] 
Heap after GC invocations=14 (full 0):
 PSYoungGen      total 297472K, used 31163K [0x00000000eab00000, 0x0000000100000000, 0x0000000100000000)
  eden space 244224K, 0% used [0x00000000eab00000,0x00000000eab00000,0x00000000f9980000)
  from space 53248K, 58% used [0x00000000fcc00000,0x00000000fea6efa0,0x0000000100000000)
  to   space 51712K, 0% used [0x00000000f9980000,0x00000000f9980000,0x00000000fcc00000)
 ParOldGen       total 699392K, used 42101K [0x00000000c0000000, 0x00000000eab00000, 0x00000000eab00000)
  object space 699392K, 6% used [0x00000000c0000000,0x00000000c291d4a8,0x00000000eab00000)
 Metaspace       used 110563K, capacity 111732K, committed 112512K, reserved 1148928K
  class space    used 13323K, capacity 13608K, committed 13696K, reserved 1048576K
}
{Heap before GC invocations=15 (full 0):
 PSYoungGen      total 297472K, used 275387K [0x00000000eab00000, 0x0000000100000000, 0x0000000100000000)
  eden space 244224K, 100% used [0x00000000eab00000,0x00000000f9980000,0x00000000f9980000)
  from space 53248K, 58% used [0x00000000fcc00000,0x00000000fea6efa0,0x0000000100000000)
  to   space 51712K, 0% used [0x00000000f9980000,0x00000000f9980000,0x00000000fcc00000)
 ParOldGen       total 699392K, used 42101K [0x00000000c0000000, 0x00000000eab00000, 0x00000000eab00000)
  object space 699392K, 6% used [0x00000000c0000000,0x00000000c291d4a8,0x00000000eab00000)
 Metaspace       used 119800K, capacity 121086K, committed 121856K, reserved 1157120K
  class space    used 14494K, capacity 14800K, committed 14848K, reserved 1048576K
1577.890: [GC (Allocation Failure) [PSYoungGen: 275387K->14026K(295936K)] 317489K->57911K(995328K), 0.0367455 secs] [Times: user=0.06 sys=0.00, real=0.04 secs] 
Heap after GC invocations=15 (full 0):
 PSYoungGen      total 295936K, used 14026K [0x00000000eab00000, 0x0000000100000000, 0x0000000100000000)
  eden space 244224K, 0% used [0x00000000eab00000,0x00000000eab00000,0x00000000f9980000)
  from space 51712K, 27% used [0x00000000f9980000,0x00000000fa732930,0x00000000fcc00000)
  to   space 52736K, 0% used [0x00000000fcc80000,0x00000000fcc80000,0x0000000100000000)
 ParOldGen       total 699392K, used 43885K [0x00000000c0000000, 0x00000000eab00000, 0x00000000eab00000)
  object space 699392K, 6% used [0x00000000c0000000,0x00000000c2adb620,0x00000000eab00000)
 Metaspace       used 119800K, capacity 121086K, committed 121856K, reserved 1157120K
  class space    used 14494K, capacity 14800K, committed 14848K, reserved 1048576K
}
{Heap before GC invocations=16 (full 0):
 PSYoungGen      total 295936K, used 258250K [0x00000000eab00000, 0x0000000100000000, 0x0000000100000000)
  eden space 244224K, 100% used [0x00000000eab00000,0x00000000f9980000,0x00000000f9980000)
  from space 51712K, 27% used [0x00000000f9980000,0x00000000fa732930,0x00000000fcc00000)
  to   space 52736K, 0% used [0x00000000fcc80000,0x00000000fcc80000,0x0000000100000000)
 ParOldGen       total 699392K, used 43885K [0x00000000c0000000, 0x00000000eab00000, 0x00000000eab00000)
  object space 699392K, 6% used [0x00000000c0000000,0x00000000c2adb620,0x00000000eab00000)
 Metaspace       used 121751K, capacity 123070K, committed 123904K, reserved 1159168K
  class space    used 14685K, capacity 15030K, committed 15104K, reserved 1048576K
1921.214: [GC (Allocation Failure) [PSYoungGen: 258250K->38382K(295424K)] 302135K->85663K(994816K), 0.0216643 secs] [Times: user=0.04 sys=0.00, real=0.02 secs] 
Heap after GC invocations=16 (full 0):
 PSYoungGen      total 295424K, used 38382K [0x00000000eab00000, 0x0000000100000000, 0x0000000100000000)
  eden space 242688K, 0% used [0x00000000eab00000,0x00000000eab00000,0x00000000f9800000)
  from space 52736K, 72% used [0x00000000fcc80000,0x00000000ff1fb890,0x0000000100000000)
  to   space 53248K, 0% used [0x00000000f9800000,0x00000000f9800000,0x00000000fcc00000)
 ParOldGen       total 699392K, used 47281K [0x00000000c0000000, 0x00000000eab00000, 0x00000000eab00000)
  object space 699392K, 6% used [0x00000000c0000000,0x00000000c2e2c738,0x00000000eab00000)
 Metaspace       used 121751K, capacity 123070K, committed 123904K, reserved 1159168K
  class space    used 14685K, capacity 15030K, committed 15104K, reserved 1048576K
}
{Heap before GC invocations=17 (full 0):
 PSYoungGen      total 295424K, used 221364K [0x00000000eab00000, 0x0000000100000000, 0x0000000100000000)
  eden space 242688K, 75% used [0x00000000eab00000,0x00000000f5db1ae0,0x00000000f9800000)
  from space 52736K, 72% used [0x00000000fcc80000,0x00000000ff1fb890,0x0000000100000000)
  to   space 53248K, 0% used [0x00000000f9800000,0x00000000f9800000,0x00000000fcc00000)
 ParOldGen       total 699392K, used 47281K [0x00000000c0000000, 0x00000000eab00000, 0x00000000eab00000)
  object space 699392K, 6% used [0x00000000c0000000,0x00000000c2e2c738,0x00000000eab00000)
 Metaspace       used 128871K, capacity 130222K, committed 131072K, reserved 1165312K
  class space    used 15655K, capacity 16028K, committed 16128K, reserved 1048576K
1922.691: [GC (Metadata GC Threshold) [PSYoungGen: 221364K->13498K(256512K)] 268646K->61837K(955904K), 0.0115546 secs] [Times: user=0.02 sys=0.00, real=0.02 secs] 
Heap after GC invocations=17 (full 0):
 PSYoungGen      total 256512K, used 13498K [0x00000000eab00000, 0x0000000100000000, 0x0000000100000000)
  eden space 242688K, 0% used [0x00000000eab00000,0x00000000eab00000,0x00000000f9800000)
  from space 13824K, 97% used [0x00000000f9800000,0x00000000fa52e958,0x00000000fa580000)
  to   space 54272K, 0% used [0x00000000fcb00000,0x00000000fcb00000,0x0000000100000000)
 ParOldGen       total 699392K, used 48339K [0x00000000c0000000, 0x00000000eab00000, 0x00000000eab00000)
  object space 699392K, 6% used [0x00000000c0000000,0x00000000c2f34e08,0x00000000eab00000)
 Metaspace       used 128871K, capacity 130222K, committed 131072K, reserved 1165312K
  class space    used 15655K, capacity 16028K, committed 16128K, reserved 1048576K
}
{Heap before GC invocations=18 (full 1):
 PSYoungGen      total 256512K, used 13498K [0x00000000eab00000, 0x0000000100000000, 0x0000000100000000)
  eden space 242688K, 0% used [0x00000000eab00000,0x00000000eab00000,0x00000000f9800000)
  from space 13824K, 97% used [0x00000000f9800000,0x00000000fa52e958,0x00000000fa580000)
  to   space 54272K, 0% used [0x00000000fcb00000,0x00000000fcb00000,0x0000000100000000)
 ParOldGen       total 699392K, used 48339K [0x00000000c0000000, 0x00000000eab00000, 0x00000000eab00000)
  object space 699392K, 6% used [0x00000000c0000000,0x00000000c2f34e08,0x00000000eab00000)
 Metaspace       used 128871K, capacity 130222K, committed 131072K, reserved 1165312K
  class space    used 15655K, capacity 16028K, committed 16128K, reserved 1048576K
1922.702: [Full GC (Metadata GC Threshold) [PSYoungGen: 13498K->0K(256512K)] [ParOldGen: 48339K->51803K(699392K)] 61837K->51803K(955904K), [Metaspace: 128871K->128628K(1165312K)], 0.2354614 secs] [Times: user=0.60 sys=0.02, real=0.23 secs] 
Heap after GC invocations=18 (full 1):
 PSYoungGen      total 256512K, used 0K [0x00000000eab00000, 0x0000000100000000, 0x0000000100000000)
  eden space 242688K, 0% used [0x00000000eab00000,0x00000000eab00000,0x00000000f9800000)
  from space 13824K, 0% used [0x00000000f9800000,0x00000000f9800000,0x00000000fa580000)
  to   space 54272K, 0% used [0x00000000fcb00000,0x00000000fcb00000,0x0000000100000000)
 ParOldGen       total 699392K, used 51803K [0x00000000c0000000, 0x00000000eab00000, 0x00000000eab00000)
  object space 699392K, 7% used [0x00000000c0000000,0x00000000c3296f80,0x00000000eab00000)
 Metaspace       used 128628K, capacity 129628K, committed 131072K, reserved 1165312K
  class space    used 15625K, capacity 15972K, committed 16128K, reserved 1048576K
}
{Heap before GC invocations=19 (full 1):
 PSYoungGen      total 256512K, used 6420K [0x00000000eab00000, 0x0000000100000000, 0x0000000100000000)
  eden space 242688K, 2% used [0x00000000eab00000,0x00000000eb145378,0x00000000f9800000)
  from space 13824K, 0% used [0x00000000f9800000,0x00000000f9800000,0x00000000fa580000)
  to   space 54272K, 0% used [0x00000000fcb00000,0x00000000fcb00000,0x0000000100000000)
 ParOldGen       total 699392K, used 51803K [0x00000000c0000000, 0x00000000eab00000, 0x00000000eab00000)
  object space 699392K, 7% used [0x00000000c0000000,0x00000000c3296f80,0x00000000eab00000)
 Metaspace       used 128998K, capacity 129980K, committed 131072K, reserved 1165312K
  class space    used 15674K, capacity 16004K, committed 16128K, reserved 1048576K
1923.000: [GC (Metadata GC Threshold) [PSYoungGen: 6420K->508K(289792K)] 58224K->52312K(989184K), 0.0033683 secs] [Times: user=0.01 sys=0.00, real=0.01 secs] 
Heap after GC invocations=19 (full 1):
 PSYoungGen      total 289792K, used 508K [0x00000000eab00000, 0x0000000100000000, 0x0000000100000000)
  eden space 235520K, 0% used [0x00000000eab00000,0x00000000eab00000,0x00000000f9100000)
  from space 54272K, 0% used [0x00000000fcb00000,0x00000000fcb7f3e0,0x0000000100000000)
  to   space 56832K, 0% used [0x00000000f9100000,0x00000000f9100000,0x00000000fc880000)
 ParOldGen       total 699392K, used 51803K [0x00000000c0000000, 0x00000000eab00000, 0x00000000eab00000)
  object space 699392K, 7% used [0x00000000c0000000,0x00000000c3296f80,0x00000000eab00000)
 Metaspace       used 128998K, capacity 129980K, committed 131072K, reserved 1165312K
  class space    used 15674K, capacity 16004K, committed 16128K, reserved 1048576K
}
{Heap before GC invocations=20 (full 2):
 PSYoungGen      total 289792K, used 508K [0x00000000eab00000, 0x0000000100000000, 0x0000000100000000)
  eden space 235520K, 0% used [0x00000000eab00000,0x00000000eab00000,0x00000000f9100000)
  from space 54272K, 0% used [0x00000000fcb00000,0x00000000fcb7f3e0,0x0000000100000000)
  to   space 56832K, 0% used [0x00000000f9100000,0x00000000f9100000,0x00000000fc880000)
 ParOldGen       total 699392K, used 51803K [0x00000000c0000000, 0x00000000eab00000, 0x00000000eab00000)
  object space 699392K, 7% used [0x00000000c0000000,0x00000000c3296f80,0x00000000eab00000)
 Metaspace       used 128998K, capacity 129980K, committed 131072K, reserved 1165312K
  class space    used 15674K, capacity 16004K, committed 16128K, reserved 1048576K
1923.004: [Full GC (Metadata GC Threshold) [PSYoungGen: 508K->0K(289792K)] [ParOldGen: 51803K->35496K(699392K)] 52312K->35496K(989184K), [Metaspace: 128998K->101094K(1163264K)], 0.2041612 secs] [Times: user=0.42 sys=0.00, real=0.20 secs] 
Heap after GC invocations=20 (full 2):
 PSYoungGen      total 289792K, used 0K [0x00000000eab00000, 0x0000000100000000, 0x0000000100000000)
  eden space 235520K, 0% used [0x00000000eab00000,0x00000000eab00000,0x00000000f9100000)
  from space 54272K, 0% used [0x00000000fcb00000,0x00000000fcb00000,0x0000000100000000)
  to   space 56832K, 0% used [0x00000000f9100000,0x00000000f9100000,0x00000000fc880000)
 ParOldGen       total 699392K, used 35496K [0x00000000c0000000, 0x00000000eab00000, 0x00000000eab00000)
  object space 699392K, 5% used [0x00000000c0000000,0x00000000c22aa2d0,0x00000000eab00000)
 Metaspace       used 101094K, capacity 101930K, committed 129024K, reserved 1163264K
  class space    used 12067K, capacity 12361K, committed 16128K, reserved 1048576K
}
{Heap before GC invocations=21 (full 2):
 PSYoungGen      total 289792K, used 235520K [0x00000000eab00000, 0x0000000100000000, 0x0000000100000000)
  eden space 235520K, 100% used [0x00000000eab00000,0x00000000f9100000,0x00000000f9100000)
  from space 54272K, 0% used [0x00000000fcb00000,0x00000000fcb00000,0x0000000100000000)
  to   space 56832K, 0% used [0x00000000f9100000,0x00000000f9100000,0x00000000fc880000)
 ParOldGen       total 699392K, used 35496K [0x00000000c0000000, 0x00000000eab00000, 0x00000000eab00000)
  object space 699392K, 5% used [0x00000000c0000000,0x00000000c22aa2d0,0x00000000eab00000)
 Metaspace       used 108719K, capacity 109680K, committed 129024K, reserved 1163264K
  class space    used 12957K, capacity 13270K, committed 16128K, reserved 1048576K
2413.734: [GC (Allocation Failure) [PSYoungGen: 235520K->20015K(292352K)] 271016K->55512K(991744K), 0.0117986 secs] [Times: user=0.02 sys=0.00, real=0.01 secs] 
Heap after GC invocations=21 (full 2):
 PSYoungGen      total 292352K, used 20015K [0x00000000eab00000, 0x0000000100000000, 0x0000000100000000)
  eden space 235520K, 0% used [0x00000000eab00000,0x00000000eab00000,0x00000000f9100000)
  from space 56832K, 35% used [0x00000000f9100000,0x00000000fa48be00,0x00000000fc880000)
  to   space 54784K, 0% used [0x00000000fca80000,0x00000000fca80000,0x0000000100000000)
 ParOldGen       total 699392K, used 35496K [0x00000000c0000000, 0x00000000eab00000, 0x00000000eab00000)
  object space 699392K, 5% used [0x00000000c0000000,0x00000000c22aa2d0,0x00000000eab00000)
 Metaspace       used 108719K, capacity 109680K, committed 129024K, reserved 1163264K
  class space    used 12957K, capacity 13270K, committed 16128K, reserved 1048576K
}
{Heap before GC invocations=22 (full 2):
 PSYoungGen      total 292352K, used 255535K [0x00000000eab00000, 0x0000000100000000, 0x0000000100000000)
  eden space 235520K, 100% used [0x00000000eab00000,0x00000000f9100000,0x00000000f9100000)
  from space 56832K, 35% used [0x00000000f9100000,0x00000000fa48be00,0x00000000fc880000)
  to   space 54784K, 0% used [0x00000000fca80000,0x00000000fca80000,0x0000000100000000)
 ParOldGen       total 699392K, used 35496K [0x00000000c0000000, 0x00000000eab00000, 0x00000000eab00000)
  object space 699392K, 5% used [0x00000000c0000000,0x00000000c22aa2d0,0x00000000eab00000)
 Metaspace       used 111054K, capacity 112100K, committed 129024K, reserved 1163264K
  class space    used 13285K, capacity 13629K, committed 16128K, reserved 1048576K
2414.328: [GC (Allocation Failure) [PSYoungGen: 255535K->34660K(293376K)] 291032K->70157K(992768K), 0.0175459 secs] [Times: user=0.03 sys=0.00, real=0.02 secs] 
Heap after GC invocations=22 (full 2):
 PSYoungGen      total 293376K, used 34660K [0x00000000eab00000, 0x0000000100000000, 0x0000000100000000)
  eden space 238592K, 0% used [0x00000000eab00000,0x00000000eab00000,0x00000000f9400000)
  from space 54784K, 63% used [0x00000000fca80000,0x00000000fec592c0,0x0000000100000000)
  to   space 55296K, 0% used [0x00000000f9400000,0x00000000f9400000,0x00000000fca00000)
 ParOldGen       total 699392K, used 35496K [0x00000000c0000000, 0x00000000eab00000, 0x00000000eab00000)
  object space 699392K, 5% used [0x00000000c0000000,0x00000000c22aa2d0,0x00000000eab00000)
 Metaspace       used 111054K, capacity 112100K, committed 129024K, reserved 1163264K
  class space    used 13285K, capacity 13629K, committed 16128K, reserved 1048576K
}
{Heap before GC invocations=23 (full 2):
 PSYoungGen      total 293376K, used 273252K [0x00000000eab00000, 0x0000000100000000, 0x0000000100000000)
  eden space 238592K, 100% used [0x00000000eab00000,0x00000000f9400000,0x00000000f9400000)
  from space 54784K, 63% used [0x00000000fca80000,0x00000000fec592c0,0x0000000100000000)
  to   space 55296K, 0% used [0x00000000f9400000,0x00000000f9400000,0x00000000fca00000)
 ParOldGen       total 699392K, used 35496K [0x00000000c0000000, 0x00000000eab00000, 0x00000000eab00000)
  object space 699392K, 5% used [0x00000000c0000000,0x00000000c22aa2d0,0x00000000eab00000)
 Metaspace       used 121116K, capacity 122114K, committed 129024K, reserved 1163264K
  class space    used 14570K, capacity 14914K, committed 16128K, reserved 1048576K
2415.832: [GC (Allocation Failure) [PSYoungGen: 273252K->20187K(293888K)] 308749K->55691K(993280K), 0.0323121 secs] [Times: user=0.09 sys=0.00, real=0.04 secs] 
Heap after GC invocations=23 (full 2):
 PSYoungGen      total 293888K, used 20187K [0x00000000eab00000, 0x0000000100000000, 0x0000000100000000)
  eden space 238592K, 0% used [0x00000000eab00000,0x00000000eab00000,0x00000000f9400000)
  from space 55296K, 36% used [0x00000000f9400000,0x00000000fa7b6c60,0x00000000fca00000)
  to   space 53760K, 0% used [0x00000000fcb80000,0x00000000fcb80000,0x0000000100000000)
 ParOldGen       total 699392K, used 35504K [0x00000000c0000000, 0x00000000eab00000, 0x00000000eab00000)
  object space 699392K, 5% used [0x00000000c0000000,0x00000000c22ac2d0,0x00000000eab00000)
 Metaspace       used 121116K, capacity 122114K, committed 129024K, reserved 1163264K
  class space    used 14570K, capacity 14914K, committed 16128K, reserved 1048576K
}
{Heap before GC invocations=24 (full 2):
 PSYoungGen      total 293888K, used 258779K [0x00000000eab00000, 0x0000000100000000, 0x0000000100000000)
  eden space 238592K, 100% used [0x00000000eab00000,0x00000000f9400000,0x00000000f9400000)
  from space 55296K, 36% used [0x00000000f9400000,0x00000000fa7b6c60,0x00000000fca00000)
  to   space 53760K, 0% used [0x00000000fcb80000,0x00000000fcb80000,0x0000000100000000)
 ParOldGen       total 699392K, used 35504K [0x00000000c0000000, 0x00000000eab00000, 0x00000000eab00000)
  object space 699392K, 5% used [0x00000000c0000000,0x00000000c22ac2d0,0x00000000eab00000)
 Metaspace       used 123853K, capacity 125012K, committed 129024K, reserved 1163264K
  class space    used 14862K, capacity 15212K, committed 16128K, reserved 1048576K
2458.266: [GC (Allocation Failure) [PSYoungGen: 258779K->39481K(291328K)] 294283K->74994K(990720K), 0.0208114 secs] [Times: user=0.04 sys=0.00, real=0.02 secs] 
Heap after GC invocations=24 (full 2):
 PSYoungGen      total 291328K, used 39481K [0x00000000eab00000, 0x0000000100000000, 0x0000000100000000)
  eden space 237568K, 0% used [0x00000000eab00000,0x00000000eab00000,0x00000000f9300000)
  from space 53760K, 73% used [0x00000000fcb80000,0x00000000ff20e6f0,0x0000000100000000)
  to   space 55808K, 0% used [0x00000000f9300000,0x00000000f9300000,0x00000000fc980000)
 ParOldGen       total 699392K, used 35512K [0x00000000c0000000, 0x00000000eab00000, 0x00000000eab00000)
  object space 699392K, 5% used [0x00000000c0000000,0x00000000c22ae2d0,0x00000000eab00000)
 Metaspace       used 123853K, capacity 125012K, committed 129024K, reserved 1163264K
  class space    used 14862K, capacity 15212K, committed 16128K, reserved 1048576K
}
{Heap before GC invocations=25 (full 2):
 PSYoungGen      total 291328K, used 209955K [0x00000000eab00000, 0x0000000100000000, 0x0000000100000000)
  eden space 237568K, 71% used [0x00000000eab00000,0x00000000f517a7a8,0x00000000f9300000)
  from space 53760K, 73% used [0x00000000fcb80000,0x00000000ff20e6f0,0x0000000100000000)
  to   space 55808K, 0% used [0x00000000f9300000,0x00000000f9300000,0x00000000fc980000)
 ParOldGen       total 699392K, used 35512K [0x00000000c0000000, 0x00000000eab00000, 0x00000000eab00000)
  object space 699392K, 5% used [0x00000000c0000000,0x00000000c22ae2d0,0x00000000eab00000)
 Metaspace       used 128764K, capacity 129918K, committed 131072K, reserved 1165312K
  class space    used 15516K, capacity 15889K, committed 16128K, reserved 1048576K
2458.911: [GC (Metadata GC Threshold) [PSYoungGen: 209955K->24021K(293376K)] 245468K->59542K(992768K), 0.0152858 secs] [Times: user=0.03 sys=0.00, real=0.02 secs] 
Heap after GC invocations=25 (full 2):
 PSYoungGen      total 293376K, used 24021K [0x00000000eab00000, 0x0000000100000000, 0x0000000100000000)
  eden space 237568K, 0% used [0x00000000eab00000,0x00000000eab00000,0x00000000f9300000)
  from space 55808K, 43% used [0x00000000f9300000,0x00000000faa75698,0x00000000fc980000)
  to   space 53760K, 0% used [0x00000000fcb80000,0x00000000fcb80000,0x0000000100000000)
 ParOldGen       total 699392K, used 35520K [0x00000000c0000000, 0x00000000eab00000, 0x00000000eab00000)
  object space 699392K, 5% used [0x00000000c0000000,0x00000000c22b02d0,0x00000000eab00000)
 Metaspace       used 128764K, capacity 129918K, committed 131072K, reserved 1165312K
  class space    used 15516K, capacity 15889K, committed 16128K, reserved 1048576K
}
{Heap before GC invocations=26 (full 3):
 PSYoungGen      total 293376K, used 24021K [0x00000000eab00000, 0x0000000100000000, 0x0000000100000000)
  eden space 237568K, 0% used [0x00000000eab00000,0x00000000eab00000,0x00000000f9300000)
  from space 55808K, 43% used [0x00000000f9300000,0x00000000faa75698,0x00000000fc980000)
  to   space 53760K, 0% used [0x00000000fcb80000,0x00000000fcb80000,0x0000000100000000)
 ParOldGen       total 699392K, used 35520K [0x00000000c0000000, 0x00000000eab00000, 0x00000000eab00000)
  object space 699392K, 5% used [0x00000000c0000000,0x00000000c22b02d0,0x00000000eab00000)
 Metaspace       used 128764K, capacity 129918K, committed 131072K, reserved 1165312K
  class space    used 15516K, capacity 15889K, committed 16128K, reserved 1048576K
2458.926: [Full GC (Metadata GC Threshold) [PSYoungGen: 24021K->0K(293376K)] [ParOldGen: 35520K->54782K(699392K)] 59542K->54782K(992768K), [Metaspace: 128764K->128718K(1165312K)], 0.3013223 secs] [Times: user=0.83 sys=0.01, real=0.30 secs] 
Heap after GC invocations=26 (full 3):
 PSYoungGen      total 293376K, used 0K [0x00000000eab00000, 0x0000000100000000, 0x0000000100000000)
  eden space 237568K, 0% used [0x00000000eab00000,0x00000000eab00000,0x00000000f9300000)
  from space 55808K, 0% used [0x00000000f9300000,0x00000000f9300000,0x00000000fc980000)
  to   space 53760K, 0% used [0x00000000fcb80000,0x00000000fcb80000,0x0000000100000000)
 ParOldGen       total 699392K, used 54782K [0x00000000c0000000, 0x00000000eab00000, 0x00000000eab00000)
  object space 699392K, 7% used [0x00000000c0000000,0x00000000c357faa8,0x00000000eab00000)
 Metaspace       used 128718K, capacity 129760K, committed 131072K, reserved 1165312K
  class space    used 15513K, capacity 15882K, committed 16128K, reserved 1048576K
}
{Heap before GC invocations=27 (full 3):
 PSYoungGen      total 293376K, used 7525K [0x00000000eab00000, 0x0000000100000000, 0x0000000100000000)
  eden space 237568K, 3% used [0x00000000eab00000,0x00000000eb2595a0,0x00000000f9300000)
  from space 55808K, 0% used [0x00000000f9300000,0x00000000f9300000,0x00000000fc980000)
  to   space 53760K, 0% used [0x00000000fcb80000,0x00000000fcb80000,0x0000000100000000)
 ParOldGen       total 699392K, used 54782K [0x00000000c0000000, 0x00000000eab00000, 0x00000000eab00000)
  object space 699392K, 7% used [0x00000000c0000000,0x00000000c357faa8,0x00000000eab00000)
 Metaspace       used 128874K, capacity 129920K, committed 131072K, reserved 1165312K
  class space    used 15542K, capacity 15914K, committed 16128K, reserved 1048576K
2459.257: [GC (Metadata GC Threshold) [PSYoungGen: 7525K->480K(292352K)] 62308K->55262K(991744K), 0.0037863 secs] [Times: user=0.00 sys=0.00, real=0.01 secs] 
Heap after GC invocations=27 (full 3):
 PSYoungGen      total 292352K, used 480K [0x00000000eab00000, 0x0000000100000000, 0x0000000100000000)
  eden space 238592K, 0% used [0x00000000eab00000,0x00000000eab00000,0x00000000f9400000)
  from space 53760K, 0% used [0x00000000fcb80000,0x00000000fcbf8000,0x0000000100000000)
  to   space 55296K, 0% used [0x00000000f9400000,0x00000000f9400000,0x00000000fca00000)
 ParOldGen       total 699392K, used 54782K [0x00000000c0000000, 0x00000000eab00000, 0x00000000eab00000)
  object space 699392K, 7% used [0x00000000c0000000,0x00000000c357faa8,0x00000000eab00000)
 Metaspace       used 128874K, capacity 129920K, committed 131072K, reserved 1165312K
  class space    used 15542K, capacity 15914K, committed 16128K, reserved 1048576K
}
{Heap before GC invocations=28 (full 4):
 PSYoungGen      total 292352K, used 480K [0x00000000eab00000, 0x0000000100000000, 0x0000000100000000)
  eden space 238592K, 0% used [0x00000000eab00000,0x00000000eab00000,0x00000000f9400000)
  from space 53760K, 0% used [0x00000000fcb80000,0x00000000fcbf8000,0x0000000100000000)
  to   space 55296K, 0% used [0x00000000f9400000,0x00000000f9400000,0x00000000fca00000)
 ParOldGen       total 699392K, used 54782K [0x00000000c0000000, 0x00000000eab00000, 0x00000000eab00000)
  object space 699392K, 7% used [0x00000000c0000000,0x00000000c357faa8,0x00000000eab00000)
 Metaspace       used 128874K, capacity 129920K, committed 131072K, reserved 1165312K
  class space    used 15542K, capacity 15914K, committed 16128K, reserved 1048576K
2459.261: [Full GC (Metadata GC Threshold) [PSYoungGen: 480K->0K(292352K)] [ParOldGen: 54782K->29574K(699392K)] 55262K->29574K(991744K), [Metaspace: 128874K->83337K(1155072K)], 0.1153558 secs] [Times: user=0.26 sys=0.01, real=0.11 secs] 
Heap after GC invocations=28 (full 4):
 PSYoungGen      total 292352K, used 0K [0x00000000eab00000, 0x0000000100000000, 0x0000000100000000)
  eden space 238592K, 0% used [0x00000000eab00000,0x00000000eab00000,0x00000000f9400000)
  from space 53760K, 0% used [0x00000000fcb80000,0x00000000fcb80000,0x0000000100000000)
  to   space 55296K, 0% used [0x00000000f9400000,0x00000000f9400000,0x00000000fca00000)
 ParOldGen       total 699392K, used 29574K [0x00000000c0000000, 0x00000000eab00000, 0x00000000eab00000)
  object space 699392K, 4% used [0x00000000c0000000,0x00000000c1ce1b28,0x00000000eab00000)
 Metaspace       used 83337K, capacity 84100K, committed 120832K, reserved 1155072K
  class space    used 9735K, capacity 10036K, committed 16128K, reserved 1048576K
}
{Heap before GC invocations=29 (full 4):
 PSYoungGen      total 292352K, used 238592K [0x00000000eab00000, 0x0000000100000000, 0x0000000100000000)
  eden space 238592K, 100% used [0x00000000eab00000,0x00000000f9400000,0x00000000f9400000)
  from space 53760K, 0% used [0x00000000fcb80000,0x00000000fcb80000,0x0000000100000000)
  to   space 55296K, 0% used [0x00000000f9400000,0x00000000f9400000,0x00000000fca00000)
 ParOldGen       total 699392K, used 29574K [0x00000000c0000000, 0x00000000eab00000, 0x00000000eab00000)
  object space 699392K, 4% used [0x00000000c0000000,0x00000000c1ce1b28,0x00000000eab00000)
 Metaspace       used 93494K, capacity 94460K, committed 120832K, reserved 1155072K
  class space    used 10957K, capacity 11273K, committed 16128K, reserved 1048576K
2557.526: [GC (Allocation Failure) [PSYoungGen: 238592K->16626K(293888K)] 268166K->46208K(993280K), 0.0101915 secs] [Times: user=0.02 sys=0.00, real=0.01 secs] 
Heap after GC invocations=29 (full 4):
 PSYoungGen      total 293888K, used 16626K [0x00000000eab00000, 0x0000000100000000, 0x0000000100000000)
  eden space 238592K, 0% used [0x00000000eab00000,0x00000000eab00000,0x00000000f9400000)
  from space 55296K, 30% used [0x00000000f9400000,0x00000000fa43c858,0x00000000fca00000)
  to   space 53760K, 0% used [0x00000000fcb80000,0x00000000fcb80000,0x0000000100000000)
 ParOldGen       total 699392K, used 29582K [0x00000000c0000000, 0x00000000eab00000, 0x00000000eab00000)
  object space 699392K, 4% used [0x00000000c0000000,0x00000000c1ce3b28,0x00000000eab00000)
 Metaspace       used 93494K, capacity 94460K, committed 120832K, reserved 1155072K
  class space    used 10957K, capacity 11273K, committed 16128K, reserved 1048576K
}
{Heap before GC invocations=30 (full 4):
 PSYoungGen      total 293888K, used 255218K [0x00000000eab00000, 0x0000000100000000, 0x0000000100000000)
  eden space 238592K, 100% used [0x00000000eab00000,0x00000000f9400000,0x00000000f9400000)
  from space 55296K, 30% used [0x00000000f9400000,0x00000000fa43c858,0x00000000fca00000)
  to   space 53760K, 0% used [0x00000000fcb80000,0x00000000fcb80000,0x0000000100000000)
 ParOldGen       total 699392K, used 29582K [0x00000000c0000000, 0x00000000eab00000, 0x00000000eab00000)
  object space 699392K, 4% used [0x00000000c0000000,0x00000000c1ce3b28,0x00000000eab00000)
 Metaspace       used 93531K, capacity 94504K, committed 120832K, reserved 1155072K
  class space    used 10963K, capacity 11281K, committed 16128K, reserved 1048576K
2558.024: [GC (Allocation Failure) [PSYoungGen: 255218K->37327K(291328K)] 284800K->66910K(990720K), 0.0540638 secs] [Times: user=0.13 sys=0.00, real=0.05 secs] 
Heap after GC invocations=30 (full 4):
 PSYoungGen      total 291328K, used 37327K [0x00000000eab00000, 0x0000000100000000, 0x0000000100000000)
  eden space 237568K, 0% used [0x00000000eab00000,0x00000000eab00000,0x00000000f9300000)
  from space 53760K, 69% used [0x00000000fcb80000,0x00000000feff3e58,0x0000000100000000)
  to   space 55808K, 0% used [0x00000000f9300000,0x00000000f9300000,0x00000000fc980000)
 ParOldGen       total 699392K, used 29582K [0x00000000c0000000, 0x00000000eab00000, 0x00000000eab00000)
  object space 699392K, 4% used [0x00000000c0000000,0x00000000c1ce3b28,0x00000000eab00000)
 Metaspace       used 93531K, capacity 94504K, committed 120832K, reserved 1155072K
  class space    used 10963K, capacity 11281K, committed 16128K, reserved 1048576K
}
{Heap before GC invocations=31 (full 4):
 PSYoungGen      total 291328K, used 274895K [0x00000000eab00000, 0x0000000100000000, 0x0000000100000000)
  eden space 237568K, 100% used [0x00000000eab00000,0x00000000f9300000,0x00000000f9300000)
  from space 53760K, 69% used [0x00000000fcb80000,0x00000000feff3e58,0x0000000100000000)
  to   space 55808K, 0% used [0x00000000f9300000,0x00000000f9300000,0x00000000fc980000)
 ParOldGen       total 699392K, used 29582K [0x00000000c0000000, 0x00000000eab00000, 0x00000000eab00000)
  object space 699392K, 4% used [0x00000000c0000000,0x00000000c1ce3b28,0x00000000eab00000)
 Metaspace       used 105336K, capacity 106378K, committed 120832K, reserved 1155072K
  class space    used 12504K, capacity 12826K, committed 16128K, reserved 1048576K
2559.576: [GC (Allocation Failure) [PSYoungGen: 274895K->21833K(293376K)] 304478K->51424K(992768K), 0.0152979 secs] [Times: user=0.03 sys=0.00, real=0.01 secs] 
Heap after GC invocations=31 (full 4):
 PSYoungGen      total 293376K, used 21833K [0x00000000eab00000, 0x0000000100000000, 0x0000000100000000)
  eden space 237568K, 0% used [0x00000000eab00000,0x00000000eab00000,0x00000000f9300000)
  from space 55808K, 39% used [0x00000000f9300000,0x00000000fa8527a0,0x00000000fc980000)
  to   space 53248K, 0% used [0x00000000fcc00000,0x00000000fcc00000,0x0000000100000000)
 ParOldGen       total 699392K, used 29590K [0x00000000c0000000, 0x00000000eab00000, 0x00000000eab00000)
  object space 699392K, 4% used [0x00000000c0000000,0x00000000c1ce5b28,0x00000000eab00000)
 Metaspace       used 105336K, capacity 106378K, committed 120832K, reserved 1155072K
  class space    used 12504K, capacity 12826K, committed 16128K, reserved 1048576K
}
{Heap before GC invocations=32 (full 4):
 PSYoungGen      total 293376K, used 259401K [0x00000000eab00000, 0x0000000100000000, 0x0000000100000000)
  eden space 237568K, 100% used [0x00000000eab00000,0x00000000f9300000,0x00000000f9300000)
  from space 55808K, 39% used [0x00000000f9300000,0x00000000fa8527a0,0x00000000fc980000)
  to   space 53248K, 0% used [0x00000000fcc00000,0x00000000fcc00000,0x0000000100000000)
 ParOldGen       total 699392K, used 29590K [0x00000000c0000000, 0x00000000eab00000, 0x00000000eab00000)
  object space 699392K, 4% used [0x00000000c0000000,0x00000000c1ce5b28,0x00000000eab00000)
 Metaspace       used 108748K, capacity 109870K, committed 120832K, reserved 1155072K
  class space    used 12870K, capacity 13228K, committed 16128K, reserved 1048576K
2661.240: [GC (Allocation Failure) [PSYoungGen: 259401K->32278K(295936K)] 288992K->61877K(995328K), 0.0333388 secs] [Times: user=0.05 sys=0.01, real=0.04 secs] 
Heap after GC invocations=32 (full 4):
 PSYoungGen      total 295936K, used 32278K [0x00000000eab00000, 0x0000000100000000, 0x0000000100000000)
  eden space 242688K, 0% used [0x00000000eab00000,0x00000000eab00000,0x00000000f9800000)
  from space 53248K, 60% used [0x00000000fcc00000,0x00000000feb85a60,0x0000000100000000)
  to   space 53248K, 0% used [0x00000000f9800000,0x00000000f9800000,0x00000000fcc00000)
 ParOldGen       total 699392K, used 29598K [0x00000000c0000000, 0x00000000eab00000, 0x00000000eab00000)
  object space 699392K, 4% used [0x00000000c0000000,0x00000000c1ce7b28,0x00000000eab00000)
 Metaspace       used 108748K, capacity 109870K, committed 120832K, reserved 1155072K
  class space    used 12870K, capacity 13228K, committed 16128K, reserved 1048576K
}
{Heap before GC invocations=33 (full 4):
 PSYoungGen      total 295936K, used 274966K [0x00000000eab00000, 0x0000000100000000, 0x0000000100000000)
  eden space 242688K, 100% used [0x00000000eab00000,0x00000000f9800000,0x00000000f9800000)
  from space 53248K, 60% used [0x00000000fcc00000,0x00000000feb85a60,0x0000000100000000)
  to   space 53248K, 0% used [0x00000000f9800000,0x00000000f9800000,0x00000000fcc00000)
 ParOldGen       total 699392K, used 29598K [0x00000000c0000000, 0x00000000eab00000, 0x00000000eab00000)
  object space 699392K, 4% used [0x00000000c0000000,0x00000000c1ce7b28,0x00000000eab00000)
 Metaspace       used 114383K, capacity 115522K, committed 120832K, reserved 1155072K
  class space    used 13638K, capacity 14003K, committed 16128K, reserved 1048576K
2663.074: [GC (Allocation Failure) [PSYoungGen: 274966K->34545K(277504K)] 304565K->64152K(976896K), 0.0398060 secs] [Times: user=0.10 sys=0.00, real=0.04 secs] 
Heap after GC invocations=33 (full 4):
 PSYoungGen      total 277504K, used 34545K [0x00000000eab00000, 0x0000000100000000, 0x0000000100000000)
  eden space 242688K, 0% used [0x00000000eab00000,0x00000000eab00000,0x00000000f9800000)
  from space 34816K, 99% used [0x00000000f9800000,0x00000000fb9bc7e8,0x00000000fba00000)
  to   space 53760K, 0% used [0x00000000fcb80000,0x00000000fcb80000,0x0000000100000000)
 ParOldGen       total 699392K, used 29606K [0x00000000c0000000, 0x00000000eab00000, 0x00000000eab00000)
  object space 699392K, 4% used [0x00000000c0000000,0x00000000c1ce9b28,0x00000000eab00000)
 Metaspace       used 114383K, capacity 115522K, committed 120832K, reserved 1155072K
  class space    used 13638K, capacity 14003K, committed 16128K, reserved 1048576K
}
{Heap before GC invocations=34 (full 4):
 PSYoungGen      total 277504K, used 277233K [0x00000000eab00000, 0x0000000100000000, 0x0000000100000000)
  eden space 242688K, 100% used [0x00000000eab00000,0x00000000f9800000,0x00000000f9800000)
  from space 34816K, 99% used [0x00000000f9800000,0x00000000fb9bc7e8,0x00000000fba00000)
  to   space 53760K, 0% used [0x00000000fcb80000,0x00000000fcb80000,0x0000000100000000)
 ParOldGen       total 699392K, used 29606K [0x00000000c0000000, 0x00000000eab00000, 0x00000000eab00000)
  object space 699392K, 4% used [0x00000000c0000000,0x00000000c1ce9b28,0x00000000eab00000)
 Metaspace       used 123835K, capacity 125132K, committed 126976K, reserved 1161216K
  class space    used 14775K, capacity 15169K, committed 16128K, reserved 1048576K
2709.764: [GC (Allocation Failure) [PSYoungGen: 277233K->27308K(297472K)] 306840K->56923K(996864K), 0.0342893 secs] [Times: user=0.06 sys=0.00, real=0.03 secs] 
Heap after GC invocations=34 (full 4):
 PSYoungGen      total 297472K, used 27308K [0x00000000eab00000, 0x0000000100000000, 0x0000000100000000)
  eden space 243712K, 0% used [0x00000000eab00000,0x00000000eab00000,0x00000000f9900000)
  from space 53760K, 50% used [0x00000000fcb80000,0x00000000fe62b368,0x0000000100000000)
  to   space 51712K, 0% used [0x00000000f9900000,0x00000000f9900000,0x00000000fcb80000)
 ParOldGen       total 699392K, used 29614K [0x00000000c0000000, 0x00000000eab00000, 0x00000000eab00000)
  object space 699392K, 4% used [0x00000000c0000000,0x00000000c1cebb28,0x00000000eab00000)
 Metaspace       used 123835K, capacity 125132K, committed 126976K, reserved 1161216K
  class space    used 14775K, capacity 15169K, committed 16128K, reserved 1048576K
}
{Heap before GC invocations=35 (full 4):
 PSYoungGen      total 297472K, used 271020K [0x00000000eab00000, 0x0000000100000000, 0x0000000100000000)
  eden space 243712K, 100% used [0x00000000eab00000,0x00000000f9900000,0x00000000f9900000)
  from space 53760K, 50% used [0x00000000fcb80000,0x00000000fe62b368,0x0000000100000000)
  to   space 51712K, 0% used [0x00000000f9900000,0x00000000f9900000,0x00000000fcb80000)
 ParOldGen       total 699392K, used 29614K [0x00000000c0000000, 0x00000000eab00000, 0x00000000eab00000)
  object space 699392K, 4% used [0x00000000c0000000,0x00000000c1cebb28,0x00000000eab00000)
 Metaspace       used 124885K, capacity 126192K, committed 128000K, reserved 1161216K
  class space    used 14919K, capacity 15333K, committed 16128K, reserved 1048576K
2710.356: [GC (Allocation Failure) [PSYoungGen: 271020K->45374K(289280K)] 300635K->74997K(988672K), 0.0360878 secs] [Times: user=0.07 sys=0.00, real=0.03 secs] 
Heap after GC invocations=35 (full 4):
 PSYoungGen      total 289280K, used 45374K [0x00000000eab00000, 0x0000000100000000, 0x0000000100000000)
  eden space 243712K, 0% used [0x00000000eab00000,0x00000000eab00000,0x00000000f9900000)
  from space 45568K, 99% used [0x00000000f9900000,0x00000000fc54faf8,0x00000000fc580000)
  to   space 55808K, 0% used [0x00000000fc980000,0x00000000fc980000,0x0000000100000000)
 ParOldGen       total 699392K, used 29622K [0x00000000c0000000, 0x00000000eab00000, 0x00000000eab00000)
  object space 699392K, 4% used [0x00000000c0000000,0x00000000c1cedb28,0x00000000eab00000)
 Metaspace       used 124885K, capacity 126192K, committed 128000K, reserved 1161216K
  class space    used 14919K, capacity 15333K, committed 16128K, reserved 1048576K
}
{Heap before GC invocations=36 (full 4):
 PSYoungGen      total 289280K, used 127606K [0x00000000eab00000, 0x0000000100000000, 0x0000000100000000)
  eden space 243712K, 33% used [0x00000000eab00000,0x00000000efb4de68,0x00000000f9900000)
  from space 45568K, 99% used [0x00000000f9900000,0x00000000fc54faf8,0x00000000fc580000)
  to   space 55808K, 0% used [0x00000000fc980000,0x00000000fc980000,0x0000000100000000)
 ParOldGen       total 699392K, used 29622K [0x00000000c0000000, 0x00000000eab00000, 0x00000000eab00000)
  object space 699392K, 4% used [0x00000000c0000000,0x00000000c1cedb28,0x00000000eab00000)
 Metaspace       used 128709K, capacity 129974K, committed 131072K, reserved 1165312K
  class space    used 15428K, capacity 15846K, committed 16128K, reserved 1048576K
2710.869: [GC (Metadata GC Threshold) [PSYoungGen: 127606K->19463K(294400K)] 157229K->49094K(993792K), 0.0214257 secs] [Times: user=0.05 sys=0.00, real=0.02 secs] 
Heap after GC invocations=36 (full 4):
 PSYoungGen      total 294400K, used 19463K [0x00000000eab00000, 0x0000000100000000, 0x0000000100000000)
  eden space 238592K, 0% used [0x00000000eab00000,0x00000000eab00000,0x00000000f9400000)
  from space 55808K, 34% used [0x00000000fc980000,0x00000000fdc81d60,0x0000000100000000)
  to   space 54784K, 0% used [0x00000000f9400000,0x00000000f9400000,0x00000000fc980000)
 ParOldGen       total 699392K, used 29630K [0x00000000c0000000, 0x00000000eab00000, 0x00000000eab00000)
  object space 699392K, 4% used [0x00000000c0000000,0x00000000c1cefb28,0x00000000eab00000)
 Metaspace       used 128709K, capacity 129974K, committed 131072K, reserved 1165312K
  class space    used 15428K, capacity 15846K, committed 16128K, reserved 1048576K
}
{Heap before GC invocations=37 (full 5):
 PSYoungGen      total 294400K, used 19463K [0x00000000eab00000, 0x0000000100000000, 0x0000000100000000)
  eden space 238592K, 0% used [0x00000000eab00000,0x00000000eab00000,0x00000000f9400000)
  from space 55808K, 34% used [0x00000000fc980000,0x00000000fdc81d60,0x0000000100000000)
  to   space 54784K, 0% used [0x00000000f9400000,0x00000000f9400000,0x00000000fc980000)
 ParOldGen       total 699392K, used 29630K [0x00000000c0000000, 0x00000000eab00000, 0x00000000eab00000)
  object space 699392K, 4% used [0x00000000c0000000,0x00000000c1cefb28,0x00000000eab00000)
 Metaspace       used 128709K, capacity 129974K, committed 131072K, reserved 1165312K
  class space    used 15428K, capacity 15846K, committed 16128K, reserved 1048576K
2710.890: [Full GC (Metadata GC Threshold) [PSYoungGen: 19463K->0K(294400K)] [ParOldGen: 29630K->45596K(699392K)] 49094K->45596K(993792K), [Metaspace: 128709K->128654K(1165312K)], 0.2036815 secs] [Times: user=0.45 sys=0.00, real=0.21 secs] 
Heap after GC invocations=37 (full 5):
 PSYoungGen      total 294400K, used 0K [0x00000000eab00000, 0x0000000100000000, 0x0000000100000000)
  eden space 238592K, 0% used [0x00000000eab00000,0x00000000eab00000,0x00000000f9400000)
  from space 55808K, 0% used [0x00000000fc980000,0x00000000fc980000,0x0000000100000000)
  to   space 54784K, 0% used [0x00000000f9400000,0x00000000f9400000,0x00000000fc980000)
 ParOldGen       total 699392K, used 45596K [0x00000000c0000000, 0x00000000eab00000, 0x00000000eab00000)
  object space 699392K, 6% used [0x00000000c0000000,0x00000000c2c87210,0x00000000eab00000)
 Metaspace       used 128654K, capacity 129758K, committed 131072K, reserved 1165312K
  class space    used 15425K, capacity 15839K, committed 16128K, reserved 1048576K
}
{Heap before GC invocations=38 (full 5):
 PSYoungGen      total 294400K, used 7477K [0x00000000eab00000, 0x0000000100000000, 0x0000000100000000)
  eden space 238592K, 3% used [0x00000000eab00000,0x00000000eb24d550,0x00000000f9400000)
  from space 55808K, 0% used [0x00000000fc980000,0x00000000fc980000,0x0000000100000000)
  to   space 54784K, 0% used [0x00000000f9400000,0x00000000f9400000,0x00000000fc980000)
 ParOldGen       total 699392K, used 45596K [0x00000000c0000000, 0x00000000eab00000, 0x00000000eab00000)
  object space 699392K, 6% used [0x00000000c0000000,0x00000000c2c87210,0x00000000eab00000)
 Metaspace       used 128884K, capacity 129982K, committed 131072K, reserved 1165312K
  class space    used 15462K, capacity 15871K, committed 16128K, reserved 1048576K
2711.126: [GC (Metadata GC Threshold) [PSYoungGen: 7477K->544K(239616K)] 53073K->46140K(939008K), 0.0032645 secs] [Times: user=0.00 sys=0.00, real=0.00 secs] 
Heap after GC invocations=38 (full 5):
 PSYoungGen      total 239616K, used 544K [0x00000000eab00000, 0x0000000100000000, 0x0000000100000000)
  eden space 238592K, 0% used [0x00000000eab00000,0x00000000eab00000,0x00000000f9400000)
  from space 1024K, 53% used [0x00000000f9400000,0x00000000f9488000,0x00000000f9500000)
  to   space 56832K, 0% used [0x00000000fc880000,0x00000000fc880000,0x0000000100000000)
 ParOldGen       total 699392K, used 45596K [0x00000000c0000000, 0x00000000eab00000, 0x00000000eab00000)
  object space 699392K, 6% used [0x00000000c0000000,0x00000000c2c87210,0x00000000eab00000)
 Metaspace       used 128884K, capacity 129982K, committed 131072K, reserved 1165312K
  class space    used 15462K, capacity 15871K, committed 16128K, reserved 1048576K
}
{Heap before GC invocations=39 (full 6):
 PSYoungGen      total 239616K, used 544K [0x00000000eab00000, 0x0000000100000000, 0x0000000100000000)
  eden space 238592K, 0% used [0x00000000eab00000,0x00000000eab00000,0x00000000f9400000)
  from space 1024K, 53% used [0x00000000f9400000,0x00000000f9488000,0x00000000f9500000)
  to   space 56832K, 0% used [0x00000000fc880000,0x00000000fc880000,0x0000000100000000)
 ParOldGen       total 699392K, used 45596K [0x00000000c0000000, 0x00000000eab00000, 0x00000000eab00000)
  object space 699392K, 6% used [0x00000000c0000000,0x00000000c2c87210,0x00000000eab00000)
 Metaspace       used 128884K, capacity 129982K, committed 131072K, reserved 1165312K
  class space    used 15462K, capacity 15871K, committed 16128K, reserved 1048576K
2711.130: [Full GC (Metadata GC Threshold) [PSYoungGen: 544K->0K(239616K)] [ParOldGen: 45596K->37932K(699392K)] 46140K->37932K(939008K), [Metaspace: 128884K->113918K(1159168K)], 0.1154879 secs] [Times: user=0.28 sys=0.00, real=0.12 secs] 
Heap after GC invocations=39 (full 6):
 PSYoungGen      total 239616K, used 0K [0x00000000eab00000, 0x0000000100000000, 0x0000000100000000)
  eden space 238592K, 0% used [0x00000000eab00000,0x00000000eab00000,0x00000000f9400000)
  from space 1024K, 0% used [0x00000000f9400000,0x00000000f9400000,0x00000000f9500000)
  to   space 56832K, 0% used [0x00000000fc880000,0x00000000fc880000,0x0000000100000000)
 ParOldGen       total 699392K, used 37932K [0x00000000c0000000, 0x00000000eab00000, 0x00000000eab00000)
  object space 699392K, 5% used [0x00000000c0000000,0x00000000c250b398,0x00000000eab00000)
 Metaspace       used 113918K, capacity 114934K, committed 124928K, reserved 1159168K
  class space    used 13556K, capacity 13935K, committed 16128K, reserved 1048576K
}
{Heap before GC invocations=40 (full 6):
 PSYoungGen      total 239616K, used 238592K [0x00000000eab00000, 0x0000000100000000, 0x0000000100000000)
  eden space 238592K, 100% used [0x00000000eab00000,0x00000000f9400000,0x00000000f9400000)
  from space 1024K, 0% used [0x00000000f9400000,0x00000000f9400000,0x00000000f9500000)
  to   space 56832K, 0% used [0x00000000fc880000,0x00000000fc880000,0x0000000100000000)
 ParOldGen       total 699392K, used 37932K [0x00000000c0000000, 0x00000000eab00000, 0x00000000eab00000)
  object space 699392K, 5% used [0x00000000c0000000,0x00000000c250b398,0x00000000eab00000)
 Metaspace       used 123864K, capacity 125010K, committed 126976K, reserved 1161216K
  class space    used 14763K, capacity 15131K, committed 16128K, reserved 1048576K
2844.462: [GC (Allocation Failure) [PSYoungGen: 238592K->16842K(294400K)] 276524K->54783K(993792K), 0.0241279 secs] [Times: user=0.07 sys=0.00, real=0.02 secs] 
Heap after GC invocations=40 (full 6):
 PSYoungGen      total 294400K, used 16842K [0x00000000eab00000, 0x0000000100000000, 0x0000000100000000)
  eden space 237568K, 0% used [0x00000000eab00000,0x00000000eab00000,0x00000000f9300000)
  from space 56832K, 29% used [0x00000000fc880000,0x00000000fd8f29c8,0x0000000100000000)
  to   space 54784K, 0% used [0x00000000f9300000,0x00000000f9300000,0x00000000fc880000)
 ParOldGen       total 699392K, used 37940K [0x00000000c0000000, 0x00000000eab00000, 0x00000000eab00000)
  object space 699392K, 5% used [0x00000000c0000000,0x00000000c250d398,0x00000000eab00000)
 Metaspace       used 123864K, capacity 125010K, committed 126976K, reserved 1161216K
  class space    used 14763K, capacity 15131K, committed 16128K, reserved 1048576K
}
{Heap before GC invocations=41 (full 6):
 PSYoungGen      total 294400K, used 254410K [0x00000000eab00000, 0x0000000100000000, 0x0000000100000000)
  eden space 237568K, 100% used [0x00000000eab00000,0x00000000f9300000,0x00000000f9300000)
  from space 56832K, 29% used [0x00000000fc880000,0x00000000fd8f29c8,0x0000000100000000)
  to   space 54784K, 0% used [0x00000000f9300000,0x00000000f9300000,0x00000000fc880000)
 ParOldGen       total 699392K, used 37940K [0x00000000c0000000, 0x00000000eab00000, 0x00000000eab00000)
  object space 699392K, 5% used [0x00000000c0000000,0x00000000c250d398,0x00000000eab00000)
 Metaspace       used 123876K, capacity 125024K, committed 126976K, reserved 1161216K
  class space    used 14765K, capacity 15133K, committed 16128K, reserved 1048576K
2844.930: [GC (Allocation Failure) [PSYoungGen: 254410K->37378K(292352K)] 292351K->75319K(991744K), 0.0175175 secs] [Times: user=0.04 sys=0.00, real=0.02 secs] 
Heap after GC invocations=41 (full 6):
 PSYoungGen      total 292352K, used 37378K [0x00000000eab00000, 0x0000000100000000, 0x0000000100000000)
  eden space 237568K, 0% used [0x00000000eab00000,0x00000000eab00000,0x00000000f9300000)
  from space 54784K, 68% used [0x00000000f9300000,0x00000000fb780938,0x00000000fc880000)
  to   space 56832K, 0% used [0x00000000fc880000,0x00000000fc880000,0x0000000100000000)
 ParOldGen       total 699392K, used 37940K [0x00000000c0000000, 0x00000000eab00000, 0x00000000eab00000)
  object space 699392K, 5% used [0x00000000c0000000,0x00000000c250d398,0x00000000eab00000)
 Metaspace       used 123876K, capacity 125024K, committed 126976K, reserved 1161216K
  class space    used 14765K, capacity 15133K, committed 16128K, reserved 1048576K
}
{Heap before GC invocations=42 (full 6):
 PSYoungGen      total 292352K, used 148295K [0x00000000eab00000, 0x0000000100000000, 0x0000000100000000)
  eden space 237568K, 46% used [0x00000000eab00000,0x00000000f1751630,0x00000000f9300000)
  from space 54784K, 68% used [0x00000000f9300000,0x00000000fb780938,0x00000000fc880000)
  to   space 56832K, 0% used [0x00000000fc880000,0x00000000fc880000,0x0000000100000000)
 ParOldGen       total 699392K, used 37940K [0x00000000c0000000, 0x00000000eab00000, 0x00000000eab00000)
  object space 699392K, 5% used [0x00000000c0000000,0x00000000c250d398,0x00000000eab00000)
 Metaspace       used 128799K, capacity 129936K, committed 131072K, reserved 1165312K
  class space    used 15425K, capacity 15811K, committed 16128K, reserved 1048576K
2845.542: [GC (Metadata GC Threshold) [PSYoungGen: 148295K->12450K(293376K)] 186236K->50399K(992768K), 0.0142829 secs] [Times: user=0.03 sys=0.00, real=0.01 secs] 
Heap after GC invocations=42 (full 6):
 PSYoungGen      total 293376K, used 12450K [0x00000000eab00000, 0x0000000100000000, 0x0000000100000000)
  eden space 236544K, 0% used [0x00000000eab00000,0x00000000eab00000,0x00000000f9200000)
  from space 56832K, 21% used [0x00000000fc880000,0x00000000fd4a8a50,0x0000000100000000)
  to   space 55808K, 0% used [0x00000000f9200000,0x00000000f9200000,0x00000000fc880000)
 ParOldGen       total 699392K, used 37948K [0x00000000c0000000, 0x00000000eab00000, 0x00000000eab00000)
  object space 699392K, 5% used [0x00000000c0000000,0x00000000c250f398,0x00000000eab00000)
 Metaspace       used 128799K, capacity 129936K, committed 131072K, reserved 1165312K
  class space    used 15425K, capacity 15811K, committed 16128K, reserved 1048576K
}
{Heap before GC invocations=43 (full 7):
 PSYoungGen      total 293376K, used 12450K [0x00000000eab00000, 0x0000000100000000, 0x0000000100000000)
  eden space 236544K, 0% used [0x00000000eab00000,0x00000000eab00000,0x00000000f9200000)
  from space 56832K, 21% used [0x00000000fc880000,0x00000000fd4a8a50,0x0000000100000000)
  to   space 55808K, 0% used [0x00000000f9200000,0x00000000f9200000,0x00000000fc880000)
 ParOldGen       total 699392K, used 37948K [0x00000000c0000000, 0x00000000eab00000, 0x00000000eab00000)
  object space 699392K, 5% used [0x00000000c0000000,0x00000000c250f398,0x00000000eab00000)
 Metaspace       used 128799K, capacity 129936K, committed 131072K, reserved 1165312K
  class space    used 15425K, capacity 15811K, committed 16128K, reserved 1048576K
2845.556: [Full GC (Metadata GC Threshold) [PSYoungGen: 12450K->0K(293376K)] [ParOldGen: 37948K->46992K(699392K)] 50399K->46992K(992768K), [Metaspace: 128799K->128782K(1165312K)], 0.1277532 secs] [Times: user=0.32 sys=0.00, real=0.13 secs] 
Heap after GC invocations=43 (full 7):
 PSYoungGen      total 293376K, used 0K [0x00000000eab00000, 0x0000000100000000, 0x0000000100000000)
  eden space 236544K, 0% used [0x00000000eab00000,0x00000000eab00000,0x00000000f9200000)
  from space 56832K, 0% used [0x00000000fc880000,0x00000000fc880000,0x0000000100000000)
  to   space 55808K, 0% used [0x00000000f9200000,0x00000000f9200000,0x00000000fc880000)
 ParOldGen       total 699392K, used 46992K [0x00000000c0000000, 0x00000000eab00000, 0x00000000eab00000)
  object space 699392K, 6% used [0x00000000c0000000,0x00000000c2de40b8,0x00000000eab00000)
 Metaspace       used 128782K, capacity 129866K, committed 131072K, reserved 1165312K
  class space    used 15424K, capacity 15809K, committed 16128K, reserved 1048576K
}
{Heap before GC invocations=44 (full 7):
 PSYoungGen      total 293376K, used 3513K [0x00000000eab00000, 0x0000000100000000, 0x0000000100000000)
  eden space 236544K, 1% used [0x00000000eab00000,0x00000000eae6e428,0x00000000f9200000)
  from space 56832K, 0% used [0x00000000fc880000,0x00000000fc880000,0x0000000100000000)
  to   space 55808K, 0% used [0x00000000f9200000,0x00000000f9200000,0x00000000fc880000)
 ParOldGen       total 699392K, used 46992K [0x00000000c0000000, 0x00000000eab00000, 0x00000000eab00000)
  object space 699392K, 6% used [0x00000000c0000000,0x00000000c2de40b8,0x00000000eab00000)
 Metaspace       used 128867K, capacity 129962K, committed 131072K, reserved 1165312K
  class space    used 15444K, capacity 15841K, committed 16128K, reserved 1048576K
2845.698: [GC (Metadata GC Threshold) [PSYoungGen: 3513K->288K(292352K)] 50505K->47280K(991744K), 0.0042785 secs] [Times: user=0.01 sys=0.00, real=0.01 secs] 
Heap after GC invocations=44 (full 7):
 PSYoungGen      total 292352K, used 288K [0x00000000eab00000, 0x0000000100000000, 0x0000000100000000)
  eden space 236544K, 0% used [0x00000000eab00000,0x00000000eab00000,0x00000000f9200000)
  from space 55808K, 0% used [0x00000000f9200000,0x00000000f9248000,0x00000000fc880000)
  to   space 56832K, 0% used [0x00000000fc880000,0x00000000fc880000,0x0000000100000000)
 ParOldGen       total 699392K, used 46992K [0x00000000c0000000, 0x00000000eab00000, 0x00000000eab00000)
  object space 699392K, 6% used [0x00000000c0000000,0x00000000c2de40b8,0x00000000eab00000)
 Metaspace       used 128867K, capacity 129962K, committed 131072K, reserved 1165312K
  class space    used 15444K, capacity 15841K, committed 16128K, reserved 1048576K
}
{Heap before GC invocations=45 (full 8):
 PSYoungGen      total 292352K, used 288K [0x00000000eab00000, 0x0000000100000000, 0x0000000100000000)
  eden space 236544K, 0% used [0x00000000eab00000,0x00000000eab00000,0x00000000f9200000)
  from space 55808K, 0% used [0x00000000f9200000,0x00000000f9248000,0x00000000fc880000)
  to   space 56832K, 0% used [0x00000000fc880000,0x00000000fc880000,0x0000000100000000)
 ParOldGen       total 699392K, used 46992K [0x00000000c0000000, 0x00000000eab00000, 0x00000000eab00000)
  object space 699392K, 6% used [0x00000000c0000000,0x00000000c2de40b8,0x00000000eab00000)
 Metaspace       used 128867K, capacity 129962K, committed 131072K, reserved 1165312K
  class space    used 15444K, capacity 15841K, committed 16128K, reserved 1048576K
2845.702: [Full GC (Metadata GC Threshold) [PSYoungGen: 288K->0K(292352K)] [ParOldGen: 46992K->42043K(699392K)] 47280K->42043K(991744K), [Metaspace: 128867K->128867K(1165312K)], 0.0949691 secs] [Times: user=0.24 sys=0.00, real=0.09 secs] 
Heap after GC invocations=45 (full 8):
 PSYoungGen      total 292352K, used 0K [0x00000000eab00000, 0x0000000100000000, 0x0000000100000000)
  eden space 236544K, 0% used [0x00000000eab00000,0x00000000eab00000,0x00000000f9200000)
  from space 55808K, 0% used [0x00000000f9200000,0x00000000f9200000,0x00000000fc880000)
  to   space 56832K, 0% used [0x00000000fc880000,0x00000000fc880000,0x0000000100000000)
 ParOldGen       total 699392K, used 42043K [0x00000000c0000000, 0x00000000eab00000, 0x00000000eab00000)
  object space 699392K, 6% used [0x00000000c0000000,0x00000000c290edd0,0x00000000eab00000)
 Metaspace       used 128867K, capacity 129962K, committed 131072K, reserved 1165312K
  class space    used 15444K, capacity 15841K, committed 16128K, reserved 1048576K
}
{Heap before GC invocations=46 (full 8):
 PSYoungGen      total 292352K, used 0K [0x00000000eab00000, 0x0000000100000000, 0x0000000100000000)
  eden space 236544K, 0% used [0x00000000eab00000,0x00000000eab00000,0x00000000f9200000)
  from space 55808K, 0% used [0x00000000f9200000,0x00000000f9200000,0x00000000fc880000)
  to   space 56832K, 0% used [0x00000000fc880000,0x00000000fc880000,0x0000000100000000)
 ParOldGen       total 699392K, used 42043K [0x00000000c0000000, 0x00000000eab00000, 0x00000000eab00000)
  object space 699392K, 6% used [0x00000000c0000000,0x00000000c290edd0,0x00000000eab00000)
 Metaspace       used 128867K, capacity 129962K, committed 131072K, reserved 1165312K
  class space    used 15444K, capacity 15841K, committed 16128K, reserved 1048576K
2845.797: [GC (Last ditch collection) [PSYoungGen: 0K->0K(292352K)] 42043K->42043K(991744K), 0.0028294 secs] [Times: user=0.00 sys=0.01, real=0.00 secs] 
Heap after GC invocations=46 (full 8):
 PSYoungGen      total 292352K, used 0K [0x00000000eab00000, 0x0000000100000000, 0x0000000100000000)
  eden space 235520K, 0% used [0x00000000eab00000,0x00000000eab00000,0x00000000f9100000)
  from space 56832K, 0% used [0x00000000fc880000,0x00000000fc880000,0x0000000100000000)
  to   space 56832K, 0% used [0x00000000f9100000,0x00000000f9100000,0x00000000fc880000)
 ParOldGen       total 699392K, used 42043K [0x00000000c0000000, 0x00000000eab00000, 0x00000000eab00000)
  object space 699392K, 6% used [0x00000000c0000000,0x00000000c290edd0,0x00000000eab00000)
 Metaspace       used 128867K, capacity 129962K, committed 131072K, reserved 1165312K
  class space    used 15444K, capacity 15841K, committed 16128K, reserved 1048576K
}
{Heap before GC invocations=47 (full 9):
 PSYoungGen      total 292352K, used 0K [0x00000000eab00000, 0x0000000100000000, 0x0000000100000000)
  eden space 235520K, 0% used [0x00000000eab00000,0x00000000eab00000,0x00000000f9100000)
  from space 56832K, 0% used [0x00000000fc880000,0x00000000fc880000,0x0000000100000000)
  to   space 56832K, 0% used [0x00000000f9100000,0x00000000f9100000,0x00000000fc880000)
 ParOldGen       total 699392K, used 42043K [0x00000000c0000000, 0x00000000eab00000, 0x00000000eab00000)
  object space 699392K, 6% used [0x00000000c0000000,0x00000000c290edd0,0x00000000eab00000)
 Metaspace       used 128867K, capacity 129962K, committed 131072K, reserved 1165312K
  class space    used 15444K, capacity 15841K, committed 16128K, reserved 1048576K
2845.800: [Full GC (Last ditch collection) [PSYoungGen: 0K->0K(292352K)] [ParOldGen: 42043K->41086K(699392K)] 42043K->41086K(991744K), [Metaspace: 128867K->128772K(1165312K)], 0.2535594 secs] [Times: user=0.66 sys=0.00, real=0.26 secs] 
Heap after GC invocations=47 (full 9):
 PSYoungGen      total 292352K, used 0K [0x00000000eab00000, 0x0000000100000000, 0x0000000100000000)
  eden space 235520K, 0% used [0x00000000eab00000,0x00000000eab00000,0x00000000f9100000)
  from space 56832K, 0% used [0x00000000fc880000,0x00000000fc880000,0x0000000100000000)
  to   space 56832K, 0% used [0x00000000f9100000,0x00000000f9100000,0x00000000fc880000)
 ParOldGen       total 699392K, used 41086K [0x00000000c0000000, 0x00000000eab00000, 0x00000000eab00000)
  object space 699392K, 5% used [0x00000000c0000000,0x00000000c281fba0,0x00000000eab00000)
 Metaspace       used 128772K, capacity 129806K, committed 131072K, reserved 1165312K
  class space    used 15430K, capacity 15815K, committed 16128K, reserved 1048576K
}
{Heap before GC invocations=48 (full 9):
 PSYoungGen      total 292352K, used 14K [0x00000000eab00000, 0x0000000100000000, 0x0000000100000000)
  eden space 235520K, 0% used [0x00000000eab00000,0x00000000eab03978,0x00000000f9100000)
  from space 56832K, 0% used [0x00000000fc880000,0x00000000fc880000,0x0000000100000000)
  to   space 56832K, 0% used [0x00000000f9100000,0x00000000f9100000,0x00000000fc880000)
 ParOldGen       total 699392K, used 41086K [0x00000000c0000000, 0x00000000eab00000, 0x00000000eab00000)
  object space 699392K, 5% used [0x00000000c0000000,0x00000000c281fba0,0x00000000eab00000)
 Metaspace       used 128776K, capacity 129806K, committed 131072K, reserved 1165312K
  class space    used 15430K, capacity 15815K, committed 16128K, reserved 1048576K
2846.396: [GC (Metadata GC Threshold) [PSYoungGen: 14K->64K(292352K)] 41101K->41150K(991744K), 0.0027314 secs] [Times: user=0.01 sys=0.00, real=0.00 secs] 
Heap after GC invocations=48 (full 9):
 PSYoungGen      total 292352K, used 64K [0x00000000eab00000, 0x0000000100000000, 0x0000000100000000)
  eden space 235520K, 0% used [0x00000000eab00000,0x00000000eab00000,0x00000000f9100000)
  from space 56832K, 0% used [0x00000000f9100000,0x00000000f9110000,0x00000000fc880000)
  to   space 56320K, 0% used [0x00000000fc900000,0x00000000fc900000,0x0000000100000000)
 ParOldGen       total 699392K, used 41086K [0x00000000c0000000, 0x00000000eab00000, 0x00000000eab00000)
  object space 699392K, 5% used [0x00000000c0000000,0x00000000c281fba0,0x00000000eab00000)
 Metaspace       used 128776K, capacity 129806K, committed 131072K, reserved 1165312K
  class space    used 15430K, capacity 15815K, committed 16128K, reserved 1048576K
}
{Heap before GC invocations=49 (full 10):
 PSYoungGen      total 292352K, used 64K [0x00000000eab00000, 0x0000000100000000, 0x0000000100000000)
  eden space 235520K, 0% used [0x00000000eab00000,0x00000000eab00000,0x00000000f9100000)
  from space 56832K, 0% used [0x00000000f9100000,0x00000000f9110000,0x00000000fc880000)
  to   space 56320K, 0% used [0x00000000fc900000,0x00000000fc900000,0x0000000100000000)
 ParOldGen       total 699392K, used 41086K [0x00000000c0000000, 0x00000000eab00000, 0x00000000eab00000)
  object space 699392K, 5% used [0x00000000c0000000,0x00000000c281fba0,0x00000000eab00000)
 Metaspace       used 128776K, capacity 129806K, committed 131072K, reserved 1165312K
  class space    used 15430K, capacity 15815K, committed 16128K, reserved 1048576K
2846.399: [Full GC (Metadata GC Threshold) [PSYoungGen: 64K->0K(292352K)] [ParOldGen: 41086K->15942K(699392K)] 41150K->15942K(991744K), [Metaspace: 128776K->39083K(1148928K)], 0.0925668 secs] [Times: user=0.14 sys=0.00, real=0.09 secs] 
