Java HotSpot(TM) 64-Bit Server VM (25.121-b13) for linux-amd64 JRE (1.8.0_121-b13), built on Dec 12 2016 16:36:53 by "java_re" with gcc 4.3.0 20080428 (Red Hat 4.3.0-8)
Memory: 4k page, physical 8035332k(2424400k free), swap 3999740k(3999740k free)
CommandLine flags: -XX:+HeapDumpOnOutOfMemoryError -XX:HeapDumpPath=../../../instances/tomcat8/logs/tomcat8_java_pid_20170821105320.hprof -XX:InitialHeapSize=1073741824 -XX:+ManagementServer -XX:MaxHeapSize=1073741824 -XX:MaxMetaspaceSize=268435456 -XX:MetaspaceSize=268435456 -XX:+PrintGC -XX:+PrintGCDetails -XX:+PrintGCTimeStamps -XX:+PrintHeapAtGC -XX:+UseCompressedClassPointers -XX:+UseCompressedOops -XX:+UseParallelGC -XX:+UseParallelOldGC 
{Heap before GC invocations=1 (full 0):
 PSYoungGen      total 305664K, used 262144K [0x00000000eab00000, 0x0000000100000000, 0x0000000100000000)
  eden space 262144K, 100% used [0x00000000eab00000,0x00000000fab00000,0x00000000fab00000)
  from space 43520K, 0% used [0x00000000fd580000,0x00000000fd580000,0x0000000100000000)
  to   space 43520K, 0% used [0x00000000fab00000,0x00000000fab00000,0x00000000fd580000)
 ParOldGen       total 699392K, used 0K [0x00000000c0000000, 0x00000000eab00000, 0x00000000eab00000)
  object space 699392K, 0% used [0x00000000c0000000,0x00000000c0000000,0x00000000eab00000)
 Metaspace       used 16716K, capacity 17070K, committed 17152K, reserved 1064960K
  class space    used 1893K, capacity 2031K, committed 2048K, reserved 1048576K
1.757: [GC (Allocation Failure) [PSYoungGen: 262144K->38749K(305664K)] 262144K->38829K(1005056K), 0.0372602 secs] [Times: user=0.12 sys=0.01, real=0.04 secs] 
Heap after GC invocations=1 (full 0):
 PSYoungGen      total 305664K, used 38749K [0x00000000eab00000, 0x0000000100000000, 0x0000000100000000)
  eden space 262144K, 0% used [0x00000000eab00000,0x00000000eab00000,0x00000000fab00000)
  from space 43520K, 89% used [0x00000000fab00000,0x00000000fd0d7728,0x00000000fd580000)
  to   space 43520K, 0% used [0x00000000fd580000,0x00000000fd580000,0x0000000100000000)
 ParOldGen       total 699392K, used 80K [0x00000000c0000000, 0x00000000eab00000, 0x00000000eab00000)
  object space 699392K, 0% used [0x00000000c0000000,0x00000000c0014010,0x00000000eab00000)
 Metaspace       used 16716K, capacity 17070K, committed 17152K, reserved 1064960K
  class space    used 1893K, capacity 2031K, committed 2048K, reserved 1048576K
}
{Heap before GC invocations=2 (full 0):
 PSYoungGen      total 305664K, used 300893K [0x00000000eab00000, 0x0000000100000000, 0x0000000100000000)
  eden space 262144K, 100% used [0x00000000eab00000,0x00000000fab00000,0x00000000fab00000)
  from space 43520K, 89% used [0x00000000fab00000,0x00000000fd0d7728,0x00000000fd580000)
  to   space 43520K, 0% used [0x00000000fd580000,0x00000000fd580000,0x0000000100000000)
 ParOldGen       total 699392K, used 80K [0x00000000c0000000, 0x00000000eab00000, 0x00000000eab00000)
  object space 699392K, 0% used [0x00000000c0000000,0x00000000c0014010,0x00000000eab00000)
 Metaspace       used 28708K, capacity 29136K, committed 29440K, reserved 1075200K
  class space    used 3420K, capacity 3560K, committed 3584K, reserved 1048576K
4.554: [GC (Allocation Failure) [PSYoungGen: 300893K->33189K(305664K)] 300973K->33293K(1005056K), 0.0495599 secs] [Times: user=0.11 sys=0.02, real=0.05 secs] 
Heap after GC invocations=2 (full 0):
 PSYoungGen      total 305664K, used 33189K [0x00000000eab00000, 0x0000000100000000, 0x0000000100000000)
  eden space 262144K, 0% used [0x00000000eab00000,0x00000000eab00000,0x00000000fab00000)
  from space 43520K, 76% used [0x00000000fd580000,0x00000000ff5e9608,0x0000000100000000)
  to   space 43520K, 0% used [0x00000000fab00000,0x00000000fab00000,0x00000000fd580000)
 ParOldGen       total 699392K, used 104K [0x00000000c0000000, 0x00000000eab00000, 0x00000000eab00000)
  object space 699392K, 0% used [0x00000000c0000000,0x00000000c001a010,0x00000000eab00000)
 Metaspace       used 28708K, capacity 29136K, committed 29440K, reserved 1075200K
  class space    used 3420K, capacity 3560K, committed 3584K, reserved 1048576K
}
{Heap before GC invocations=3 (full 0):
 PSYoungGen      total 305664K, used 295333K [0x00000000eab00000, 0x0000000100000000, 0x0000000100000000)
  eden space 262144K, 100% used [0x00000000eab00000,0x00000000fab00000,0x00000000fab00000)
  from space 43520K, 76% used [0x00000000fd580000,0x00000000ff5e9608,0x0000000100000000)
  to   space 43520K, 0% used [0x00000000fab00000,0x00000000fab00000,0x00000000fd580000)
 ParOldGen       total 699392K, used 104K [0x00000000c0000000, 0x00000000eab00000, 0x00000000eab00000)
  object space 699392K, 0% used [0x00000000c0000000,0x00000000c001a010,0x00000000eab00000)
 Metaspace       used 37108K, capacity 37746K, committed 38016K, reserved 1083392K
  class space    used 4405K, capacity 4626K, committed 4736K, reserved 1048576K
1829.846: [GC (Allocation Failure) [PSYoungGen: 295333K->27082K(305664K)] 295437K->27202K(1005056K), 0.0382386 secs] [Times: user=0.08 sys=0.00, real=0.04 secs] 
Heap after GC invocations=3 (full 0):
 PSYoungGen      total 305664K, used 27082K [0x00000000eab00000, 0x0000000100000000, 0x0000000100000000)
  eden space 262144K, 0% used [0x00000000eab00000,0x00000000eab00000,0x00000000fab00000)
  from space 43520K, 62% used [0x00000000fab00000,0x00000000fc572948,0x00000000fd580000)
  to   space 43520K, 0% used [0x00000000fd580000,0x00000000fd580000,0x0000000100000000)
 ParOldGen       total 699392K, used 120K [0x00000000c0000000, 0x00000000eab00000, 0x00000000eab00000)
  object space 699392K, 0% used [0x00000000c0000000,0x00000000c001e010,0x00000000eab00000)
 Metaspace       used 37108K, capacity 37746K, committed 38016K, reserved 1083392K
  class space    used 4405K, capacity 4626K, committed 4736K, reserved 1048576K
}
{Heap before GC invocations=4 (full 0):
 PSYoungGen      total 305664K, used 289226K [0x00000000eab00000, 0x0000000100000000, 0x0000000100000000)
  eden space 262144K, 100% used [0x00000000eab00000,0x00000000fab00000,0x00000000fab00000)
  from space 43520K, 62% used [0x00000000fab00000,0x00000000fc572948,0x00000000fd580000)
  to   space 43520K, 0% used [0x00000000fd580000,0x00000000fd580000,0x0000000100000000)
 ParOldGen       total 699392K, used 120K [0x00000000c0000000, 0x00000000eab00000, 0x00000000eab00000)
  object space 699392K, 0% used [0x00000000c0000000,0x00000000c001e010,0x00000000eab00000)
 Metaspace       used 37636K, capacity 38422K, committed 38528K, reserved 1083392K
  class space    used 4447K, capacity 4674K, committed 4736K, reserved 1048576K
19996.061: [GC (Allocation Failure) [PSYoungGen: 289226K->18650K(305664K)] 289346K->18778K(1005056K), 0.0305370 secs] [Times: user=0.07 sys=0.00, real=0.03 secs] 
Heap after GC invocations=4 (full 0):
 PSYoungGen      total 305664K, used 18650K [0x00000000eab00000, 0x0000000100000000, 0x0000000100000000)
  eden space 262144K, 0% used [0x00000000eab00000,0x00000000eab00000,0x00000000fab00000)
  from space 43520K, 42% used [0x00000000fd580000,0x00000000fe7b6b28,0x0000000100000000)
  to   space 43520K, 0% used [0x00000000fab00000,0x00000000fab00000,0x00000000fd580000)
 ParOldGen       total 699392K, used 128K [0x00000000c0000000, 0x00000000eab00000, 0x00000000eab00000)
  object space 699392K, 0% used [0x00000000c0000000,0x00000000c0020010,0x00000000eab00000)
 Metaspace       used 37636K, capacity 38422K, committed 38528K, reserved 1083392K
  class space    used 4447K, capacity 4674K, committed 4736K, reserved 1048576K
}
Heap
 PSYoungGen      total 305664K, used 208939K [0x00000000eab00000, 0x0000000100000000, 0x0000000100000000)
  eden space 262144K, 72% used [0x00000000eab00000,0x00000000f64d42a8,0x00000000fab00000)
  from space 43520K, 42% used [0x00000000fd580000,0x00000000fe7b6b28,0x0000000100000000)
  to   space 43520K, 0% used [0x00000000fab00000,0x00000000fab00000,0x00000000fd580000)
 ParOldGen       total 699392K, used 128K [0x00000000c0000000, 0x00000000eab00000, 0x00000000eab00000)
  object space 699392K, 0% used [0x00000000c0000000,0x00000000c0020010,0x00000000eab00000)
 Metaspace       used 38176K, capacity 39132K, committed 39424K, reserved 1083392K
  class space    used 4514K, capacity 4767K, committed 4864K, reserved 1048576K
