Java HotSpot(TM) 64-Bit Server VM (25.121-b13) for linux-amd64 JRE (1.8.0_121-b13), built on Dec 12 2016 16:36:53 by "java_re" with gcc 4.3.0 20080428 (Red Hat 4.3.0-8)
Memory: 4k page, physical 8035332k(2396804k free), swap 3999740k(3999740k free)
CommandLine flags: -XX:+HeapDumpOnOutOfMemoryError -XX:HeapDumpPath=../../../instances/tomcat8/logs/tomcat8_java_pid_20170815193931.hprof -XX:InitialHeapSize=1073741824 -XX:+ManagementServer -XX:MaxHeapSize=1073741824 -XX:MaxMetaspaceSize=134217728 -XX:MetaspaceSize=134217728 -XX:+PrintGC -XX:+PrintGCDetails -XX:+PrintGCTimeStamps -XX:+PrintHeapAtGC -XX:+UseCompressedClassPointers -XX:+UseCompressedOops -XX:+UseParallelGC -XX:+UseParallelOldGC 
{Heap before GC invocations=1 (full 0):
 PSYoungGen      total 305664K, used 262144K [0x00000000eab00000, 0x0000000100000000, 0x0000000100000000)
  eden space 262144K, 100% used [0x00000000eab00000,0x00000000fab00000,0x00000000fab00000)
  from space 43520K, 0% used [0x00000000fd580000,0x00000000fd580000,0x0000000100000000)
  to   space 43520K, 0% used [0x00000000fab00000,0x00000000fab00000,0x00000000fd580000)
 ParOldGen       total 699392K, used 0K [0x00000000c0000000, 0x00000000eab00000, 0x00000000eab00000)
  object space 699392K, 0% used [0x00000000c0000000,0x00000000c0000000,0x00000000eab00000)
 Metaspace       used 16683K, capacity 17000K, committed 17152K, reserved 1064960K
  class space    used 1892K, capacity 2030K, committed 2048K, reserved 1048576K
1.606: [GC (Allocation Failure) [PSYoungGen: 262144K->38780K(305664K)] 262144K->38868K(1005056K), 0.0261085 secs] [Times: user=0.05 sys=0.03, real=0.03 secs] 
Heap after GC invocations=1 (full 0):
 PSYoungGen      total 305664K, used 38780K [0x00000000eab00000, 0x0000000100000000, 0x0000000100000000)
  eden space 262144K, 0% used [0x00000000eab00000,0x00000000eab00000,0x00000000fab00000)
  from space 43520K, 89% used [0x00000000fab00000,0x00000000fd0df0c0,0x00000000fd580000)
  to   space 43520K, 0% used [0x00000000fd580000,0x00000000fd580000,0x0000000100000000)
 ParOldGen       total 699392K, used 88K [0x00000000c0000000, 0x00000000eab00000, 0x00000000eab00000)
  object space 699392K, 0% used [0x00000000c0000000,0x00000000c0016010,0x00000000eab00000)
 Metaspace       used 16683K, capacity 17000K, committed 17152K, reserved 1064960K
  class space    used 1892K, capacity 2030K, committed 2048K, reserved 1048576K
}
{Heap before GC invocations=2 (full 0):
 PSYoungGen      total 305664K, used 300924K [0x00000000eab00000, 0x0000000100000000, 0x0000000100000000)
  eden space 262144K, 100% used [0x00000000eab00000,0x00000000fab00000,0x00000000fab00000)
  from space 43520K, 89% used [0x00000000fab00000,0x00000000fd0df0c0,0x00000000fd580000)
  to   space 43520K, 0% used [0x00000000fd580000,0x00000000fd580000,0x0000000100000000)
 ParOldGen       total 699392K, used 88K [0x00000000c0000000, 0x00000000eab00000, 0x00000000eab00000)
  object space 699392K, 0% used [0x00000000c0000000,0x00000000c0016010,0x00000000eab00000)
 Metaspace       used 28274K, capacity 28746K, committed 28928K, reserved 1075200K
  class space    used 3361K, capacity 3495K, committed 3584K, reserved 1048576K
3.387: [GC (Allocation Failure) [PSYoungGen: 300924K->32539K(305664K)] 301012K->32643K(1005056K), 0.0395559 secs] [Times: user=0.15 sys=0.00, real=0.04 secs] 
Heap after GC invocations=2 (full 0):
 PSYoungGen      total 305664K, used 32539K [0x00000000eab00000, 0x0000000100000000, 0x0000000100000000)
  eden space 262144K, 0% used [0x00000000eab00000,0x00000000eab00000,0x00000000fab00000)
  from space 43520K, 74% used [0x00000000fd580000,0x00000000ff546f38,0x0000000100000000)
  to   space 43520K, 0% used [0x00000000fab00000,0x00000000fab00000,0x00000000fd580000)
 ParOldGen       total 699392K, used 104K [0x00000000c0000000, 0x00000000eab00000, 0x00000000eab00000)
  object space 699392K, 0% used [0x00000000c0000000,0x00000000c001a010,0x00000000eab00000)
 Metaspace       used 28274K, capacity 28746K, committed 28928K, reserved 1075200K
  class space    used 3361K, capacity 3495K, committed 3584K, reserved 1048576K
}
{Heap before GC invocations=3 (full 0):
 PSYoungGen      total 305664K, used 294683K [0x00000000eab00000, 0x0000000100000000, 0x0000000100000000)
  eden space 262144K, 100% used [0x00000000eab00000,0x00000000fab00000,0x00000000fab00000)
  from space 43520K, 74% used [0x00000000fd580000,0x00000000ff546f38,0x0000000100000000)
  to   space 43520K, 0% used [0x00000000fab00000,0x00000000fab00000,0x00000000fd580000)
 ParOldGen       total 699392K, used 104K [0x00000000c0000000, 0x00000000eab00000, 0x00000000eab00000)
  object space 699392K, 0% used [0x00000000c0000000,0x00000000c001a010,0x00000000eab00000)
 Metaspace       used 44423K, capacity 44960K, committed 45440K, reserved 1089536K
  class space    used 5051K, capacity 5219K, committed 5248K, reserved 1048576K
14.518: [GC (Allocation Failure) [PSYoungGen: 294683K->34044K(305664K)] 294787K->34156K(1005056K), 0.0263283 secs] [Times: user=0.08 sys=0.00, real=0.03 secs] 
Heap after GC invocations=3 (full 0):
 PSYoungGen      total 305664K, used 34044K [0x00000000eab00000, 0x0000000100000000, 0x0000000100000000)
  eden space 262144K, 0% used [0x00000000eab00000,0x00000000eab00000,0x00000000fab00000)
  from space 43520K, 78% used [0x00000000fab00000,0x00000000fcc3f360,0x00000000fd580000)
  to   space 43520K, 0% used [0x00000000fd580000,0x00000000fd580000,0x0000000100000000)
 ParOldGen       total 699392K, used 112K [0x00000000c0000000, 0x00000000eab00000, 0x00000000eab00000)
  object space 699392K, 0% used [0x00000000c0000000,0x00000000c001c010,0x00000000eab00000)
 Metaspace       used 44423K, capacity 44960K, committed 45440K, reserved 1089536K
  class space    used 5051K, capacity 5219K, committed 5248K, reserved 1048576K
}
{Heap before GC invocations=4 (full 0):
 PSYoungGen      total 305664K, used 296188K [0x00000000eab00000, 0x0000000100000000, 0x0000000100000000)
  eden space 262144K, 100% used [0x00000000eab00000,0x00000000fab00000,0x00000000fab00000)
  from space 43520K, 78% used [0x00000000fab00000,0x00000000fcc3f360,0x00000000fd580000)
  to   space 43520K, 0% used [0x00000000fd580000,0x00000000fd580000,0x0000000100000000)
 ParOldGen       total 699392K, used 112K [0x00000000c0000000, 0x00000000eab00000, 0x00000000eab00000)
  object space 699392K, 0% used [0x00000000c0000000,0x00000000c001c010,0x00000000eab00000)
 Metaspace       used 46182K, capacity 46774K, committed 47104K, reserved 1091584K
  class space    used 5206K, capacity 5364K, committed 5376K, reserved 1048576K
83.875: [GC (Allocation Failure) [PSYoungGen: 296188K->43519K(305664K)] 296300K->51114K(1005056K), 0.0735783 secs] [Times: user=0.16 sys=0.00, real=0.07 secs] 
Heap after GC invocations=4 (full 0):
 PSYoungGen      total 305664K, used 43519K [0x00000000eab00000, 0x0000000100000000, 0x0000000100000000)
  eden space 262144K, 0% used [0x00000000eab00000,0x00000000eab00000,0x00000000fab00000)
  from space 43520K, 99% used [0x00000000fd580000,0x00000000ffffff30,0x0000000100000000)
  to   space 43520K, 0% used [0x00000000fab00000,0x00000000fab00000,0x00000000fd580000)
 ParOldGen       total 699392K, used 7594K [0x00000000c0000000, 0x00000000eab00000, 0x00000000eab00000)
  object space 699392K, 1% used [0x00000000c0000000,0x00000000c076a950,0x00000000eab00000)
 Metaspace       used 46182K, capacity 46774K, committed 47104K, reserved 1091584K
  class space    used 5206K, capacity 5364K, committed 5376K, reserved 1048576K
}
{Heap before GC invocations=5 (full 0):
 PSYoungGen      total 305664K, used 305663K [0x00000000eab00000, 0x0000000100000000, 0x0000000100000000)
  eden space 262144K, 100% used [0x00000000eab00000,0x00000000fab00000,0x00000000fab00000)
  from space 43520K, 99% used [0x00000000fd580000,0x00000000ffffff30,0x0000000100000000)
  to   space 43520K, 0% used [0x00000000fab00000,0x00000000fab00000,0x00000000fd580000)
 ParOldGen       total 699392K, used 7594K [0x00000000c0000000, 0x00000000eab00000, 0x00000000eab00000)
  object space 699392K, 1% used [0x00000000c0000000,0x00000000c076a950,0x00000000eab00000)
 Metaspace       used 54729K, capacity 55374K, committed 55808K, reserved 1097728K
  class space    used 6370K, capacity 6534K, committed 6656K, reserved 1048576K
86.867: [GC (Allocation Failure) [PSYoungGen: 305663K->38889K(301056K)] 313258K->46491K(1000448K), 0.0608608 secs] [Times: user=0.21 sys=0.00, real=0.06 secs] 
Heap after GC invocations=5 (full 0):
 PSYoungGen      total 301056K, used 38889K [0x00000000eab00000, 0x0000000100000000, 0x0000000100000000)
  eden space 262144K, 0% used [0x00000000eab00000,0x00000000eab00000,0x00000000fab00000)
  from space 38912K, 99% used [0x00000000fab00000,0x00000000fd0fa428,0x00000000fd100000)
  to   space 48128K, 0% used [0x00000000fd100000,0x00000000fd100000,0x0000000100000000)
 ParOldGen       total 699392K, used 7602K [0x00000000c0000000, 0x00000000eab00000, 0x00000000eab00000)
  object space 699392K, 1% used [0x00000000c0000000,0x00000000c076c950,0x00000000eab00000)
 Metaspace       used 54729K, capacity 55374K, committed 55808K, reserved 1097728K
  class space    used 6370K, capacity 6534K, committed 6656K, reserved 1048576K
}
{Heap before GC invocations=6 (full 0):
 PSYoungGen      total 301056K, used 301033K [0x00000000eab00000, 0x0000000100000000, 0x0000000100000000)
  eden space 262144K, 100% used [0x00000000eab00000,0x00000000fab00000,0x00000000fab00000)
  from space 38912K, 99% used [0x00000000fab00000,0x00000000fd0fa428,0x00000000fd100000)
  to   space 48128K, 0% used [0x00000000fd100000,0x00000000fd100000,0x0000000100000000)
 ParOldGen       total 699392K, used 7602K [0x00000000c0000000, 0x00000000eab00000, 0x00000000eab00000)
  object space 699392K, 1% used [0x00000000c0000000,0x00000000c076c950,0x00000000eab00000)
 Metaspace       used 61595K, capacity 62314K, committed 62848K, reserved 1105920K
  class space    used 7110K, capacity 7282K, committed 7296K, reserved 1048576K
340.784: [GC (Allocation Failure) [PSYoungGen: 301033K->46381K(293888K)] 308635K->53991K(993280K), 0.0288712 secs] [Times: user=0.08 sys=0.00, real=0.03 secs] 
Heap after GC invocations=6 (full 0):
 PSYoungGen      total 293888K, used 46381K [0x00000000eab00000, 0x0000000100000000, 0x0000000100000000)
  eden space 245760K, 0% used [0x00000000eab00000,0x00000000eab00000,0x00000000f9b00000)
  from space 48128K, 96% used [0x00000000fd100000,0x00000000ffe4b430,0x0000000100000000)
  to   space 51712K, 0% used [0x00000000f9b00000,0x00000000f9b00000,0x00000000fcd80000)
 ParOldGen       total 699392K, used 7610K [0x00000000c0000000, 0x00000000eab00000, 0x00000000eab00000)
  object space 699392K, 1% used [0x00000000c0000000,0x00000000c076e950,0x00000000eab00000)
 Metaspace       used 61595K, capacity 62314K, committed 62848K, reserved 1105920K
  class space    used 7110K, capacity 7282K, committed 7296K, reserved 1048576K
}
{Heap before GC invocations=7 (full 0):
 PSYoungGen      total 293888K, used 292141K [0x00000000eab00000, 0x0000000100000000, 0x0000000100000000)
  eden space 245760K, 100% used [0x00000000eab00000,0x00000000f9b00000,0x00000000f9b00000)
  from space 48128K, 96% used [0x00000000fd100000,0x00000000ffe4b430,0x0000000100000000)
  to   space 51712K, 0% used [0x00000000f9b00000,0x00000000f9b00000,0x00000000fcd80000)
 ParOldGen       total 699392K, used 7610K [0x00000000c0000000, 0x00000000eab00000, 0x00000000eab00000)
  object space 699392K, 1% used [0x00000000c0000000,0x00000000c076e950,0x00000000eab00000)
 Metaspace       used 66564K, capacity 67348K, committed 67840K, reserved 1110016K
  class space    used 7758K, capacity 7932K, committed 7936K, reserved 1048576K
341.831: [GC (Allocation Failure) [PSYoungGen: 292141K->37932K(297472K)] 299751K->58063K(996864K), 0.0458353 secs] [Times: user=0.11 sys=0.03, real=0.04 secs] 
Heap after GC invocations=7 (full 0):
 PSYoungGen      total 297472K, used 37932K [0x00000000eab00000, 0x0000000100000000, 0x0000000100000000)
  eden space 245760K, 0% used [0x00000000eab00000,0x00000000eab00000,0x00000000f9b00000)
  from space 51712K, 73% used [0x00000000f9b00000,0x00000000fc00b178,0x00000000fcd80000)
  to   space 50688K, 0% used [0x00000000fce80000,0x00000000fce80000,0x0000000100000000)
 ParOldGen       total 699392K, used 20131K [0x00000000c0000000, 0x00000000eab00000, 0x00000000eab00000)
  object space 699392K, 2% used [0x00000000c0000000,0x00000000c13a8c10,0x00000000eab00000)
 Metaspace       used 66564K, capacity 67348K, committed 67840K, reserved 1110016K
  class space    used 7758K, capacity 7932K, committed 7936K, reserved 1048576K
}
{Heap before GC invocations=8 (full 0):
 PSYoungGen      total 297472K, used 283692K [0x00000000eab00000, 0x0000000100000000, 0x0000000100000000)
  eden space 245760K, 100% used [0x00000000eab00000,0x00000000f9b00000,0x00000000f9b00000)
  from space 51712K, 73% used [0x00000000f9b00000,0x00000000fc00b178,0x00000000fcd80000)
  to   space 50688K, 0% used [0x00000000fce80000,0x00000000fce80000,0x0000000100000000)
 ParOldGen       total 699392K, used 20131K [0x00000000c0000000, 0x00000000eab00000, 0x00000000eab00000)
  object space 699392K, 2% used [0x00000000c0000000,0x00000000c13a8c10,0x00000000eab00000)
 Metaspace       used 76960K, capacity 77744K, committed 78336K, reserved 1118208K
  class space    used 9011K, capacity 9191K, committed 9216K, reserved 1048576K
534.715: [GC (Allocation Failure) [PSYoungGen: 283692K->21606K(294400K)] 303823K->47182K(993792K), 0.0400984 secs] [Times: user=0.13 sys=0.00, real=0.04 secs] 
Heap after GC invocations=8 (full 0):
 PSYoungGen      total 294400K, used 21606K [0x00000000eab00000, 0x0000000100000000, 0x0000000100000000)
  eden space 243712K, 0% used [0x00000000eab00000,0x00000000eab00000,0x00000000f9900000)
  from space 50688K, 42% used [0x00000000fce80000,0x00000000fe399b68,0x0000000100000000)
  to   space 52736K, 0% used [0x00000000f9900000,0x00000000f9900000,0x00000000fcc80000)
 ParOldGen       total 699392K, used 25575K [0x00000000c0000000, 0x00000000eab00000, 0x00000000eab00000)
  object space 699392K, 3% used [0x00000000c0000000,0x00000000c18f9f00,0x00000000eab00000)
 Metaspace       used 76960K, capacity 77744K, committed 78336K, reserved 1118208K
  class space    used 9011K, capacity 9191K, committed 9216K, reserved 1048576K
}
{Heap before GC invocations=9 (full 0):
 PSYoungGen      total 294400K, used 265318K [0x00000000eab00000, 0x0000000100000000, 0x0000000100000000)
  eden space 243712K, 100% used [0x00000000eab00000,0x00000000f9900000,0x00000000f9900000)
  from space 50688K, 42% used [0x00000000fce80000,0x00000000fe399b68,0x0000000100000000)
  to   space 52736K, 0% used [0x00000000f9900000,0x00000000f9900000,0x00000000fcc80000)
 ParOldGen       total 699392K, used 25575K [0x00000000c0000000, 0x00000000eab00000, 0x00000000eab00000)
  object space 699392K, 3% used [0x00000000c0000000,0x00000000c18f9f00,0x00000000eab00000)
 Metaspace       used 77025K, capacity 77892K, committed 78592K, reserved 1118208K
  class space    used 9016K, capacity 9195K, committed 9216K, reserved 1048576K
616.051: [GC (Allocation Failure) [PSYoungGen: 265318K->41040K(296448K)] 290894K->70926K(995840K), 0.0330043 secs] [Times: user=0.09 sys=0.00, real=0.03 secs] 
Heap after GC invocations=9 (full 0):
 PSYoungGen      total 296448K, used 41040K [0x00000000eab00000, 0x0000000100000000, 0x0000000100000000)
  eden space 243712K, 0% used [0x00000000eab00000,0x00000000eab00000,0x00000000f9900000)
  from space 52736K, 77% used [0x00000000f9900000,0x00000000fc114350,0x00000000fcc80000)
  to   space 52736K, 0% used [0x00000000fcc80000,0x00000000fcc80000,0x0000000100000000)
 ParOldGen       total 699392K, used 29885K [0x00000000c0000000, 0x00000000eab00000, 0x00000000eab00000)
  object space 699392K, 4% used [0x00000000c0000000,0x00000000c1d2f7f8,0x00000000eab00000)
 Metaspace       used 77025K, capacity 77892K, committed 78592K, reserved 1118208K
  class space    used 9016K, capacity 9195K, committed 9216K, reserved 1048576K
}
{Heap before GC invocations=10 (full 0):
 PSYoungGen      total 296448K, used 284752K [0x00000000eab00000, 0x0000000100000000, 0x0000000100000000)
  eden space 243712K, 100% used [0x00000000eab00000,0x00000000f9900000,0x00000000f9900000)
  from space 52736K, 77% used [0x00000000f9900000,0x00000000fc114350,0x00000000fcc80000)
  to   space 52736K, 0% used [0x00000000fcc80000,0x00000000fcc80000,0x0000000100000000)
 ParOldGen       total 699392K, used 29885K [0x00000000c0000000, 0x00000000eab00000, 0x00000000eab00000)
  object space 699392K, 4% used [0x00000000c0000000,0x00000000c1d2f7f8,0x00000000eab00000)
 Metaspace       used 87636K, capacity 88530K, committed 89216K, reserved 1128448K
  class space    used 10398K, capacity 10582K, committed 10624K, reserved 1048576K
618.741: [GC (Allocation Failure) [PSYoungGen: 284752K->18466K(292352K)] 314638K->52621K(991744K), 0.0210278 secs] [Times: user=0.06 sys=0.00, real=0.02 secs] 
Heap after GC invocations=10 (full 0):
 PSYoungGen      total 292352K, used 18466K [0x00000000eab00000, 0x0000000100000000, 0x0000000100000000)
  eden space 239616K, 0% used [0x00000000eab00000,0x00000000eab00000,0x00000000f9500000)
  from space 52736K, 35% used [0x00000000fcc80000,0x00000000fde88bb0,0x0000000100000000)
  to   space 54784K, 0% used [0x00000000f9500000,0x00000000f9500000,0x00000000fca80000)
 ParOldGen       total 699392K, used 34154K [0x00000000c0000000, 0x00000000eab00000, 0x00000000eab00000)
  object space 699392K, 4% used [0x00000000c0000000,0x00000000c215a928,0x00000000eab00000)
 Metaspace       used 87636K, capacity 88530K, committed 89216K, reserved 1128448K
  class space    used 10398K, capacity 10582K, committed 10624K, reserved 1048576K
}
{Heap before GC invocations=11 (full 0):
 PSYoungGen      total 292352K, used 258082K [0x00000000eab00000, 0x0000000100000000, 0x0000000100000000)
  eden space 239616K, 100% used [0x00000000eab00000,0x00000000f9500000,0x00000000f9500000)
  from space 52736K, 35% used [0x00000000fcc80000,0x00000000fde88bb0,0x0000000100000000)
  to   space 54784K, 0% used [0x00000000f9500000,0x00000000f9500000,0x00000000fca80000)
 ParOldGen       total 699392K, used 34154K [0x00000000c0000000, 0x00000000eab00000, 0x00000000eab00000)
  object space 699392K, 4% used [0x00000000c0000000,0x00000000c215a928,0x00000000eab00000)
 Metaspace       used 92449K, capacity 93458K, committed 94080K, reserved 1132544K
  class space    used 10926K, capacity 11117K, committed 11136K, reserved 1048576K
718.694: [GC (Allocation Failure) [PSYoungGen: 258082K->25098K(294400K)] 292237K->62148K(993792K), 0.0163796 secs] [Times: user=0.02 sys=0.02, real=0.02 secs] 
Heap after GC invocations=11 (full 0):
 PSYoungGen      total 294400K, used 25098K [0x00000000eab00000, 0x0000000100000000, 0x0000000100000000)
  eden space 239616K, 0% used [0x00000000eab00000,0x00000000eab00000,0x00000000f9500000)
  from space 54784K, 45% used [0x00000000f9500000,0x00000000fad82a00,0x00000000fca80000)
  to   space 54784K, 0% used [0x00000000fca80000,0x00000000fca80000,0x0000000100000000)
 ParOldGen       total 699392K, used 37050K [0x00000000c0000000, 0x00000000eab00000, 0x00000000eab00000)
  object space 699392K, 5% used [0x00000000c0000000,0x00000000c242e938,0x00000000eab00000)
 Metaspace       used 92449K, capacity 93458K, committed 94080K, reserved 1132544K
  class space    used 10926K, capacity 11117K, committed 11136K, reserved 1048576K
}
{Heap before GC invocations=12 (full 0):
 PSYoungGen      total 294400K, used 264714K [0x00000000eab00000, 0x0000000100000000, 0x0000000100000000)
  eden space 239616K, 100% used [0x00000000eab00000,0x00000000f9500000,0x00000000f9500000)
  from space 54784K, 45% used [0x00000000f9500000,0x00000000fad82a00,0x00000000fca80000)
  to   space 54784K, 0% used [0x00000000fca80000,0x00000000fca80000,0x0000000100000000)
 ParOldGen       total 699392K, used 37050K [0x00000000c0000000, 0x00000000eab00000, 0x00000000eab00000)
  object space 699392K, 5% used [0x00000000c0000000,0x00000000c242e938,0x00000000eab00000)
 Metaspace       used 97889K, capacity 99004K, committed 99712K, reserved 1136640K
  class space    used 11660K, capacity 11858K, committed 11904K, reserved 1048576K
720.040: [GC (Allocation Failure) [PSYoungGen: 264714K->27572K(295424K)] 301764K->67017K(994816K), 0.0216693 secs] [Times: user=0.04 sys=0.00, real=0.03 secs] 
Heap after GC invocations=12 (full 0):
 PSYoungGen      total 295424K, used 27572K [0x00000000eab00000, 0x0000000100000000, 0x0000000100000000)
  eden space 240640K, 0% used [0x00000000eab00000,0x00000000eab00000,0x00000000f9600000)
  from space 54784K, 50% used [0x00000000fca80000,0x00000000fe56d160,0x0000000100000000)
  to   space 53760K, 0% used [0x00000000f9600000,0x00000000f9600000,0x00000000fca80000)
 ParOldGen       total 699392K, used 39444K [0x00000000c0000000, 0x00000000eab00000, 0x00000000eab00000)
  object space 699392K, 5% used [0x00000000c0000000,0x00000000c26853f8,0x00000000eab00000)
 Metaspace       used 97889K, capacity 99004K, committed 99712K, reserved 1136640K
  class space    used 11660K, capacity 11858K, committed 11904K, reserved 1048576K
}
{Heap before GC invocations=13 (full 0):
 PSYoungGen      total 295424K, used 268212K [0x00000000eab00000, 0x0000000100000000, 0x0000000100000000)
  eden space 240640K, 100% used [0x00000000eab00000,0x00000000f9600000,0x00000000f9600000)
  from space 54784K, 50% used [0x00000000fca80000,0x00000000fe56d160,0x0000000100000000)
  to   space 53760K, 0% used [0x00000000f9600000,0x00000000f9600000,0x00000000fca80000)
 ParOldGen       total 699392K, used 39444K [0x00000000c0000000, 0x00000000eab00000, 0x00000000eab00000)
  object space 699392K, 5% used [0x00000000c0000000,0x00000000c26853f8,0x00000000eab00000)
 Metaspace       used 107694K, capacity 108868K, committed 109568K, reserved 1146880K
  class space    used 12825K, capacity 13024K, committed 13056K, reserved 1048576K
810.326: [GC (Allocation Failure) [PSYoungGen: 268212K->16809K(294400K)] 307657K->57507K(993792K), 0.0264941 secs] [Times: user=0.07 sys=0.00, real=0.03 secs] 
Heap after GC invocations=13 (full 0):
 PSYoungGen      total 294400K, used 16809K [0x00000000eab00000, 0x0000000100000000, 0x0000000100000000)
  eden space 240640K, 0% used [0x00000000eab00000,0x00000000eab00000,0x00000000f9600000)
  from space 53760K, 31% used [0x00000000f9600000,0x00000000fa66a7e0,0x00000000fca80000)
  to   space 54784K, 0% used [0x00000000fca80000,0x00000000fca80000,0x0000000100000000)
 ParOldGen       total 699392K, used 40697K [0x00000000c0000000, 0x00000000eab00000, 0x00000000eab00000)
  object space 699392K, 5% used [0x00000000c0000000,0x00000000c27be520,0x00000000eab00000)
 Metaspace       used 107694K, capacity 108868K, committed 109568K, reserved 1146880K
  class space    used 12825K, capacity 13024K, committed 13056K, reserved 1048576K
}
{Heap before GC invocations=14 (full 0):
 PSYoungGen      total 294400K, used 257449K [0x00000000eab00000, 0x0000000100000000, 0x0000000100000000)
  eden space 240640K, 100% used [0x00000000eab00000,0x00000000f9600000,0x00000000f9600000)
  from space 53760K, 31% used [0x00000000f9600000,0x00000000fa66a7e0,0x00000000fca80000)
  to   space 54784K, 0% used [0x00000000fca80000,0x00000000fca80000,0x0000000100000000)
 ParOldGen       total 699392K, used 40697K [0x00000000c0000000, 0x00000000eab00000, 0x00000000eab00000)
  object space 699392K, 5% used [0x00000000c0000000,0x00000000c27be520,0x00000000eab00000)
 Metaspace       used 107923K, capacity 109186K, committed 110208K, reserved 1146880K
  class space    used 12865K, capacity 13064K, committed 13184K, reserved 1048576K
811.079: [GC (Allocation Failure) [PSYoungGen: 257449K->33275K(295936K)] 298147K->77711K(995328K), 0.0213972 secs] [Times: user=0.03 sys=0.00, real=0.03 secs] 
Heap after GC invocations=14 (full 0):
 PSYoungGen      total 295936K, used 33275K [0x00000000eab00000, 0x0000000100000000, 0x0000000100000000)
  eden space 241152K, 0% used [0x00000000eab00000,0x00000000eab00000,0x00000000f9680000)
  from space 54784K, 60% used [0x00000000fca80000,0x00000000feafee20,0x0000000100000000)
  to   space 53248K, 0% used [0x00000000f9680000,0x00000000f9680000,0x00000000fca80000)
 ParOldGen       total 699392K, used 44435K [0x00000000c0000000, 0x00000000eab00000, 0x00000000eab00000)
  object space 699392K, 6% used [0x00000000c0000000,0x00000000c2b64ee0,0x00000000eab00000)
 Metaspace       used 107923K, capacity 109186K, committed 110208K, reserved 1146880K
  class space    used 12865K, capacity 13064K, committed 13184K, reserved 1048576K
}
{Heap before GC invocations=15 (full 0):
 PSYoungGen      total 295936K, used 274427K [0x00000000eab00000, 0x0000000100000000, 0x0000000100000000)
  eden space 241152K, 100% used [0x00000000eab00000,0x00000000f9680000,0x00000000f9680000)
  from space 54784K, 60% used [0x00000000fca80000,0x00000000feafee20,0x0000000100000000)
  to   space 53248K, 0% used [0x00000000f9680000,0x00000000f9680000,0x00000000fca80000)
 ParOldGen       total 699392K, used 44435K [0x00000000c0000000, 0x00000000eab00000, 0x00000000eab00000)
  object space 699392K, 6% used [0x00000000c0000000,0x00000000c2b64ee0,0x00000000eab00000)
 Metaspace       used 119743K, capacity 120992K, committed 121984K, reserved 1157120K
  class space    used 14395K, capacity 14605K, committed 14720K, reserved 1048576K
814.088: [GC (Allocation Failure) [PSYoungGen: 274427K->17453K(294400K)] 318863K->62576K(993792K), 0.0222776 secs] [Times: user=0.04 sys=0.00, real=0.03 secs] 
Heap after GC invocations=15 (full 0):
 PSYoungGen      total 294400K, used 17453K [0x00000000eab00000, 0x0000000100000000, 0x0000000100000000)
  eden space 241152K, 0% used [0x00000000eab00000,0x00000000eab00000,0x00000000f9680000)
  from space 53248K, 32% used [0x00000000f9680000,0x00000000fa78b650,0x00000000fca80000)
  to   space 53760K, 0% used [0x00000000fcb80000,0x00000000fcb80000,0x0000000100000000)
 ParOldGen       total 699392K, used 45122K [0x00000000c0000000, 0x00000000eab00000, 0x00000000eab00000)
  object space 699392K, 6% used [0x00000000c0000000,0x00000000c2c10b28,0x00000000eab00000)
 Metaspace       used 119743K, capacity 120992K, committed 121984K, reserved 1157120K
  class space    used 14395K, capacity 14605K, committed 14720K, reserved 1048576K
}
{Heap before GC invocations=16 (full 0):
 PSYoungGen      total 294400K, used 258605K [0x00000000eab00000, 0x0000000100000000, 0x0000000100000000)
  eden space 241152K, 100% used [0x00000000eab00000,0x00000000f9680000,0x00000000f9680000)
  from space 53248K, 32% used [0x00000000f9680000,0x00000000fa78b650,0x00000000fca80000)
  to   space 53760K, 0% used [0x00000000fcb80000,0x00000000fcb80000,0x0000000100000000)
 ParOldGen       total 699392K, used 45122K [0x00000000c0000000, 0x00000000eab00000, 0x00000000eab00000)
  object space 699392K, 6% used [0x00000000c0000000,0x00000000c2c10b28,0x00000000eab00000)
 Metaspace       used 123201K, capacity 124548K, committed 125568K, reserved 1159168K
  class space    used 14783K, capacity 14970K, committed 14976K, reserved 1048576K
872.224: [GC (Allocation Failure) [PSYoungGen: 258605K->27397K(296960K)] 303728K->75902K(996352K), 0.0172069 secs] [Times: user=0.04 sys=0.00, real=0.02 secs] 
Heap after GC invocations=16 (full 0):
 PSYoungGen      total 296960K, used 27397K [0x00000000eab00000, 0x0000000100000000, 0x0000000100000000)
  eden space 243200K, 0% used [0x00000000eab00000,0x00000000eab00000,0x00000000f9880000)
  from space 53760K, 50% used [0x00000000fcb80000,0x00000000fe6417e0,0x0000000100000000)
  to   space 52224K, 0% used [0x00000000f9880000,0x00000000f9880000,0x00000000fcb80000)
 ParOldGen       total 699392K, used 48504K [0x00000000c0000000, 0x00000000eab00000, 0x00000000eab00000)
  object space 699392K, 6% used [0x00000000c0000000,0x00000000c2f5e0c8,0x00000000eab00000)
 Metaspace       used 123201K, capacity 124548K, committed 125568K, reserved 1159168K
  class space    used 14783K, capacity 14970K, committed 14976K, reserved 1048576K
}
{Heap before GC invocations=17 (full 0):
 PSYoungGen      total 296960K, used 255489K [0x00000000eab00000, 0x0000000100000000, 0x0000000100000000)
  eden space 243200K, 93% used [0x00000000eab00000,0x00000000f89beea0,0x00000000f9880000)
  from space 53760K, 50% used [0x00000000fcb80000,0x00000000fe6417e0,0x0000000100000000)
  to   space 52224K, 0% used [0x00000000f9880000,0x00000000f9880000,0x00000000fcb80000)
 ParOldGen       total 699392K, used 48504K [0x00000000c0000000, 0x00000000eab00000, 0x00000000eab00000)
  object space 699392K, 6% used [0x00000000c0000000,0x00000000c2f5e0c8,0x00000000eab00000)
 Metaspace       used 128886K, capacity 130196K, committed 131072K, reserved 1165312K
  class space    used 15556K, capacity 15744K, committed 15744K, reserved 1048576K
873.307: [GC (Metadata GC Threshold) [PSYoungGen: 255489K->24022K(295424K)] 303993K->74315K(994816K), 0.0228298 secs] [Times: user=0.06 sys=0.00, real=0.03 secs] 
Heap after GC invocations=17 (full 0):
 PSYoungGen      total 295424K, used 24022K [0x00000000eab00000, 0x0000000100000000, 0x0000000100000000)
  eden space 243200K, 0% used [0x00000000eab00000,0x00000000eab00000,0x00000000f9880000)
  from space 52224K, 45% used [0x00000000f9880000,0x00000000faff5830,0x00000000fcb80000)
  to   space 51200K, 0% used [0x00000000fce00000,0x00000000fce00000,0x0000000100000000)
 ParOldGen       total 699392K, used 50293K [0x00000000c0000000, 0x00000000eab00000, 0x00000000eab00000)
  object space 699392K, 7% used [0x00000000c0000000,0x00000000c311d6b0,0x00000000eab00000)
 Metaspace       used 128886K, capacity 130196K, committed 131072K, reserved 1165312K
  class space    used 15556K, capacity 15744K, committed 15744K, reserved 1048576K
}
{Heap before GC invocations=18 (full 1):
 PSYoungGen      total 295424K, used 24022K [0x00000000eab00000, 0x0000000100000000, 0x0000000100000000)
  eden space 243200K, 0% used [0x00000000eab00000,0x00000000eab00000,0x00000000f9880000)
  from space 52224K, 45% used [0x00000000f9880000,0x00000000faff5830,0x00000000fcb80000)
  to   space 51200K, 0% used [0x00000000fce00000,0x00000000fce00000,0x0000000100000000)
 ParOldGen       total 699392K, used 50293K [0x00000000c0000000, 0x00000000eab00000, 0x00000000eab00000)
  object space 699392K, 7% used [0x00000000c0000000,0x00000000c311d6b0,0x00000000eab00000)
 Metaspace       used 128886K, capacity 130196K, committed 131072K, reserved 1165312K
  class space    used 15556K, capacity 15744K, committed 15744K, reserved 1048576K
873.330: [Full GC (Metadata GC Threshold) [PSYoungGen: 24022K->0K(295424K)] [ParOldGen: 50293K->62735K(699392K)] 74315K->62735K(994816K), [Metaspace: 128886K->128783K(1165312K)], 0.2063121 secs] [Times: user=0.69 sys=0.01, real=0.20 secs] 
Heap after GC invocations=18 (full 1):
 PSYoungGen      total 295424K, used 0K [0x00000000eab00000, 0x0000000100000000, 0x0000000100000000)
  eden space 243200K, 0% used [0x00000000eab00000,0x00000000eab00000,0x00000000f9880000)
  from space 52224K, 0% used [0x00000000f9880000,0x00000000f9880000,0x00000000fcb80000)
  to   space 51200K, 0% used [0x00000000fce00000,0x00000000fce00000,0x0000000100000000)
 ParOldGen       total 699392K, used 62735K [0x00000000c0000000, 0x00000000eab00000, 0x00000000eab00000)
  object space 699392K, 8% used [0x00000000c0000000,0x00000000c3d43f90,0x00000000eab00000)
 Metaspace       used 128783K, capacity 129776K, committed 131072K, reserved 1165312K
  class space    used 15550K, capacity 15732K, committed 15744K, reserved 1048576K
}
{Heap before GC invocations=19 (full 1):
 PSYoungGen      total 295424K, used 0K [0x00000000eab00000, 0x0000000100000000, 0x0000000100000000)
  eden space 243200K, 0% used [0x00000000eab00000,0x00000000eab00000,0x00000000f9880000)
  from space 52224K, 0% used [0x00000000f9880000,0x00000000f9880000,0x00000000fcb80000)
  to   space 51200K, 0% used [0x00000000fce00000,0x00000000fce00000,0x0000000100000000)
 ParOldGen       total 699392K, used 62735K [0x00000000c0000000, 0x00000000eab00000, 0x00000000eab00000)
  object space 699392K, 8% used [0x00000000c0000000,0x00000000c3d43f90,0x00000000eab00000)
 Metaspace       used 128783K, capacity 129776K, committed 131072K, reserved 1165312K
  class space    used 15550K, capacity 15732K, committed 15744K, reserved 1048576K
873.537: [GC (Last ditch collection) [PSYoungGen: 0K->0K(291840K)] 62735K->62735K(991232K), 0.0039544 secs] [Times: user=0.01 sys=0.00, real=0.01 secs] 
Heap after GC invocations=19 (full 1):
 PSYoungGen      total 291840K, used 0K [0x00000000eab00000, 0x0000000100000000, 0x0000000100000000)
  eden space 240640K, 0% used [0x00000000eab00000,0x00000000eab00000,0x00000000f9600000)
  from space 51200K, 0% used [0x00000000fce00000,0x00000000fce00000,0x0000000100000000)
  to   space 54272K, 0% used [0x00000000f9600000,0x00000000f9600000,0x00000000fcb00000)
 ParOldGen       total 699392K, used 62735K [0x00000000c0000000, 0x00000000eab00000, 0x00000000eab00000)
  object space 699392K, 8% used [0x00000000c0000000,0x00000000c3d43f90,0x00000000eab00000)
 Metaspace       used 128783K, capacity 129776K, committed 131072K, reserved 1165312K
  class space    used 15550K, capacity 15732K, committed 15744K, reserved 1048576K
}
{Heap before GC invocations=20 (full 2):
 PSYoungGen      total 291840K, used 0K [0x00000000eab00000, 0x0000000100000000, 0x0000000100000000)
  eden space 240640K, 0% used [0x00000000eab00000,0x00000000eab00000,0x00000000f9600000)
  from space 51200K, 0% used [0x00000000fce00000,0x00000000fce00000,0x0000000100000000)
  to   space 54272K, 0% used [0x00000000f9600000,0x00000000f9600000,0x00000000fcb00000)
 ParOldGen       total 699392K, used 62735K [0x00000000c0000000, 0x00000000eab00000, 0x00000000eab00000)
  object space 699392K, 8% used [0x00000000c0000000,0x00000000c3d43f90,0x00000000eab00000)
 Metaspace       used 128783K, capacity 129776K, committed 131072K, reserved 1165312K
  class space    used 15550K, capacity 15732K, committed 15744K, reserved 1048576K
873.541: [Full GC (Last ditch collection) [PSYoungGen: 0K->0K(291840K)] [ParOldGen: 62735K->59551K(699392K)] 62735K->59551K(991232K), [Metaspace: 128783K->128549K(1165312K)], 0.2283219 secs] [Times: user=0.63 sys=0.00, real=0.23 secs] 
Heap after GC invocations=20 (full 2):
 PSYoungGen      total 291840K, used 0K [0x00000000eab00000, 0x0000000100000000, 0x0000000100000000)
  eden space 240640K, 0% used [0x00000000eab00000,0x00000000eab00000,0x00000000f9600000)
  from space 51200K, 0% used [0x00000000fce00000,0x00000000fce00000,0x0000000100000000)
  to   space 54272K, 0% used [0x00000000f9600000,0x00000000f9600000,0x00000000fcb00000)
 ParOldGen       total 699392K, used 59551K [0x00000000c0000000, 0x00000000eab00000, 0x00000000eab00000)
  object space 699392K, 8% used [0x00000000c0000000,0x00000000c3a27ca8,0x00000000eab00000)
 Metaspace       used 128549K, capacity 129406K, committed 131072K, reserved 1165312K
  class space    used 15513K, capacity 15665K, committed 15744K, reserved 1048576K
}
{Heap before GC invocations=21 (full 2):
 PSYoungGen      total 291840K, used 2430K [0x00000000eab00000, 0x0000000100000000, 0x0000000100000000)
  eden space 240640K, 1% used [0x00000000eab00000,0x00000000ead5f870,0x00000000f9600000)
  from space 51200K, 0% used [0x00000000fce00000,0x00000000fce00000,0x0000000100000000)
  to   space 54272K, 0% used [0x00000000f9600000,0x00000000f9600000,0x00000000fcb00000)
 ParOldGen       total 699392K, used 59551K [0x00000000c0000000, 0x00000000eab00000, 0x00000000eab00000)
  object space 699392K, 8% used [0x00000000c0000000,0x00000000c3a27ca8,0x00000000eab00000)
 Metaspace       used 128550K, capacity 129470K, committed 131072K, reserved 1165312K
  class space    used 15513K, capacity 15665K, committed 15744K, reserved 1048576K
874.138: [GC (Metadata GC Threshold) [PSYoungGen: 2430K->96K(241152K)] 61981K->59647K(940544K), 0.0076397 secs] [Times: user=0.01 sys=0.00, real=0.01 secs] 
Heap after GC invocations=21 (full 2):
 PSYoungGen      total 241152K, used 96K [0x00000000eab00000, 0x0000000100000000, 0x0000000100000000)
  eden space 240640K, 0% used [0x00000000eab00000,0x00000000eab00000,0x00000000f9600000)
  from space 512K, 18% used [0x00000000f9600000,0x00000000f9618000,0x00000000f9680000)
  to   space 55808K, 0% used [0x00000000fc980000,0x00000000fc980000,0x0000000100000000)
 ParOldGen       total 699392K, used 59551K [0x00000000c0000000, 0x00000000eab00000, 0x00000000eab00000)
  object space 699392K, 8% used [0x00000000c0000000,0x00000000c3a27ca8,0x00000000eab00000)
 Metaspace       used 128550K, capacity 129470K, committed 131072K, reserved 1165312K
  class space    used 15513K, capacity 15665K, committed 15744K, reserved 1048576K
}
{Heap before GC invocations=22 (full 3):
 PSYoungGen      total 241152K, used 96K [0x00000000eab00000, 0x0000000100000000, 0x0000000100000000)
  eden space 240640K, 0% used [0x00000000eab00000,0x00000000eab00000,0x00000000f9600000)
  from space 512K, 18% used [0x00000000f9600000,0x00000000f9618000,0x00000000f9680000)
  to   space 55808K, 0% used [0x00000000fc980000,0x00000000fc980000,0x0000000100000000)
 ParOldGen       total 699392K, used 59551K [0x00000000c0000000, 0x00000000eab00000, 0x00000000eab00000)
  object space 699392K, 8% used [0x00000000c0000000,0x00000000c3a27ca8,0x00000000eab00000)
 Metaspace       used 128550K, capacity 129470K, committed 131072K, reserved 1165312K
  class space    used 15513K, capacity 15665K, committed 15744K, reserved 1048576K
874.146: [Full GC (Metadata GC Threshold) [PSYoungGen: 96K->0K(241152K)] [ParOldGen: 59551K->27488K(699392K)] 59647K->27488K(940544K), [Metaspace: 128550K->83780K(1153024K)], 0.2815772 secs] [Times: user=0.72 sys=0.01, real=0.28 secs] 
Heap after GC invocations=22 (full 3):
 PSYoungGen      total 241152K, used 0K [0x00000000eab00000, 0x0000000100000000, 0x0000000100000000)
  eden space 240640K, 0% used [0x00000000eab00000,0x00000000eab00000,0x00000000f9600000)
  from space 512K, 0% used [0x00000000f9600000,0x00000000f9600000,0x00000000f9680000)
  to   space 55808K, 0% used [0x00000000fc980000,0x00000000fc980000,0x0000000100000000)
 ParOldGen       total 699392K, used 27488K [0x00000000c0000000, 0x00000000eab00000, 0x00000000eab00000)
  object space 699392K, 3% used [0x00000000c0000000,0x00000000c1ad8218,0x00000000eab00000)
 Metaspace       used 83780K, capacity 84486K, committed 118784K, reserved 1153024K
  class space    used 9819K, capacity 9953K, committed 15744K, reserved 1048576K
}
{Heap before GC invocations=23 (full 3):
 PSYoungGen      total 241152K, used 240636K [0x00000000eab00000, 0x0000000100000000, 0x0000000100000000)
  eden space 240640K, 99% used [0x00000000eab00000,0x00000000f95ff298,0x00000000f9600000)
  from space 512K, 0% used [0x00000000f9600000,0x00000000f9600000,0x00000000f9680000)
  to   space 55808K, 0% used [0x00000000fc980000,0x00000000fc980000,0x0000000100000000)
 ParOldGen       total 699392K, used 27488K [0x00000000c0000000, 0x00000000eab00000, 0x00000000eab00000)
  object space 699392K, 3% used [0x00000000c0000000,0x00000000c1ad8218,0x00000000eab00000)
 Metaspace       used 93465K, capacity 94270K, committed 118784K, reserved 1153024K
  class space    used 10977K, capacity 11126K, committed 15744K, reserved 1048576K
971.806: [GC (Allocation Failure) [PSYoungGen: 240636K->14413K(294912K)] 268125K->41910K(994304K), 0.0123583 secs] [Times: user=0.03 sys=0.00, real=0.01 secs] 
Heap after GC invocations=23 (full 3):
 PSYoungGen      total 294912K, used 14413K [0x00000000eab00000, 0x0000000100000000, 0x0000000100000000)
  eden space 239104K, 0% used [0x00000000eab00000,0x00000000eab00000,0x00000000f9480000)
  from space 55808K, 25% used [0x00000000fc980000,0x00000000fd7936c8,0x0000000100000000)
  to   space 54272K, 0% used [0x00000000f9480000,0x00000000f9480000,0x00000000fc980000)
 ParOldGen       total 699392K, used 27496K [0x00000000c0000000, 0x00000000eab00000, 0x00000000eab00000)
  object space 699392K, 3% used [0x00000000c0000000,0x00000000c1ada218,0x00000000eab00000)
 Metaspace       used 93465K, capacity 94270K, committed 118784K, reserved 1153024K
  class space    used 10977K, capacity 11126K, committed 15744K, reserved 1048576K
}
{Heap before GC invocations=24 (full 3):
 PSYoungGen      total 294912K, used 253517K [0x00000000eab00000, 0x0000000100000000, 0x0000000100000000)
  eden space 239104K, 100% used [0x00000000eab00000,0x00000000f9480000,0x00000000f9480000)
  from space 55808K, 25% used [0x00000000fc980000,0x00000000fd7936c8,0x0000000100000000)
  to   space 54272K, 0% used [0x00000000f9480000,0x00000000f9480000,0x00000000fc980000)
 ParOldGen       total 699392K, used 27496K [0x00000000c0000000, 0x00000000eab00000, 0x00000000eab00000)
  object space 699392K, 3% used [0x00000000c0000000,0x00000000c1ada218,0x00000000eab00000)
 Metaspace       used 93493K, capacity 94290K, committed 118784K, reserved 1153024K
  class space    used 10981K, capacity 11130K, committed 15744K, reserved 1048576K
972.377: [GC (Allocation Failure) [PSYoungGen: 253517K->42211K(281600K)] 281014K->69708K(980992K), 0.0209178 secs] [Times: user=0.03 sys=0.00, real=0.02 secs] 
Heap after GC invocations=24 (full 3):
 PSYoungGen      total 281600K, used 42211K [0x00000000eab00000, 0x0000000100000000, 0x0000000100000000)
  eden space 239104K, 0% used [0x00000000eab00000,0x00000000eab00000,0x00000000f9480000)
  from space 42496K, 99% used [0x00000000f9480000,0x00000000fbdb8df8,0x00000000fbe00000)
  to   space 58368K, 0% used [0x00000000fc700000,0x00000000fc700000,0x0000000100000000)
 ParOldGen       total 699392K, used 27496K [0x00000000c0000000, 0x00000000eab00000, 0x00000000eab00000)
  object space 699392K, 3% used [0x00000000c0000000,0x00000000c1ada218,0x00000000eab00000)
 Metaspace       used 93493K, capacity 94290K, committed 118784K, reserved 1153024K
  class space    used 10981K, capacity 11130K, committed 15744K, reserved 1048576K
}
{Heap before GC invocations=25 (full 3):
 PSYoungGen      total 281600K, used 281315K [0x00000000eab00000, 0x0000000100000000, 0x0000000100000000)
  eden space 239104K, 100% used [0x00000000eab00000,0x00000000f9480000,0x00000000f9480000)
  from space 42496K, 99% used [0x00000000f9480000,0x00000000fbdb8df8,0x00000000fbe00000)
  to   space 58368K, 0% used [0x00000000fc700000,0x00000000fc700000,0x0000000100000000)
 ParOldGen       total 699392K, used 27496K [0x00000000c0000000, 0x00000000eab00000, 0x00000000eab00000)
  object space 699392K, 3% used [0x00000000c0000000,0x00000000c1ada218,0x00000000eab00000)
 Metaspace       used 105184K, capacity 106048K, committed 118784K, reserved 1153024K
  class space    used 12499K, capacity 12661K, committed 15744K, reserved 1048576K
973.891: [GC (Allocation Failure) [PSYoungGen: 281315K->22355K(293376K)] 308812K->49860K(992768K), 0.0143257 secs] [Times: user=0.04 sys=0.00, real=0.01 secs] 
Heap after GC invocations=25 (full 3):
 PSYoungGen      total 293376K, used 22355K [0x00000000eab00000, 0x0000000100000000, 0x0000000100000000)
  eden space 235008K, 0% used [0x00000000eab00000,0x00000000eab00000,0x00000000f9080000)
  from space 58368K, 38% used [0x00000000fc700000,0x00000000fdcd4df0,0x0000000100000000)
  to   space 55808K, 0% used [0x00000000f9080000,0x00000000f9080000,0x00000000fc700000)
 ParOldGen       total 699392K, used 27504K [0x00000000c0000000, 0x00000000eab00000, 0x00000000eab00000)
  object space 699392K, 3% used [0x00000000c0000000,0x00000000c1adc218,0x00000000eab00000)
 Metaspace       used 105184K, capacity 106048K, committed 118784K, reserved 1153024K
  class space    used 12499K, capacity 12661K, committed 15744K, reserved 1048576K
}
{Heap before GC invocations=26 (full 3):
 PSYoungGen      total 293376K, used 257363K [0x00000000eab00000, 0x0000000100000000, 0x0000000100000000)
  eden space 235008K, 100% used [0x00000000eab00000,0x00000000f9080000,0x00000000f9080000)
  from space 58368K, 38% used [0x00000000fc700000,0x00000000fdcd4df0,0x0000000100000000)
  to   space 55808K, 0% used [0x00000000f9080000,0x00000000f9080000,0x00000000fc700000)
 ParOldGen       total 699392K, used 27504K [0x00000000c0000000, 0x00000000eab00000, 0x00000000eab00000)
  object space 699392K, 3% used [0x00000000c0000000,0x00000000c1adc218,0x00000000eab00000)
 Metaspace       used 108832K, capacity 109792K, committed 118784K, reserved 1153024K
  class space    used 12914K, capacity 13089K, committed 15744K, reserved 1048576K
1065.410: [GC (Allocation Failure) [PSYoungGen: 257363K->32614K(290816K)] 284868K->60126K(990208K), 0.0196830 secs] [Times: user=0.04 sys=0.00, real=0.02 secs] 
Heap after GC invocations=26 (full 3):
 PSYoungGen      total 290816K, used 32614K [0x00000000eab00000, 0x0000000100000000, 0x0000000100000000)
  eden space 235008K, 0% used [0x00000000eab00000,0x00000000eab00000,0x00000000f9080000)
  from space 55808K, 58% used [0x00000000f9080000,0x00000000fb059810,0x00000000fc700000)
  to   space 55296K, 0% used [0x00000000fca00000,0x00000000fca00000,0x0000000100000000)
 ParOldGen       total 699392K, used 27512K [0x00000000c0000000, 0x00000000eab00000, 0x00000000eab00000)
  object space 699392K, 3% used [0x00000000c0000000,0x00000000c1ade218,0x00000000eab00000)
 Metaspace       used 108832K, capacity 109792K, committed 118784K, reserved 1153024K
  class space    used 12914K, capacity 13089K, committed 15744K, reserved 1048576K
}
{Heap before GC invocations=27 (full 3):
 PSYoungGen      total 290816K, used 267622K [0x00000000eab00000, 0x0000000100000000, 0x0000000100000000)
  eden space 235008K, 100% used [0x00000000eab00000,0x00000000f9080000,0x00000000f9080000)
  from space 55808K, 58% used [0x00000000f9080000,0x00000000fb059810,0x00000000fc700000)
  to   space 55296K, 0% used [0x00000000fca00000,0x00000000fca00000,0x0000000100000000)
 ParOldGen       total 699392K, used 27512K [0x00000000c0000000, 0x00000000eab00000, 0x00000000eab00000)
  object space 699392K, 3% used [0x00000000c0000000,0x00000000c1ade218,0x00000000eab00000)
 Metaspace       used 114282K, capacity 115326K, committed 118784K, reserved 1153024K
  class space    used 13653K, capacity 13839K, committed 15744K, reserved 1048576K
1066.319: [GC (Allocation Failure) [PSYoungGen: 267622K->34952K(292864K)] 295134K->62473K(992256K), 0.0242554 secs] [Times: user=0.06 sys=0.00, real=0.03 secs] 
Heap after GC invocations=27 (full 3):
 PSYoungGen      total 292864K, used 34952K [0x00000000eab00000, 0x0000000100000000, 0x0000000100000000)
  eden space 237568K, 0% used [0x00000000eab00000,0x00000000eab00000,0x00000000f9300000)
  from space 55296K, 63% used [0x00000000fca00000,0x00000000fec222e8,0x0000000100000000)
  to   space 55808K, 0% used [0x00000000f9300000,0x00000000f9300000,0x00000000fc980000)
 ParOldGen       total 699392K, used 27520K [0x00000000c0000000, 0x00000000eab00000, 0x00000000eab00000)
  object space 699392K, 3% used [0x00000000c0000000,0x00000000c1ae0218,0x00000000eab00000)
 Metaspace       used 114282K, capacity 115326K, committed 118784K, reserved 1153024K
  class space    used 13653K, capacity 13839K, committed 15744K, reserved 1048576K
}
{Heap before GC invocations=28 (full 3):
 PSYoungGen      total 292864K, used 272520K [0x00000000eab00000, 0x0000000100000000, 0x0000000100000000)
  eden space 237568K, 100% used [0x00000000eab00000,0x00000000f9300000,0x00000000f9300000)
  from space 55296K, 63% used [0x00000000fca00000,0x00000000fec222e8,0x0000000100000000)
  to   space 55808K, 0% used [0x00000000f9300000,0x00000000f9300000,0x00000000fc980000)
 ParOldGen       total 699392K, used 27520K [0x00000000c0000000, 0x00000000eab00000, 0x00000000eab00000)
  object space 699392K, 3% used [0x00000000c0000000,0x00000000c1ae0218,0x00000000eab00000)
 Metaspace       used 124132K, capacity 125216K, committed 126848K, reserved 1161216K
  class space    used 14844K, capacity 15036K, committed 15744K, reserved 1048576K
1126.959: [GC (Allocation Failure) [PSYoungGen: 272520K->26520K(293376K)] 300041K->54049K(992768K), 0.0266067 secs] [Times: user=0.08 sys=0.00, real=0.03 secs] 
Heap after GC invocations=28 (full 3):
 PSYoungGen      total 293376K, used 26520K [0x00000000eab00000, 0x0000000100000000, 0x0000000100000000)
  eden space 237568K, 0% used [0x00000000eab00000,0x00000000eab00000,0x00000000f9300000)
  from space 55808K, 47% used [0x00000000f9300000,0x00000000face6358,0x00000000fc980000)
  to   space 52736K, 0% used [0x00000000fcc80000,0x00000000fcc80000,0x0000000100000000)
 ParOldGen       total 699392K, used 27528K [0x00000000c0000000, 0x00000000eab00000, 0x00000000eab00000)
  object space 699392K, 3% used [0x00000000c0000000,0x00000000c1ae2218,0x00000000eab00000)
 Metaspace       used 124132K, capacity 125216K, committed 126848K, reserved 1161216K
  class space    used 14844K, capacity 15036K, committed 15744K, reserved 1048576K
}
{Heap before GC invocations=29 (full 3):
 PSYoungGen      total 293376K, used 264088K [0x00000000eab00000, 0x0000000100000000, 0x0000000100000000)
  eden space 237568K, 100% used [0x00000000eab00000,0x00000000f9300000,0x00000000f9300000)
  from space 55808K, 47% used [0x00000000f9300000,0x00000000face6358,0x00000000fc980000)
  to   space 52736K, 0% used [0x00000000fcc80000,0x00000000fcc80000,0x0000000100000000)
 ParOldGen       total 699392K, used 27528K [0x00000000c0000000, 0x00000000eab00000, 0x00000000eab00000)
  object space 699392K, 3% used [0x00000000c0000000,0x00000000c1ae2218,0x00000000eab00000)
 Metaspace       used 124349K, capacity 125470K, committed 127104K, reserved 1161216K
  class space    used 14883K, capacity 15076K, committed 15744K, reserved 1048576K
1127.425: [GC (Allocation Failure) [PSYoungGen: 264088K->46216K(286208K)] 291617K->73745K(985600K), 0.0339343 secs] [Times: user=0.10 sys=0.00, real=0.03 secs] 
Heap after GC invocations=29 (full 3):
 PSYoungGen      total 286208K, used 46216K [0x00000000eab00000, 0x0000000100000000, 0x0000000100000000)
  eden space 233472K, 0% used [0x00000000eab00000,0x00000000eab00000,0x00000000f8f00000)
  from space 52736K, 87% used [0x00000000fcc80000,0x00000000ff9a21f8,0x0000000100000000)
  to   space 57856K, 0% used [0x00000000f8f00000,0x00000000f8f00000,0x00000000fc780000)
 ParOldGen       total 699392K, used 27528K [0x00000000c0000000, 0x00000000eab00000, 0x00000000eab00000)
  object space 699392K, 3% used [0x00000000c0000000,0x00000000c1ae2218,0x00000000eab00000)
 Metaspace       used 124349K, capacity 125470K, committed 127104K, reserved 1161216K
  class space    used 14883K, capacity 15076K, committed 15744K, reserved 1048576K
}
{Heap before GC invocations=30 (full 3):
 PSYoungGen      total 286208K, used 151269K [0x00000000eab00000, 0x0000000100000000, 0x0000000100000000)
  eden space 233472K, 44% used [0x00000000eab00000,0x00000000f1197218,0x00000000f8f00000)
  from space 52736K, 87% used [0x00000000fcc80000,0x00000000ff9a21f8,0x0000000100000000)
  to   space 57856K, 0% used [0x00000000f8f00000,0x00000000f8f00000,0x00000000fc780000)
 ParOldGen       total 699392K, used 27528K [0x00000000c0000000, 0x00000000eab00000, 0x00000000eab00000)
  object space 699392K, 3% used [0x00000000c0000000,0x00000000c1ae2218,0x00000000eab00000)
 Metaspace       used 129108K, capacity 130212K, committed 131072K, reserved 1165312K
  class space    used 15507K, capacity 15717K, committed 15744K, reserved 1048576K
1128.044: [GC (Metadata GC Threshold) [PSYoungGen: 151269K->21618K(291328K)] 178797K->49154K(990720K), 0.0219695 secs] [Times: user=0.08 sys=0.00, real=0.02 secs] 
Heap after GC invocations=30 (full 3):
 PSYoungGen      total 291328K, used 21618K [0x00000000eab00000, 0x0000000100000000, 0x0000000100000000)
  eden space 233472K, 0% used [0x00000000eab00000,0x00000000eab00000,0x00000000f8f00000)
  from space 57856K, 37% used [0x00000000f8f00000,0x00000000fa41c808,0x00000000fc780000)
  to   space 55808K, 0% used [0x00000000fc980000,0x00000000fc980000,0x0000000100000000)
 ParOldGen       total 699392K, used 27536K [0x00000000c0000000, 0x00000000eab00000, 0x00000000eab00000)
  object space 699392K, 3% used [0x00000000c0000000,0x00000000c1ae4218,0x00000000eab00000)
 Metaspace       used 129108K, capacity 130212K, committed 131072K, reserved 1165312K
  class space    used 15507K, capacity 15717K, committed 15744K, reserved 1048576K
}
{Heap before GC invocations=31 (full 4):
 PSYoungGen      total 291328K, used 21618K [0x00000000eab00000, 0x0000000100000000, 0x0000000100000000)
  eden space 233472K, 0% used [0x00000000eab00000,0x00000000eab00000,0x00000000f8f00000)
  from space 57856K, 37% used [0x00000000f8f00000,0x00000000fa41c808,0x00000000fc780000)
  to   space 55808K, 0% used [0x00000000fc980000,0x00000000fc980000,0x0000000100000000)
 ParOldGen       total 699392K, used 27536K [0x00000000c0000000, 0x00000000eab00000, 0x00000000eab00000)
  object space 699392K, 3% used [0x00000000c0000000,0x00000000c1ae4218,0x00000000eab00000)
 Metaspace       used 129108K, capacity 130212K, committed 131072K, reserved 1165312K
  class space    used 15507K, capacity 15717K, committed 15744K, reserved 1048576K
1128.066: [Full GC (Metadata GC Threshold) [PSYoungGen: 21618K->0K(291328K)] [ParOldGen: 27536K->34633K(699392K)] 49154K->34633K(990720K), [Metaspace: 129108K->84013K(1146880K)], 0.1432770 secs] [Times: user=0.32 sys=0.00, real=0.15 secs] 
Heap after GC invocations=31 (full 4):
 PSYoungGen      total 291328K, used 0K [0x00000000eab00000, 0x0000000100000000, 0x0000000100000000)
  eden space 233472K, 0% used [0x00000000eab00000,0x00000000eab00000,0x00000000f8f00000)
  from space 57856K, 0% used [0x00000000f8f00000,0x00000000f8f00000,0x00000000fc780000)
  to   space 55808K, 0% used [0x00000000fc980000,0x00000000fc980000,0x0000000100000000)
 ParOldGen       total 699392K, used 34633K [0x00000000c0000000, 0x00000000eab00000, 0x00000000eab00000)
  object space 699392K, 4% used [0x00000000c0000000,0x00000000c21d2558,0x00000000eab00000)
 Metaspace       used 84013K, capacity 84650K, committed 112640K, reserved 1146880K
  class space    used 9764K, capacity 9943K, committed 15744K, reserved 1048576K
}
{Heap before GC invocations=32 (full 4):
 PSYoungGen      total 291328K, used 233472K [0x00000000eab00000, 0x0000000100000000, 0x0000000100000000)
  eden space 233472K, 100% used [0x00000000eab00000,0x00000000f8f00000,0x00000000f8f00000)
  from space 57856K, 0% used [0x00000000f8f00000,0x00000000f8f00000,0x00000000fc780000)
  to   space 55808K, 0% used [0x00000000fc980000,0x00000000fc980000,0x0000000100000000)
 ParOldGen       total 699392K, used 34633K [0x00000000c0000000, 0x00000000eab00000, 0x00000000eab00000)
  object space 699392K, 4% used [0x00000000c0000000,0x00000000c21d2558,0x00000000eab00000)
 Metaspace       used 94298K, capacity 95046K, committed 112640K, reserved 1146880K
  class space    used 11026K, capacity 11202K, committed 15744K, reserved 1048576K
1272.244: [GC (Allocation Failure) [PSYoungGen: 233472K->15245K(293888K)] 268105K->49886K(993280K), 0.0210810 secs] [Times: user=0.04 sys=0.00, real=0.02 secs] 
Heap after GC invocations=32 (full 4):
 PSYoungGen      total 293888K, used 15245K [0x00000000eab00000, 0x0000000100000000, 0x0000000100000000)
  eden space 238080K, 0% used [0x00000000eab00000,0x00000000eab00000,0x00000000f9380000)
  from space 55808K, 27% used [0x00000000fc980000,0x00000000fd863400,0x0000000100000000)
  to   space 55296K, 0% used [0x00000000f9380000,0x00000000f9380000,0x00000000fc980000)
 ParOldGen       total 699392K, used 34641K [0x00000000c0000000, 0x00000000eab00000, 0x00000000eab00000)
  object space 699392K, 4% used [0x00000000c0000000,0x00000000c21d4558,0x00000000eab00000)
 Metaspace       used 94298K, capacity 95046K, committed 112640K, reserved 1146880K
  class space    used 11026K, capacity 11202K, committed 15744K, reserved 1048576K
}
{Heap before GC invocations=33 (full 4):
 PSYoungGen      total 293888K, used 253325K [0x00000000eab00000, 0x0000000100000000, 0x0000000100000000)
  eden space 238080K, 100% used [0x00000000eab00000,0x00000000f9380000,0x00000000f9380000)
  from space 55808K, 27% used [0x00000000fc980000,0x00000000fd863400,0x0000000100000000)
  to   space 55296K, 0% used [0x00000000f9380000,0x00000000f9380000,0x00000000fc980000)
 ParOldGen       total 699392K, used 34641K [0x00000000c0000000, 0x00000000eab00000, 0x00000000eab00000)
  object space 699392K, 4% used [0x00000000c0000000,0x00000000c21d4558,0x00000000eab00000)
 Metaspace       used 94343K, capacity 95130K, committed 112640K, reserved 1146880K
  class space    used 11031K, capacity 11206K, committed 15744K, reserved 1048576K
1431.096: [GC (Allocation Failure) [PSYoungGen: 253325K->40644K(279040K)] 287966K->75294K(978432K), 0.0188700 secs] [Times: user=0.04 sys=0.00, real=0.02 secs] 
Heap after GC invocations=33 (full 4):
 PSYoungGen      total 279040K, used 40644K [0x00000000eab00000, 0x0000000100000000, 0x0000000100000000)
  eden space 238080K, 0% used [0x00000000eab00000,0x00000000eab00000,0x00000000f9380000)
  from space 40960K, 99% used [0x00000000f9380000,0x00000000fbb312f8,0x00000000fbb80000)
  to   space 57856K, 0% used [0x00000000fc780000,0x00000000fc780000,0x0000000100000000)
 ParOldGen       total 699392K, used 34649K [0x00000000c0000000, 0x00000000eab00000, 0x00000000eab00000)
  object space 699392K, 4% used [0x00000000c0000000,0x00000000c21d6558,0x00000000eab00000)
 Metaspace       used 94343K, capacity 95130K, committed 112640K, reserved 1146880K
  class space    used 11031K, capacity 11206K, committed 15744K, reserved 1048576K
}
{Heap before GC invocations=34 (full 4):
 PSYoungGen      total 279040K, used 278724K [0x00000000eab00000, 0x0000000100000000, 0x0000000100000000)
  eden space 238080K, 100% used [0x00000000eab00000,0x00000000f9380000,0x00000000f9380000)
  from space 40960K, 99% used [0x00000000f9380000,0x00000000fbb312f8,0x00000000fbb80000)
  to   space 57856K, 0% used [0x00000000fc780000,0x00000000fc780000,0x0000000100000000)
 ParOldGen       total 699392K, used 34649K [0x00000000c0000000, 0x00000000eab00000, 0x00000000eab00000)
  object space 699392K, 4% used [0x00000000c0000000,0x00000000c21d6558,0x00000000eab00000)
 Metaspace       used 103649K, capacity 104508K, committed 112640K, reserved 1146880K
  class space    used 12306K, capacity 12495K, committed 15744K, reserved 1048576K
1432.352: [GC (Allocation Failure) [PSYoungGen: 278724K->20605K(293376K)] 313374K->55262K(992768K), 0.0148279 secs] [Times: user=0.04 sys=0.00, real=0.01 secs] 
Heap after GC invocations=34 (full 4):
 PSYoungGen      total 293376K, used 20605K [0x00000000eab00000, 0x0000000100000000, 0x0000000100000000)
  eden space 235520K, 0% used [0x00000000eab00000,0x00000000eab00000,0x00000000f9100000)
  from space 57856K, 35% used [0x00000000fc780000,0x00000000fdb9f618,0x0000000100000000)
  to   space 55808K, 0% used [0x00000000f9100000,0x00000000f9100000,0x00000000fc780000)
 ParOldGen       total 699392K, used 34657K [0x00000000c0000000, 0x00000000eab00000, 0x00000000eab00000)
  object space 699392K, 4% used [0x00000000c0000000,0x00000000c21d8558,0x00000000eab00000)
 Metaspace       used 103649K, capacity 104508K, committed 112640K, reserved 1146880K
  class space    used 12306K, capacity 12495K, committed 15744K, reserved 1048576K
}
{Heap before GC invocations=35 (full 4):
 PSYoungGen      total 293376K, used 256125K [0x00000000eab00000, 0x0000000100000000, 0x0000000100000000)
  eden space 235520K, 100% used [0x00000000eab00000,0x00000000f9100000,0x00000000f9100000)
  from space 57856K, 35% used [0x00000000fc780000,0x00000000fdb9f618,0x0000000100000000)
  to   space 55808K, 0% used [0x00000000f9100000,0x00000000f9100000,0x00000000fc780000)
 ParOldGen       total 699392K, used 34657K [0x00000000c0000000, 0x00000000eab00000, 0x00000000eab00000)
  object space 699392K, 4% used [0x00000000c0000000,0x00000000c21d8558,0x00000000eab00000)
 Metaspace       used 106801K, capacity 107632K, committed 112640K, reserved 1146880K
  class space    used 12653K, capacity 12851K, committed 15744K, reserved 1048576K
1459.863: [GC (Allocation Failure) [PSYoungGen: 256125K->36912K(291328K)] 290782K->71578K(990720K), 0.0195165 secs] [Times: user=0.04 sys=0.00, real=0.02 secs] 
Heap after GC invocations=35 (full 4):
 PSYoungGen      total 291328K, used 36912K [0x00000000eab00000, 0x0000000100000000, 0x0000000100000000)
  eden space 235520K, 0% used [0x00000000eab00000,0x00000000eab00000,0x00000000f9100000)
  from space 55808K, 66% used [0x00000000f9100000,0x00000000fb50c3d8,0x00000000fc780000)
  to   space 56832K, 0% used [0x00000000fc880000,0x00000000fc880000,0x0000000100000000)
 ParOldGen       total 699392K, used 34665K [0x00000000c0000000, 0x00000000eab00000, 0x00000000eab00000)
  object space 699392K, 4% used [0x00000000c0000000,0x00000000c21da558,0x00000000eab00000)
 Metaspace       used 106801K, capacity 107632K, committed 112640K, reserved 1146880K
  class space    used 12653K, capacity 12851K, committed 15744K, reserved 1048576K
}
{Heap before GC invocations=36 (full 4):
 PSYoungGen      total 291328K, used 272432K [0x00000000eab00000, 0x0000000100000000, 0x0000000100000000)
  eden space 235520K, 100% used [0x00000000eab00000,0x00000000f9100000,0x00000000f9100000)
  from space 55808K, 66% used [0x00000000f9100000,0x00000000fb50c3d8,0x00000000fc780000)
  to   space 56832K, 0% used [0x00000000fc880000,0x00000000fc880000,0x0000000100000000)
 ParOldGen       total 699392K, used 34665K [0x00000000c0000000, 0x00000000eab00000, 0x00000000eab00000)
  object space 699392K, 4% used [0x00000000c0000000,0x00000000c21da558,0x00000000eab00000)
 Metaspace       used 113638K, capacity 114528K, committed 117632K, reserved 1150976K
  class space    used 13579K, capacity 13785K, committed 15744K, reserved 1048576K
1460.973: [GC (Allocation Failure) [PSYoungGen: 272432K->30867K(294400K)] 307098K->65540K(993792K), 0.0183510 secs] [Times: user=0.04 sys=0.00, real=0.02 secs] 
Heap after GC invocations=36 (full 4):
 PSYoungGen      total 294400K, used 30867K [0x00000000eab00000, 0x0000000100000000, 0x0000000100000000)
  eden space 237568K, 0% used [0x00000000eab00000,0x00000000eab00000,0x00000000f9300000)
  from space 56832K, 54% used [0x00000000fc880000,0x00000000fe6a4e70,0x0000000100000000)
  to   space 54784K, 0% used [0x00000000f9300000,0x00000000f9300000,0x00000000fc880000)
 ParOldGen       total 699392K, used 34673K [0x00000000c0000000, 0x00000000eab00000, 0x00000000eab00000)
  object space 699392K, 4% used [0x00000000c0000000,0x00000000c21dc558,0x00000000eab00000)
 Metaspace       used 113638K, capacity 114528K, committed 117632K, reserved 1150976K
  class space    used 13579K, capacity 13785K, committed 15744K, reserved 1048576K
}
{Heap before GC invocations=37 (full 4):
 PSYoungGen      total 294400K, used 268435K [0x00000000eab00000, 0x0000000100000000, 0x0000000100000000)
  eden space 237568K, 100% used [0x00000000eab00000,0x00000000f9300000,0x00000000f9300000)
  from space 56832K, 54% used [0x00000000fc880000,0x00000000fe6a4e70,0x0000000100000000)
  to   space 54784K, 0% used [0x00000000f9300000,0x00000000f9300000,0x00000000fc880000)
 ParOldGen       total 699392K, used 34673K [0x00000000c0000000, 0x00000000eab00000, 0x00000000eab00000)
  object space 699392K, 4% used [0x00000000c0000000,0x00000000c21dc558,0x00000000eab00000)
 Metaspace       used 122030K, capacity 123012K, committed 125056K, reserved 1159168K
  class space    used 14578K, capacity 14790K, committed 15744K, reserved 1048576K
1585.010: [GC (Allocation Failure) [PSYoungGen: 268435K->27948K(292352K)] 303108K->62630K(991744K), 0.0178271 secs] [Times: user=0.05 sys=0.00, real=0.01 secs] 
Heap after GC invocations=37 (full 4):
 PSYoungGen      total 292352K, used 27948K [0x00000000eab00000, 0x0000000100000000, 0x0000000100000000)
  eden space 237568K, 0% used [0x00000000eab00000,0x00000000eab00000,0x00000000f9300000)
  from space 54784K, 51% used [0x00000000f9300000,0x00000000fae4b388,0x00000000fc880000)
  to   space 52224K, 0% used [0x00000000fcd00000,0x00000000fcd00000,0x0000000100000000)
 ParOldGen       total 699392K, used 34681K [0x00000000c0000000, 0x00000000eab00000, 0x00000000eab00000)
  object space 699392K, 4% used [0x00000000c0000000,0x00000000c21de558,0x00000000eab00000)
 Metaspace       used 122030K, capacity 123012K, committed 125056K, reserved 1159168K
  class space    used 14578K, capacity 14790K, committed 15744K, reserved 1048576K
}
{Heap before GC invocations=38 (full 4):
 PSYoungGen      total 292352K, used 265516K [0x00000000eab00000, 0x0000000100000000, 0x0000000100000000)
  eden space 237568K, 100% used [0x00000000eab00000,0x00000000f9300000,0x00000000f9300000)
  from space 54784K, 51% used [0x00000000f9300000,0x00000000fae4b388,0x00000000fc880000)
  to   space 52224K, 0% used [0x00000000fcd00000,0x00000000fcd00000,0x0000000100000000)
 ParOldGen       total 699392K, used 34681K [0x00000000c0000000, 0x00000000eab00000, 0x00000000eab00000)
  object space 699392K, 4% used [0x00000000c0000000,0x00000000c21de558,0x00000000eab00000)
 Metaspace       used 123691K, capacity 124672K, committed 126336K, reserved 1159168K
  class space    used 14809K, capacity 15022K, committed 15744K, reserved 1048576K
1585.621: [GC (Allocation Failure) [PSYoungGen: 265516K->44381K(289792K)] 300198K->79070K(989184K), 0.0393405 secs] [Times: user=0.11 sys=0.00, real=0.04 secs] 
Heap after GC invocations=38 (full 4):
 PSYoungGen      total 289792K, used 44381K [0x00000000eab00000, 0x0000000100000000, 0x0000000100000000)
  eden space 237568K, 0% used [0x00000000eab00000,0x00000000eab00000,0x00000000f9300000)
  from space 52224K, 84% used [0x00000000fcd00000,0x00000000ff8574f0,0x0000000100000000)
  to   space 55808K, 0% used [0x00000000f9300000,0x00000000f9300000,0x00000000fc980000)
 ParOldGen       total 699392K, used 34689K [0x00000000c0000000, 0x00000000eab00000, 0x00000000eab00000)
  object space 699392K, 4% used [0x00000000c0000000,0x00000000c21e0558,0x00000000eab00000)
 Metaspace       used 123691K, capacity 124672K, committed 126336K, reserved 1159168K
  class space    used 14809K, capacity 15022K, committed 15744K, reserved 1048576K
}
{Heap before GC invocations=39 (full 4):
 PSYoungGen      total 289792K, used 171029K [0x00000000eab00000, 0x0000000100000000, 0x0000000100000000)
  eden space 237568K, 53% used [0x00000000eab00000,0x00000000f26ae208,0x00000000f9300000)
  from space 52224K, 84% used [0x00000000fcd00000,0x00000000ff8574f0,0x0000000100000000)
  to   space 55808K, 0% used [0x00000000f9300000,0x00000000f9300000,0x00000000fc980000)
 ParOldGen       total 699392K, used 34689K [0x00000000c0000000, 0x00000000eab00000, 0x00000000eab00000)
  object space 699392K, 4% used [0x00000000c0000000,0x00000000c21e0558,0x00000000eab00000)
 Metaspace       used 129004K, capacity 130028K, committed 131072K, reserved 1165312K
  class space    used 15527K, capacity 15760K, committed 15872K, reserved 1048576K
1586.601: [GC (Metadata GC Threshold) [PSYoungGen: 171029K->21534K(293376K)] 205719K->56231K(992768K), 0.0238059 secs] [Times: user=0.08 sys=0.00, real=0.02 secs] 
Heap after GC invocations=39 (full 4):
 PSYoungGen      total 293376K, used 21534K [0x00000000eab00000, 0x0000000100000000, 0x0000000100000000)
  eden space 237568K, 0% used [0x00000000eab00000,0x00000000eab00000,0x00000000f9300000)
  from space 55808K, 38% used [0x00000000f9300000,0x00000000fa807900,0x00000000fc980000)
  to   space 54784K, 0% used [0x00000000fca80000,0x00000000fca80000,0x0000000100000000)
 ParOldGen       total 699392K, used 34697K [0x00000000c0000000, 0x00000000eab00000, 0x00000000eab00000)
  object space 699392K, 4% used [0x00000000c0000000,0x00000000c21e2558,0x00000000eab00000)
 Metaspace       used 129004K, capacity 130028K, committed 131072K, reserved 1165312K
  class space    used 15527K, capacity 15760K, committed 15872K, reserved 1048576K
}
{Heap before GC invocations=40 (full 5):
 PSYoungGen      total 293376K, used 21534K [0x00000000eab00000, 0x0000000100000000, 0x0000000100000000)
  eden space 237568K, 0% used [0x00000000eab00000,0x00000000eab00000,0x00000000f9300000)
  from space 55808K, 38% used [0x00000000f9300000,0x00000000fa807900,0x00000000fc980000)
  to   space 54784K, 0% used [0x00000000fca80000,0x00000000fca80000,0x0000000100000000)
 ParOldGen       total 699392K, used 34697K [0x00000000c0000000, 0x00000000eab00000, 0x00000000eab00000)
  object space 699392K, 4% used [0x00000000c0000000,0x00000000c21e2558,0x00000000eab00000)
 Metaspace       used 129004K, capacity 130028K, committed 131072K, reserved 1165312K
  class space    used 15527K, capacity 15760K, committed 15872K, reserved 1048576K
1586.625: [Full GC (Metadata GC Threshold) [PSYoungGen: 21534K->0K(293376K)] [ParOldGen: 34697K->44380K(699392K)] 56231K->44380K(992768K), [Metaspace: 129004K->116593K(1165312K)], 0.1538945 secs] [Times: user=0.39 sys=0.00, real=0.15 secs] 
Heap after GC invocations=40 (full 5):
 PSYoungGen      total 293376K, used 0K [0x00000000eab00000, 0x0000000100000000, 0x0000000100000000)
  eden space 237568K, 0% used [0x00000000eab00000,0x00000000eab00000,0x00000000f9300000)
  from space 55808K, 0% used [0x00000000f9300000,0x00000000f9300000,0x00000000fc980000)
  to   space 54784K, 0% used [0x00000000fca80000,0x00000000fca80000,0x0000000100000000)
 ParOldGen       total 699392K, used 44380K [0x00000000c0000000, 0x00000000eab00000, 0x00000000eab00000)
  object space 699392K, 6% used [0x00000000c0000000,0x00000000c2b57030,0x00000000eab00000)
 Metaspace       used 116593K, capacity 117450K, committed 131072K, reserved 1165312K
  class space    used 13903K, capacity 14111K, committed 15872K, reserved 1048576K
}
{Heap before GC invocations=41 (full 5):
 PSYoungGen      total 293376K, used 237568K [0x00000000eab00000, 0x0000000100000000, 0x0000000100000000)
  eden space 237568K, 100% used [0x00000000eab00000,0x00000000f9300000,0x00000000f9300000)
  from space 55808K, 0% used [0x00000000f9300000,0x00000000f9300000,0x00000000fc980000)
  to   space 54784K, 0% used [0x00000000fca80000,0x00000000fca80000,0x0000000100000000)
 ParOldGen       total 699392K, used 44380K [0x00000000c0000000, 0x00000000eab00000, 0x00000000eab00000)
  object space 699392K, 6% used [0x00000000c0000000,0x00000000c2b57030,0x00000000eab00000)
 Metaspace       used 124901K, capacity 125886K, committed 131072K, reserved 1165312K
  class space    used 14887K, capacity 15092K, committed 15872K, reserved 1048576K
1844.885: [GC (Allocation Failure) [PSYoungGen: 237568K->19489K(295424K)] 281948K->63877K(994816K), 0.0141719 secs] [Times: user=0.03 sys=0.00, real=0.01 secs] 
Heap after GC invocations=41 (full 5):
 PSYoungGen      total 295424K, used 19489K [0x00000000eab00000, 0x0000000100000000, 0x0000000100000000)
  eden space 240640K, 0% used [0x00000000eab00000,0x00000000eab00000,0x00000000f9600000)
  from space 54784K, 35% used [0x00000000fca80000,0x00000000fdd88598,0x0000000100000000)
  to   space 53760K, 0% used [0x00000000f9600000,0x00000000f9600000,0x00000000fca80000)
 ParOldGen       total 699392K, used 44388K [0x00000000c0000000, 0x00000000eab00000, 0x00000000eab00000)
  object space 699392K, 6% used [0x00000000c0000000,0x00000000c2b59030,0x00000000eab00000)
 Metaspace       used 124901K, capacity 125886K, committed 131072K, reserved 1165312K
  class space    used 14887K, capacity 15092K, committed 15872K, reserved 1048576K
}
{Heap before GC invocations=42 (full 5):
 PSYoungGen      total 295424K, used 260129K [0x00000000eab00000, 0x0000000100000000, 0x0000000100000000)
  eden space 240640K, 100% used [0x00000000eab00000,0x00000000f9600000,0x00000000f9600000)
  from space 54784K, 35% used [0x00000000fca80000,0x00000000fdd88598,0x0000000100000000)
  to   space 53760K, 0% used [0x00000000f9600000,0x00000000f9600000,0x00000000fca80000)
 ParOldGen       total 699392K, used 44388K [0x00000000c0000000, 0x00000000eab00000, 0x00000000eab00000)
  object space 699392K, 6% used [0x00000000c0000000,0x00000000c2b59030,0x00000000eab00000)
 Metaspace       used 127213K, capacity 128232K, committed 131072K, reserved 1165312K
  class space    used 15214K, capacity 15449K, committed 15872K, reserved 1048576K
1845.867: [GC (Allocation Failure) [PSYoungGen: 260129K->35543K(294400K)] 304517K->79931K(993792K), 0.0283669 secs] [Times: user=0.04 sys=0.00, real=0.03 secs] 
Heap after GC invocations=42 (full 5):
 PSYoungGen      total 294400K, used 35543K [0x00000000eab00000, 0x0000000100000000, 0x0000000100000000)
  eden space 240640K, 0% used [0x00000000eab00000,0x00000000eab00000,0x00000000f9600000)
  from space 53760K, 66% used [0x00000000f9600000,0x00000000fb8b5c18,0x00000000fca80000)
  to   space 54272K, 0% used [0x00000000fcb00000,0x00000000fcb00000,0x0000000100000000)
 ParOldGen       total 699392K, used 44388K [0x00000000c0000000, 0x00000000eab00000, 0x00000000eab00000)
  object space 699392K, 6% used [0x00000000c0000000,0x00000000c2b59030,0x00000000eab00000)
 Metaspace       used 127213K, capacity 128232K, committed 131072K, reserved 1165312K
  class space    used 15214K, capacity 15449K, committed 15872K, reserved 1048576K
}
{Heap before GC invocations=43 (full 5):
 PSYoungGen      total 294400K, used 66997K [0x00000000eab00000, 0x0000000100000000, 0x0000000100000000)
  eden space 240640K, 13% used [0x00000000eab00000,0x00000000ec9b79d8,0x00000000f9600000)
  from space 53760K, 66% used [0x00000000f9600000,0x00000000fb8b5c18,0x00000000fca80000)
  to   space 54272K, 0% used [0x00000000fcb00000,0x00000000fcb00000,0x0000000100000000)
 ParOldGen       total 699392K, used 44388K [0x00000000c0000000, 0x00000000eab00000, 0x00000000eab00000)
  object space 699392K, 6% used [0x00000000c0000000,0x00000000c2b59030,0x00000000eab00000)
 Metaspace       used 128996K, capacity 129992K, committed 131072K, reserved 1165312K
  class space    used 15439K, capacity 15673K, committed 15872K, reserved 1048576K
1846.147: [GC (Metadata GC Threshold) [PSYoungGen: 66997K->7663K(292864K)] 111385K->52051K(992256K), 0.0086043 secs] [Times: user=0.01 sys=0.01, real=0.01 secs] 
Heap after GC invocations=43 (full 5):
 PSYoungGen      total 292864K, used 7663K [0x00000000eab00000, 0x0000000100000000, 0x0000000100000000)
  eden space 238592K, 0% used [0x00000000eab00000,0x00000000eab00000,0x00000000f9400000)
  from space 54272K, 14% used [0x00000000fcb00000,0x00000000fd27bfa0,0x0000000100000000)
  to   space 55296K, 0% used [0x00000000f9400000,0x00000000f9400000,0x00000000fca00000)
 ParOldGen       total 699392K, used 44388K [0x00000000c0000000, 0x00000000eab00000, 0x00000000eab00000)
  object space 699392K, 6% used [0x00000000c0000000,0x00000000c2b59030,0x00000000eab00000)
 Metaspace       used 128996K, capacity 129992K, committed 131072K, reserved 1165312K
  class space    used 15439K, capacity 15673K, committed 15872K, reserved 1048576K
}
{Heap before GC invocations=44 (full 6):
 PSYoungGen      total 292864K, used 7663K [0x00000000eab00000, 0x0000000100000000, 0x0000000100000000)
  eden space 238592K, 0% used [0x00000000eab00000,0x00000000eab00000,0x00000000f9400000)
  from space 54272K, 14% used [0x00000000fcb00000,0x00000000fd27bfa0,0x0000000100000000)
  to   space 55296K, 0% used [0x00000000f9400000,0x00000000f9400000,0x00000000fca00000)
 ParOldGen       total 699392K, used 44388K [0x00000000c0000000, 0x00000000eab00000, 0x00000000eab00000)
  object space 699392K, 6% used [0x00000000c0000000,0x00000000c2b59030,0x00000000eab00000)
 Metaspace       used 128996K, capacity 129992K, committed 131072K, reserved 1165312K
  class space    used 15439K, capacity 15673K, committed 15872K, reserved 1048576K
1846.156: [Full GC (Metadata GC Threshold) [PSYoungGen: 7663K->0K(292864K)] [ParOldGen: 44388K->43591K(699392K)] 52051K->43591K(992256K), [Metaspace: 128996K->128979K(1165312K)], 0.1329530 secs] [Times: user=0.36 sys=0.00, real=0.14 secs] 
Heap after GC invocations=44 (full 6):
 PSYoungGen      total 292864K, used 0K [0x00000000eab00000, 0x0000000100000000, 0x0000000100000000)
  eden space 238592K, 0% used [0x00000000eab00000,0x00000000eab00000,0x00000000f9400000)
  from space 54272K, 0% used [0x00000000fcb00000,0x00000000fcb00000,0x0000000100000000)
  to   space 55296K, 0% used [0x00000000f9400000,0x00000000f9400000,0x00000000fca00000)
 ParOldGen       total 699392K, used 43591K [0x00000000c0000000, 0x00000000eab00000, 0x00000000eab00000)
  object space 699392K, 6% used [0x00000000c0000000,0x00000000c2a91c40,0x00000000eab00000)
 Metaspace       used 128979K, capacity 129922K, committed 131072K, reserved 1165312K
  class space    used 15438K, capacity 15671K, committed 15872K, reserved 1048576K
}
{Heap before GC invocations=45 (full 6):
 PSYoungGen      total 292864K, used 2088K [0x00000000eab00000, 0x0000000100000000, 0x0000000100000000)
  eden space 238592K, 0% used [0x00000000eab00000,0x00000000ead0a378,0x00000000f9400000)
  from space 54272K, 0% used [0x00000000fcb00000,0x00000000fcb00000,0x0000000100000000)
  to   space 55296K, 0% used [0x00000000f9400000,0x00000000f9400000,0x00000000fca00000)
 ParOldGen       total 699392K, used 43591K [0x00000000c0000000, 0x00000000eab00000, 0x00000000eab00000)
  object space 699392K, 6% used [0x00000000c0000000,0x00000000c2a91c40,0x00000000eab00000)
 Metaspace       used 129054K, capacity 129986K, committed 131072K, reserved 1165312K
  class space    used 15449K, capacity 15671K, committed 15872K, reserved 1048576K
1846.304: [GC (Metadata GC Threshold) [PSYoungGen: 2088K->256K(239104K)] 45679K->43847K(938496K), 0.0058536 secs] [Times: user=0.02 sys=0.00, real=0.01 secs] 
Heap after GC invocations=45 (full 6):
 PSYoungGen      total 239104K, used 256K [0x00000000eab00000, 0x0000000100000000, 0x0000000100000000)
  eden space 238592K, 0% used [0x00000000eab00000,0x00000000eab00000,0x00000000f9400000)
  from space 512K, 50% used [0x00000000f9400000,0x00000000f9440398,0x00000000f9480000)
  to   space 56832K, 0% used [0x00000000fc880000,0x00000000fc880000,0x0000000100000000)
 ParOldGen       total 699392K, used 43591K [0x00000000c0000000, 0x00000000eab00000, 0x00000000eab00000)
  object space 699392K, 6% used [0x00000000c0000000,0x00000000c2a91c40,0x00000000eab00000)
 Metaspace       used 129054K, capacity 129986K, committed 131072K, reserved 1165312K
  class space    used 15449K, capacity 15671K, committed 15872K, reserved 1048576K
}
{Heap before GC invocations=46 (full 7):
 PSYoungGen      total 239104K, used 256K [0x00000000eab00000, 0x0000000100000000, 0x0000000100000000)
  eden space 238592K, 0% used [0x00000000eab00000,0x00000000eab00000,0x00000000f9400000)
  from space 512K, 50% used [0x00000000f9400000,0x00000000f9440398,0x00000000f9480000)
  to   space 56832K, 0% used [0x00000000fc880000,0x00000000fc880000,0x0000000100000000)
 ParOldGen       total 699392K, used 43591K [0x00000000c0000000, 0x00000000eab00000, 0x00000000eab00000)
  object space 699392K, 6% used [0x00000000c0000000,0x00000000c2a91c40,0x00000000eab00000)
 Metaspace       used 129054K, capacity 129986K, committed 131072K, reserved 1165312K
  class space    used 15449K, capacity 15671K, committed 15872K, reserved 1048576K
1846.310: [Full GC (Metadata GC Threshold) [PSYoungGen: 256K->0K(239104K)] [ParOldGen: 43591K->41940K(699392K)] 43847K->41940K(938496K), [Metaspace: 129054K->129054K(1165312K)], 0.0968879 secs] [Times: user=0.25 sys=0.00, real=0.09 secs] 
Heap after GC invocations=46 (full 7):
 PSYoungGen      total 239104K, used 0K [0x00000000eab00000, 0x0000000100000000, 0x0000000100000000)
  eden space 238592K, 0% used [0x00000000eab00000,0x00000000eab00000,0x00000000f9400000)
  from space 512K, 0% used [0x00000000f9400000,0x00000000f9400000,0x00000000f9480000)
  to   space 56832K, 0% used [0x00000000fc880000,0x00000000fc880000,0x0000000100000000)
 ParOldGen       total 699392K, used 41940K [0x00000000c0000000, 0x00000000eab00000, 0x00000000eab00000)
  object space 699392K, 5% used [0x00000000c0000000,0x00000000c28f50e0,0x00000000eab00000)
 Metaspace       used 129054K, capacity 129986K, committed 131072K, reserved 1165312K
  class space    used 15449K, capacity 15671K, committed 15872K, reserved 1048576K
}
{Heap before GC invocations=47 (full 7):
 PSYoungGen      total 239104K, used 0K [0x00000000eab00000, 0x0000000100000000, 0x0000000100000000)
  eden space 238592K, 0% used [0x00000000eab00000,0x00000000eab00000,0x00000000f9400000)
  from space 512K, 0% used [0x00000000f9400000,0x00000000f9400000,0x00000000f9480000)
  to   space 56832K, 0% used [0x00000000fc880000,0x00000000fc880000,0x0000000100000000)
 ParOldGen       total 699392K, used 41940K [0x00000000c0000000, 0x00000000eab00000, 0x00000000eab00000)
  object space 699392K, 5% used [0x00000000c0000000,0x00000000c28f50e0,0x00000000eab00000)
 Metaspace       used 129054K, capacity 129986K, committed 131072K, reserved 1165312K
  class space    used 15449K, capacity 15671K, committed 15872K, reserved 1048576K
1846.407: [GC (Last ditch collection) [PSYoungGen: 0K->0K(290304K)] 41940K->41940K(989696K), 0.0029138 secs] [Times: user=0.01 sys=0.00, real=0.01 secs] 
Heap after GC invocations=47 (full 7):
 PSYoungGen      total 290304K, used 0K [0x00000000eab00000, 0x0000000100000000, 0x0000000100000000)
  eden space 233472K, 0% used [0x00000000eab00000,0x00000000eab00000,0x00000000f8f00000)
  from space 56832K, 0% used [0x00000000fc880000,0x00000000fc880000,0x0000000100000000)
  to   space 57856K, 0% used [0x00000000f8f00000,0x00000000f8f00000,0x00000000fc780000)
 ParOldGen       total 699392K, used 41940K [0x00000000c0000000, 0x00000000eab00000, 0x00000000eab00000)
  object space 699392K, 5% used [0x00000000c0000000,0x00000000c28f50e0,0x00000000eab00000)
 Metaspace       used 129054K, capacity 129986K, committed 131072K, reserved 1165312K
  class space    used 15449K, capacity 15671K, committed 15872K, reserved 1048576K
}
{Heap before GC invocations=48 (full 8):
 PSYoungGen      total 290304K, used 0K [0x00000000eab00000, 0x0000000100000000, 0x0000000100000000)
  eden space 233472K, 0% used [0x00000000eab00000,0x00000000eab00000,0x00000000f8f00000)
  from space 56832K, 0% used [0x00000000fc880000,0x00000000fc880000,0x0000000100000000)
  to   space 57856K, 0% used [0x00000000f8f00000,0x00000000f8f00000,0x00000000fc780000)
 ParOldGen       total 699392K, used 41940K [0x00000000c0000000, 0x00000000eab00000, 0x00000000eab00000)
  object space 699392K, 5% used [0x00000000c0000000,0x00000000c28f50e0,0x00000000eab00000)
 Metaspace       used 129054K, capacity 129986K, committed 131072K, reserved 1165312K
  class space    used 15449K, capacity 15671K, committed 15872K, reserved 1048576K
1846.410: [Full GC (Last ditch collection) [PSYoungGen: 0K->0K(290304K)] [ParOldGen: 41940K->40788K(699392K)] 41940K->40788K(989696K), [Metaspace: 129054K->128977K(1165312K)], 0.2652478 secs] [Times: user=0.70 sys=0.00, real=0.26 secs] 
Heap after GC invocations=48 (full 8):
 PSYoungGen      total 290304K, used 0K [0x00000000eab00000, 0x0000000100000000, 0x0000000100000000)
  eden space 233472K, 0% used [0x00000000eab00000,0x00000000eab00000,0x00000000f8f00000)
  from space 56832K, 0% used [0x00000000fc880000,0x00000000fc880000,0x0000000100000000)
  to   space 57856K, 0% used [0x00000000f8f00000,0x00000000f8f00000,0x00000000fc780000)
 ParOldGen       total 699392K, used 40788K [0x00000000c0000000, 0x00000000eab00000, 0x00000000eab00000)
  object space 699392K, 5% used [0x00000000c0000000,0x00000000c27d5320,0x00000000eab00000)
 Metaspace       used 128977K, capacity 129860K, committed 131072K, reserved 1165312K
  class space    used 15437K, capacity 15650K, committed 15872K, reserved 1048576K
}
{Heap before GC invocations=49 (full 8):
 PSYoungGen      total 290304K, used 2044K [0x00000000eab00000, 0x0000000100000000, 0x0000000100000000)
  eden space 233472K, 0% used [0x00000000eab00000,0x00000000eacff060,0x00000000f8f00000)
  from space 56832K, 0% used [0x00000000fc880000,0x00000000fc880000,0x0000000100000000)
  to   space 57856K, 0% used [0x00000000f8f00000,0x00000000f8f00000,0x00000000fc780000)
 ParOldGen       total 699392K, used 40788K [0x00000000c0000000, 0x00000000eab00000, 0x00000000eab00000)
  object space 699392K, 5% used [0x00000000c0000000,0x00000000c27d5320,0x00000000eab00000)
 Metaspace       used 128977K, capacity 129860K, committed 131072K, reserved 1165312K
  class space    used 15437K, capacity 15650K, committed 15872K, reserved 1048576K
1846.676: [GC (Metadata GC Threshold) [PSYoungGen: 2044K->96K(291328K)] 42832K->40884K(990720K), 0.0027284 secs] [Times: user=0.01 sys=0.00, real=0.00 secs] 
Heap after GC invocations=49 (full 8):
 PSYoungGen      total 291328K, used 96K [0x00000000eab00000, 0x0000000100000000, 0x0000000100000000)
  eden space 233472K, 0% used [0x00000000eab00000,0x00000000eab00000,0x00000000f8f00000)
  from space 57856K, 0% used [0x00000000f8f00000,0x00000000f8f18000,0x00000000fc780000)
  to   space 57856K, 0% used [0x00000000fc780000,0x00000000fc780000,0x0000000100000000)
 ParOldGen       total 699392K, used 40788K [0x00000000c0000000, 0x00000000eab00000, 0x00000000eab00000)
  object space 699392K, 5% used [0x00000000c0000000,0x00000000c27d5320,0x00000000eab00000)
 Metaspace       used 128977K, capacity 129860K, committed 131072K, reserved 1165312K
  class space    used 15437K, capacity 15650K, committed 15872K, reserved 1048576K
}
{Heap before GC invocations=50 (full 9):
 PSYoungGen      total 291328K, used 96K [0x00000000eab00000, 0x0000000100000000, 0x0000000100000000)
  eden space 233472K, 0% used [0x00000000eab00000,0x00000000eab00000,0x00000000f8f00000)
  from space 57856K, 0% used [0x00000000f8f00000,0x00000000f8f18000,0x00000000fc780000)
  to   space 57856K, 0% used [0x00000000fc780000,0x00000000fc780000,0x0000000100000000)
 ParOldGen       total 699392K, used 40788K [0x00000000c0000000, 0x00000000eab00000, 0x00000000eab00000)
  object space 699392K, 5% used [0x00000000c0000000,0x00000000c27d5320,0x00000000eab00000)
 Metaspace       used 128977K, capacity 129860K, committed 131072K, reserved 1165312K
  class space    used 15437K, capacity 15650K, committed 15872K, reserved 1048576K
1846.679: [Full GC (Metadata GC Threshold) [PSYoungGen: 96K->0K(291328K)] [ParOldGen: 40788K->15383K(699392K)] 40884K->15383K(990720K), [Metaspace: 128977K->38374K(1140736K)], 0.1304364 secs] [Times: user=0.17 sys=0.00, real=0.14 secs] 
Heap after GC invocations=50 (full 9):
 PSYoungGen      total 291328K, used 0K [0x00000000eab00000, 0x0000000100000000, 0x0000000100000000)
  eden space 233472K, 0% used [0x00000000eab00000,0x00000000eab00000,0x00000000f8f00000)
  from space 57856K, 0% used [0x00000000f8f00000,0x00000000f8f00000,0x00000000fc780000)
  to   space 57856K, 0% used [0x00000000fc780000,0x00000000fc780000,0x0000000100000000)
 ParOldGen       total 699392K, used 15383K [0x00000000c0000000, 0x00000000eab00000, 0x00000000eab00000)
  object space 699392K, 2% used [0x00000000c0000000,0x00000000c0f05f20,0x00000000eab00000)
 Metaspace       used 38374K, capacity 38768K, committed 106496K, reserved 1140736K
  class space    used 3889K, capacity 4028K, committed 15872K, reserved 1048576K
}
{Heap before GC invocations=51 (full 9):
 PSYoungGen      total 291328K, used 233472K [0x00000000eab00000, 0x0000000100000000, 0x0000000100000000)
  eden space 233472K, 100% used [0x00000000eab00000,0x00000000f8f00000,0x00000000f8f00000)
  from space 57856K, 0% used [0x00000000f8f00000,0x00000000f8f00000,0x00000000fc780000)
  to   space 57856K, 0% used [0x00000000fc780000,0x00000000fc780000,0x0000000100000000)
 ParOldGen       total 699392K, used 15383K [0x00000000c0000000, 0x00000000eab00000, 0x00000000eab00000)
  object space 699392K, 2% used [0x00000000c0000000,0x00000000c0f05f20,0x00000000eab00000)
 Metaspace       used 47232K, capacity 47680K, committed 106496K, reserved 1140736K
  class space    used 5028K, capacity 5156K, committed 15872K, reserved 1048576K
1855.871: [GC (Allocation Failure) [PSYoungGen: 233472K->14913K(294400K)] 248855K->30305K(993792K), 0.0170137 secs] [Times: user=0.04 sys=0.00, real=0.01 secs] 
Heap after GC invocations=51 (full 9):
 PSYoungGen      total 294400K, used 14913K [0x00000000eab00000, 0x0000000100000000, 0x0000000100000000)
  eden space 236544K, 0% used [0x00000000eab00000,0x00000000eab00000,0x00000000f9200000)
  from space 57856K, 25% used [0x00000000fc780000,0x00000000fd6107d8,0x0000000100000000)
  to   space 54784K, 0% used [0x00000000f9200000,0x00000000f9200000,0x00000000fc780000)
 ParOldGen       total 699392K, used 15391K [0x00000000c0000000, 0x00000000eab00000, 0x00000000eab00000)
  object space 699392K, 2% used [0x00000000c0000000,0x00000000c0f07f20,0x00000000eab00000)
 Metaspace       used 47232K, capacity 47680K, committed 106496K, reserved 1140736K
  class space    used 5028K, capacity 5156K, committed 15872K, reserved 1048576K
}
{Heap before GC invocations=52 (full 9):
 PSYoungGen      total 294400K, used 251457K [0x00000000eab00000, 0x0000000100000000, 0x0000000100000000)
  eden space 236544K, 100% used [0x00000000eab00000,0x00000000f9200000,0x00000000f9200000)
  from space 57856K, 25% used [0x00000000fc780000,0x00000000fd6107d8,0x0000000100000000)
  to   space 54784K, 0% used [0x00000000f9200000,0x00000000f9200000,0x00000000fc780000)
 ParOldGen       total 699392K, used 15391K [0x00000000c0000000, 0x00000000eab00000, 0x00000000eab00000)
  object space 699392K, 2% used [0x00000000c0000000,0x00000000c0f07f20,0x00000000eab00000)
 Metaspace       used 49527K, capacity 50152K, committed 106496K, reserved 1140736K
  class space    used 5270K, capacity 5415K, committed 15872K, reserved 1048576K
1931.630: [GC (Allocation Failure) [PSYoungGen: 251457K->37476K(291328K)] 266849K->52876K(990720K), 0.0182383 secs] [Times: user=0.04 sys=0.00, real=0.01 secs] 
Heap after GC invocations=52 (full 9):
 PSYoungGen      total 291328K, used 37476K [0x00000000eab00000, 0x0000000100000000, 0x0000000100000000)
  eden space 236544K, 0% used [0x00000000eab00000,0x00000000eab00000,0x00000000f9200000)
  from space 54784K, 68% used [0x00000000f9200000,0x00000000fb6992c0,0x00000000fc780000)
  to   space 57856K, 0% used [0x00000000fc780000,0x00000000fc780000,0x0000000100000000)
 ParOldGen       total 699392K, used 15399K [0x00000000c0000000, 0x00000000eab00000, 0x00000000eab00000)
  object space 699392K, 2% used [0x00000000c0000000,0x00000000c0f09f20,0x00000000eab00000)
 Metaspace       used 49527K, capacity 50152K, committed 106496K, reserved 1140736K
  class space    used 5270K, capacity 5415K, committed 15872K, reserved 1048576K
}
{Heap before GC invocations=53 (full 9):
 PSYoungGen      total 291328K, used 274020K [0x00000000eab00000, 0x0000000100000000, 0x0000000100000000)
  eden space 236544K, 100% used [0x00000000eab00000,0x00000000f9200000,0x00000000f9200000)
  from space 54784K, 68% used [0x00000000f9200000,0x00000000fb6992c0,0x00000000fc780000)
  to   space 57856K, 0% used [0x00000000fc780000,0x00000000fc780000,0x0000000100000000)
 ParOldGen       total 699392K, used 15399K [0x00000000c0000000, 0x00000000eab00000, 0x00000000eab00000)
  object space 699392K, 2% used [0x00000000c0000000,0x00000000c0f09f20,0x00000000eab00000)
 Metaspace       used 57350K, capacity 58096K, committed 106496K, reserved 1140736K
  class space    used 6345K, capacity 6529K, committed 15872K, reserved 1048576K
1932.786: [GC (Allocation Failure) [PSYoungGen: 274020K->26525K(292864K)] 289420K->41933K(992256K), 0.0207111 secs] [Times: user=0.04 sys=0.00, real=0.02 secs] 
Heap after GC invocations=53 (full 9):
 PSYoungGen      total 292864K, used 26525K [0x00000000eab00000, 0x0000000100000000, 0x0000000100000000)
  eden space 235008K, 0% used [0x00000000eab00000,0x00000000eab00000,0x00000000f9080000)
  from space 57856K, 45% used [0x00000000fc780000,0x00000000fe167590,0x0000000100000000)
  to   space 56320K, 0% used [0x00000000f9080000,0x00000000f9080000,0x00000000fc780000)
 ParOldGen       total 699392K, used 15407K [0x00000000c0000000, 0x00000000eab00000, 0x00000000eab00000)
  object space 699392K, 2% used [0x00000000c0000000,0x00000000c0f0bf20,0x00000000eab00000)
 Metaspace       used 57350K, capacity 58096K, committed 106496K, reserved 1140736K
  class space    used 6345K, capacity 6529K, committed 15872K, reserved 1048576K
}
{Heap before GC invocations=54 (full 9):
 PSYoungGen      total 292864K, used 261533K [0x00000000eab00000, 0x0000000100000000, 0x0000000100000000)
  eden space 235008K, 100% used [0x00000000eab00000,0x00000000f9080000,0x00000000f9080000)
  from space 57856K, 45% used [0x00000000fc780000,0x00000000fe167590,0x0000000100000000)
  to   space 56320K, 0% used [0x00000000f9080000,0x00000000f9080000,0x00000000fc780000)
 ParOldGen       total 699392K, used 15407K [0x00000000c0000000, 0x00000000eab00000, 0x00000000eab00000)
  object space 699392K, 2% used [0x00000000c0000000,0x00000000c0f0bf20,0x00000000eab00000)
 Metaspace       used 64927K, capacity 65726K, committed 106496K, reserved 1140736K
  class space    used 7214K, capacity 7376K, committed 15872K, reserved 1048576K
2092.965: [GC (Allocation Failure) [PSYoungGen: 261533K->28048K(291328K)] 276941K->43464K(990720K), 0.0340018 secs] [Times: user=0.08 sys=0.00, real=0.03 secs] 
Heap after GC invocations=54 (full 9):
 PSYoungGen      total 291328K, used 28048K [0x00000000eab00000, 0x0000000100000000, 0x0000000100000000)
  eden space 235008K, 0% used [0x00000000eab00000,0x00000000eab00000,0x00000000f9080000)
  from space 56320K, 49% used [0x00000000f9080000,0x00000000fabe43e8,0x00000000fc780000)
  to   space 55296K, 0% used [0x00000000fca00000,0x00000000fca00000,0x0000000100000000)
 ParOldGen       total 699392K, used 15415K [0x00000000c0000000, 0x00000000eab00000, 0x00000000eab00000)
  object space 699392K, 2% used [0x00000000c0000000,0x00000000c0f0df20,0x00000000eab00000)
 Metaspace       used 64927K, capacity 65726K, committed 106496K, reserved 1140736K
  class space    used 7214K, capacity 7376K, committed 15872K, reserved 1048576K
}
{Heap before GC invocations=55 (full 9):
 PSYoungGen      total 291328K, used 263056K [0x00000000eab00000, 0x0000000100000000, 0x0000000100000000)
  eden space 235008K, 100% used [0x00000000eab00000,0x00000000f9080000,0x00000000f9080000)
  from space 56320K, 49% used [0x00000000f9080000,0x00000000fabe43e8,0x00000000fc780000)
  to   space 55296K, 0% used [0x00000000fca00000,0x00000000fca00000,0x0000000100000000)
 ParOldGen       total 699392K, used 15415K [0x00000000c0000000, 0x00000000eab00000, 0x00000000eab00000)
  object space 699392K, 2% used [0x00000000c0000000,0x00000000c0f0df20,0x00000000eab00000)
 Metaspace       used 67499K, capacity 68352K, committed 106496K, reserved 1140736K
  class space    used 7581K, capacity 7774K, committed 15872K, reserved 1048576K
2093.789: [GC (Allocation Failure) [PSYoungGen: 263056K->41519K(285696K)] 278472K->56943K(985088K), 0.0375941 secs] [Times: user=0.07 sys=0.00, real=0.03 secs] 
Heap after GC invocations=55 (full 9):
 PSYoungGen      total 285696K, used 41519K [0x00000000eab00000, 0x0000000100000000, 0x0000000100000000)
  eden space 230400K, 0% used [0x00000000eab00000,0x00000000eab00000,0x00000000f8c00000)
  from space 55296K, 75% used [0x00000000fca00000,0x00000000ff28bfe0,0x0000000100000000)
  to   space 59392K, 0% used [0x00000000f8c00000,0x00000000f8c00000,0x00000000fc600000)
 ParOldGen       total 699392K, used 15423K [0x00000000c0000000, 0x00000000eab00000, 0x00000000eab00000)
  object space 699392K, 2% used [0x00000000c0000000,0x00000000c0f0ff20,0x00000000eab00000)
 Metaspace       used 67499K, capacity 68352K, committed 106496K, reserved 1140736K
  class space    used 7581K, capacity 7774K, committed 15872K, reserved 1048576K
}
{Heap before GC invocations=56 (full 9):
 PSYoungGen      total 285696K, used 271919K [0x00000000eab00000, 0x0000000100000000, 0x0000000100000000)
  eden space 230400K, 100% used [0x00000000eab00000,0x00000000f8c00000,0x00000000f8c00000)
  from space 55296K, 75% used [0x00000000fca00000,0x00000000ff28bfe0,0x0000000100000000)
  to   space 59392K, 0% used [0x00000000f8c00000,0x00000000f8c00000,0x00000000fc600000)
 ParOldGen       total 699392K, used 15423K [0x00000000c0000000, 0x00000000eab00000, 0x00000000eab00000)
  object space 699392K, 2% used [0x00000000c0000000,0x00000000c0f0ff20,0x00000000eab00000)
 Metaspace       used 77313K, capacity 78212K, committed 106496K, reserved 1140736K
  class space    used 8832K, capacity 9028K, committed 15872K, reserved 1048576K
2095.481: [GC (Allocation Failure) [PSYoungGen: 271919K->26572K(289792K)] 287343K->42003K(989184K), 0.0383407 secs] [Times: user=0.11 sys=0.00, real=0.03 secs] 
Heap after GC invocations=56 (full 9):
 PSYoungGen      total 289792K, used 26572K [0x00000000eab00000, 0x0000000100000000, 0x0000000100000000)
  eden space 230400K, 0% used [0x00000000eab00000,0x00000000eab00000,0x00000000f8c00000)
  from space 59392K, 44% used [0x00000000f8c00000,0x00000000fa5f30b0,0x00000000fc600000)
  to   space 56832K, 0% used [0x00000000fc880000,0x00000000fc880000,0x0000000100000000)
 ParOldGen       total 699392K, used 15431K [0x00000000c0000000, 0x00000000eab00000, 0x00000000eab00000)
  object space 699392K, 2% used [0x00000000c0000000,0x00000000c0f11f20,0x00000000eab00000)
 Metaspace       used 77313K, capacity 78212K, committed 106496K, reserved 1140736K
  class space    used 8832K, capacity 9028K, committed 15872K, reserved 1048576K
}
{Heap before GC invocations=57 (full 9):
 PSYoungGen      total 289792K, used 256972K [0x00000000eab00000, 0x0000000100000000, 0x0000000100000000)
  eden space 230400K, 100% used [0x00000000eab00000,0x00000000f8c00000,0x00000000f8c00000)
  from space 59392K, 44% used [0x00000000f8c00000,0x00000000fa5f30b0,0x00000000fc600000)
  to   space 56832K, 0% used [0x00000000fc880000,0x00000000fc880000,0x0000000100000000)
 ParOldGen       total 699392K, used 15431K [0x00000000c0000000, 0x00000000eab00000, 0x00000000eab00000)
  object space 699392K, 2% used [0x00000000c0000000,0x00000000c0f11f20,0x00000000eab00000)
 Metaspace       used 80201K, capacity 81174K, committed 106496K, reserved 1140736K
  class space    used 9147K, capacity 9326K, committed 15872K, reserved 1048576K
2173.585: [GC (Allocation Failure) [PSYoungGen: 256972K->43666K(285184K)] 272403K->59105K(984576K), 0.0252910 secs] [Times: user=0.06 sys=0.00, real=0.03 secs] 
Heap after GC invocations=57 (full 9):
 PSYoungGen      total 285184K, used 43666K [0x00000000eab00000, 0x0000000100000000, 0x0000000100000000)
  eden space 228352K, 0% used [0x00000000eab00000,0x00000000eab00000,0x00000000f8a00000)
  from space 56832K, 76% used [0x00000000fc880000,0x00000000ff3248c0,0x0000000100000000)
  to   space 60416K, 0% used [0x00000000f8a00000,0x00000000f8a00000,0x00000000fc500000)
 ParOldGen       total 699392K, used 15439K [0x00000000c0000000, 0x00000000eab00000, 0x00000000eab00000)
  object space 699392K, 2% used [0x00000000c0000000,0x00000000c0f13f20,0x00000000eab00000)
 Metaspace       used 80201K, capacity 81174K, committed 106496K, reserved 1140736K
  class space    used 9147K, capacity 9326K, committed 15872K, reserved 1048576K
}
{Heap before GC invocations=58 (full 9):
 PSYoungGen      total 285184K, used 272018K [0x00000000eab00000, 0x0000000100000000, 0x0000000100000000)
  eden space 228352K, 100% used [0x00000000eab00000,0x00000000f8a00000,0x00000000f8a00000)
  from space 56832K, 76% used [0x00000000fc880000,0x00000000ff3248c0,0x0000000100000000)
  to   space 60416K, 0% used [0x00000000f8a00000,0x00000000f8a00000,0x00000000fc500000)
 ParOldGen       total 699392K, used 15439K [0x00000000c0000000, 0x00000000eab00000, 0x00000000eab00000)
  object space 699392K, 2% used [0x00000000c0000000,0x00000000c0f13f20,0x00000000eab00000)
 Metaspace       used 87128K, capacity 88178K, committed 106496K, reserved 1140736K
  class space    used 10090K, capacity 10294K, committed 15872K, reserved 1048576K
2174.731: [GC (Allocation Failure) [PSYoungGen: 272018K->36900K(265728K)] 287457K->52347K(965120K), 0.0401778 secs] [Times: user=0.09 sys=0.00, real=0.04 secs] 
Heap after GC invocations=58 (full 9):
 PSYoungGen      total 265728K, used 36900K [0x00000000eab00000, 0x0000000100000000, 0x0000000100000000)
  eden space 228352K, 0% used [0x00000000eab00000,0x00000000eab00000,0x00000000f8a00000)
  from space 37376K, 98% used [0x00000000f8a00000,0x00000000fae09060,0x00000000fae80000)
  to   space 60928K, 0% used [0x00000000fc480000,0x00000000fc480000,0x0000000100000000)
 ParOldGen       total 699392K, used 15447K [0x00000000c0000000, 0x00000000eab00000, 0x00000000eab00000)
  object space 699392K, 2% used [0x00000000c0000000,0x00000000c0f15f20,0x00000000eab00000)
 Metaspace       used 87128K, capacity 88178K, committed 106496K, reserved 1140736K
  class space    used 10090K, capacity 10294K, committed 15872K, reserved 1048576K
}
{Heap before GC invocations=59 (full 9):
 PSYoungGen      total 265728K, used 265252K [0x00000000eab00000, 0x0000000100000000, 0x0000000100000000)
  eden space 228352K, 100% used [0x00000000eab00000,0x00000000f8a00000,0x00000000f8a00000)
  from space 37376K, 98% used [0x00000000f8a00000,0x00000000fae09060,0x00000000fae80000)
  to   space 60928K, 0% used [0x00000000fc480000,0x00000000fc480000,0x0000000100000000)
 ParOldGen       total 699392K, used 15447K [0x00000000c0000000, 0x00000000eab00000, 0x00000000eab00000)
  object space 699392K, 2% used [0x00000000c0000000,0x00000000c0f15f20,0x00000000eab00000)
 Metaspace       used 95522K, capacity 96660K, committed 106752K, reserved 1140736K
  class space    used 11075K, capacity 11299K, committed 15872K, reserved 1048576K
2218.798: [GC (Allocation Failure) [PSYoungGen: 265252K->33832K(288768K)] 280699K->49287K(988160K), 0.0225060 secs] [Times: user=0.06 sys=0.00, real=0.03 secs] 
Heap after GC invocations=59 (full 9):
 PSYoungGen      total 288768K, used 33832K [0x00000000eab00000, 0x0000000100000000, 0x0000000100000000)
  eden space 227840K, 0% used [0x00000000eab00000,0x00000000eab00000,0x00000000f8980000)
  from space 60928K, 55% used [0x00000000fc480000,0x00000000fe58a038,0x0000000100000000)
  to   space 60416K, 0% used [0x00000000f8980000,0x00000000f8980000,0x00000000fc480000)
 ParOldGen       total 699392K, used 15455K [0x00000000c0000000, 0x00000000eab00000, 0x00000000eab00000)
  object space 699392K, 2% used [0x00000000c0000000,0x00000000c0f17f20,0x00000000eab00000)
 Metaspace       used 95522K, capacity 96660K, committed 106752K, reserved 1140736K
  class space    used 11075K, capacity 11299K, committed 15872K, reserved 1048576K
}
{Heap before GC invocations=60 (full 9):
 PSYoungGen      total 288768K, used 261672K [0x00000000eab00000, 0x0000000100000000, 0x0000000100000000)
  eden space 227840K, 100% used [0x00000000eab00000,0x00000000f8980000,0x00000000f8980000)
  from space 60928K, 55% used [0x00000000fc480000,0x00000000fe58a038,0x0000000100000000)
  to   space 60416K, 0% used [0x00000000f8980000,0x00000000f8980000,0x00000000fc480000)
 ParOldGen       total 699392K, used 15455K [0x00000000c0000000, 0x00000000eab00000, 0x00000000eab00000)
  object space 699392K, 2% used [0x00000000c0000000,0x00000000c0f17f20,0x00000000eab00000)
 Metaspace       used 96399K, capacity 97574K, committed 106752K, reserved 1140736K
  class space    used 11199K, capacity 11433K, committed 15872K, reserved 1048576K
2219.330: [GC (Allocation Failure) [PSYoungGen: 261672K->50145K(278016K)] 277127K->65609K(977408K), 0.0394021 secs] [Times: user=0.11 sys=0.00, real=0.04 secs] 
Heap after GC invocations=60 (full 9):
 PSYoungGen      total 278016K, used 50145K [0x00000000eab00000, 0x0000000100000000, 0x0000000100000000)
  eden space 227840K, 0% used [0x00000000eab00000,0x00000000eab00000,0x00000000f8980000)
  from space 50176K, 99% used [0x00000000f8980000,0x00000000fba78500,0x00000000fba80000)
  to   space 65024K, 0% used [0x00000000fc080000,0x00000000fc080000,0x0000000100000000)
 ParOldGen       total 699392K, used 15463K [0x00000000c0000000, 0x00000000eab00000, 0x00000000eab00000)
  object space 699392K, 2% used [0x00000000c0000000,0x00000000c0f19f20,0x00000000eab00000)
 Metaspace       used 96399K, capacity 97574K, committed 106752K, reserved 1140736K
  class space    used 11199K, capacity 11433K, committed 15872K, reserved 1048576K
}
{Heap before GC invocations=61 (full 9):
 PSYoungGen      total 278016K, used 277985K [0x00000000eab00000, 0x0000000100000000, 0x0000000100000000)
  eden space 227840K, 100% used [0x00000000eab00000,0x00000000f8980000,0x00000000f8980000)
  from space 50176K, 99% used [0x00000000f8980000,0x00000000fba78500,0x00000000fba80000)
  to   space 65024K, 0% used [0x00000000fc080000,0x00000000fc080000,0x0000000100000000)
 ParOldGen       total 699392K, used 15463K [0x00000000c0000000, 0x00000000eab00000, 0x00000000eab00000)
  object space 699392K, 2% used [0x00000000c0000000,0x00000000c0f19f20,0x00000000eab00000)
 Metaspace       used 107396K, capacity 108580K, committed 112640K, reserved 1146880K
  class space    used 12634K, capacity 12878K, committed 15872K, reserved 1048576K
2221.088: [GC (Allocation Failure) [PSYoungGen: 277985K->35948K(285184K)] 293449K->51419K(984576K), 0.0575694 secs] [Times: user=0.15 sys=0.00, real=0.06 secs] 
Heap after GC invocations=61 (full 9):
 PSYoungGen      total 285184K, used 35948K [0x00000000eab00000, 0x0000000100000000, 0x0000000100000000)
  eden space 220160K, 0% used [0x00000000eab00000,0x00000000eab00000,0x00000000f8200000)
  from space 65024K, 55% used [0x00000000fc080000,0x00000000fe39b098,0x0000000100000000)
  to   space 64000K, 0% used [0x00000000f8200000,0x00000000f8200000,0x00000000fc080000)
 ParOldGen       total 699392K, used 15471K [0x00000000c0000000, 0x00000000eab00000, 0x00000000eab00000)
  object space 699392K, 2% used [0x00000000c0000000,0x00000000c0f1bf20,0x00000000eab00000)
 Metaspace       used 107396K, capacity 108580K, committed 112640K, reserved 1146880K
  class space    used 12634K, capacity 12878K, committed 15872K, reserved 1048576K
}
{Heap before GC invocations=62 (full 9):
 PSYoungGen      total 285184K, used 256108K [0x00000000eab00000, 0x0000000100000000, 0x0000000100000000)
  eden space 220160K, 100% used [0x00000000eab00000,0x00000000f8200000,0x00000000f8200000)
  from space 65024K, 55% used [0x00000000fc080000,0x00000000fe39b098,0x0000000100000000)
  to   space 64000K, 0% used [0x00000000f8200000,0x00000000f8200000,0x00000000fc080000)
 ParOldGen       total 699392K, used 15471K [0x00000000c0000000, 0x00000000eab00000, 0x00000000eab00000)
  object space 699392K, 2% used [0x00000000c0000000,0x00000000c0f1bf20,0x00000000eab00000)
 Metaspace       used 107931K, capacity 109112K, committed 112896K, reserved 1146880K
  class space    used 12699K, capacity 12946K, committed 15872K, reserved 1048576K
2240.934: [GC (Allocation Failure) [PSYoungGen: 256108K->50165K(270336K)] 271579K->65645K(969728K), 0.0320481 secs] [Times: user=0.08 sys=0.00, real=0.03 secs] 
Heap after GC invocations=62 (full 9):
 PSYoungGen      total 270336K, used 50165K [0x00000000eab00000, 0x0000000100000000, 0x0000000100000000)
  eden space 220160K, 0% used [0x00000000eab00000,0x00000000eab00000,0x00000000f8200000)
  from space 50176K, 99% used [0x00000000f8200000,0x00000000fb2fd568,0x00000000fb300000)
  to   space 67584K, 0% used [0x00000000fbe00000,0x00000000fbe00000,0x0000000100000000)
 ParOldGen       total 699392K, used 15479K [0x00000000c0000000, 0x00000000eab00000, 0x00000000eab00000)
  object space 699392K, 2% used [0x00000000c0000000,0x00000000c0f1df20,0x00000000eab00000)
 Metaspace       used 107931K, capacity 109112K, committed 112896K, reserved 1146880K
  class space    used 12699K, capacity 12946K, committed 15872K, reserved 1048576K
}
{Heap before GC invocations=63 (full 9):
 PSYoungGen      total 270336K, used 270325K [0x00000000eab00000, 0x0000000100000000, 0x0000000100000000)
  eden space 220160K, 100% used [0x00000000eab00000,0x00000000f8200000,0x00000000f8200000)
  from space 50176K, 99% used [0x00000000f8200000,0x00000000fb2fd568,0x00000000fb300000)
  to   space 67584K, 0% used [0x00000000fbe00000,0x00000000fbe00000,0x0000000100000000)
 ParOldGen       total 699392K, used 15479K [0x00000000c0000000, 0x00000000eab00000, 0x00000000eab00000)
  object space 699392K, 2% used [0x00000000c0000000,0x00000000c0f1df20,0x00000000eab00000)
 Metaspace       used 114670K, capacity 115944K, committed 118784K, reserved 1153024K
  class space    used 13620K, capacity 13880K, committed 15872K, reserved 1048576K
2242.372: [GC (Allocation Failure) [PSYoungGen: 270325K->43887K(279552K)] 285805K->59374K(978944K), 0.0478896 secs] [Times: user=0.13 sys=0.00, real=0.04 secs] 
Heap after GC invocations=63 (full 9):
 PSYoungGen      total 279552K, used 43887K [0x00000000eab00000, 0x0000000100000000, 0x0000000100000000)
  eden space 211968K, 0% used [0x00000000eab00000,0x00000000eab00000,0x00000000f7a00000)
  from space 67584K, 64% used [0x00000000fbe00000,0x00000000fe8dbcb0,0x0000000100000000)
  to   space 68608K, 0% used [0x00000000f7a00000,0x00000000f7a00000,0x00000000fbd00000)
 ParOldGen       total 699392K, used 15487K [0x00000000c0000000, 0x00000000eab00000, 0x00000000eab00000)
  object space 699392K, 2% used [0x00000000c0000000,0x00000000c0f1ff20,0x00000000eab00000)
 Metaspace       used 114670K, capacity 115944K, committed 118784K, reserved 1153024K
  class space    used 13620K, capacity 13880K, committed 15872K, reserved 1048576K
}
{Heap before GC invocations=64 (full 9):
 PSYoungGen      total 279552K, used 255855K [0x00000000eab00000, 0x0000000100000000, 0x0000000100000000)
  eden space 211968K, 100% used [0x00000000eab00000,0x00000000f7a00000,0x00000000f7a00000)
  from space 67584K, 64% used [0x00000000fbe00000,0x00000000fe8dbcb0,0x0000000100000000)
  to   space 68608K, 0% used [0x00000000f7a00000,0x00000000f7a00000,0x00000000fbd00000)
 ParOldGen       total 699392K, used 15487K [0x00000000c0000000, 0x00000000eab00000, 0x00000000eab00000)
  object space 699392K, 2% used [0x00000000c0000000,0x00000000c0f1ff20,0x00000000eab00000)
 Metaspace       used 123112K, capacity 124414K, committed 126464K, reserved 1159168K
  class space    used 14622K, capacity 14883K, committed 15872K, reserved 1048576K
2308.761: [GC (Allocation Failure) [PSYoungGen: 255855K->39450K(280576K)] 271342K->54946K(979968K), 0.0653227 secs] [Times: user=0.12 sys=0.00, real=0.06 secs] 
Heap after GC invocations=64 (full 9):
 PSYoungGen      total 280576K, used 39450K [0x00000000eab00000, 0x0000000100000000, 0x0000000100000000)
  eden space 211968K, 0% used [0x00000000eab00000,0x00000000eab00000,0x00000000f7a00000)
  from space 68608K, 57% used [0x00000000f7a00000,0x00000000fa086a70,0x00000000fbd00000)
  to   space 67072K, 0% used [0x00000000fbe80000,0x00000000fbe80000,0x0000000100000000)
 ParOldGen       total 699392K, used 15495K [0x00000000c0000000, 0x00000000eab00000, 0x00000000eab00000)
  object space 699392K, 2% used [0x00000000c0000000,0x00000000c0f21f20,0x00000000eab00000)
 Metaspace       used 123112K, capacity 124414K, committed 126464K, reserved 1159168K
  class space    used 14622K, capacity 14883K, committed 15872K, reserved 1048576K
}
{Heap before GC invocations=65 (full 9):
 PSYoungGen      total 280576K, used 251418K [0x00000000eab00000, 0x0000000100000000, 0x0000000100000000)
  eden space 211968K, 100% used [0x00000000eab00000,0x00000000f7a00000,0x00000000f7a00000)
  from space 68608K, 57% used [0x00000000f7a00000,0x00000000fa086a70,0x00000000fbd00000)
  to   space 67072K, 0% used [0x00000000fbe80000,0x00000000fbe80000,0x0000000100000000)
 ParOldGen       total 699392K, used 15495K [0x00000000c0000000, 0x00000000eab00000, 0x00000000eab00000)
  object space 699392K, 2% used [0x00000000c0000000,0x00000000c0f21f20,0x00000000eab00000)
 Metaspace       used 123123K, capacity 124428K, committed 126464K, reserved 1159168K
  class space    used 14625K, capacity 14885K, committed 15872K, reserved 1048576K
2309.699: [GC (Allocation Failure) [PSYoungGen: 251418K->59208K(269824K)] 266914K->74704K(969216K), 0.0620148 secs] [Times: user=0.14 sys=0.00, real=0.07 secs] 
Heap after GC invocations=65 (full 9):
 PSYoungGen      total 269824K, used 59208K [0x00000000eab00000, 0x0000000100000000, 0x0000000100000000)
  eden space 202752K, 0% used [0x00000000eab00000,0x00000000eab00000,0x00000000f7100000)
  from space 67072K, 88% used [0x00000000fbe80000,0x00000000ff852270,0x0000000100000000)
  to   space 73216K, 0% used [0x00000000f7100000,0x00000000f7100000,0x00000000fb880000)
 ParOldGen       total 699392K, used 15495K [0x00000000c0000000, 0x00000000eab00000, 0x00000000eab00000)
  object space 699392K, 2% used [0x00000000c0000000,0x00000000c0f21f20,0x00000000eab00000)
 Metaspace       used 123123K, capacity 124428K, committed 126464K, reserved 1159168K
  class space    used 14625K, capacity 14885K, committed 15872K, reserved 1048576K
}
{Heap before GC invocations=66 (full 9):
 PSYoungGen      total 269824K, used 200602K [0x00000000eab00000, 0x0000000100000000, 0x0000000100000000)
  eden space 202752K, 69% used [0x00000000eab00000,0x00000000f3514988,0x00000000f7100000)
  from space 67072K, 88% used [0x00000000fbe80000,0x00000000ff852270,0x0000000100000000)
  to   space 73216K, 0% used [0x00000000f7100000,0x00000000f7100000,0x00000000fb880000)
 ParOldGen       total 699392K, used 15495K [0x00000000c0000000, 0x00000000eab00000, 0x00000000eab00000)
  object space 699392K, 2% used [0x00000000c0000000,0x00000000c0f21f20,0x00000000eab00000)
 Metaspace       used 128575K, capacity 129864K, committed 131072K, reserved 1165312K
  class space    used 15367K, capacity 15629K, committed 15872K, reserved 1048576K
2310.840: [GC (Metadata GC Threshold) [PSYoungGen: 200602K->33560K(275968K)] 216098K->53580K(975360K), 0.0629210 secs] [Times: user=0.17 sys=0.00, real=0.06 secs] 
Heap after GC invocations=66 (full 9):
 PSYoungGen      total 275968K, used 33560K [0x00000000eab00000, 0x0000000100000000, 0x0000000100000000)
  eden space 202752K, 0% used [0x00000000eab00000,0x00000000eab00000,0x00000000f7100000)
  from space 73216K, 45% used [0x00000000f7100000,0x00000000f91c6030,0x00000000fb880000)
  to   space 70144K, 0% used [0x00000000fbb80000,0x00000000fbb80000,0x0000000100000000)
 ParOldGen       total 699392K, used 20020K [0x00000000c0000000, 0x00000000eab00000, 0x00000000eab00000)
  object space 699392K, 2% used [0x00000000c0000000,0x00000000c138d188,0x00000000eab00000)
 Metaspace       used 128575K, capacity 129864K, committed 131072K, reserved 1165312K
  class space    used 15367K, capacity 15629K, committed 15872K, reserved 1048576K
}
{Heap before GC invocations=67 (full 10):
 PSYoungGen      total 275968K, used 33560K [0x00000000eab00000, 0x0000000100000000, 0x0000000100000000)
  eden space 202752K, 0% used [0x00000000eab00000,0x00000000eab00000,0x00000000f7100000)
  from space 73216K, 45% used [0x00000000f7100000,0x00000000f91c6030,0x00000000fb880000)
  to   space 70144K, 0% used [0x00000000fbb80000,0x00000000fbb80000,0x0000000100000000)
 ParOldGen       total 699392K, used 20020K [0x00000000c0000000, 0x00000000eab00000, 0x00000000eab00000)
  object space 699392K, 2% used [0x00000000c0000000,0x00000000c138d188,0x00000000eab00000)
 Metaspace       used 128575K, capacity 129864K, committed 131072K, reserved 1165312K
  class space    used 15367K, capacity 15629K, committed 15872K, reserved 1048576K
2310.904: [Full GC (Metadata GC Threshold) [PSYoungGen: 33560K->0K(275968K)] [ParOldGen: 20020K->46334K(699392K)] 53580K->46334K(975360K), [Metaspace: 128575K->116023K(1163264K)], 0.3647512 secs] [Times: user=0.67 sys=0.00, real=0.36 secs] 
Heap after GC invocations=67 (full 10):
 PSYoungGen      total 275968K, used 0K [0x00000000eab00000, 0x0000000100000000, 0x0000000100000000)
  eden space 202752K, 0% used [0x00000000eab00000,0x00000000eab00000,0x00000000f7100000)
  from space 73216K, 0% used [0x00000000f7100000,0x00000000f7100000,0x00000000fb880000)
  to   space 70144K, 0% used [0x00000000fbb80000,0x00000000fbb80000,0x0000000100000000)
 ParOldGen       total 699392K, used 46334K [0x00000000c0000000, 0x00000000eab00000, 0x00000000eab00000)
  object space 699392K, 6% used [0x00000000c0000000,0x00000000c2d3f908,0x00000000eab00000)
 Metaspace       used 116023K, capacity 116926K, committed 129024K, reserved 1163264K
  class space    used 13726K, capacity 13949K, committed 15872K, reserved 1048576K
}
{Heap before GC invocations=68 (full 10):
 PSYoungGen      total 275968K, used 202749K [0x00000000eab00000, 0x0000000100000000, 0x0000000100000000)
  eden space 202752K, 99% used [0x00000000eab00000,0x00000000f70ff600,0x00000000f7100000)
  from space 73216K, 0% used [0x00000000f7100000,0x00000000f7100000,0x00000000fb880000)
  to   space 70144K, 0% used [0x00000000fbb80000,0x00000000fbb80000,0x0000000100000000)
 ParOldGen       total 699392K, used 46334K [0x00000000c0000000, 0x00000000eab00000, 0x00000000eab00000)
  object space 699392K, 6% used [0x00000000c0000000,0x00000000c2d3f908,0x00000000eab00000)
 Metaspace       used 124572K, capacity 125640K, committed 129024K, reserved 1163264K
  class space    used 14782K, capacity 15013K, committed 15872K, reserved 1048576K
2419.345: [GC (Allocation Failure) [PSYoungGen: 202749K->12757K(278016K)] 249083K->59091K(977408K), 0.0277889 secs] [Times: user=0.05 sys=0.00, real=0.03 secs] 
Heap after GC invocations=68 (full 10):
 PSYoungGen      total 278016K, used 12757K [0x00000000eab00000, 0x0000000100000000, 0x0000000100000000)
  eden space 207872K, 0% used [0x00000000eab00000,0x00000000eab00000,0x00000000f7600000)
  from space 70144K, 18% used [0x00000000fbb80000,0x00000000fc7f5520,0x0000000100000000)
  to   space 70656K, 0% used [0x00000000f7600000,0x00000000f7600000,0x00000000fbb00000)
 ParOldGen       total 699392K, used 46334K [0x00000000c0000000, 0x00000000eab00000, 0x00000000eab00000)
  object space 699392K, 6% used [0x00000000c0000000,0x00000000c2d3f908,0x00000000eab00000)
 Metaspace       used 124572K, capacity 125640K, committed 129024K, reserved 1163264K
  class space    used 14782K, capacity 15013K, committed 15872K, reserved 1048576K
}
{Heap before GC invocations=69 (full 10):
 PSYoungGen      total 278016K, used 220629K [0x00000000eab00000, 0x0000000100000000, 0x0000000100000000)
  eden space 207872K, 100% used [0x00000000eab00000,0x00000000f7600000,0x00000000f7600000)
  from space 70144K, 18% used [0x00000000fbb80000,0x00000000fc7f5520,0x0000000100000000)
  to   space 70656K, 0% used [0x00000000f7600000,0x00000000f7600000,0x00000000fbb00000)
 ParOldGen       total 699392K, used 46334K [0x00000000c0000000, 0x00000000eab00000, 0x00000000eab00000)
  object space 699392K, 6% used [0x00000000c0000000,0x00000000c2d3f908,0x00000000eab00000)
 Metaspace       used 125755K, capacity 126824K, committed 129024K, reserved 1163264K
  class space    used 14912K, capacity 15147K, committed 15872K, reserved 1048576K
2465.466: [GC (Allocation Failure) [PSYoungGen: 220629K->36224K(278528K)] 266963K->82558K(977920K), 0.0171646 secs] [Times: user=0.03 sys=0.00, real=0.02 secs] 
Heap after GC invocations=69 (full 10):
 PSYoungGen      total 278528K, used 36224K [0x00000000eab00000, 0x0000000100000000, 0x0000000100000000)
  eden space 207872K, 0% used [0x00000000eab00000,0x00000000eab00000,0x00000000f7600000)
  from space 70656K, 51% used [0x00000000f7600000,0x00000000f9960070,0x00000000fbb00000)
  to   space 67584K, 0% used [0x00000000fbe00000,0x00000000fbe00000,0x0000000100000000)
 ParOldGen       total 699392K, used 46334K [0x00000000c0000000, 0x00000000eab00000, 0x00000000eab00000)
  object space 699392K, 6% used [0x00000000c0000000,0x00000000c2d3f908,0x00000000eab00000)
 Metaspace       used 125755K, capacity 126824K, committed 129024K, reserved 1163264K
  class space    used 14912K, capacity 15147K, committed 15872K, reserved 1048576K
}
{Heap before GC invocations=70 (full 10):
 PSYoungGen      total 278528K, used 148673K [0x00000000eab00000, 0x0000000100000000, 0x0000000100000000)
  eden space 207872K, 54% used [0x00000000eab00000,0x00000000f18d0738,0x00000000f7600000)
  from space 70656K, 51% used [0x00000000f7600000,0x00000000f9960070,0x00000000fbb00000)
  to   space 67584K, 0% used [0x00000000fbe00000,0x00000000fbe00000,0x0000000100000000)
 ParOldGen       total 699392K, used 46334K [0x00000000c0000000, 0x00000000eab00000, 0x00000000eab00000)
  object space 699392K, 6% used [0x00000000c0000000,0x00000000c2d3f908,0x00000000eab00000)
 Metaspace       used 128605K, capacity 129682K, committed 131072K, reserved 1165312K
  class space    used 15320K, capacity 15568K, committed 15872K, reserved 1048576K
2466.108: [GC (Metadata GC Threshold) [PSYoungGen: 148673K->15685K(281600K)] 195008K->62019K(980992K), 0.0262405 secs] [Times: user=0.09 sys=0.00, real=0.03 secs] 
Heap after GC invocations=70 (full 10):
 PSYoungGen      total 281600K, used 15685K [0x00000000eab00000, 0x0000000100000000, 0x0000000100000000)
  eden space 214016K, 0% used [0x00000000eab00000,0x00000000eab00000,0x00000000f7c00000)
  from space 67584K, 23% used [0x00000000fbe00000,0x00000000fcd515a8,0x0000000100000000)
  to   space 67584K, 0% used [0x00000000f7c00000,0x00000000f7c00000,0x00000000fbe00000)
 ParOldGen       total 699392K, used 46334K [0x00000000c0000000, 0x00000000eab00000, 0x00000000eab00000)
  object space 699392K, 6% used [0x00000000c0000000,0x00000000c2d3f908,0x00000000eab00000)
 Metaspace       used 128605K, capacity 129682K, committed 131072K, reserved 1165312K
  class space    used 15320K, capacity 15568K, committed 15872K, reserved 1048576K
}
{Heap before GC invocations=71 (full 11):
 PSYoungGen      total 281600K, used 15685K [0x00000000eab00000, 0x0000000100000000, 0x0000000100000000)
  eden space 214016K, 0% used [0x00000000eab00000,0x00000000eab00000,0x00000000f7c00000)
  from space 67584K, 23% used [0x00000000fbe00000,0x00000000fcd515a8,0x0000000100000000)
  to   space 67584K, 0% used [0x00000000f7c00000,0x00000000f7c00000,0x00000000fbe00000)
 ParOldGen       total 699392K, used 46334K [0x00000000c0000000, 0x00000000eab00000, 0x00000000eab00000)
  object space 699392K, 6% used [0x00000000c0000000,0x00000000c2d3f908,0x00000000eab00000)
 Metaspace       used 128605K, capacity 129682K, committed 131072K, reserved 1165312K
  class space    used 15320K, capacity 15568K, committed 15872K, reserved 1048576K
2466.134: [Full GC (Metadata GC Threshold) [PSYoungGen: 15685K->0K(281600K)] [ParOldGen: 46334K->51156K(699392K)] 62019K->51156K(980992K), [Metaspace: 128605K->128588K(1165312K)], 0.1656630 secs] [Times: user=0.54 sys=0.00, real=0.16 secs] 
Heap after GC invocations=71 (full 11):
 PSYoungGen      total 281600K, used 0K [0x00000000eab00000, 0x0000000100000000, 0x0000000100000000)
  eden space 214016K, 0% used [0x00000000eab00000,0x00000000eab00000,0x00000000f7c00000)
  from space 67584K, 0% used [0x00000000fbe00000,0x00000000fbe00000,0x0000000100000000)
  to   space 67584K, 0% used [0x00000000f7c00000,0x00000000f7c00000,0x00000000fbe00000)
 ParOldGen       total 699392K, used 51156K [0x00000000c0000000, 0x00000000eab00000, 0x00000000eab00000)
  object space 699392K, 7% used [0x00000000c0000000,0x00000000c31f5078,0x00000000eab00000)
 Metaspace       used 128588K, capacity 129612K, committed 131072K, reserved 1165312K
  class space    used 15319K, capacity 15566K, committed 15872K, reserved 1048576K
}
{Heap before GC invocations=72 (full 11):
 PSYoungGen      total 281600K, used 2399K [0x00000000eab00000, 0x0000000100000000, 0x0000000100000000)
  eden space 214016K, 1% used [0x00000000eab00000,0x00000000ead57cb0,0x00000000f7c00000)
  from space 67584K, 0% used [0x00000000fbe00000,0x00000000fbe00000,0x0000000100000000)
  to   space 67584K, 0% used [0x00000000f7c00000,0x00000000f7c00000,0x00000000fbe00000)
 ParOldGen       total 699392K, used 51156K [0x00000000c0000000, 0x00000000eab00000, 0x00000000eab00000)
  object space 699392K, 7% used [0x00000000c0000000,0x00000000c31f5078,0x00000000eab00000)
 Metaspace       used 128664K, capacity 129676K, committed 131072K, reserved 1165312K
  class space    used 15326K, capacity 15566K, committed 15872K, reserved 1048576K
2466.309: [GC (Metadata GC Threshold) [PSYoungGen: 2399K->160K(214528K)] 53555K->51316K(913920K), 0.0079841 secs] [Times: user=0.02 sys=0.00, real=0.00 secs] 
Heap after GC invocations=72 (full 11):
 PSYoungGen      total 214528K, used 160K [0x00000000eab00000, 0x0000000100000000, 0x0000000100000000)
  eden space 214016K, 0% used [0x00000000eab00000,0x00000000eab00000,0x00000000f7c00000)
  from space 512K, 31% used [0x00000000f7c00000,0x00000000f7c28000,0x00000000f7c80000)
  to   space 69632K, 0% used [0x00000000fbc00000,0x00000000fbc00000,0x0000000100000000)
 ParOldGen       total 699392K, used 51156K [0x00000000c0000000, 0x00000000eab00000, 0x00000000eab00000)
  object space 699392K, 7% used [0x00000000c0000000,0x00000000c31f5078,0x00000000eab00000)
 Metaspace       used 128664K, capacity 129676K, committed 131072K, reserved 1165312K
  class space    used 15326K, capacity 15566K, committed 15872K, reserved 1048576K
}
{Heap before GC invocations=73 (full 12):
 PSYoungGen      total 214528K, used 160K [0x00000000eab00000, 0x0000000100000000, 0x0000000100000000)
  eden space 214016K, 0% used [0x00000000eab00000,0x00000000eab00000,0x00000000f7c00000)
  from space 512K, 31% used [0x00000000f7c00000,0x00000000f7c28000,0x00000000f7c80000)
  to   space 69632K, 0% used [0x00000000fbc00000,0x00000000fbc00000,0x0000000100000000)
 ParOldGen       total 699392K, used 51156K [0x00000000c0000000, 0x00000000eab00000, 0x00000000eab00000)
  object space 699392K, 7% used [0x00000000c0000000,0x00000000c31f5078,0x00000000eab00000)
 Metaspace       used 128664K, capacity 129676K, committed 131072K, reserved 1165312K
  class space    used 15326K, capacity 15566K, committed 15872K, reserved 1048576K
2466.317: [Full GC (Metadata GC Threshold) [PSYoungGen: 160K->0K(214528K)] [ParOldGen: 51156K->42241K(699392K)] 51316K->42241K(913920K), [Metaspace: 128664K->128664K(1165312K)], 0.1247565 secs] [Times: user=0.38 sys=0.00, real=0.13 secs] 
Heap after GC invocations=73 (full 12):
 PSYoungGen      total 214528K, used 0K [0x00000000eab00000, 0x0000000100000000, 0x0000000100000000)
  eden space 214016K, 0% used [0x00000000eab00000,0x00000000eab00000,0x00000000f7c00000)
  from space 512K, 0% used [0x00000000f7c00000,0x00000000f7c00000,0x00000000f7c80000)
  to   space 69632K, 0% used [0x00000000fbc00000,0x00000000fbc00000,0x0000000100000000)
 ParOldGen       total 699392K, used 42241K [0x00000000c0000000, 0x00000000eab00000, 0x00000000eab00000)
  object space 699392K, 6% used [0x00000000c0000000,0x00000000c2940408,0x00000000eab00000)
 Metaspace       used 128664K, capacity 129676K, committed 131072K, reserved 1165312K
  class space    used 15326K, capacity 15566K, committed 15872K, reserved 1048576K
}
{Heap before GC invocations=74 (full 12):
 PSYoungGen      total 214528K, used 0K [0x00000000eab00000, 0x0000000100000000, 0x0000000100000000)
  eden space 214016K, 0% used [0x00000000eab00000,0x00000000eab00000,0x00000000f7c00000)
  from space 512K, 0% used [0x00000000f7c00000,0x00000000f7c00000,0x00000000f7c80000)
  to   space 69632K, 0% used [0x00000000fbc00000,0x00000000fbc00000,0x0000000100000000)
 ParOldGen       total 699392K, used 42241K [0x00000000c0000000, 0x00000000eab00000, 0x00000000eab00000)
  object space 699392K, 6% used [0x00000000c0000000,0x00000000c2940408,0x00000000eab00000)
 Metaspace       used 128664K, capacity 129676K, committed 131072K, reserved 1165312K
  class space    used 15326K, capacity 15566K, committed 15872K, reserved 1048576K
2466.442: [GC (Last ditch collection) [PSYoungGen: 0K->0K(277504K)] 42241K->42241K(976896K), 0.0032794 secs] [Times: user=0.01 sys=0.00, real=0.00 secs] 
Heap after GC invocations=74 (full 12):
 PSYoungGen      total 277504K, used 0K [0x00000000eab00000, 0x0000000100000000, 0x0000000100000000)
  eden space 207872K, 0% used [0x00000000eab00000,0x00000000eab00000,0x00000000f7600000)
  from space 69632K, 0% used [0x00000000fbc00000,0x00000000fbc00000,0x0000000100000000)
  to   space 70656K, 0% used [0x00000000f7600000,0x00000000f7600000,0x00000000fbb00000)
 ParOldGen       total 699392K, used 42241K [0x00000000c0000000, 0x00000000eab00000, 0x00000000eab00000)
  object space 699392K, 6% used [0x00000000c0000000,0x00000000c2940408,0x00000000eab00000)
 Metaspace       used 128664K, capacity 129676K, committed 131072K, reserved 1165312K
  class space    used 15326K, capacity 15566K, committed 15872K, reserved 1048576K
}
{Heap before GC invocations=75 (full 13):
 PSYoungGen      total 277504K, used 0K [0x00000000eab00000, 0x0000000100000000, 0x0000000100000000)
  eden space 207872K, 0% used [0x00000000eab00000,0x00000000eab00000,0x00000000f7600000)
  from space 69632K, 0% used [0x00000000fbc00000,0x00000000fbc00000,0x0000000100000000)
  to   space 70656K, 0% used [0x00000000f7600000,0x00000000f7600000,0x00000000fbb00000)
 ParOldGen       total 699392K, used 42241K [0x00000000c0000000, 0x00000000eab00000, 0x00000000eab00000)
  object space 699392K, 6% used [0x00000000c0000000,0x00000000c2940408,0x00000000eab00000)
 Metaspace       used 128664K, capacity 129676K, committed 131072K, reserved 1165312K
  class space    used 15326K, capacity 15566K, committed 15872K, reserved 1048576K
2466.445: [Full GC (Last ditch collection) [PSYoungGen: 0K->0K(277504K)] [ParOldGen: 42241K->41216K(699392K)] 42241K->41216K(976896K), [Metaspace: 128664K->128582K(1165312K)], 0.2500826 secs] [Times: user=0.71 sys=0.00, real=0.25 secs] 
Heap after GC invocations=75 (full 13):
 PSYoungGen      total 277504K, used 0K [0x00000000eab00000, 0x0000000100000000, 0x0000000100000000)
  eden space 207872K, 0% used [0x00000000eab00000,0x00000000eab00000,0x00000000f7600000)
  from space 69632K, 0% used [0x00000000fbc00000,0x00000000fbc00000,0x0000000100000000)
  to   space 70656K, 0% used [0x00000000f7600000,0x00000000f7600000,0x00000000fbb00000)
 ParOldGen       total 699392K, used 41216K [0x00000000c0000000, 0x00000000eab00000, 0x00000000eab00000)
  object space 699392K, 5% used [0x00000000c0000000,0x00000000c28401b0,0x00000000eab00000)
 Metaspace       used 128582K, capacity 129544K, committed 131072K, reserved 1165312K
  class space    used 15314K, capacity 15544K, committed 15872K, reserved 1048576K
}
{Heap before GC invocations=76 (full 13):
 PSYoungGen      total 277504K, used 2K [0x00000000eab00000, 0x0000000100000000, 0x0000000100000000)
  eden space 207872K, 0% used [0x00000000eab00000,0x00000000eab00820,0x00000000f7600000)
  from space 69632K, 0% used [0x00000000fbc00000,0x00000000fbc00000,0x0000000100000000)
  to   space 70656K, 0% used [0x00000000f7600000,0x00000000f7600000,0x00000000fbb00000)
 ParOldGen       total 699392K, used 41216K [0x00000000c0000000, 0x00000000eab00000, 0x00000000eab00000)
  object space 699392K, 5% used [0x00000000c0000000,0x00000000c28401b0,0x00000000eab00000)
 Metaspace       used 128582K, capacity 129544K, committed 131072K, reserved 1165312K
  class space    used 15314K, capacity 15544K, committed 15872K, reserved 1048576K
2466.696: [GC (Metadata GC Threshold) [PSYoungGen: 2K->32K(278528K)] 41218K->41248K(977920K), 0.0033019 secs] [Times: user=0.01 sys=0.00, real=0.00 secs] 
Heap after GC invocations=76 (full 13):
 PSYoungGen      total 278528K, used 32K [0x00000000eab00000, 0x0000000100000000, 0x0000000100000000)
  eden space 207872K, 0% used [0x00000000eab00000,0x00000000eab00000,0x00000000f7600000)
  from space 70656K, 0% used [0x00000000f7600000,0x00000000f7608000,0x00000000fbb00000)
  to   space 70656K, 0% used [0x00000000fbb00000,0x00000000fbb00000,0x0000000100000000)
 ParOldGen       total 699392K, used 41216K [0x00000000c0000000, 0x00000000eab00000, 0x00000000eab00000)
  object space 699392K, 5% used [0x00000000c0000000,0x00000000c28401b0,0x00000000eab00000)
 Metaspace       used 128582K, capacity 129544K, committed 131072K, reserved 1165312K
  class space    used 15314K, capacity 15544K, committed 15872K, reserved 1048576K
}
{Heap before GC invocations=77 (full 14):
 PSYoungGen      total 278528K, used 32K [0x00000000eab00000, 0x0000000100000000, 0x0000000100000000)
  eden space 207872K, 0% used [0x00000000eab00000,0x00000000eab00000,0x00000000f7600000)
  from space 70656K, 0% used [0x00000000f7600000,0x00000000f7608000,0x00000000fbb00000)
  to   space 70656K, 0% used [0x00000000fbb00000,0x00000000fbb00000,0x0000000100000000)
 ParOldGen       total 699392K, used 41216K [0x00000000c0000000, 0x00000000eab00000, 0x00000000eab00000)
  object space 699392K, 5% used [0x00000000c0000000,0x00000000c28401b0,0x00000000eab00000)
 Metaspace       used 128582K, capacity 129544K, committed 131072K, reserved 1165312K
  class space    used 15314K, capacity 15544K, committed 15872K, reserved 1048576K
2466.699: [Full GC (Metadata GC Threshold) [PSYoungGen: 32K->0K(278528K)] [ParOldGen: 41216K->15664K(699392K)] 41248K->15664K(977920K), [Metaspace: 128582K->37932K(1153024K)], 0.1345574 secs] [Times: user=0.32 sys=0.00, real=0.14 secs] 
