Java HotSpot(TM) 64-Bit Server VM (25.121-b13) for linux-amd64 JRE (1.8.0_121-b13), built on Dec 12 2016 16:36:53 by "java_re" with gcc 4.3.0 20080428 (Red Hat 4.3.0-8)
Memory: 4k page, physical 8035296k(3974692k free), swap 3999740k(3999740k free)
CommandLine flags: -XX:+HeapDumpOnOutOfMemoryError -XX:HeapDumpPath=../../../instances/tomcat8/logs/tomcat8_java_pid_20171030113015.hprof -XX:InitialHeapSize=1073741824 -XX:+ManagementServer -XX:MaxHeapSize=1073741824 -XX:MaxMetaspaceSize=268435456 -XX:MetaspaceSize=268435456 -XX:+PrintGC -XX:+PrintGCDetails -XX:+PrintGCTimeStamps -XX:+PrintHeapAtGC -XX:+UseCompressedClassPointers -XX:+UseCompressedOops -XX:+UseParallelGC -XX:+UseParallelOldGC 
{Heap before GC invocations=1 (full 0):
 PSYoungGen      total 305664K, used 262144K [0x00000000eab00000, 0x0000000100000000, 0x0000000100000000)
  eden space 262144K, 100% used [0x00000000eab00000,0x00000000fab00000,0x00000000fab00000)
  from space 43520K, 0% used [0x00000000fd580000,0x00000000fd580000,0x0000000100000000)
  to   space 43520K, 0% used [0x00000000fab00000,0x00000000fab00000,0x00000000fd580000)
 ParOldGen       total 699392K, used 0K [0x00000000c0000000, 0x00000000eab00000, 0x00000000eab00000)
  object space 699392K, 0% used [0x00000000c0000000,0x00000000c0000000,0x00000000eab00000)
 Metaspace       used 17588K, capacity 17934K, committed 18048K, reserved 1064960K
  class space    used 1991K, capacity 2127K, committed 2176K, reserved 1048576K
1.968: [GC (Allocation Failure) [PSYoungGen: 262144K->38459K(305664K)] 262144K->38539K(1005056K), 0.0272333 secs] [Times: user=0.06 sys=0.01, real=0.02 secs] 
Heap after GC invocations=1 (full 0):
 PSYoungGen      total 305664K, used 38459K [0x00000000eab00000, 0x0000000100000000, 0x0000000100000000)
  eden space 262144K, 0% used [0x00000000eab00000,0x00000000eab00000,0x00000000fab00000)
  from space 43520K, 88% used [0x00000000fab00000,0x00000000fd08ec30,0x00000000fd580000)
  to   space 43520K, 0% used [0x00000000fd580000,0x00000000fd580000,0x0000000100000000)
 ParOldGen       total 699392K, used 80K [0x00000000c0000000, 0x00000000eab00000, 0x00000000eab00000)
  object space 699392K, 0% used [0x00000000c0000000,0x00000000c0014010,0x00000000eab00000)
 Metaspace       used 17588K, capacity 17934K, committed 18048K, reserved 1064960K
  class space    used 1991K, capacity 2127K, committed 2176K, reserved 1048576K
}
{Heap before GC invocations=2 (full 0):
 PSYoungGen      total 305664K, used 300603K [0x00000000eab00000, 0x0000000100000000, 0x0000000100000000)
  eden space 262144K, 100% used [0x00000000eab00000,0x00000000fab00000,0x00000000fab00000)
  from space 43520K, 88% used [0x00000000fab00000,0x00000000fd08ec30,0x00000000fd580000)
  to   space 43520K, 0% used [0x00000000fd580000,0x00000000fd580000,0x0000000100000000)
 ParOldGen       total 699392K, used 80K [0x00000000c0000000, 0x00000000eab00000, 0x00000000eab00000)
  object space 699392K, 0% used [0x00000000c0000000,0x00000000c0014010,0x00000000eab00000)
 Metaspace       used 24899K, capacity 25354K, committed 25600K, reserved 1071104K
  class space    used 2905K, capacity 3047K, committed 3072K, reserved 1048576K
3.558: [GC (Allocation Failure) [PSYoungGen: 300603K->35480K(305664K)] 300683K->35576K(1005056K), 0.0276617 secs] [Times: user=0.09 sys=0.00, real=0.02 secs] 
Heap after GC invocations=2 (full 0):
 PSYoungGen      total 305664K, used 35480K [0x00000000eab00000, 0x0000000100000000, 0x0000000100000000)
  eden space 262144K, 0% used [0x00000000eab00000,0x00000000eab00000,0x00000000fab00000)
  from space 43520K, 81% used [0x00000000fd580000,0x00000000ff826310,0x0000000100000000)
  to   space 43520K, 0% used [0x00000000fab00000,0x00000000fab00000,0x00000000fd580000)
 ParOldGen       total 699392K, used 96K [0x00000000c0000000, 0x00000000eab00000, 0x00000000eab00000)
  object space 699392K, 0% used [0x00000000c0000000,0x00000000c0018010,0x00000000eab00000)
 Metaspace       used 24899K, capacity 25354K, committed 25600K, reserved 1071104K
  class space    used 2905K, capacity 3047K, committed 3072K, reserved 1048576K
}
{Heap before GC invocations=3 (full 0):
 PSYoungGen      total 305664K, used 297624K [0x00000000eab00000, 0x0000000100000000, 0x0000000100000000)
  eden space 262144K, 100% used [0x00000000eab00000,0x00000000fab00000,0x00000000fab00000)
  from space 43520K, 81% used [0x00000000fd580000,0x00000000ff826310,0x0000000100000000)
  to   space 43520K, 0% used [0x00000000fab00000,0x00000000fab00000,0x00000000fd580000)
 ParOldGen       total 699392K, used 96K [0x00000000c0000000, 0x00000000eab00000, 0x00000000eab00000)
  object space 699392K, 0% used [0x00000000c0000000,0x00000000c0018010,0x00000000eab00000)
 Metaspace       used 35033K, capacity 35552K, committed 35840K, reserved 1081344K
  class space    used 4155K, capacity 4348K, committed 4352K, reserved 1048576K
5.249: [GC (Allocation Failure) [PSYoungGen: 297624K->27082K(305664K)] 297720K->27186K(1005056K), 0.0220998 secs] [Times: user=0.07 sys=0.00, real=0.02 secs] 
Heap after GC invocations=3 (full 0):
 PSYoungGen      total 305664K, used 27082K [0x00000000eab00000, 0x0000000100000000, 0x0000000100000000)
  eden space 262144K, 0% used [0x00000000eab00000,0x00000000eab00000,0x00000000fab00000)
  from space 43520K, 62% used [0x00000000fab00000,0x00000000fc572860,0x00000000fd580000)
  to   space 43520K, 0% used [0x00000000fd580000,0x00000000fd580000,0x0000000100000000)
 ParOldGen       total 699392K, used 104K [0x00000000c0000000, 0x00000000eab00000, 0x00000000eab00000)
  object space 699392K, 0% used [0x00000000c0000000,0x00000000c001a010,0x00000000eab00000)
 Metaspace       used 35033K, capacity 35552K, committed 35840K, reserved 1081344K
  class space    used 4155K, capacity 4348K, committed 4352K, reserved 1048576K
}
{Heap before GC invocations=4 (full 0):
 PSYoungGen      total 305664K, used 289226K [0x00000000eab00000, 0x0000000100000000, 0x0000000100000000)
  eden space 262144K, 100% used [0x00000000eab00000,0x00000000fab00000,0x00000000fab00000)
  from space 43520K, 62% used [0x00000000fab00000,0x00000000fc572860,0x00000000fd580000)
  to   space 43520K, 0% used [0x00000000fd580000,0x00000000fd580000,0x0000000100000000)
 ParOldGen       total 699392K, used 104K [0x00000000c0000000, 0x00000000eab00000, 0x00000000eab00000)
  object space 699392K, 0% used [0x00000000c0000000,0x00000000c001a010,0x00000000eab00000)
 Metaspace       used 35097K, capacity 35564K, committed 35840K, reserved 1081344K
  class space    used 4161K, capacity 4350K, committed 4352K, reserved 1048576K
6.117: [GC (Allocation Failure) [PSYoungGen: 289226K->43492K(305664K)] 289330K->53949K(1005056K), 0.0439677 secs] [Times: user=0.14 sys=0.00, real=0.04 secs] 
Heap after GC invocations=4 (full 0):
 PSYoungGen      total 305664K, used 43492K [0x00000000eab00000, 0x0000000100000000, 0x0000000100000000)
  eden space 262144K, 0% used [0x00000000eab00000,0x00000000eab00000,0x00000000fab00000)
  from space 43520K, 99% used [0x00000000fd580000,0x00000000ffff9120,0x0000000100000000)
  to   space 43520K, 0% used [0x00000000fab00000,0x00000000fab00000,0x00000000fd580000)
 ParOldGen       total 699392K, used 10457K [0x00000000c0000000, 0x00000000eab00000, 0x00000000eab00000)
  object space 699392K, 1% used [0x00000000c0000000,0x00000000c0a36678,0x00000000eab00000)
 Metaspace       used 35097K, capacity 35564K, committed 35840K, reserved 1081344K
  class space    used 4161K, capacity 4350K, committed 4352K, reserved 1048576K
}
{Heap before GC invocations=5 (full 0):
 PSYoungGen      total 305664K, used 305636K [0x00000000eab00000, 0x0000000100000000, 0x0000000100000000)
  eden space 262144K, 100% used [0x00000000eab00000,0x00000000fab00000,0x00000000fab00000)
  from space 43520K, 99% used [0x00000000fd580000,0x00000000ffff9120,0x0000000100000000)
  to   space 43520K, 0% used [0x00000000fab00000,0x00000000fab00000,0x00000000fd580000)
 ParOldGen       total 699392K, used 10457K [0x00000000c0000000, 0x00000000eab00000, 0x00000000eab00000)
  object space 699392K, 1% used [0x00000000c0000000,0x00000000c0a36678,0x00000000eab00000)
 Metaspace       used 40770K, capacity 41350K, committed 41728K, reserved 1085440K
  class space    used 5160K, capacity 5348K, committed 5376K, reserved 1048576K
7.266: [GC (Allocation Failure) [PSYoungGen: 305636K->43507K(305664K)] 316093K->64977K(1005056K), 0.0348725 secs] [Times: user=0.09 sys=0.00, real=0.04 secs] 
Heap after GC invocations=5 (full 0):
 PSYoungGen      total 305664K, used 43507K [0x00000000eab00000, 0x0000000100000000, 0x0000000100000000)
  eden space 262144K, 0% used [0x00000000eab00000,0x00000000eab00000,0x00000000fab00000)
  from space 43520K, 99% used [0x00000000fab00000,0x00000000fd57cfc0,0x00000000fd580000)
  to   space 43520K, 0% used [0x00000000fd580000,0x00000000fd580000,0x0000000100000000)
 ParOldGen       total 699392K, used 21469K [0x00000000c0000000, 0x00000000eab00000, 0x00000000eab00000)
  object space 699392K, 3% used [0x00000000c0000000,0x00000000c14f7690,0x00000000eab00000)
 Metaspace       used 40770K, capacity 41350K, committed 41728K, reserved 1085440K
  class space    used 5160K, capacity 5348K, committed 5376K, reserved 1048576K
}
{Heap before GC invocations=6 (full 0):
 PSYoungGen      total 305664K, used 305651K [0x00000000eab00000, 0x0000000100000000, 0x0000000100000000)
  eden space 262144K, 100% used [0x00000000eab00000,0x00000000fab00000,0x00000000fab00000)
  from space 43520K, 99% used [0x00000000fab00000,0x00000000fd57cfc0,0x00000000fd580000)
  to   space 43520K, 0% used [0x00000000fd580000,0x00000000fd580000,0x0000000100000000)
 ParOldGen       total 699392K, used 21469K [0x00000000c0000000, 0x00000000eab00000, 0x00000000eab00000)
  object space 699392K, 3% used [0x00000000c0000000,0x00000000c14f7690,0x00000000eab00000)
 Metaspace       used 42809K, capacity 43516K, committed 43776K, reserved 1087488K
  class space    used 5396K, capacity 5617K, committed 5632K, reserved 1048576K
23484.530: [GC (Allocation Failure) [PSYoungGen: 305651K->20885K(261632K)] 327121K->42363K(961024K), 0.0240236 secs] [Times: user=0.06 sys=0.00, real=0.02 secs] 
Heap after GC invocations=6 (full 0):
 PSYoungGen      total 261632K, used 20885K [0x00000000eab00000, 0x0000000100000000, 0x0000000100000000)
  eden space 218112K, 0% used [0x00000000eab00000,0x00000000eab00000,0x00000000f8000000)
  from space 43520K, 47% used [0x00000000fd580000,0x00000000fe9e5750,0x0000000100000000)
  to   space 65536K, 0% used [0x00000000f8000000,0x00000000f8000000,0x00000000fc000000)
 ParOldGen       total 699392K, used 21477K [0x00000000c0000000, 0x00000000eab00000, 0x00000000eab00000)
  object space 699392K, 3% used [0x00000000c0000000,0x00000000c14f9690,0x00000000eab00000)
 Metaspace       used 42809K, capacity 43516K, committed 43776K, reserved 1087488K
  class space    used 5396K, capacity 5617K, committed 5632K, reserved 1048576K
}
Heap
 PSYoungGen      total 261632K, used 41111K [0x00000000eab00000, 0x0000000100000000, 0x0000000100000000)
  eden space 218112K, 9% used [0x00000000eab00000,0x00000000ebec07e8,0x00000000f8000000)
  from space 43520K, 47% used [0x00000000fd580000,0x00000000fe9e5750,0x0000000100000000)
  to   space 65536K, 0% used [0x00000000f8000000,0x00000000f8000000,0x00000000fc000000)
 ParOldGen       total 699392K, used 21477K [0x00000000c0000000, 0x00000000eab00000, 0x00000000eab00000)
  object space 699392K, 3% used [0x00000000c0000000,0x00000000c14f9690,0x00000000eab00000)
 Metaspace       used 42819K, capacity 43580K, committed 43776K, reserved 1087488K
  class space    used 5399K, capacity 5617K, committed 5632K, reserved 1048576K
