Java HotSpot(TM) 64-Bit Server VM (25.121-b13) for linux-amd64 JRE (1.8.0_121-b13), built on Dec 12 2016 16:36:53 by "java_re" with gcc 4.3.0 20080428 (Red Hat 4.3.0-8)
Memory: 4k page, physical 8035332k(1665048k free), swap 3999740k(3999740k free)
CommandLine flags: -XX:+HeapDumpOnOutOfMemoryError -XX:HeapDumpPath=../../../instances/tomcat8/logs/tomcat8_java_pid_20170815211815.hprof -XX:InitialHeapSize=1073741824 -XX:+ManagementServer -XX:MaxHeapSize=1073741824 -XX:MaxMetaspaceSize=268435456 -XX:MetaspaceSize=268435456 -XX:+PrintGC -XX:+PrintGCDetails -XX:+PrintGCTimeStamps -XX:+PrintHeapAtGC -XX:+UseCompressedClassPointers -XX:+UseCompressedOops -XX:+UseParallelGC -XX:+UseParallelOldGC 
{Heap before GC invocations=1 (full 0):
 PSYoungGen      total 305664K, used 262144K [0x00000000eab00000, 0x0000000100000000, 0x0000000100000000)
  eden space 262144K, 100% used [0x00000000eab00000,0x00000000fab00000,0x00000000fab00000)
  from space 43520K, 0% used [0x00000000fd580000,0x00000000fd580000,0x0000000100000000)
  to   space 43520K, 0% used [0x00000000fab00000,0x00000000fab00000,0x00000000fd580000)
 ParOldGen       total 699392K, used 0K [0x00000000c0000000, 0x00000000eab00000, 0x00000000eab00000)
  object space 699392K, 0% used [0x00000000c0000000,0x00000000c0000000,0x00000000eab00000)
 Metaspace       used 16686K, capacity 17000K, committed 17152K, reserved 1064960K
  class space    used 1892K, capacity 2030K, committed 2048K, reserved 1048576K
1.604: [GC (Allocation Failure) [PSYoungGen: 262144K->38793K(305664K)] 262144K->38881K(1005056K), 0.0260565 secs] [Times: user=0.06 sys=0.00, real=0.03 secs] 
Heap after GC invocations=1 (full 0):
 PSYoungGen      total 305664K, used 38793K [0x00000000eab00000, 0x0000000100000000, 0x0000000100000000)
  eden space 262144K, 0% used [0x00000000eab00000,0x00000000eab00000,0x00000000fab00000)
  from space 43520K, 89% used [0x00000000fab00000,0x00000000fd0e25e8,0x00000000fd580000)
  to   space 43520K, 0% used [0x00000000fd580000,0x00000000fd580000,0x0000000100000000)
 ParOldGen       total 699392K, used 88K [0x00000000c0000000, 0x00000000eab00000, 0x00000000eab00000)
  object space 699392K, 0% used [0x00000000c0000000,0x00000000c0016010,0x00000000eab00000)
 Metaspace       used 16686K, capacity 17000K, committed 17152K, reserved 1064960K
  class space    used 1892K, capacity 2030K, committed 2048K, reserved 1048576K
}
{Heap before GC invocations=2 (full 0):
 PSYoungGen      total 305664K, used 300937K [0x00000000eab00000, 0x0000000100000000, 0x0000000100000000)
  eden space 262144K, 100% used [0x00000000eab00000,0x00000000fab00000,0x00000000fab00000)
  from space 43520K, 89% used [0x00000000fab00000,0x00000000fd0e25e8,0x00000000fd580000)
  to   space 43520K, 0% used [0x00000000fd580000,0x00000000fd580000,0x0000000100000000)
 ParOldGen       total 699392K, used 88K [0x00000000c0000000, 0x00000000eab00000, 0x00000000eab00000)
  object space 699392K, 0% used [0x00000000c0000000,0x00000000c0016010,0x00000000eab00000)
 Metaspace       used 28690K, capacity 29130K, committed 29440K, reserved 1075200K
  class space    used 3420K, capacity 3559K, committed 3584K, reserved 1048576K
3.302: [GC (Allocation Failure) [PSYoungGen: 300937K->33193K(305664K)] 301025K->33297K(1005056K), 0.0370718 secs] [Times: user=0.12 sys=0.02, real=0.04 secs] 
Heap after GC invocations=2 (full 0):
 PSYoungGen      total 305664K, used 33193K [0x00000000eab00000, 0x0000000100000000, 0x0000000100000000)
  eden space 262144K, 0% used [0x00000000eab00000,0x00000000eab00000,0x00000000fab00000)
  from space 43520K, 76% used [0x00000000fd580000,0x00000000ff5ea420,0x0000000100000000)
  to   space 43520K, 0% used [0x00000000fab00000,0x00000000fab00000,0x00000000fd580000)
 ParOldGen       total 699392K, used 104K [0x00000000c0000000, 0x00000000eab00000, 0x00000000eab00000)
  object space 699392K, 0% used [0x00000000c0000000,0x00000000c001a010,0x00000000eab00000)
 Metaspace       used 28690K, capacity 29130K, committed 29440K, reserved 1075200K
  class space    used 3420K, capacity 3559K, committed 3584K, reserved 1048576K
}
{Heap before GC invocations=3 (full 0):
 PSYoungGen      total 305664K, used 295337K [0x00000000eab00000, 0x0000000100000000, 0x0000000100000000)
  eden space 262144K, 100% used [0x00000000eab00000,0x00000000fab00000,0x00000000fab00000)
  from space 43520K, 76% used [0x00000000fd580000,0x00000000ff5ea420,0x0000000100000000)
  to   space 43520K, 0% used [0x00000000fab00000,0x00000000fab00000,0x00000000fd580000)
 ParOldGen       total 699392K, used 104K [0x00000000c0000000, 0x00000000eab00000, 0x00000000eab00000)
  object space 699392K, 0% used [0x00000000c0000000,0x00000000c001a010,0x00000000eab00000)
 Metaspace       used 40314K, capacity 40904K, committed 41344K, reserved 1085440K
  class space    used 4759K, capacity 4945K, committed 4992K, reserved 1048576K
68.709: [GC (Allocation Failure) [PSYoungGen: 295337K->26331K(305664K)] 295441K->26451K(1005056K), 0.0267637 secs] [Times: user=0.08 sys=0.00, real=0.02 secs] 
Heap after GC invocations=3 (full 0):
 PSYoungGen      total 305664K, used 26331K [0x00000000eab00000, 0x0000000100000000, 0x0000000100000000)
  eden space 262144K, 0% used [0x00000000eab00000,0x00000000eab00000,0x00000000fab00000)
  from space 43520K, 60% used [0x00000000fab00000,0x00000000fc4b6cd8,0x00000000fd580000)
  to   space 43520K, 0% used [0x00000000fd580000,0x00000000fd580000,0x0000000100000000)
 ParOldGen       total 699392K, used 120K [0x00000000c0000000, 0x00000000eab00000, 0x00000000eab00000)
  object space 699392K, 0% used [0x00000000c0000000,0x00000000c001e010,0x00000000eab00000)
 Metaspace       used 40314K, capacity 40904K, committed 41344K, reserved 1085440K
  class space    used 4759K, capacity 4945K, committed 4992K, reserved 1048576K
}
{Heap before GC invocations=4 (full 0):
 PSYoungGen      total 305664K, used 288475K [0x00000000eab00000, 0x0000000100000000, 0x0000000100000000)
  eden space 262144K, 100% used [0x00000000eab00000,0x00000000fab00000,0x00000000fab00000)
  from space 43520K, 60% used [0x00000000fab00000,0x00000000fc4b6cd8,0x00000000fd580000)
  to   space 43520K, 0% used [0x00000000fd580000,0x00000000fd580000,0x0000000100000000)
 ParOldGen       total 699392K, used 120K [0x00000000c0000000, 0x00000000eab00000, 0x00000000eab00000)
  object space 699392K, 0% used [0x00000000c0000000,0x00000000c001e010,0x00000000eab00000)
 Metaspace       used 40432K, capacity 41052K, committed 41344K, reserved 1085440K
  class space    used 4762K, capacity 4949K, committed 4992K, reserved 1048576K
70.967: [GC (Allocation Failure) [PSYoungGen: 288475K->43510K(305664K)] 288595K->54044K(1005056K), 0.0361597 secs] [Times: user=0.13 sys=0.00, real=0.03 secs] 
Heap after GC invocations=4 (full 0):
 PSYoungGen      total 305664K, used 43510K [0x00000000eab00000, 0x0000000100000000, 0x0000000100000000)
  eden space 262144K, 0% used [0x00000000eab00000,0x00000000eab00000,0x00000000fab00000)
  from space 43520K, 99% used [0x00000000fd580000,0x00000000ffffd898,0x0000000100000000)
  to   space 43520K, 0% used [0x00000000fab00000,0x00000000fab00000,0x00000000fd580000)
 ParOldGen       total 699392K, used 10534K [0x00000000c0000000, 0x00000000eab00000, 0x00000000eab00000)
  object space 699392K, 1% used [0x00000000c0000000,0x00000000c0a49908,0x00000000eab00000)
 Metaspace       used 40432K, capacity 41052K, committed 41344K, reserved 1085440K
  class space    used 4762K, capacity 4949K, committed 4992K, reserved 1048576K
}
{Heap before GC invocations=5 (full 0):
 PSYoungGen      total 305664K, used 305654K [0x00000000eab00000, 0x0000000100000000, 0x0000000100000000)
  eden space 262144K, 100% used [0x00000000eab00000,0x00000000fab00000,0x00000000fab00000)
  from space 43520K, 99% used [0x00000000fd580000,0x00000000ffffd898,0x0000000100000000)
  to   space 43520K, 0% used [0x00000000fab00000,0x00000000fab00000,0x00000000fd580000)
 ParOldGen       total 699392K, used 10534K [0x00000000c0000000, 0x00000000eab00000, 0x00000000eab00000)
  object space 699392K, 1% used [0x00000000c0000000,0x00000000c0a49908,0x00000000eab00000)
 Metaspace       used 52504K, capacity 53178K, committed 53632K, reserved 1095680K
  class space    used 6310K, capacity 6504K, committed 6528K, reserved 1048576K
72.684: [GC (Allocation Failure) [PSYoungGen: 305654K->37645K(300032K)] 316188K->48187K(999424K), 0.0609777 secs] [Times: user=0.19 sys=0.00, real=0.06 secs] 
Heap after GC invocations=5 (full 0):
 PSYoungGen      total 300032K, used 37645K [0x00000000eab00000, 0x0000000100000000, 0x0000000100000000)
  eden space 262144K, 0% used [0x00000000eab00000,0x00000000eab00000,0x00000000fab00000)
  from space 37888K, 99% used [0x00000000fab00000,0x00000000fcfc34e8,0x00000000fd000000)
  to   space 49152K, 0% used [0x00000000fd000000,0x00000000fd000000,0x0000000100000000)
 ParOldGen       total 699392K, used 10542K [0x00000000c0000000, 0x00000000eab00000, 0x00000000eab00000)
  object space 699392K, 1% used [0x00000000c0000000,0x00000000c0a4b908,0x00000000eab00000)
 Metaspace       used 52504K, capacity 53178K, committed 53632K, reserved 1095680K
  class space    used 6310K, capacity 6504K, committed 6528K, reserved 1048576K
}
{Heap before GC invocations=6 (full 0):
 PSYoungGen      total 300032K, used 299789K [0x00000000eab00000, 0x0000000100000000, 0x0000000100000000)
  eden space 262144K, 100% used [0x00000000eab00000,0x00000000fab00000,0x00000000fab00000)
  from space 37888K, 99% used [0x00000000fab00000,0x00000000fcfc34e8,0x00000000fd000000)
  to   space 49152K, 0% used [0x00000000fd000000,0x00000000fd000000,0x0000000100000000)
 ParOldGen       total 699392K, used 10542K [0x00000000c0000000, 0x00000000eab00000, 0x00000000eab00000)
  object space 699392K, 1% used [0x00000000c0000000,0x00000000c0a4b908,0x00000000eab00000)
 Metaspace       used 53340K, capacity 54010K, committed 54528K, reserved 1097728K
  class space    used 6410K, capacity 6606K, committed 6656K, reserved 1048576K
121.887: [GC (Allocation Failure) [PSYoungGen: 299789K->48100K(284672K)] 310331K->58650K(984064K), 0.0370103 secs] [Times: user=0.12 sys=0.00, real=0.03 secs] 
Heap after GC invocations=6 (full 0):
 PSYoungGen      total 284672K, used 48100K [0x00000000eab00000, 0x0000000100000000, 0x0000000100000000)
  eden space 235520K, 0% used [0x00000000eab00000,0x00000000eab00000,0x00000000f9100000)
  from space 49152K, 97% used [0x00000000fd000000,0x00000000ffef92d0,0x0000000100000000)
  to   space 56832K, 0% used [0x00000000f9100000,0x00000000f9100000,0x00000000fc880000)
 ParOldGen       total 699392K, used 10550K [0x00000000c0000000, 0x00000000eab00000, 0x00000000eab00000)
  object space 699392K, 1% used [0x00000000c0000000,0x00000000c0a4d908,0x00000000eab00000)
 Metaspace       used 53340K, capacity 54010K, committed 54528K, reserved 1097728K
  class space    used 6410K, capacity 6606K, committed 6656K, reserved 1048576K
}
{Heap before GC invocations=7 (full 0):
 PSYoungGen      total 284672K, used 283620K [0x00000000eab00000, 0x0000000100000000, 0x0000000100000000)
  eden space 235520K, 100% used [0x00000000eab00000,0x00000000f9100000,0x00000000f9100000)
  from space 49152K, 97% used [0x00000000fd000000,0x00000000ffef92d0,0x0000000100000000)
  to   space 56832K, 0% used [0x00000000f9100000,0x00000000f9100000,0x00000000fc880000)
 ParOldGen       total 699392K, used 10550K [0x00000000c0000000, 0x00000000eab00000, 0x00000000eab00000)
  object space 699392K, 1% used [0x00000000c0000000,0x00000000c0a4d908,0x00000000eab00000)
 Metaspace       used 60360K, capacity 61084K, committed 61696K, reserved 1103872K
  class space    used 7348K, capacity 7575K, committed 7680K, reserved 1048576K
123.296: [GC (Allocation Failure) [PSYoungGen: 283620K->31643K(292352K)] 294170K->54864K(991744K), 0.0597941 secs] [Times: user=0.19 sys=0.00, real=0.06 secs] 
Heap after GC invocations=7 (full 0):
 PSYoungGen      total 292352K, used 31643K [0x00000000eab00000, 0x0000000100000000, 0x0000000100000000)
  eden space 235520K, 0% used [0x00000000eab00000,0x00000000eab00000,0x00000000f9100000)
  from space 56832K, 55% used [0x00000000f9100000,0x00000000fafe6e98,0x00000000fc880000)
  to   space 56320K, 0% used [0x00000000fc900000,0x00000000fc900000,0x0000000100000000)
 ParOldGen       total 699392K, used 23220K [0x00000000c0000000, 0x00000000eab00000, 0x00000000eab00000)
  object space 699392K, 3% used [0x00000000c0000000,0x00000000c16ad2b8,0x00000000eab00000)
 Metaspace       used 60360K, capacity 61084K, committed 61696K, reserved 1103872K
  class space    used 7348K, capacity 7575K, committed 7680K, reserved 1048576K
}
{Heap before GC invocations=8 (full 0):
 PSYoungGen      total 292352K, used 267163K [0x00000000eab00000, 0x0000000100000000, 0x0000000100000000)
  eden space 235520K, 100% used [0x00000000eab00000,0x00000000f9100000,0x00000000f9100000)
  from space 56832K, 55% used [0x00000000f9100000,0x00000000fafe6e98,0x00000000fc880000)
  to   space 56320K, 0% used [0x00000000fc900000,0x00000000fc900000,0x0000000100000000)
 ParOldGen       total 699392K, used 23220K [0x00000000c0000000, 0x00000000eab00000, 0x00000000eab00000)
  object space 699392K, 3% used [0x00000000c0000000,0x00000000c16ad2b8,0x00000000eab00000)
 Metaspace       used 74714K, capacity 75538K, committed 76160K, reserved 1116160K
  class space    used 8816K, capacity 8994K, committed 9088K, reserved 1048576K
199.089: [GC (Allocation Failure) [PSYoungGen: 267163K->25202K(291840K)] 290384K->52979K(991232K), 0.0196515 secs] [Times: user=0.05 sys=0.01, real=0.02 secs] 
Heap after GC invocations=8 (full 0):
 PSYoungGen      total 291840K, used 25202K [0x00000000eab00000, 0x0000000100000000, 0x0000000100000000)
  eden space 235520K, 0% used [0x00000000eab00000,0x00000000eab00000,0x00000000f9100000)
  from space 56320K, 44% used [0x00000000fc900000,0x00000000fe19c9f8,0x0000000100000000)
  to   space 56832K, 0% used [0x00000000f9100000,0x00000000f9100000,0x00000000fc880000)
 ParOldGen       total 699392K, used 27776K [0x00000000c0000000, 0x00000000eab00000, 0x00000000eab00000)
  object space 699392K, 3% used [0x00000000c0000000,0x00000000c1b202b0,0x00000000eab00000)
 Metaspace       used 74714K, capacity 75538K, committed 76160K, reserved 1116160K
  class space    used 8816K, capacity 8994K, committed 9088K, reserved 1048576K
}
{Heap before GC invocations=9 (full 0):
 PSYoungGen      total 291840K, used 260722K [0x00000000eab00000, 0x0000000100000000, 0x0000000100000000)
  eden space 235520K, 100% used [0x00000000eab00000,0x00000000f9100000,0x00000000f9100000)
  from space 56320K, 44% used [0x00000000fc900000,0x00000000fe19c9f8,0x0000000100000000)
  to   space 56832K, 0% used [0x00000000f9100000,0x00000000f9100000,0x00000000fc880000)
 ParOldGen       total 699392K, used 27776K [0x00000000c0000000, 0x00000000eab00000, 0x00000000eab00000)
  object space 699392K, 3% used [0x00000000c0000000,0x00000000c1b202b0,0x00000000eab00000)
 Metaspace       used 74729K, capacity 75552K, committed 76160K, reserved 1116160K
  class space    used 8818K, capacity 8996K, committed 9088K, reserved 1048576K
199.638: [GC (Allocation Failure) [PSYoungGen: 260722K->38722K(292352K)] 288499K->70315K(991744K), 0.0448802 secs] [Times: user=0.11 sys=0.00, real=0.04 secs] 
Heap after GC invocations=9 (full 0):
 PSYoungGen      total 292352K, used 38722K [0x00000000eab00000, 0x0000000100000000, 0x0000000100000000)
  eden space 235520K, 0% used [0x00000000eab00000,0x00000000eab00000,0x00000000f9100000)
  from space 56832K, 68% used [0x00000000f9100000,0x00000000fb6d0978,0x00000000fc880000)
  to   space 55296K, 0% used [0x00000000fca00000,0x00000000fca00000,0x0000000100000000)
 ParOldGen       total 699392K, used 31592K [0x00000000c0000000, 0x00000000eab00000, 0x00000000eab00000)
  object space 699392K, 4% used [0x00000000c0000000,0x00000000c1eda368,0x00000000eab00000)
 Metaspace       used 74729K, capacity 75552K, committed 76160K, reserved 1116160K
  class space    used 8818K, capacity 8996K, committed 9088K, reserved 1048576K
}
{Heap before GC invocations=10 (full 0):
 PSYoungGen      total 292352K, used 274242K [0x00000000eab00000, 0x0000000100000000, 0x0000000100000000)
  eden space 235520K, 100% used [0x00000000eab00000,0x00000000f9100000,0x00000000f9100000)
  from space 56832K, 68% used [0x00000000f9100000,0x00000000fb6d0978,0x00000000fc880000)
  to   space 55296K, 0% used [0x00000000fca00000,0x00000000fca00000,0x0000000100000000)
 ParOldGen       total 699392K, used 31592K [0x00000000c0000000, 0x00000000eab00000, 0x00000000eab00000)
  object space 699392K, 4% used [0x00000000c0000000,0x00000000c1eda368,0x00000000eab00000)
 Metaspace       used 85560K, capacity 86414K, committed 87040K, reserved 1126400K
  class space    used 10216K, capacity 10415K, committed 10496K, reserved 1048576K
201.674: [GC (Allocation Failure) [PSYoungGen: 274242K->16473K(290816K)] 305835K->53677K(990208K), 0.0305487 secs] [Times: user=0.08 sys=0.00, real=0.03 secs] 
Heap after GC invocations=10 (full 0):
 PSYoungGen      total 290816K, used 16473K [0x00000000eab00000, 0x0000000100000000, 0x0000000100000000)
  eden space 235520K, 0% used [0x00000000eab00000,0x00000000eab00000,0x00000000f9100000)
  from space 55296K, 29% used [0x00000000fca00000,0x00000000fda165c0,0x0000000100000000)
  to   space 56832K, 0% used [0x00000000f9100000,0x00000000f9100000,0x00000000fc880000)
 ParOldGen       total 699392K, used 37204K [0x00000000c0000000, 0x00000000eab00000, 0x00000000eab00000)
  object space 699392K, 5% used [0x00000000c0000000,0x00000000c24550e0,0x00000000eab00000)
 Metaspace       used 85560K, capacity 86414K, committed 87040K, reserved 1126400K
  class space    used 10216K, capacity 10415K, committed 10496K, reserved 1048576K
}
{Heap before GC invocations=11 (full 0):
 PSYoungGen      total 290816K, used 251993K [0x00000000eab00000, 0x0000000100000000, 0x0000000100000000)
  eden space 235520K, 100% used [0x00000000eab00000,0x00000000f9100000,0x00000000f9100000)
  from space 55296K, 29% used [0x00000000fca00000,0x00000000fda165c0,0x0000000100000000)
  to   space 56832K, 0% used [0x00000000f9100000,0x00000000f9100000,0x00000000fc880000)
 ParOldGen       total 699392K, used 37204K [0x00000000c0000000, 0x00000000eab00000, 0x00000000eab00000)
  object space 699392K, 5% used [0x00000000c0000000,0x00000000c24550e0,0x00000000eab00000)
 Metaspace       used 90497K, capacity 91360K, committed 91904K, reserved 1130496K
  class space    used 10780K, capacity 10969K, committed 11008K, reserved 1048576K
279.642: [GC (Allocation Failure) [PSYoungGen: 251993K->23212K(292352K)] 289197K->63272K(991744K), 0.0147236 secs] [Times: user=0.03 sys=0.00, real=0.01 secs] 
Heap after GC invocations=11 (full 0):
 PSYoungGen      total 292352K, used 23212K [0x00000000eab00000, 0x0000000100000000, 0x0000000100000000)
  eden space 235520K, 0% used [0x00000000eab00000,0x00000000eab00000,0x00000000f9100000)
  from space 56832K, 40% used [0x00000000f9100000,0x00000000fa7ab2b0,0x00000000fc880000)
  to   space 56832K, 0% used [0x00000000fc880000,0x00000000fc880000,0x0000000100000000)
 ParOldGen       total 699392K, used 40060K [0x00000000c0000000, 0x00000000eab00000, 0x00000000eab00000)
  object space 699392K, 5% used [0x00000000c0000000,0x00000000c271f110,0x00000000eab00000)
 Metaspace       used 90497K, capacity 91360K, committed 91904K, reserved 1130496K
  class space    used 10780K, capacity 10969K, committed 11008K, reserved 1048576K
}
{Heap before GC invocations=12 (full 0):
 PSYoungGen      total 292352K, used 258732K [0x00000000eab00000, 0x0000000100000000, 0x0000000100000000)
  eden space 235520K, 100% used [0x00000000eab00000,0x00000000f9100000,0x00000000f9100000)
  from space 56832K, 40% used [0x00000000f9100000,0x00000000fa7ab2b0,0x00000000fc880000)
  to   space 56832K, 0% used [0x00000000fc880000,0x00000000fc880000,0x0000000100000000)
 ParOldGen       total 699392K, used 40060K [0x00000000c0000000, 0x00000000eab00000, 0x00000000eab00000)
  object space 699392K, 5% used [0x00000000c0000000,0x00000000c271f110,0x00000000eab00000)
 Metaspace       used 95292K, capacity 96170K, committed 96896K, reserved 1134592K
  class space    used 11423K, capacity 11614K, committed 11648K, reserved 1048576K
280.845: [GC (Allocation Failure) [PSYoungGen: 258732K->28317K(293888K)] 298792K->70767K(993280K), 0.0345751 secs] [Times: user=0.05 sys=0.00, real=0.04 secs] 
Heap after GC invocations=12 (full 0):
 PSYoungGen      total 293888K, used 28317K [0x00000000eab00000, 0x0000000100000000, 0x0000000100000000)
  eden space 237056K, 0% used [0x00000000eab00000,0x00000000eab00000,0x00000000f9280000)
  from space 56832K, 49% used [0x00000000fc880000,0x00000000fe427488,0x0000000100000000)
  to   space 55296K, 0% used [0x00000000f9280000,0x00000000f9280000,0x00000000fc880000)
 ParOldGen       total 699392K, used 42450K [0x00000000c0000000, 0x00000000eab00000, 0x00000000eab00000)
  object space 699392K, 6% used [0x00000000c0000000,0x00000000c2974ad0,0x00000000eab00000)
 Metaspace       used 95292K, capacity 96170K, committed 96896K, reserved 1134592K
  class space    used 11423K, capacity 11614K, committed 11648K, reserved 1048576K
}
{Heap before GC invocations=13 (full 0):
 PSYoungGen      total 293888K, used 265373K [0x00000000eab00000, 0x0000000100000000, 0x0000000100000000)
  eden space 237056K, 100% used [0x00000000eab00000,0x00000000f9280000,0x00000000f9280000)
  from space 56832K, 49% used [0x00000000fc880000,0x00000000fe427488,0x0000000100000000)
  to   space 55296K, 0% used [0x00000000f9280000,0x00000000f9280000,0x00000000fc880000)
 ParOldGen       total 699392K, used 42450K [0x00000000c0000000, 0x00000000eab00000, 0x00000000eab00000)
  object space 699392K, 6% used [0x00000000c0000000,0x00000000c2974ad0,0x00000000eab00000)
 Metaspace       used 103010K, capacity 103924K, committed 104576K, reserved 1140736K
  class space    used 12401K, capacity 12614K, committed 12672K, reserved 1048576K
316.155: [GC (Allocation Failure) [PSYoungGen: 265373K->18346K(292352K)] 307823K->61829K(991744K), 0.0202747 secs] [Times: user=0.05 sys=0.00, real=0.02 secs] 
Heap after GC invocations=13 (full 0):
 PSYoungGen      total 292352K, used 18346K [0x00000000eab00000, 0x0000000100000000, 0x0000000100000000)
  eden space 237056K, 0% used [0x00000000eab00000,0x00000000eab00000,0x00000000f9280000)
  from space 55296K, 33% used [0x00000000f9280000,0x00000000fa46abc0,0x00000000fc880000)
  to   space 55808K, 0% used [0x00000000fc980000,0x00000000fc980000,0x0000000100000000)
 ParOldGen       total 699392K, used 43482K [0x00000000c0000000, 0x00000000eab00000, 0x00000000eab00000)
  object space 699392K, 6% used [0x00000000c0000000,0x00000000c2a76b00,0x00000000eab00000)
 Metaspace       used 103010K, capacity 103924K, committed 104576K, reserved 1140736K
  class space    used 12401K, capacity 12614K, committed 12672K, reserved 1048576K
}
{Heap before GC invocations=14 (full 0):
 PSYoungGen      total 292352K, used 255402K [0x00000000eab00000, 0x0000000100000000, 0x0000000100000000)
  eden space 237056K, 100% used [0x00000000eab00000,0x00000000f9280000,0x00000000f9280000)
  from space 55296K, 33% used [0x00000000f9280000,0x00000000fa46abc0,0x00000000fc880000)
  to   space 55808K, 0% used [0x00000000fc980000,0x00000000fc980000,0x0000000100000000)
 ParOldGen       total 699392K, used 43482K [0x00000000c0000000, 0x00000000eab00000, 0x00000000eab00000)
  object space 699392K, 6% used [0x00000000c0000000,0x00000000c2a76b00,0x00000000eab00000)
 Metaspace       used 103955K, capacity 104914K, committed 105728K, reserved 1142784K
  class space    used 12535K, capacity 12750K, committed 12800K, reserved 1048576K
316.846: [GC (Allocation Failure) [PSYoungGen: 255402K->30416K(295424K)] 298885K->77129K(994816K), 0.0250471 secs] [Times: user=0.03 sys=0.02, real=0.02 secs] 
Heap after GC invocations=14 (full 0):
 PSYoungGen      total 295424K, used 30416K [0x00000000eab00000, 0x0000000100000000, 0x0000000100000000)
  eden space 239616K, 0% used [0x00000000eab00000,0x00000000eab00000,0x00000000f9500000)
  from space 55808K, 54% used [0x00000000fc980000,0x00000000fe734198,0x0000000100000000)
  to   space 53760K, 0% used [0x00000000f9500000,0x00000000f9500000,0x00000000fc980000)
 ParOldGen       total 699392K, used 46712K [0x00000000c0000000, 0x00000000eab00000, 0x00000000eab00000)
  object space 699392K, 6% used [0x00000000c0000000,0x00000000c2d9e388,0x00000000eab00000)
 Metaspace       used 103955K, capacity 104914K, committed 105728K, reserved 1142784K
  class space    used 12535K, capacity 12750K, committed 12800K, reserved 1048576K
}
{Heap before GC invocations=15 (full 0):
 PSYoungGen      total 295424K, used 270032K [0x00000000eab00000, 0x0000000100000000, 0x0000000100000000)
  eden space 239616K, 100% used [0x00000000eab00000,0x00000000f9500000,0x00000000f9500000)
  from space 55808K, 54% used [0x00000000fc980000,0x00000000fe734198,0x0000000100000000)
  to   space 53760K, 0% used [0x00000000f9500000,0x00000000f9500000,0x00000000fc980000)
 ParOldGen       total 699392K, used 46712K [0x00000000c0000000, 0x00000000eab00000, 0x00000000eab00000)
  object space 699392K, 6% used [0x00000000c0000000,0x00000000c2d9e388,0x00000000eab00000)
 Metaspace       used 115335K, capacity 116336K, committed 117248K, reserved 1153024K
  class space    used 14009K, capacity 14227K, committed 14336K, reserved 1048576K
318.526: [GC (Allocation Failure) [PSYoungGen: 270032K->16913K(293376K)] 316745K->64562K(992768K), 0.0154422 secs] [Times: user=0.04 sys=0.00, real=0.01 secs] 
Heap after GC invocations=15 (full 0):
 PSYoungGen      total 293376K, used 16913K [0x00000000eab00000, 0x0000000100000000, 0x0000000100000000)
  eden space 239616K, 0% used [0x00000000eab00000,0x00000000eab00000,0x00000000f9500000)
  from space 53760K, 31% used [0x00000000f9500000,0x00000000fa5847c0,0x00000000fc980000)
  to   space 54272K, 0% used [0x00000000fcb00000,0x00000000fcb00000,0x0000000100000000)
 ParOldGen       total 699392K, used 47648K [0x00000000c0000000, 0x00000000eab00000, 0x00000000eab00000)
  object space 699392K, 6% used [0x00000000c0000000,0x00000000c2e883d8,0x00000000eab00000)
 Metaspace       used 115335K, capacity 116336K, committed 117248K, reserved 1153024K
  class space    used 14009K, capacity 14227K, committed 14336K, reserved 1048576K
}
{Heap before GC invocations=16 (full 0):
 PSYoungGen      total 293376K, used 256529K [0x00000000eab00000, 0x0000000100000000, 0x0000000100000000)
  eden space 239616K, 100% used [0x00000000eab00000,0x00000000f9500000,0x00000000f9500000)
  from space 53760K, 31% used [0x00000000f9500000,0x00000000fa5847c0,0x00000000fc980000)
  to   space 54272K, 0% used [0x00000000fcb00000,0x00000000fcb00000,0x0000000100000000)
 ParOldGen       total 699392K, used 47648K [0x00000000c0000000, 0x00000000eab00000, 0x00000000eab00000)
  object space 699392K, 6% used [0x00000000c0000000,0x00000000c2e883d8,0x00000000eab00000)
 Metaspace       used 118479K, capacity 119508K, committed 120320K, reserved 1155072K
  class space    used 14342K, capacity 14592K, committed 14592K, reserved 1048576K
419.382: [GC (Allocation Failure) [PSYoungGen: 256529K->29017K(297472K)] 304178K->80063K(996864K), 0.0175739 secs] [Times: user=0.03 sys=0.00, real=0.02 secs] 
Heap after GC invocations=16 (full 0):
 PSYoungGen      total 297472K, used 29017K [0x00000000eab00000, 0x0000000100000000, 0x0000000100000000)
  eden space 243200K, 0% used [0x00000000eab00000,0x00000000eab00000,0x00000000f9880000)
  from space 54272K, 53% used [0x00000000fcb00000,0x00000000fe756508,0x0000000100000000)
  to   space 51712K, 0% used [0x00000000f9880000,0x00000000f9880000,0x00000000fcb00000)
 ParOldGen       total 699392K, used 51046K [0x00000000c0000000, 0x00000000eab00000, 0x00000000eab00000)
  object space 699392K, 7% used [0x00000000c0000000,0x00000000c31d9938,0x00000000eab00000)
 Metaspace       used 118479K, capacity 119508K, committed 120320K, reserved 1155072K
  class space    used 14342K, capacity 14592K, committed 14592K, reserved 1048576K
}
{Heap before GC invocations=17 (full 0):
 PSYoungGen      total 297472K, used 272217K [0x00000000eab00000, 0x0000000100000000, 0x0000000100000000)
  eden space 243200K, 100% used [0x00000000eab00000,0x00000000f9880000,0x00000000f9880000)
  from space 54272K, 53% used [0x00000000fcb00000,0x00000000fe756508,0x0000000100000000)
  to   space 51712K, 0% used [0x00000000f9880000,0x00000000f9880000,0x00000000fcb00000)
 ParOldGen       total 699392K, used 51046K [0x00000000c0000000, 0x00000000eab00000, 0x00000000eab00000)
  object space 699392K, 7% used [0x00000000c0000000,0x00000000c31d9938,0x00000000eab00000)
 Metaspace       used 125356K, capacity 126436K, committed 127232K, reserved 1161216K
  class space    used 15277K, capacity 15558K, committed 15616K, reserved 1048576K
422.225: [GC (Allocation Failure) [PSYoungGen: 272217K->23398K(294912K)] 323263K->76074K(994304K), 0.0283643 secs] [Times: user=0.09 sys=0.00, real=0.03 secs] 
Heap after GC invocations=17 (full 0):
 PSYoungGen      total 294912K, used 23398K [0x00000000eab00000, 0x0000000100000000, 0x0000000100000000)
  eden space 243200K, 0% used [0x00000000eab00000,0x00000000eab00000,0x00000000f9880000)
  from space 51712K, 45% used [0x00000000f9880000,0x00000000faf59818,0x00000000fcb00000)
  to   space 50688K, 0% used [0x00000000fce80000,0x00000000fce80000,0x0000000100000000)
 ParOldGen       total 699392K, used 52676K [0x00000000c0000000, 0x00000000eab00000, 0x00000000eab00000)
  object space 699392K, 7% used [0x00000000c0000000,0x00000000c3371298,0x00000000eab00000)
 Metaspace       used 125356K, capacity 126436K, committed 127232K, reserved 1161216K
  class space    used 15277K, capacity 15558K, committed 15616K, reserved 1048576K
}
{Heap before GC invocations=18 (full 0):
 PSYoungGen      total 294912K, used 266598K [0x00000000eab00000, 0x0000000100000000, 0x0000000100000000)
  eden space 243200K, 100% used [0x00000000eab00000,0x00000000f9880000,0x00000000f9880000)
  from space 51712K, 45% used [0x00000000f9880000,0x00000000faf59818,0x00000000fcb00000)
  to   space 50688K, 0% used [0x00000000fce80000,0x00000000fce80000,0x0000000100000000)
 ParOldGen       total 699392K, used 52676K [0x00000000c0000000, 0x00000000eab00000, 0x00000000eab00000)
  object space 699392K, 7% used [0x00000000c0000000,0x00000000c3371298,0x00000000eab00000)
 Metaspace       used 134395K, capacity 135668K, committed 136704K, reserved 1169408K
  class space    used 16315K, capacity 16634K, committed 16640K, reserved 1048576K
855.995: [GC (Allocation Failure) [PSYoungGen: 266598K->19413K(298496K)] 319274K->73962K(997888K), 0.0141887 secs] [Times: user=0.03 sys=0.00, real=0.02 secs] 
Heap after GC invocations=18 (full 0):
 PSYoungGen      total 298496K, used 19413K [0x00000000eab00000, 0x0000000100000000, 0x0000000100000000)
  eden space 247808K, 0% used [0x00000000eab00000,0x00000000eab00000,0x00000000f9d00000)
  from space 50688K, 38% used [0x00000000fce80000,0x00000000fe175680,0x0000000100000000)
  to   space 50688K, 0% used [0x00000000f9d00000,0x00000000f9d00000,0x00000000fce80000)
 ParOldGen       total 699392K, used 54548K [0x00000000c0000000, 0x00000000eab00000, 0x00000000eab00000)
  object space 699392K, 7% used [0x00000000c0000000,0x00000000c35452c8,0x00000000eab00000)
 Metaspace       used 134395K, capacity 135668K, committed 136704K, reserved 1169408K
  class space    used 16315K, capacity 16634K, committed 16640K, reserved 1048576K
}
{Heap before GC invocations=19 (full 0):
 PSYoungGen      total 298496K, used 267221K [0x00000000eab00000, 0x0000000100000000, 0x0000000100000000)
  eden space 247808K, 100% used [0x00000000eab00000,0x00000000f9d00000,0x00000000f9d00000)
  from space 50688K, 38% used [0x00000000fce80000,0x00000000fe175680,0x0000000100000000)
  to   space 50688K, 0% used [0x00000000f9d00000,0x00000000f9d00000,0x00000000fce80000)
 ParOldGen       total 699392K, used 54548K [0x00000000c0000000, 0x00000000eab00000, 0x00000000eab00000)
  object space 699392K, 7% used [0x00000000c0000000,0x00000000c35452c8,0x00000000eab00000)
 Metaspace       used 136723K, capacity 137992K, committed 138880K, reserved 1171456K
  class space    used 16641K, capacity 16961K, committed 17024K, reserved 1048576K
856.677: [GC (Allocation Failure) [PSYoungGen: 267221K->32523K(298496K)] 321770K->90426K(997888K), 0.0221317 secs] [Times: user=0.04 sys=0.00, real=0.03 secs] 
Heap after GC invocations=19 (full 0):
 PSYoungGen      total 298496K, used 32523K [0x00000000eab00000, 0x0000000100000000, 0x0000000100000000)
  eden space 247808K, 0% used [0x00000000eab00000,0x00000000eab00000,0x00000000f9d00000)
  from space 50688K, 64% used [0x00000000f9d00000,0x00000000fbcc2d98,0x00000000fce80000)
  to   space 49664K, 0% used [0x00000000fcf80000,0x00000000fcf80000,0x0000000100000000)
 ParOldGen       total 699392K, used 57903K [0x00000000c0000000, 0x00000000eab00000, 0x00000000eab00000)
  object space 699392K, 8% used [0x00000000c0000000,0x00000000c388bcd8,0x00000000eab00000)
 Metaspace       used 136723K, capacity 137992K, committed 138880K, reserved 1171456K
  class space    used 16641K, capacity 16961K, committed 17024K, reserved 1048576K
}
{Heap before GC invocations=20 (full 0):
 PSYoungGen      total 298496K, used 280331K [0x00000000eab00000, 0x0000000100000000, 0x0000000100000000)
  eden space 247808K, 100% used [0x00000000eab00000,0x00000000f9d00000,0x00000000f9d00000)
  from space 50688K, 64% used [0x00000000f9d00000,0x00000000fbcc2d98,0x00000000fce80000)
  to   space 49664K, 0% used [0x00000000fcf80000,0x00000000fcf80000,0x0000000100000000)
 ParOldGen       total 699392K, used 57903K [0x00000000c0000000, 0x00000000eab00000, 0x00000000eab00000)
  object space 699392K, 8% used [0x00000000c0000000,0x00000000c388bcd8,0x00000000eab00000)
 Metaspace       used 146860K, capacity 148184K, committed 149120K, reserved 1179648K
  class space    used 17936K, capacity 18281K, committed 18304K, reserved 1048576K
858.967: [GC (Allocation Failure) [PSYoungGen: 280331K->15331K(298496K)] 338234K->74460K(997888K), 0.0169260 secs] [Times: user=0.03 sys=0.00, real=0.01 secs] 
Heap after GC invocations=20 (full 0):
 PSYoungGen      total 298496K, used 15331K [0x00000000eab00000, 0x0000000100000000, 0x0000000100000000)
  eden space 248832K, 0% used [0x00000000eab00000,0x00000000eab00000,0x00000000f9e00000)
  from space 49664K, 30% used [0x00000000fcf80000,0x00000000fde78d48,0x0000000100000000)
  to   space 50176K, 0% used [0x00000000f9e00000,0x00000000f9e00000,0x00000000fcf00000)
 ParOldGen       total 699392K, used 59129K [0x00000000c0000000, 0x00000000eab00000, 0x00000000eab00000)
  object space 699392K, 8% used [0x00000000c0000000,0x00000000c39be650,0x00000000eab00000)
 Metaspace       used 146860K, capacity 148184K, committed 149120K, reserved 1179648K
  class space    used 17936K, capacity 18281K, committed 18304K, reserved 1048576K
}
{Heap before GC invocations=21 (full 0):
 PSYoungGen      total 298496K, used 264163K [0x00000000eab00000, 0x0000000100000000, 0x0000000100000000)
  eden space 248832K, 100% used [0x00000000eab00000,0x00000000f9e00000,0x00000000f9e00000)
  from space 49664K, 30% used [0x00000000fcf80000,0x00000000fde78d48,0x0000000100000000)
  to   space 50176K, 0% used [0x00000000f9e00000,0x00000000f9e00000,0x00000000fcf00000)
 ParOldGen       total 699392K, used 59129K [0x00000000c0000000, 0x00000000eab00000, 0x00000000eab00000)
  object space 699392K, 8% used [0x00000000c0000000,0x00000000c39be650,0x00000000eab00000)
 Metaspace       used 150136K, capacity 151514K, committed 152576K, reserved 1183744K
  class space    used 18282K, capacity 18614K, committed 18688K, reserved 1048576K
963.569: [GC (Allocation Failure) [PSYoungGen: 264163K->34722K(283648K)] 323292K->97317K(983040K), 0.0510137 secs] [Times: user=0.08 sys=0.00, real=0.05 secs] 
Heap after GC invocations=21 (full 0):
 PSYoungGen      total 283648K, used 34722K [0x00000000eab00000, 0x0000000100000000, 0x0000000100000000)
  eden space 248832K, 0% used [0x00000000eab00000,0x00000000eab00000,0x00000000f9e00000)
  from space 34816K, 99% used [0x00000000f9e00000,0x00000000fbfe8bb0,0x00000000fc000000)
  to   space 50688K, 0% used [0x00000000fce80000,0x00000000fce80000,0x0000000100000000)
 ParOldGen       total 699392K, used 62594K [0x00000000c0000000, 0x00000000eab00000, 0x00000000eab00000)
  object space 699392K, 8% used [0x00000000c0000000,0x00000000c3d20aa8,0x00000000eab00000)
 Metaspace       used 150136K, capacity 151514K, committed 152576K, reserved 1183744K
  class space    used 18282K, capacity 18614K, committed 18688K, reserved 1048576K
}
{Heap before GC invocations=22 (full 0):
 PSYoungGen      total 283648K, used 283554K [0x00000000eab00000, 0x0000000100000000, 0x0000000100000000)
  eden space 248832K, 100% used [0x00000000eab00000,0x00000000f9e00000,0x00000000f9e00000)
  from space 34816K, 99% used [0x00000000f9e00000,0x00000000fbfe8bb0,0x00000000fc000000)
  to   space 50688K, 0% used [0x00000000fce80000,0x00000000fce80000,0x0000000100000000)
 ParOldGen       total 699392K, used 62594K [0x00000000c0000000, 0x00000000eab00000, 0x00000000eab00000)
  object space 699392K, 8% used [0x00000000c0000000,0x00000000c3d20aa8,0x00000000eab00000)
 Metaspace       used 158232K, capacity 159710K, committed 160896K, reserved 1189888K
  class space    used 19399K, capacity 19743K, committed 19840K, reserved 1048576K
966.282: [GC (Allocation Failure) [PSYoungGen: 283554K->19913K(299520K)] 346149K->83878K(998912K), 0.0236482 secs] [Times: user=0.05 sys=0.00, real=0.03 secs] 
Heap after GC invocations=22 (full 0):
 PSYoungGen      total 299520K, used 19913K [0x00000000eab00000, 0x0000000100000000, 0x0000000100000000)
  eden space 248832K, 0% used [0x00000000eab00000,0x00000000eab00000,0x00000000f9e00000)
  from space 50688K, 39% used [0x00000000fce80000,0x00000000fe1f24d0,0x0000000100000000)
  to   space 49664K, 0% used [0x00000000f9e00000,0x00000000f9e00000,0x00000000fce80000)
 ParOldGen       total 699392K, used 63964K [0x00000000c0000000, 0x00000000eab00000, 0x00000000eab00000)
  object space 699392K, 9% used [0x00000000c0000000,0x00000000c3e773c8,0x00000000eab00000)
 Metaspace       used 158232K, capacity 159710K, committed 160896K, reserved 1189888K
  class space    used 19399K, capacity 19743K, committed 19840K, reserved 1048576K
}
{Heap before GC invocations=23 (full 0):
 PSYoungGen      total 299520K, used 268745K [0x00000000eab00000, 0x0000000100000000, 0x0000000100000000)
  eden space 248832K, 100% used [0x00000000eab00000,0x00000000f9e00000,0x00000000f9e00000)
  from space 50688K, 39% used [0x00000000fce80000,0x00000000fe1f24d0,0x0000000100000000)
  to   space 49664K, 0% used [0x00000000f9e00000,0x00000000f9e00000,0x00000000fce80000)
 ParOldGen       total 699392K, used 63964K [0x00000000c0000000, 0x00000000eab00000, 0x00000000eab00000)
  object space 699392K, 9% used [0x00000000c0000000,0x00000000c3e773c8,0x00000000eab00000)
 Metaspace       used 165807K, capacity 167284K, committed 168320K, reserved 1198080K
  class space    used 20242K, capacity 20591K, committed 20608K, reserved 1048576K
1098.448: [GC (Allocation Failure) [PSYoungGen: 268745K->24916K(298496K)] 332710K->91366K(997888K), 0.0154914 secs] [Times: user=0.03 sys=0.00, real=0.01 secs] 
Heap after GC invocations=23 (full 0):
 PSYoungGen      total 298496K, used 24916K [0x00000000eab00000, 0x0000000100000000, 0x0000000100000000)
  eden space 248832K, 0% used [0x00000000eab00000,0x00000000eab00000,0x00000000f9e00000)
  from space 49664K, 50% used [0x00000000f9e00000,0x00000000fb6553d0,0x00000000fce80000)
  to   space 48128K, 0% used [0x00000000fd100000,0x00000000fd100000,0x0000000100000000)
 ParOldGen       total 699392K, used 66449K [0x00000000c0000000, 0x00000000eab00000, 0x00000000eab00000)
  object space 699392K, 9% used [0x00000000c0000000,0x00000000c40e4500,0x00000000eab00000)
 Metaspace       used 165807K, capacity 167284K, committed 168320K, reserved 1198080K
  class space    used 20242K, capacity 20591K, committed 20608K, reserved 1048576K
}
{Heap before GC invocations=24 (full 0):
 PSYoungGen      total 298496K, used 273748K [0x00000000eab00000, 0x0000000100000000, 0x0000000100000000)
  eden space 248832K, 100% used [0x00000000eab00000,0x00000000f9e00000,0x00000000f9e00000)
  from space 49664K, 50% used [0x00000000f9e00000,0x00000000fb6553d0,0x00000000fce80000)
  to   space 48128K, 0% used [0x00000000fd100000,0x00000000fd100000,0x0000000100000000)
 ParOldGen       total 699392K, used 66449K [0x00000000c0000000, 0x00000000eab00000, 0x00000000eab00000)
  object space 699392K, 9% used [0x00000000c0000000,0x00000000c40e4500,0x00000000eab00000)
 Metaspace       used 170608K, capacity 172158K, committed 173312K, reserved 1202176K
  class space    used 20886K, capacity 21236K, committed 21248K, reserved 1048576K
1099.330: [GC (Allocation Failure) [PSYoungGen: 273748K->29424K(302592K)] 340198K->98431K(1001984K), 0.0259078 secs] [Times: user=0.05 sys=0.00, real=0.02 secs] 
Heap after GC invocations=24 (full 0):
 PSYoungGen      total 302592K, used 29424K [0x00000000eab00000, 0x0000000100000000, 0x0000000100000000)
  eden space 254464K, 0% used [0x00000000eab00000,0x00000000eab00000,0x00000000fa380000)
  from space 48128K, 61% used [0x00000000fd100000,0x00000000fedbc300,0x0000000100000000)
  to   space 46592K, 0% used [0x00000000fa380000,0x00000000fa380000,0x00000000fd100000)
 ParOldGen       total 699392K, used 69006K [0x00000000c0000000, 0x00000000eab00000, 0x00000000eab00000)
  object space 699392K, 9% used [0x00000000c0000000,0x00000000c4363a68,0x00000000eab00000)
 Metaspace       used 170608K, capacity 172158K, committed 173312K, reserved 1202176K
  class space    used 20886K, capacity 21236K, committed 21248K, reserved 1048576K
}
{Heap before GC invocations=25 (full 0):
 PSYoungGen      total 302592K, used 283888K [0x00000000eab00000, 0x0000000100000000, 0x0000000100000000)
  eden space 254464K, 100% used [0x00000000eab00000,0x00000000fa380000,0x00000000fa380000)
  from space 48128K, 61% used [0x00000000fd100000,0x00000000fedbc300,0x0000000100000000)
  to   space 46592K, 0% used [0x00000000fa380000,0x00000000fa380000,0x00000000fd100000)
 ParOldGen       total 699392K, used 69006K [0x00000000c0000000, 0x00000000eab00000, 0x00000000eab00000)
  object space 699392K, 9% used [0x00000000c0000000,0x00000000c4363a68,0x00000000eab00000)
 Metaspace       used 181530K, capacity 183184K, committed 184448K, reserved 1210368K
  class space    used 22204K, capacity 22568K, committed 22656K, reserved 1048576K
1199.610: [GC (Allocation Failure) [PSYoungGen: 283888K->17188K(301056K)] 352895K->87242K(1000448K), 0.0153535 secs] [Times: user=0.03 sys=0.01, real=0.02 secs] 
Heap after GC invocations=25 (full 0):
 PSYoungGen      total 301056K, used 17188K [0x00000000eab00000, 0x0000000100000000, 0x0000000100000000)
  eden space 254464K, 0% used [0x00000000eab00000,0x00000000eab00000,0x00000000fa380000)
  from space 46592K, 36% used [0x00000000fa380000,0x00000000fb449140,0x00000000fd100000)
  to   space 46592K, 0% used [0x00000000fd280000,0x00000000fd280000,0x0000000100000000)
 ParOldGen       total 699392K, used 70054K [0x00000000c0000000, 0x00000000eab00000, 0x00000000eab00000)
  object space 699392K, 10% used [0x00000000c0000000,0x00000000c4469a88,0x00000000eab00000)
 Metaspace       used 181530K, capacity 183184K, committed 184448K, reserved 1210368K
  class space    used 22204K, capacity 22568K, committed 22656K, reserved 1048576K
}
{Heap before GC invocations=26 (full 0):
 PSYoungGen      total 301056K, used 271652K [0x00000000eab00000, 0x0000000100000000, 0x0000000100000000)
  eden space 254464K, 100% used [0x00000000eab00000,0x00000000fa380000,0x00000000fa380000)
  from space 46592K, 36% used [0x00000000fa380000,0x00000000fb449140,0x00000000fd100000)
  to   space 46592K, 0% used [0x00000000fd280000,0x00000000fd280000,0x0000000100000000)
 ParOldGen       total 699392K, used 70054K [0x00000000c0000000, 0x00000000eab00000, 0x00000000eab00000)
  object space 699392K, 10% used [0x00000000c0000000,0x00000000c4469a88,0x00000000eab00000)
 Metaspace       used 181754K, capacity 183432K, committed 184704K, reserved 1212416K
  class space    used 22243K, capacity 22608K, committed 22656K, reserved 1048576K
1200.327: [GC (Allocation Failure) [PSYoungGen: 271652K->34323K(300544K)] 341706K->108247K(999936K), 0.0210127 secs] [Times: user=0.04 sys=0.00, real=0.02 secs] 
Heap after GC invocations=26 (full 0):
 PSYoungGen      total 300544K, used 34323K [0x00000000eab00000, 0x0000000100000000, 0x0000000100000000)
  eden space 253952K, 0% used [0x00000000eab00000,0x00000000eab00000,0x00000000fa300000)
  from space 46592K, 73% used [0x00000000fd280000,0x00000000ff404ed0,0x0000000100000000)
  to   space 47616K, 0% used [0x00000000fa300000,0x00000000fa300000,0x00000000fd180000)
 ParOldGen       total 699392K, used 73924K [0x00000000c0000000, 0x00000000eab00000, 0x00000000eab00000)
  object space 699392K, 10% used [0x00000000c0000000,0x00000000c4831020,0x00000000eab00000)
 Metaspace       used 181754K, capacity 183432K, committed 184704K, reserved 1212416K
  class space    used 22243K, capacity 22608K, committed 22656K, reserved 1048576K
}
{Heap before GC invocations=27 (full 0):
 PSYoungGen      total 300544K, used 288275K [0x00000000eab00000, 0x0000000100000000, 0x0000000100000000)
  eden space 253952K, 100% used [0x00000000eab00000,0x00000000fa300000,0x00000000fa300000)
  from space 46592K, 73% used [0x00000000fd280000,0x00000000ff404ed0,0x0000000100000000)
  to   space 47616K, 0% used [0x00000000fa300000,0x00000000fa300000,0x00000000fd180000)
 ParOldGen       total 699392K, used 73924K [0x00000000c0000000, 0x00000000eab00000, 0x00000000eab00000)
  object space 699392K, 10% used [0x00000000c0000000,0x00000000c4831020,0x00000000eab00000)
 Metaspace       used 193861K, capacity 195532K, committed 196736K, reserved 1222656K
  class space    used 23812K, capacity 24182K, committed 24192K, reserved 1048576K
1201.823: [GC (Allocation Failure) [PSYoungGen: 288275K->17907K(301568K)] 362199K->92655K(1000960K), 0.0202948 secs] [Times: user=0.04 sys=0.01, real=0.02 secs] 
Heap after GC invocations=27 (full 0):
 PSYoungGen      total 301568K, used 17907K [0x00000000eab00000, 0x0000000100000000, 0x0000000100000000)
  eden space 253952K, 0% used [0x00000000eab00000,0x00000000eab00000,0x00000000fa300000)
  from space 47616K, 37% used [0x00000000fa300000,0x00000000fb47cf70,0x00000000fd180000)
  to   space 47104K, 0% used [0x00000000fd200000,0x00000000fd200000,0x0000000100000000)
 ParOldGen       total 699392K, used 74748K [0x00000000c0000000, 0x00000000eab00000, 0x00000000eab00000)
  object space 699392K, 10% used [0x00000000c0000000,0x00000000c48ff080,0x00000000eab00000)
 Metaspace       used 193861K, capacity 195532K, committed 196736K, reserved 1222656K
  class space    used 23812K, capacity 24182K, committed 24192K, reserved 1048576K
}
{Heap before GC invocations=28 (full 0):
 PSYoungGen      total 301568K, used 271859K [0x00000000eab00000, 0x0000000100000000, 0x0000000100000000)
  eden space 253952K, 100% used [0x00000000eab00000,0x00000000fa300000,0x00000000fa300000)
  from space 47616K, 37% used [0x00000000fa300000,0x00000000fb47cf70,0x00000000fd180000)
  to   space 47104K, 0% used [0x00000000fd200000,0x00000000fd200000,0x0000000100000000)
 ParOldGen       total 699392K, used 74748K [0x00000000c0000000, 0x00000000eab00000, 0x00000000eab00000)
  object space 699392K, 10% used [0x00000000c0000000,0x00000000c48ff080,0x00000000eab00000)
 Metaspace       used 197127K, capacity 198890K, committed 200192K, reserved 1224704K
  class space    used 24166K, capacity 24546K, committed 24576K, reserved 1048576K
1511.461: [GC (Allocation Failure) [PSYoungGen: 271859K->32275K(302080K)] 346607K->110557K(1001472K), 0.0254945 secs] [Times: user=0.05 sys=0.02, real=0.03 secs] 
Heap after GC invocations=28 (full 0):
 PSYoungGen      total 302080K, used 32275K [0x00000000eab00000, 0x0000000100000000, 0x0000000100000000)
  eden space 254976K, 0% used [0x00000000eab00000,0x00000000eab00000,0x00000000fa400000)
  from space 47104K, 68% used [0x00000000fd200000,0x00000000ff184f30,0x0000000100000000)
  to   space 47104K, 0% used [0x00000000fa400000,0x00000000fa400000,0x00000000fd200000)
 ParOldGen       total 699392K, used 78281K [0x00000000c0000000, 0x00000000eab00000, 0x00000000eab00000)
  object space 699392K, 11% used [0x00000000c0000000,0x00000000c4c725e0,0x00000000eab00000)
 Metaspace       used 197127K, capacity 198890K, committed 200192K, reserved 1224704K
  class space    used 24166K, capacity 24546K, committed 24576K, reserved 1048576K
}
{Heap before GC invocations=29 (full 0):
 PSYoungGen      total 302080K, used 287251K [0x00000000eab00000, 0x0000000100000000, 0x0000000100000000)
  eden space 254976K, 100% used [0x00000000eab00000,0x00000000fa400000,0x00000000fa400000)
  from space 47104K, 68% used [0x00000000fd200000,0x00000000ff184f30,0x0000000100000000)
  to   space 47104K, 0% used [0x00000000fa400000,0x00000000fa400000,0x00000000fd200000)
 ParOldGen       total 699392K, used 78281K [0x00000000c0000000, 0x00000000eab00000, 0x00000000eab00000)
  object space 699392K, 11% used [0x00000000c0000000,0x00000000c4c725e0,0x00000000eab00000)
 Metaspace       used 204873K, capacity 206688K, committed 208000K, reserved 1230848K
  class space    used 25220K, capacity 25609K, committed 25728K, reserved 1048576K
1512.884: [GC (Allocation Failure) [PSYoungGen: 287251K->21905K(302080K)] 365533K->101802K(1001472K), 0.0352328 secs] [Times: user=0.06 sys=0.03, real=0.04 secs] 
Heap after GC invocations=29 (full 0):
 PSYoungGen      total 302080K, used 21905K [0x00000000eab00000, 0x0000000100000000, 0x0000000100000000)
  eden space 254976K, 0% used [0x00000000eab00000,0x00000000eab00000,0x00000000fa400000)
  from space 47104K, 46% used [0x00000000fa400000,0x00000000fb9647d0,0x00000000fd200000)
  to   space 46080K, 0% used [0x00000000fd300000,0x00000000fd300000,0x0000000100000000)
 ParOldGen       total 699392K, used 79896K [0x00000000c0000000, 0x00000000eab00000, 0x00000000eab00000)
  object space 699392K, 11% used [0x00000000c0000000,0x00000000c4e06180,0x00000000eab00000)
 Metaspace       used 204873K, capacity 206688K, committed 208000K, reserved 1230848K
  class space    used 25220K, capacity 25609K, committed 25728K, reserved 1048576K
}
{Heap before GC invocations=30 (full 0):
 PSYoungGen      total 302080K, used 276881K [0x00000000eab00000, 0x0000000100000000, 0x0000000100000000)
  eden space 254976K, 100% used [0x00000000eab00000,0x00000000fa400000,0x00000000fa400000)
  from space 47104K, 46% used [0x00000000fa400000,0x00000000fb9647d0,0x00000000fd200000)
  to   space 46080K, 0% used [0x00000000fd300000,0x00000000fd300000,0x0000000100000000)
 ParOldGen       total 699392K, used 79896K [0x00000000c0000000, 0x00000000eab00000, 0x00000000eab00000)
  object space 699392K, 11% used [0x00000000c0000000,0x00000000c4e06180,0x00000000eab00000)
 Metaspace       used 212684K, capacity 214484K, committed 216064K, reserved 1239040K
  class space    used 26121K, capacity 26515K, committed 26624K, reserved 1048576K
1577.033: [GC (Allocation Failure) [PSYoungGen: 276881K->25190K(305152K)] 356778K->107326K(1004544K), 0.0221148 secs] [Times: user=0.04 sys=0.03, real=0.02 secs] 
Heap after GC invocations=30 (full 0):
 PSYoungGen      total 305152K, used 25190K [0x00000000eab00000, 0x0000000100000000, 0x0000000100000000)
  eden space 259072K, 0% used [0x00000000eab00000,0x00000000eab00000,0x00000000fa800000)
  from space 46080K, 54% used [0x00000000fd300000,0x00000000feb99948,0x0000000100000000)
  to   space 44032K, 0% used [0x00000000fa800000,0x00000000fa800000,0x00000000fd300000)
 ParOldGen       total 699392K, used 82136K [0x00000000c0000000, 0x00000000eab00000, 0x00000000eab00000)
  object space 699392K, 11% used [0x00000000c0000000,0x00000000c50361b0,0x00000000eab00000)
 Metaspace       used 212684K, capacity 214484K, committed 216064K, reserved 1239040K
  class space    used 26121K, capacity 26515K, committed 26624K, reserved 1048576K
}
{Heap before GC invocations=31 (full 0):
 PSYoungGen      total 305152K, used 284262K [0x00000000eab00000, 0x0000000100000000, 0x0000000100000000)
  eden space 259072K, 100% used [0x00000000eab00000,0x00000000fa800000,0x00000000fa800000)
  from space 46080K, 54% used [0x00000000fd300000,0x00000000feb99948,0x0000000100000000)
  to   space 44032K, 0% used [0x00000000fa800000,0x00000000fa800000,0x00000000fd300000)
 ParOldGen       total 699392K, used 82136K [0x00000000c0000000, 0x00000000eab00000, 0x00000000eab00000)
  object space 699392K, 11% used [0x00000000c0000000,0x00000000c50361b0,0x00000000eab00000)
 Metaspace       used 217496K, capacity 219438K, committed 220800K, reserved 1243136K
  class space    used 26767K, capacity 27163K, committed 27264K, reserved 1048576K
1577.962: [GC (Allocation Failure) [PSYoungGen: 284262K->29634K(303104K)] 366398K->114626K(1002496K), 0.0238292 secs] [Times: user=0.06 sys=0.00, real=0.03 secs] 
Heap after GC invocations=31 (full 0):
 PSYoungGen      total 303104K, used 29634K [0x00000000eab00000, 0x0000000100000000, 0x0000000100000000)
  eden space 259072K, 0% used [0x00000000eab00000,0x00000000eab00000,0x00000000fa800000)
  from space 44032K, 67% used [0x00000000fa800000,0x00000000fc4f0898,0x00000000fd300000)
  to   space 43520K, 0% used [0x00000000fd580000,0x00000000fd580000,0x0000000100000000)
 ParOldGen       total 699392K, used 84992K [0x00000000c0000000, 0x00000000eab00000, 0x00000000eab00000)
  object space 699392K, 12% used [0x00000000c0000000,0x00000000c53000f8,0x00000000eab00000)
 Metaspace       used 217496K, capacity 219438K, committed 220800K, reserved 1243136K
  class space    used 26767K, capacity 27163K, committed 27264K, reserved 1048576K
}
{Heap before GC invocations=32 (full 0):
 PSYoungGen      total 303104K, used 288706K [0x00000000eab00000, 0x0000000100000000, 0x0000000100000000)
  eden space 259072K, 100% used [0x00000000eab00000,0x00000000fa800000,0x00000000fa800000)
  from space 44032K, 67% used [0x00000000fa800000,0x00000000fc4f0898,0x00000000fd300000)
  to   space 43520K, 0% used [0x00000000fd580000,0x00000000fd580000,0x0000000100000000)
 ParOldGen       total 699392K, used 84992K [0x00000000c0000000, 0x00000000eab00000, 0x00000000eab00000)
  object space 699392K, 12% used [0x00000000c0000000,0x00000000c53000f8,0x00000000eab00000)
 Metaspace       used 228335K, capacity 230230K, committed 231808K, reserved 1253376K
  class space    used 28083K, capacity 28490K, committed 28544K, reserved 1048576K
2878.876: [GC (Allocation Failure) [PSYoungGen: 288706K->13493K(303616K)] 373698K->99549K(1003008K), 0.0149622 secs] [Times: user=0.03 sys=0.00, real=0.02 secs] 
Heap after GC invocations=32 (full 0):
 PSYoungGen      total 303616K, used 13493K [0x00000000eab00000, 0x0000000100000000, 0x0000000100000000)
  eden space 260096K, 0% used [0x00000000eab00000,0x00000000eab00000,0x00000000fa900000)
  from space 43520K, 31% used [0x00000000fd580000,0x00000000fe2ad468,0x0000000100000000)
  to   space 44544K, 0% used [0x00000000fa900000,0x00000000fa900000,0x00000000fd480000)
 ParOldGen       total 699392K, used 86056K [0x00000000c0000000, 0x00000000eab00000, 0x00000000eab00000)
  object space 699392K, 12% used [0x00000000c0000000,0x00000000c540a118,0x00000000eab00000)
 Metaspace       used 228335K, capacity 230230K, committed 231808K, reserved 1253376K
  class space    used 28083K, capacity 28490K, committed 28544K, reserved 1048576K
}
Heap
 PSYoungGen      total 303616K, used 25129K [0x00000000eab00000, 0x0000000100000000, 0x0000000100000000)
  eden space 260096K, 4% used [0x00000000eab00000,0x00000000eb65d248,0x00000000fa900000)
  from space 43520K, 31% used [0x00000000fd580000,0x00000000fe2ad468,0x0000000100000000)
  to   space 44544K, 0% used [0x00000000fa900000,0x00000000fa900000,0x00000000fd480000)
 ParOldGen       total 699392K, used 86056K [0x00000000c0000000, 0x00000000eab00000, 0x00000000eab00000)
  object space 699392K, 12% used [0x00000000c0000000,0x00000000c540a118,0x00000000eab00000)
 Metaspace       used 228346K, capacity 230294K, committed 231808K, reserved 1253376K
  class space    used 28086K, capacity 28490K, committed 28544K, reserved 1048576K
